warning: fields `parent_path_from_root` and `remaining` are never read
  --> src/fstree.rs:17:6
   |
14 | struct PathComponent<'a> {
   |        ------------- fields in this struct
...
17 |     pub parent_path_from_root: &'a OsStr,
   |         ^^^^^^^^^^^^^^^^^^^^^
18 |     pub remaining: &'a OsStr,
   |         ^^^^^^^^^
   |
   = note: `#[warn(dead_code)]` (part of `#[warn(unused)]`) on by default

warning: method `is_last` is never used
  --> src/fstree.rs:22:9
   |
21 | impl<'a> PathComponent<'a> {
   | -------------------------- method in this implementation
22 |     pub fn is_last(&self) -> bool {
   |            ^^^^^^^

warning: `libturnstile` (lib) generated 2 warnings
warning: unused imports: `Arc`, `ExitStatus`, `Mutex`, `env`, `fmt::write`, and `sleep`
  --> src/bin/turnstile-sandbox.rs:3:2
   |
 3 |     env,
   |     ^^^
 4 |     ffi::{CStr, CString, OsStr, OsString},
 5 |     fmt::write,
   |     ^^^^^^^^^^
...
12 |     process::{Command, ExitStatus},
   |                        ^^^^^^^^^^
13 |     sync::{Arc, Mutex, OnceLock, atomic::AtomicBool},
   |            ^^^  ^^^^^
14 |     thread::{self, sleep},
   |                    ^^^^^
   |
   = note: `#[warn(unused_imports)]` (part of `#[warn(unused)]`) on by default

warning: unused imports: `BindMountSandbox`, `FsOperation`, and `RwxPermission`
  --> src/bin/turnstile-sandbox.rs:20:22
   |
20 |     AccessRequestError, BindMountSandbox, CommonPlaceholderData, ManagedBindMountSandbox,
   |                         ^^^^^^^^^^^^^^^^
...
25 |         fs::{FsOperation, RwxPermission},
   |              ^^^^^^^^^^^  ^^^^^^^^^^^^^

warning: unused import: `handle_child_result`
  --> src/bin/turnstile-sandbox.rs:31:32
   |
31 | use crate::common::{ProcPidFd, handle_child_result};
   |                                ^^^^^^^^^^^^^^^^^^^

warning: unused variable: `e`
   --> src/bin/turnstile-sandbox.rs:593:15
    |
593 |                 .map_err(|e| io::ErrorKind::Other.into())
    |                           ^ help: if this is intentional, prefix it with an underscore: `_e`
    |
    = note: `#[warn(unused_variables)]` (part of `#[warn(unused)]`) on by default

warning: function `handle_child_result` is never used
  --> src/bin/common.rs:57:8
   |
57 | pub fn handle_child_result<E: std::fmt::Display>(
   |        ^^^^^^^^^^^^^^^^^^^
   |
   = note: `#[warn(dead_code)]` (part of `#[warn(unused)]`) on by default

warning: `libturnstile` (bin "turnstile-sandbox") generated 5 warnings (run `cargo fix --bin "turnstile-sandbox" -p libturnstile` to apply 4 suggestions)
    Finished `dev` profile [unoptimized + debuginfo] target(s) in 0.01s
     Running `target/debug/turnstile-sandbox --permissive src/bin/sandbox-config-default.yaml ls -la ..`
[2026-06-14T22:33:30Z DEBUG libturnstile::utils] Forked child exited with code 0
[2026-06-14T22:33:30Z DEBUG libturnstile::sandbox::namespace] Successfully set up namespaces: "user:[4026532697]", "mnt:[4026532698]", "user:[4026532702]", "mnt:[4026532703]"
[2026-06-14T22:33:30Z DEBUG libturnstile::sandbox::namespace] Joined namespace ns_fds[0] = 5
[2026-06-14T22:33:30Z DEBUG libturnstile::sandbox::namespace] Joined namespace ns_fds[1] = 6
[2026-06-14T22:33:30Z DEBUG libturnstile::utils] Forked child exited with code 0
[2026-06-14T22:33:30Z DEBUG libturnstile::sandbox::namespace] Joined namespace ns_fds[0] = 5
[2026-06-14T22:33:30Z DEBUG libturnstile::sandbox::namespace] Joined namespace ns_fds[1] = 6
[2026-06-14T22:33:30Z DEBUG libturnstile::utils] Forked child exited with code 0
[2026-06-14T22:33:30Z DEBUG libturnstile::sandbox::namespace] Joined namespace ns_fds[0] = 5
[2026-06-14T22:33:30Z DEBUG libturnstile::sandbox::namespace] Joined namespace ns_fds[1] = 8
[2026-06-14T22:33:30Z DEBUG libturnstile::utils] Forked child exited with code 0
[2026-06-14T22:33:30Z DEBUG libturnstile::sandbox::namespace] Joined namespace ns_fds[0] = 5
[2026-06-14T22:33:30Z DEBUG libturnstile::sandbox::namespace] Joined namespace ns_fds[1] = 6
[2026-06-14T22:33:30Z DEBUG libturnstile::sandbox::namespace] Joined namespace ns_fds[0] = 8
[2026-06-14T22:33:30Z DEBUG libturnstile::utils] Forked child exited with code 0
[2026-06-14T22:33:30Z INFO  libturnstile::sandbox] Mount bind "/proc/self/fd/9" "/" ro,noexec
[2026-06-14T22:33:30Z DEBUG libturnstile::utils] Forked child exited with code 0
[2026-06-14T22:33:30Z DEBUG libturnstile::sandbox::namespace] Successfully set up namespaces: "user:[4026532704]", "mnt:[4026532707]", "user:[4026532708]", "mnt:[4026532709]"
[2026-06-14T22:33:30Z DEBUG libturnstile::sandbox::namespace] Joined namespace ns_fds[0] = 12
[2026-06-14T22:33:30Z DEBUG libturnstile::sandbox::namespace] Joined namespace ns_fds[1] = 13
[2026-06-14T22:33:30Z DEBUG libturnstile::utils] Forked child exited with code 0
[2026-06-14T22:33:30Z DEBUG libturnstile::sandbox::namespace] Joined namespace ns_fds[0] = 12
[2026-06-14T22:33:30Z DEBUG libturnstile::sandbox::namespace] Joined namespace ns_fds[1] = 13
[2026-06-14T22:33:30Z DEBUG libturnstile::utils] Forked child exited with code 0
[2026-06-14T22:33:30Z DEBUG libturnstile::sandbox::namespace] Joined namespace ns_fds[0] = 12
[2026-06-14T22:33:30Z DEBUG libturnstile::sandbox::namespace] Joined namespace ns_fds[1] = 15
[2026-06-14T22:33:30Z DEBUG libturnstile::utils] Forked child exited with code 0
[2026-06-14T22:33:30Z DEBUG libturnstile::sandbox::namespace] Joined namespace ns_fds[0] = 12
[2026-06-14T22:33:30Z DEBUG libturnstile::sandbox::namespace] Joined namespace ns_fds[1] = 13
[2026-06-14T22:33:30Z DEBUG libturnstile::sandbox::namespace] Joined namespace ns_fds[0] = 15
[2026-06-14T22:33:30Z DEBUG libturnstile::utils] Forked child exited with code 0
[2026-06-14T22:33:30Z INFO  libturnstile::sandbox] Mount bind "/proc/self/fd/16" "/" ro,noexec
[2026-06-14T22:33:30Z DEBUG libturnstile::sandbox] Current placeholder tree: FsTree { root: FsTreeNode { data: None, children: {} }, nb_entries: 0 }
[2026-06-14T22:33:30Z DEBUG libturnstile::sandbox] Desired placeholder tree: FsTree { root: FsTreeNode { data: Some(PlaceholderDir(PlaceholderDirData { common: CommonPlaceholderData { atime: timespec { tv_sec: 0, tv_nsec: 1073741822 }, mtime: timespec { tv_sec: 0, tv_nsec: 1073741822 } }, mode: 493 })), children: {"usr": FsTreeNode { data: Some(PlaceholderDir(PlaceholderDirData { common: CommonPlaceholderData { atime: timespec { tv_sec: 0, tv_nsec: 1073741822 }, mtime: timespec { tv_sec: 0, tv_nsec: 1073741822 } }, mode: 493 })), children: {} }, "proc": FsTreeNode { data: Some(PlaceholderDir(PlaceholderDirData { common: CommonPlaceholderData { atime: timespec { tv_sec: 0, tv_nsec: 1073741822 }, mtime: timespec { tv_sec: 0, tv_nsec: 1073741822 } }, mode: 493 })), children: {} }, "lib": FsTreeNode { data: Some(PlaceholderFile(PlaceholderFileData { common: CommonPlaceholderData { atime: timespec { tv_sec: 0, tv_nsec: 1073741822 }, mtime: timespec { tv_sec: 0, tv_nsec: 1073741822 } }, mode: 420, len: 0 })), children: {} }, "bin": FsTreeNode { data: Some(PlaceholderFile(PlaceholderFileData { common: CommonPlaceholderData { atime: timespec { tv_sec: 0, tv_nsec: 1073741822 }, mtime: timespec { tv_sec: 0, tv_nsec: 1073741822 } }, mode: 420, len: 0 })), children: {} }, "lib64": FsTreeNode { data: Some(PlaceholderFile(PlaceholderFileData { common: CommonPlaceholderData { atime: timespec { tv_sec: 0, tv_nsec: 1073741822 }, mtime: timespec { tv_sec: 0, tv_nsec: 1073741822 } }, mode: 420, len: 0 })), children: {} }} }, nb_entries: 6 }
[2026-06-14T22:33:30Z DEBUG libturnstile::sandbox] Current mount tree: FsTree { root: FsTreeNode { data: None, children: {} }, nb_entries: 0 }
[2026-06-14T22:33:30Z DEBUG libturnstile::sandbox] Desired mount tree: FsTree { root: FsTreeNode { data: None, children: {"lib": FsTreeNode { data: Some(ManagedMountPoint { host_path: "/lib", attrs: MountAttributes { readonly: true, noexec: false } }), children: {} }, "bin": FsTreeNode { data: Some(ManagedMountPoint { host_path: "/bin", attrs: MountAttributes { readonly: true, noexec: false } }), children: {} }, "proc": FsTreeNode { data: Some(ManagedMountPoint { host_path: "/proc", attrs: MountAttributes { readonly: true, noexec: true } }), children: {} }, "usr": FsTreeNode { data: Some(ManagedMountPoint { host_path: "/usr", attrs: MountAttributes { readonly: true, noexec: false } }), children: {} }, "lib64": FsTreeNode { data: Some(ManagedMountPoint { host_path: "/lib64", attrs: MountAttributes { readonly: true, noexec: false } }), children: {} }} }, nb_entries: 5 }
[2026-06-14T22:33:30Z DEBUG libturnstile::sandbox::namespace] Joined namespace ns_fds[0] = 5
[2026-06-14T22:33:30Z DEBUG libturnstile::sandbox::namespace] Joined namespace ns_fds[1] = 6
[2026-06-14T22:33:30Z DEBUG libturnstile::sandbox::namespace] Joined namespace ns_fds[0] = 8
[2026-06-14T22:33:30Z DEBUG libturnstile::utils] Forked child exited with code 0
[2026-06-14T22:33:30Z INFO  libturnstile::sandbox] Mount bind "/lib" "/lib" ro
[2026-06-14T22:33:30Z DEBUG libturnstile::sandbox::namespace] Joined namespace ns_fds[0] = 5
[2026-06-14T22:33:30Z DEBUG libturnstile::sandbox::namespace] Joined namespace ns_fds[1] = 8
[2026-06-14T22:33:30Z DEBUG libturnstile::sandbox::namespace] Joined namespace ns_fds[2] = 7
[2026-06-14T22:33:30Z DEBUG libturnstile::utils] Forked child exited with code 0
[2026-06-14T22:33:30Z DEBUG libturnstile::sandbox::namespace] Joined namespace ns_fds[0] = 5
[2026-06-14T22:33:30Z DEBUG libturnstile::sandbox::namespace] Joined namespace ns_fds[1] = 6
[2026-06-14T22:33:30Z DEBUG libturnstile::sandbox::namespace] Joined namespace ns_fds[0] = 8
[2026-06-14T22:33:30Z DEBUG libturnstile::utils] Forked child exited with code 0
[2026-06-14T22:33:30Z INFO  libturnstile::sandbox] Mount bind "/proc" "/proc" ro,noexec
[2026-06-14T22:33:30Z DEBUG libturnstile::sandbox::namespace] Joined namespace ns_fds[0] = 5
[2026-06-14T22:33:30Z DEBUG libturnstile::sandbox::namespace] Joined namespace ns_fds[1] = 8
[2026-06-14T22:33:30Z DEBUG libturnstile::sandbox::namespace] Joined namespace ns_fds[2] = 7
[2026-06-14T22:33:30Z DEBUG libturnstile::utils] Forked child exited with code 0
[2026-06-14T22:33:30Z DEBUG libturnstile::sandbox::namespace] Joined namespace ns_fds[0] = 5
[2026-06-14T22:33:30Z DEBUG libturnstile::sandbox::namespace] Joined namespace ns_fds[1] = 6
[2026-06-14T22:33:30Z DEBUG libturnstile::sandbox::namespace] Joined namespace ns_fds[0] = 8
[2026-06-14T22:33:30Z DEBUG libturnstile::utils] Forked child exited with code 0
[2026-06-14T22:33:30Z INFO  libturnstile::sandbox] Mount bind "/usr" "/usr" ro
[2026-06-14T22:33:30Z DEBUG libturnstile::sandbox::namespace] Joined namespace ns_fds[0] = 5
[2026-06-14T22:33:30Z DEBUG libturnstile::sandbox::namespace] Joined namespace ns_fds[1] = 8
[2026-06-14T22:33:30Z DEBUG libturnstile::sandbox::namespace] Joined namespace ns_fds[2] = 7
[2026-06-14T22:33:30Z DEBUG libturnstile::utils] Forked child exited with code 0
[2026-06-14T22:33:30Z DEBUG libturnstile::sandbox::namespace] Joined namespace ns_fds[0] = 5
[2026-06-14T22:33:30Z DEBUG libturnstile::sandbox::namespace] Joined namespace ns_fds[1] = 6
[2026-06-14T22:33:30Z DEBUG libturnstile::sandbox::namespace] Joined namespace ns_fds[0] = 8
[2026-06-14T22:33:30Z DEBUG libturnstile::utils] Forked child exited with code 0
[2026-06-14T22:33:30Z INFO  libturnstile::sandbox] Mount bind "/lib64" "/lib64" ro
[2026-06-14T22:33:30Z DEBUG libturnstile::sandbox::namespace] Joined namespace ns_fds[0] = 5
[2026-06-14T22:33:30Z DEBUG libturnstile::sandbox::namespace] Joined namespace ns_fds[1] = 8
[2026-06-14T22:33:30Z DEBUG libturnstile::sandbox::namespace] Joined namespace ns_fds[2] = 7
[2026-06-14T22:33:30Z DEBUG libturnstile::utils] Forked child exited with code 0
[2026-06-14T22:33:30Z DEBUG libturnstile::sandbox::namespace] Joined namespace ns_fds[0] = 5
[2026-06-14T22:33:30Z DEBUG libturnstile::sandbox::namespace] Joined namespace ns_fds[1] = 6
[2026-06-14T22:33:30Z DEBUG libturnstile::sandbox::namespace] Joined namespace ns_fds[0] = 8
[2026-06-14T22:33:30Z DEBUG libturnstile::utils] Forked child exited with code 0
[2026-06-14T22:33:30Z INFO  libturnstile::sandbox] Mount bind "/bin" "/bin" ro
[2026-06-14T22:33:30Z DEBUG libturnstile::sandbox::namespace] Joined namespace ns_fds[0] = 5
[2026-06-14T22:33:30Z DEBUG libturnstile::sandbox::namespace] Joined namespace ns_fds[1] = 8
[2026-06-14T22:33:30Z DEBUG libturnstile::sandbox::namespace] Joined namespace ns_fds[2] = 7
[2026-06-14T22:33:30Z DEBUG libturnstile::utils] Forked child exited with code 0
[2026-06-14T22:33:30Z DEBUG libturnstile::sandbox] Current placeholder tree: FsTree { root: FsTreeNode { data: None, children: {} }, nb_entries: 0 }
[2026-06-14T22:33:30Z DEBUG libturnstile::sandbox] Desired placeholder tree: FsTree { root: FsTreeNode { data: None, children: {} }, nb_entries: 0 }
[2026-06-14T22:33:30Z DEBUG libturnstile::sandbox] Current mount tree: FsTree { root: FsTreeNode { data: None, children: {} }, nb_entries: 0 }
[2026-06-14T22:33:30Z DEBUG libturnstile::sandbox] Desired mount tree: FsTree { root: FsTreeNode { data: Some(ManagedMountPoint { host_path: "/", attrs: MountAttributes { readonly: true, noexec: true } }), children: {} }, nb_entries: 1 }
[2026-06-14T22:33:30Z DEBUG libturnstile::sandbox::namespace] Joined namespace ns_fds[0] = 12
[2026-06-14T22:33:30Z DEBUG libturnstile::sandbox::namespace] Joined namespace ns_fds[1] = 13
[2026-06-14T22:33:30Z DEBUG libturnstile::sandbox::namespace] Joined namespace ns_fds[0] = 15
[2026-06-14T22:33:30Z DEBUG libturnstile::utils] Forked child exited with code 0
[2026-06-14T22:33:30Z INFO  libturnstile::sandbox] Mount bind "/" "/" ro,noexec
[2026-06-14T22:33:30Z DEBUG libturnstile::sandbox::namespace] Joined namespace ns_fds[0] = 12
[2026-06-14T22:33:30Z DEBUG libturnstile::sandbox::namespace] Joined namespace ns_fds[1] = 15
[2026-06-14T22:33:30Z DEBUG libturnstile::sandbox::namespace] Joined namespace ns_fds[2] = 14
[2026-06-14T22:33:30Z DEBUG libturnstile::utils] Forked child exited with code 0
[2026-06-14T22:33:30Z DEBUG libturnstile::sandbox::namespace] Joined namespace ns_fds[0] = 5
[2026-06-14T22:33:30Z DEBUG libturnstile::sandbox::namespace] Joined namespace ns_fds[1] = 6
[2026-06-14T22:33:30Z DEBUG libturnstile::sandbox::namespace] Joined namespace ns_fds[2] = 8
[2026-06-14T22:33:30Z DEBUG libturnstile::sandbox::namespace] Joined namespace ns_fds[3] = 7
[2026-06-14T22:33:30Z DEBUG libturnstile::sandbox::namespace] Joined namespace ns_fds[0] = 12
[2026-06-14T22:33:30Z DEBUG libturnstile::sandbox::namespace] Joined namespace ns_fds[1] = 13
[2026-06-14T22:33:30Z DEBUG libturnstile::sandbox::namespace] Joined namespace ns_fds[2] = 15
[2026-06-14T22:33:30Z DEBUG libturnstile::sandbox::namespace] Joined namespace ns_fds[3] = 14
[2026-06-14T22:33:30Z DEBUG libturnstile::utils] Forked child exited with code 0
[2026-06-14T22:33:30Z DEBUG turnstile_sandbox] got request: AccessRequest { operation: FsOperation(FsChdir(FsTarget { dfd: ForeignFd { local_fd: 21 }, path: "home/mao/turnstile", no_follow: false })) }
[2026-06-14T22:33:30Z DEBUG libturnstile::access::fs] open_target_dfd_in_root: attempt 0 for "/" got different inode (expected id InodeId { dev_major: 0, dev_minor: 58, ino: 1 }, got id InodeId { dev_major: 0, dev_minor: 29, ino: 256 })
[2026-06-14T22:33:30Z DEBUG libturnstile::access::fs] open_target_dfd_in_root: attempt 1 for "/" got different inode (expected id InodeId { dev_major: 0, dev_minor: 58, ino: 1 }, got id InodeId { dev_major: 0, dev_minor: 29, ino: 256 })
[2026-06-14T22:33:30Z ERROR libturnstile::access::fs] open_target_dfd_in_root: too many attempts to open "/" before getting correct inode
[2026-06-14T22:33:30Z ERROR turnstile_sandbox] error reopening target dfd in real root for _ "/home/mao/turnstile": No such file or directory (os error 2)
[2026-06-14T22:33:30Z DEBUG libturnstile::sandbox::namespace] Joined namespace ns_fds[0] = 5
[2026-06-14T22:33:30Z DEBUG libturnstile::sandbox::namespace] Joined namespace ns_fds[1] = 8
[2026-06-14T22:33:30Z DEBUG libturnstile::utils] Forked child exited with code 0
[2026-06-14T22:33:30Z DEBUG libturnstile::sandbox] Current placeholder tree: FsTree { root: FsTreeNode { data: Some(PlaceholderDir(PlaceholderDirData { common: CommonPlaceholderData { atime: timespec { tv_sec: 0, tv_nsec: 1073741822 }, mtime: timespec { tv_sec: 0, tv_nsec: 1073741822 } }, mode: 493 })), children: {"bin": FsTreeNode { data: Some(PlaceholderFile(PlaceholderFileData { common: CommonPlaceholderData { atime: timespec { tv_sec: 0, tv_nsec: 1073741822 }, mtime: timespec { tv_sec: 0, tv_nsec: 1073741822 } }, mode: 420, len: 0 })), children: {} }, "lib64": FsTreeNode { data: Some(PlaceholderFile(PlaceholderFileData { common: CommonPlaceholderData { atime: timespec { tv_sec: 0, tv_nsec: 1073741822 }, mtime: timespec { tv_sec: 0, tv_nsec: 1073741822 } }, mode: 420, len: 0 })), children: {} }, "lib": FsTreeNode { data: Some(PlaceholderFile(PlaceholderFileData { common: CommonPlaceholderData { atime: timespec { tv_sec: 0, tv_nsec: 1073741822 }, mtime: timespec { tv_sec: 0, tv_nsec: 1073741822 } }, mode: 420, len: 0 })), children: {} }, "usr": FsTreeNode { data: Some(PlaceholderDir(PlaceholderDirData { common: CommonPlaceholderData { atime: timespec { tv_sec: 0, tv_nsec: 1073741822 }, mtime: timespec { tv_sec: 0, tv_nsec: 1073741822 } }, mode: 493 })), children: {} }, "proc": FsTreeNode { data: Some(PlaceholderDir(PlaceholderDirData { common: CommonPlaceholderData { atime: timespec { tv_sec: 0, tv_nsec: 1073741822 }, mtime: timespec { tv_sec: 0, tv_nsec: 1073741822 } }, mode: 493 })), children: {} }} }, nb_entries: 6 }
[2026-06-14T22:33:30Z DEBUG libturnstile::sandbox] Desired placeholder tree: FsTree { root: FsTreeNode { data: Some(PlaceholderDir(PlaceholderDirData { common: CommonPlaceholderData { atime: timespec { tv_sec: 0, tv_nsec: 1073741822 }, mtime: timespec { tv_sec: 0, tv_nsec: 1073741822 } }, mode: 493 })), children: {"lib64": FsTreeNode { data: Some(PlaceholderFile(PlaceholderFileData { common: CommonPlaceholderData { atime: timespec { tv_sec: 0, tv_nsec: 1073741822 }, mtime: timespec { tv_sec: 0, tv_nsec: 1073741822 } }, mode: 420, len: 0 })), children: {} }, "bin": FsTreeNode { data: Some(PlaceholderFile(PlaceholderFileData { common: CommonPlaceholderData { atime: timespec { tv_sec: 0, tv_nsec: 1073741822 }, mtime: timespec { tv_sec: 0, tv_nsec: 1073741822 } }, mode: 420, len: 0 })), children: {} }, "home": FsTreeNode { data: Some(PlaceholderDir(PlaceholderDirData { common: CommonPlaceholderData { atime: timespec { tv_sec: 0, tv_nsec: 1073741822 }, mtime: timespec { tv_sec: 0, tv_nsec: 1073741822 } }, mode: 493 })), children: {"mao": FsTreeNode { data: Some(PlaceholderDir(PlaceholderDirData { common: CommonPlaceholderData { atime: timespec { tv_sec: 0, tv_nsec: 1073741822 }, mtime: timespec { tv_sec: 0, tv_nsec: 1073741822 } }, mode: 493 })), children: {"turnstile": FsTreeNode { data: Some(PlaceholderDir(PlaceholderDirData { common: CommonPlaceholderData { atime: timespec { tv_sec: 0, tv_nsec: 1073741822 }, mtime: timespec { tv_sec: 0, tv_nsec: 1073741822 } }, mode: 493 })), children: {} }} }} }, "proc": FsTreeNode { data: Some(PlaceholderDir(PlaceholderDirData { common: CommonPlaceholderData { atime: timespec { tv_sec: 0, tv_nsec: 1073741822 }, mtime: timespec { tv_sec: 0, tv_nsec: 1073741822 } }, mode: 493 })), children: {} }, "usr": FsTreeNode { data: Some(PlaceholderDir(PlaceholderDirData { common: CommonPlaceholderData { atime: timespec { tv_sec: 0, tv_nsec: 1073741822 }, mtime: timespec { tv_sec: 0, tv_nsec: 1073741822 } }, mode: 493 })), children: {} }, "lib": FsTreeNode { data: Some(PlaceholderFile(PlaceholderFileData { common: CommonPlaceholderData { atime: timespec { tv_sec: 0, tv_nsec: 1073741822 }, mtime: timespec { tv_sec: 0, tv_nsec: 1073741822 } }, mode: 420, len: 0 })), children: {} }} }, nb_entries: 9 }
[2026-06-14T22:33:30Z DEBUG libturnstile::sandbox] Current mount tree: FsTree { root: FsTreeNode { data: None, children: {"proc": FsTreeNode { data: Some(MountInternal { user: ManagedMountPoint { host_path: "/", attrs: MountAttributes { readonly: true, noexec: true } }, mnt_id: 611, expired: false }), children: {} }, "lib64": FsTreeNode { data: Some(MountInternal { user: ManagedMountPoint { host_path: "/lib64", attrs: MountAttributes { readonly: true, noexec: false } }, mnt_id: 615, expired: false }), children: {} }, "lib": FsTreeNode { data: Some(MountInternal { user: ManagedMountPoint { host_path: "/lib", attrs: MountAttributes { readonly: true, noexec: false } }, mnt_id: 610, expired: false }), children: {} }, "bin": FsTreeNode { data: Some(MountInternal { user: ManagedMountPoint { host_path: "/bin", attrs: MountAttributes { readonly: true, noexec: false } }, mnt_id: 616, expired: false }), children: {} }, "usr": FsTreeNode { data: Some(MountInternal { user: ManagedMountPoint { host_path: "/usr", attrs: MountAttributes { readonly: true, noexec: false } }, mnt_id: 614, expired: false }), children: {} }} }, nb_entries: 5 }
[2026-06-14T22:33:30Z DEBUG libturnstile::sandbox] Desired mount tree: FsTree { root: FsTreeNode { data: None, children: {"bin": FsTreeNode { data: Some(ManagedMountPoint { host_path: "/bin", attrs: MountAttributes { readonly: true, noexec: false } }), children: {} }, "home": FsTreeNode { data: None, children: {"mao": FsTreeNode { data: None, children: {"turnstile": FsTreeNode { data: Some(ManagedMountPoint { host_path: "/home/mao/turnstile", attrs: MountAttributes { readonly: true, noexec: true } }), children: {} }} }} }, "lib64": FsTreeNode { data: Some(ManagedMountPoint { host_path: "/lib64", attrs: MountAttributes { readonly: true, noexec: false } }), children: {} }, "usr": FsTreeNode { data: Some(ManagedMountPoint { host_path: "/usr", attrs: MountAttributes { readonly: true, noexec: false } }), children: {} }, "proc": FsTreeNode { data: Some(ManagedMountPoint { host_path: "/proc", attrs: MountAttributes { readonly: true, noexec: true } }), children: {} }, "lib": FsTreeNode { data: Some(ManagedMountPoint { host_path: "/lib", attrs: MountAttributes { readonly: true, noexec: false } }), children: {} }} }, nb_entries: 6 }
[2026-06-14T22:33:30Z DEBUG libturnstile::sandbox::namespace] Joined namespace ns_fds[0] = 5
[2026-06-14T22:33:30Z DEBUG libturnstile::sandbox::namespace] Joined namespace ns_fds[1] = 6
[2026-06-14T22:33:30Z DEBUG libturnstile::sandbox::namespace] Joined namespace ns_fds[2] = 8
[2026-06-14T22:33:30Z DEBUG libturnstile::utils] Forked child exited with code 0
[2026-06-14T22:33:30Z INFO  libturnstile::sandbox] Unmounted "/proc"
[2026-06-14T22:33:30Z DEBUG libturnstile::sandbox::namespace] Joined namespace ns_fds[0] = 5
[2026-06-14T22:33:30Z DEBUG libturnstile::sandbox::namespace] Joined namespace ns_fds[1] = 6
[2026-06-14T22:33:30Z DEBUG libturnstile::sandbox::namespace] Joined namespace ns_fds[0] = 8
[2026-06-14T22:33:30Z DEBUG libturnstile::utils] Forked child exited with code 0
[2026-06-14T22:33:30Z INFO  libturnstile::sandbox] Mount bind "/proc" "/proc" ro,noexec
[2026-06-14T22:33:30Z DEBUG libturnstile::sandbox::namespace] Joined namespace ns_fds[0] = 5
[2026-06-14T22:33:30Z DEBUG libturnstile::sandbox::namespace] Joined namespace ns_fds[1] = 8
[2026-06-14T22:33:30Z DEBUG libturnstile::sandbox::namespace] Joined namespace ns_fds[2] = 7
[2026-06-14T22:33:30Z DEBUG libturnstile::utils] Forked child exited with code 0
[2026-06-14T22:33:30Z DEBUG libturnstile::sandbox::namespace] Joined namespace ns_fds[0] = 5
[2026-06-14T22:33:30Z DEBUG libturnstile::sandbox::namespace] Joined namespace ns_fds[1] = 6
[2026-06-14T22:33:30Z DEBUG libturnstile::sandbox::namespace] Joined namespace ns_fds[0] = 8
[2026-06-14T22:33:30Z DEBUG libturnstile::utils] Forked child exited with code 0
[2026-06-14T22:33:30Z INFO  libturnstile::sandbox] Mount bind "/home/mao/turnstile" "/home/mao/turnstile" ro,noexec
[2026-06-14T22:33:30Z DEBUG libturnstile::sandbox::namespace] Joined namespace ns_fds[0] = 5
[2026-06-14T22:33:30Z DEBUG libturnstile::sandbox::namespace] Joined namespace ns_fds[1] = 8
[2026-06-14T22:33:30Z DEBUG libturnstile::sandbox::namespace] Joined namespace ns_fds[2] = 7
[2026-06-14T22:33:30Z DEBUG libturnstile::utils] Forked child exited with code 0
[2026-06-14T22:33:30Z DEBUG libturnstile::sandbox::upgrade] chdir: added preemptive ro,noexec mount on "/home/mao/turnstile"
[2026-06-14T22:33:30Z DEBUG turnstile_sandbox] got request: AccessRequest { operation: FsOperation(FsExec(ExecOperation { target: FsTarget { dfd: ForeignFd { local_fd: 21 }, path: "home/mao/.vscode-server/data/User/globalStorage/github.copilot-chat/debugCommand/ls", no_follow: false } })) }
[2026-06-14T22:33:30Z DEBUG libturnstile::access::fs] open_target_dfd_in_root: attempt 0 for "/" got different inode (expected id InodeId { dev_major: 0, dev_minor: 58, ino: 1 }, got id InodeId { dev_major: 0, dev_minor: 29, ino: 256 })
[2026-06-14T22:33:30Z DEBUG libturnstile::access::fs] open_target_dfd_in_root: attempt 1 for "/" got different inode (expected id InodeId { dev_major: 0, dev_minor: 58, ino: 1 }, got id InodeId { dev_major: 0, dev_minor: 29, ino: 256 })
[2026-06-14T22:33:30Z ERROR libturnstile::access::fs] open_target_dfd_in_root: too many attempts to open "/" before getting correct inode
[2026-06-14T22:33:30Z DEBUG libturnstile::access::fs] realpath() on FsTarget failed: No such file or directory (os error 2)
[2026-06-14T22:33:30Z ERROR turnstile_sandbox] error reopening target dfd in real root for x "/home/mao/.vscode-server/data/User/globalStorage/github.copilot-chat/debugCommand/ls" (invalid): No such file or directory (os error 2)
[2026-06-14T22:33:30Z DEBUG turnstile_sandbox] got request: AccessRequest { operation: FsOperation(FsExec(ExecOperation { target: FsTarget { dfd: ForeignFd { local_fd: 21 }, path: "home/mao/.vscode-server/data/User/globalStorage/github.copilot-chat/copilotCli/ls", no_follow: false } })) }
[2026-06-14T22:33:30Z DEBUG libturnstile::access::fs] open_target_dfd_in_root: attempt 0 for "/" got different inode (expected id InodeId { dev_major: 0, dev_minor: 58, ino: 1 }, got id InodeId { dev_major: 0, dev_minor: 29, ino: 256 })
[2026-06-14T22:33:30Z DEBUG libturnstile::access::fs] open_target_dfd_in_root: attempt 1 for "/" got different inode (expected id InodeId { dev_major: 0, dev_minor: 58, ino: 1 }, got id InodeId { dev_major: 0, dev_minor: 29, ino: 256 })
[2026-06-14T22:33:30Z ERROR libturnstile::access::fs] open_target_dfd_in_root: too many attempts to open "/" before getting correct inode
[2026-06-14T22:33:30Z DEBUG libturnstile::access::fs] realpath() on FsTarget failed: No such file or directory (os error 2)
[2026-06-14T22:33:30Z ERROR turnstile_sandbox] error reopening target dfd in real root for x "/home/mao/.vscode-server/data/User/globalStorage/github.copilot-chat/copilotCli/ls" (invalid): No such file or directory (os error 2)
[2026-06-14T22:33:30Z DEBUG turnstile_sandbox] got request: AccessRequest { operation: FsOperation(FsExec(ExecOperation { target: FsTarget { dfd: ForeignFd { local_fd: 21 }, path: "home/mao/.local/qemu/bin/ls", no_follow: false } })) }
[2026-06-14T22:33:30Z DEBUG libturnstile::access::fs] open_target_dfd_in_root: attempt 0 for "/" got different inode (expected id InodeId { dev_major: 0, dev_minor: 58, ino: 1 }, got id InodeId { dev_major: 0, dev_minor: 29, ino: 256 })
[2026-06-14T22:33:30Z DEBUG libturnstile::access::fs] open_target_dfd_in_root: attempt 1 for "/" got different inode (expected id InodeId { dev_major: 0, dev_minor: 58, ino: 1 }, got id InodeId { dev_major: 0, dev_minor: 29, ino: 256 })
[2026-06-14T22:33:30Z ERROR libturnstile::access::fs] open_target_dfd_in_root: too many attempts to open "/" before getting correct inode
[2026-06-14T22:33:30Z DEBUG libturnstile::access::fs] realpath() on FsTarget failed: No such file or directory (os error 2)
[2026-06-14T22:33:30Z ERROR turnstile_sandbox] error reopening target dfd in real root for x "/home/mao/.local/qemu/bin/ls" (invalid): No such file or directory (os error 2)
[2026-06-14T22:33:30Z DEBUG turnstile_sandbox] got request: AccessRequest { operation: FsOperation(FsExec(ExecOperation { target: FsTarget { dfd: ForeignFd { local_fd: 21 }, path: "home/mao/.vscode-server/data/User/globalStorage/github.copilot-chat/debugCommand/ls", no_follow: false } })) }
[2026-06-14T22:33:30Z DEBUG libturnstile::access::fs] open_target_dfd_in_root: attempt 0 for "/" got different inode (expected id InodeId { dev_major: 0, dev_minor: 58, ino: 1 }, got id InodeId { dev_major: 0, dev_minor: 29, ino: 256 })
[2026-06-14T22:33:30Z DEBUG libturnstile::access::fs] open_target_dfd_in_root: attempt 1 for "/" got different inode (expected id InodeId { dev_major: 0, dev_minor: 58, ino: 1 }, got id InodeId { dev_major: 0, dev_minor: 29, ino: 256 })
[2026-06-14T22:33:30Z ERROR libturnstile::access::fs] open_target_dfd_in_root: too many attempts to open "/" before getting correct inode
[2026-06-14T22:33:30Z DEBUG libturnstile::access::fs] realpath() on FsTarget failed: No such file or directory (os error 2)
[2026-06-14T22:33:30Z ERROR turnstile_sandbox] error reopening target dfd in real root for x "/home/mao/.vscode-server/data/User/globalStorage/github.copilot-chat/debugCommand/ls" (invalid): No such file or directory (os error 2)
[2026-06-14T22:33:30Z DEBUG turnstile_sandbox] got request: AccessRequest { operation: FsOperation(FsExec(ExecOperation { target: FsTarget { dfd: ForeignFd { local_fd: 21 }, path: "home/mao/.vscode-server/data/User/globalStorage/github.copilot-chat/copilotCli/ls", no_follow: false } })) }
[2026-06-14T22:33:30Z DEBUG libturnstile::access::fs] open_target_dfd_in_root: attempt 0 for "/" got different inode (expected id InodeId { dev_major: 0, dev_minor: 58, ino: 1 }, got id InodeId { dev_major: 0, dev_minor: 29, ino: 256 })
[2026-06-14T22:33:30Z DEBUG libturnstile::access::fs] open_target_dfd_in_root: attempt 1 for "/" got different inode (expected id InodeId { dev_major: 0, dev_minor: 58, ino: 1 }, got id InodeId { dev_major: 0, dev_minor: 29, ino: 256 })
[2026-06-14T22:33:30Z ERROR libturnstile::access::fs] open_target_dfd_in_root: too many attempts to open "/" before getting correct inode
[2026-06-14T22:33:30Z DEBUG libturnstile::access::fs] realpath() on FsTarget failed: No such file or directory (os error 2)
[2026-06-14T22:33:30Z ERROR turnstile_sandbox] error reopening target dfd in real root for x "/home/mao/.vscode-server/data/User/globalStorage/github.copilot-chat/copilotCli/ls" (invalid): No such file or directory (os error 2)
[2026-06-14T22:33:30Z DEBUG turnstile_sandbox] got request: AccessRequest { operation: FsOperation(FsExec(ExecOperation { target: FsTarget { dfd: ForeignFd { local_fd: 21 }, path: "home/mao/.vscode-server/cli/servers/Stable-6928394f91b684055b873eecb8bc281365131f1c/server/bin/remote-cli/ls", no_follow: false } })) }
[2026-06-14T22:33:30Z DEBUG libturnstile::access::fs] open_target_dfd_in_root: attempt 0 for "/" got different inode (expected id InodeId { dev_major: 0, dev_minor: 58, ino: 1 }, got id InodeId { dev_major: 0, dev_minor: 29, ino: 256 })
[2026-06-14T22:33:30Z DEBUG libturnstile::access::fs] open_target_dfd_in_root: attempt 1 for "/" got different inode (expected id InodeId { dev_major: 0, dev_minor: 58, ino: 1 }, got id InodeId { dev_major: 0, dev_minor: 29, ino: 256 })
[2026-06-14T22:33:30Z ERROR libturnstile::access::fs] open_target_dfd_in_root: too many attempts to open "/" before getting correct inode
[2026-06-14T22:33:30Z DEBUG libturnstile::access::fs] realpath() on FsTarget failed: No such file or directory (os error 2)
[2026-06-14T22:33:30Z ERROR turnstile_sandbox] error reopening target dfd in real root for x "/home/mao/.vscode-server/cli/servers/Stable-6928394f91b684055b873eecb8bc281365131f1c/server/bin/remote-cli/ls" (invalid): No such file or directory (os error 2)
[2026-06-14T22:33:30Z DEBUG turnstile_sandbox] got request: AccessRequest { operation: FsOperation(FsExec(ExecOperation { target: FsTarget { dfd: ForeignFd { local_fd: 21 }, path: "home/mao/.local/qemu/bin/ls", no_follow: false } })) }
[2026-06-14T22:33:30Z DEBUG libturnstile::access::fs] open_target_dfd_in_root: attempt 0 for "/" got different inode (expected id InodeId { dev_major: 0, dev_minor: 58, ino: 1 }, got id InodeId { dev_major: 0, dev_minor: 29, ino: 256 })
[2026-06-14T22:33:30Z DEBUG libturnstile::access::fs] open_target_dfd_in_root: attempt 1 for "/" got different inode (expected id InodeId { dev_major: 0, dev_minor: 58, ino: 1 }, got id InodeId { dev_major: 0, dev_minor: 29, ino: 256 })
[2026-06-14T22:33:30Z ERROR libturnstile::access::fs] open_target_dfd_in_root: too many attempts to open "/" before getting correct inode
[2026-06-14T22:33:30Z DEBUG libturnstile::access::fs] realpath() on FsTarget failed: No such file or directory (os error 2)
[2026-06-14T22:33:30Z ERROR turnstile_sandbox] error reopening target dfd in real root for x "/home/mao/.local/qemu/bin/ls" (invalid): No such file or directory (os error 2)
[2026-06-14T22:33:30Z DEBUG turnstile_sandbox] got request: AccessRequest { operation: FsOperation(FsExec(ExecOperation { target: FsTarget { dfd: ForeignFd { local_fd: 21 }, path: "home/mao/.local/qemu/bin/ls", no_follow: false } })) }
[2026-06-14T22:33:30Z DEBUG libturnstile::access::fs] open_target_dfd_in_root: attempt 0 for "/" got different inode (expected id InodeId { dev_major: 0, dev_minor: 58, ino: 1 }, got id InodeId { dev_major: 0, dev_minor: 29, ino: 256 })
[2026-06-14T22:33:30Z DEBUG libturnstile::access::fs] open_target_dfd_in_root: attempt 1 for "/" got different inode (expected id InodeId { dev_major: 0, dev_minor: 58, ino: 1 }, got id InodeId { dev_major: 0, dev_minor: 29, ino: 256 })
[2026-06-14T22:33:30Z ERROR libturnstile::access::fs] open_target_dfd_in_root: too many attempts to open "/" before getting correct inode
[2026-06-14T22:33:30Z DEBUG libturnstile::access::fs] realpath() on FsTarget failed: No such file or directory (os error 2)
[2026-06-14T22:33:30Z ERROR turnstile_sandbox] error reopening target dfd in real root for x "/home/mao/.local/qemu/bin/ls" (invalid): No such file or directory (os error 2)
[2026-06-14T22:33:30Z DEBUG turnstile_sandbox] got request: AccessRequest { operation: FsOperation(FsExec(ExecOperation { target: FsTarget { dfd: ForeignFd { local_fd: 21 }, path: "usr/local/sbin/ls", no_follow: false } })) }
[2026-06-14T22:33:30Z DEBUG libturnstile::access::fs] open_target_dfd_in_root: attempt 0 for "/" got different inode (expected id InodeId { dev_major: 0, dev_minor: 58, ino: 1 }, got id InodeId { dev_major: 0, dev_minor: 29, ino: 256 })
[2026-06-14T22:33:30Z DEBUG libturnstile::access::fs] open_target_dfd_in_root: attempt 1 for "/" got different inode (expected id InodeId { dev_major: 0, dev_minor: 58, ino: 1 }, got id InodeId { dev_major: 0, dev_minor: 29, ino: 256 })
[2026-06-14T22:33:30Z ERROR libturnstile::access::fs] open_target_dfd_in_root: too many attempts to open "/" before getting correct inode
[2026-06-14T22:33:30Z ERROR turnstile_sandbox] error reopening target dfd in real root for x "/usr/local/sbin/ls": No such file or directory (os error 2)
[2026-06-14T22:33:30Z DEBUG turnstile_sandbox] got request: AccessRequest { operation: FsOperation(FsExec(ExecOperation { target: FsTarget { dfd: ForeignFd { local_fd: 21 }, path: "usr/local/bin/ls", no_follow: false } })) }
[2026-06-14T22:33:30Z DEBUG libturnstile::access::fs] open_target_dfd_in_root: attempt 0 for "/" got different inode (expected id InodeId { dev_major: 0, dev_minor: 58, ino: 1 }, got id InodeId { dev_major: 0, dev_minor: 29, ino: 256 })
[2026-06-14T22:33:30Z DEBUG libturnstile::access::fs] open_target_dfd_in_root: attempt 1 for "/" got different inode (expected id InodeId { dev_major: 0, dev_minor: 58, ino: 1 }, got id InodeId { dev_major: 0, dev_minor: 29, ino: 256 })
[2026-06-14T22:33:30Z ERROR libturnstile::access::fs] open_target_dfd_in_root: too many attempts to open "/" before getting correct inode
[2026-06-14T22:33:30Z ERROR turnstile_sandbox] error reopening target dfd in real root for x "/usr/local/bin/ls": No such file or directory (os error 2)
[2026-06-14T22:33:30Z DEBUG turnstile_sandbox] got request: AccessRequest { operation: FsOperation(FsExec(ExecOperation { target: FsTarget { dfd: ForeignFd { local_fd: 21 }, path: "usr/bin/ls", no_follow: false } })) }
[2026-06-14T22:33:30Z DEBUG libturnstile::access::fs] open_target_dfd_in_root: attempt 0 for "/" got different inode (expected id InodeId { dev_major: 0, dev_minor: 58, ino: 1 }, got id InodeId { dev_major: 0, dev_minor: 29, ino: 256 })
[2026-06-14T22:33:30Z DEBUG libturnstile::access::fs] open_target_dfd_in_root: attempt 1 for "/" got different inode (expected id InodeId { dev_major: 0, dev_minor: 58, ino: 1 }, got id InodeId { dev_major: 0, dev_minor: 29, ino: 256 })
[2026-06-14T22:33:30Z ERROR libturnstile::access::fs] open_target_dfd_in_root: too many attempts to open "/" before getting correct inode
[2026-06-14T22:33:30Z ERROR turnstile_sandbox] error reopening target dfd in real root for x "/usr/bin/ls": No such file or directory (os error 2)
[2026-06-14T22:33:30Z INFO  turnstile_sandbox] Spawned child process with pid 3614092
[2026-06-14T22:33:30Z DEBUG turnstile_sandbox] got request: AccessRequest { operation: FsOperation(FsAccess(AccessOperation { target: FsTarget { dfd: ForeignFd { local_fd: 4 }, path: "etc/ld.so.preload", no_follow: false }, need_read: true, need_write: false, need_exec: false })) }
[2026-06-14T22:33:30Z DEBUG libturnstile::access::fs] open_target_dfd_in_root: attempt 0 for "/" got different inode (expected id InodeId { dev_major: 0, dev_minor: 58, ino: 1 }, got id InodeId { dev_major: 0, dev_minor: 29, ino: 256 })
[2026-06-14T22:33:30Z DEBUG libturnstile::access::fs] open_target_dfd_in_root: attempt 1 for "/" got different inode (expected id InodeId { dev_major: 0, dev_minor: 58, ino: 1 }, got id InodeId { dev_major: 0, dev_minor: 29, ino: 256 })
[2026-06-14T22:33:30Z ERROR libturnstile::access::fs] open_target_dfd_in_root: too many attempts to open "/" before getting correct inode
[2026-06-14T22:33:30Z DEBUG libturnstile::access::fs] realpath() on FsTarget failed: No such file or directory (os error 2)
[2026-06-14T22:33:30Z ERROR turnstile_sandbox] error reopening target dfd in real root for r "/etc/ld.so.preload" (invalid): No such file or directory (os error 2)
[2026-06-14T22:33:30Z DEBUG turnstile_sandbox] got request: AccessRequest { operation: FsOperation(FsOpen(OpenOperation { target: FsTarget { dfd: ForeignFd { local_fd: 4 }, path: "home/mao/turnstile/target/debug/glibc-hwcaps/x86-64-v4/libcap.so.2", no_follow: false }, need_read: true, need_write: false, create_mode: None })) }
[2026-06-14T22:33:30Z DEBUG libturnstile::access::fs] open_target_dfd_in_root: attempt 0 for "/" got different inode (expected id InodeId { dev_major: 0, dev_minor: 58, ino: 1 }, got id InodeId { dev_major: 0, dev_minor: 29, ino: 256 })
[2026-06-14T22:33:30Z DEBUG libturnstile::access::fs] open_target_dfd_in_root: attempt 1 for "/" got different inode (expected id InodeId { dev_major: 0, dev_minor: 58, ino: 1 }, got id InodeId { dev_major: 0, dev_minor: 29, ino: 256 })
[2026-06-14T22:33:30Z ERROR libturnstile::access::fs] open_target_dfd_in_root: too many attempts to open "/" before getting correct inode
[2026-06-14T22:33:30Z DEBUG libturnstile::access::fs] realpath() on FsTarget failed: No such file or directory (os error 2)
[2026-06-14T22:33:30Z ERROR turnstile_sandbox] error reopening target dfd in real root for r "/home/mao/turnstile/target/debug/glibc-hwcaps/x86-64-v4/libcap.so.2" (invalid): No such file or directory (os error 2)
[2026-06-14T22:33:30Z DEBUG libturnstile::access::fs] realpath() on FsTarget failed: No such file or directory (os error 2)
[2026-06-14T22:33:30Z WARN  libturnstile::sandbox::upgrade] openat upgrade: cannot resolve abspath for "/home/mao/turnstile/target/debug/glibc-hwcaps/x86-64-v4/libcap.so.2" (invalid): No such file or directory (os error 2) — continuing natively
[2026-06-14T22:33:30Z DEBUG turnstile_sandbox] got request: AccessRequest { operation: FsOperation(FsStat(StatOperation { target: FsTarget { dfd: ForeignFd { local_fd: 4 }, path: "home/mao/turnstile/target/debug/glibc-hwcaps/x86-64-v4/", no_follow: false }, lstat: false })) }
[2026-06-14T22:33:30Z DEBUG libturnstile::access::fs] open_target_dfd_in_root: attempt 0 for "/" got different inode (expected id InodeId { dev_major: 0, dev_minor: 58, ino: 1 }, got id InodeId { dev_major: 0, dev_minor: 29, ino: 256 })
[2026-06-14T22:33:30Z DEBUG libturnstile::access::fs] open_target_dfd_in_root: attempt 1 for "/" got different inode (expected id InodeId { dev_major: 0, dev_minor: 58, ino: 1 }, got id InodeId { dev_major: 0, dev_minor: 29, ino: 256 })
[2026-06-14T22:33:30Z ERROR libturnstile::access::fs] open_target_dfd_in_root: too many attempts to open "/" before getting correct inode
[2026-06-14T22:33:30Z DEBUG libturnstile::access::fs] realpath() on FsTarget failed: No such file or directory (os error 2)
[2026-06-14T22:33:30Z ERROR turnstile_sandbox] error reopening target dfd in real root for _ "/home/mao/turnstile/target/debug/glibc-hwcaps/x86-64-v4/" (invalid): No such file or directory (os error 2)
[2026-06-14T22:33:30Z DEBUG turnstile_sandbox] got request: AccessRequest { operation: FsOperation(FsOpen(OpenOperation { target: FsTarget { dfd: ForeignFd { local_fd: 4 }, path: "home/mao/turnstile/target/debug/glibc-hwcaps/x86-64-v3/libcap.so.2", no_follow: false }, need_read: true, need_write: false, create_mode: None })) }
[2026-06-14T22:33:30Z DEBUG libturnstile::access::fs] open_target_dfd_in_root: attempt 0 for "/" got different inode (expected id InodeId { dev_major: 0, dev_minor: 58, ino: 1 }, got id InodeId { dev_major: 0, dev_minor: 29, ino: 256 })
[2026-06-14T22:33:30Z DEBUG libturnstile::access::fs] open_target_dfd_in_root: attempt 1 for "/" got different inode (expected id InodeId { dev_major: 0, dev_minor: 58, ino: 1 }, got id InodeId { dev_major: 0, dev_minor: 29, ino: 256 })
[2026-06-14T22:33:30Z ERROR libturnstile::access::fs] open_target_dfd_in_root: too many attempts to open "/" before getting correct inode
[2026-06-14T22:33:30Z DEBUG libturnstile::access::fs] realpath() on FsTarget failed: No such file or directory (os error 2)
[2026-06-14T22:33:30Z ERROR turnstile_sandbox] error reopening target dfd in real root for r "/home/mao/turnstile/target/debug/glibc-hwcaps/x86-64-v3/libcap.so.2" (invalid): No such file or directory (os error 2)
[2026-06-14T22:33:30Z DEBUG libturnstile::access::fs] realpath() on FsTarget failed: No such file or directory (os error 2)
[2026-06-14T22:33:30Z WARN  libturnstile::sandbox::upgrade] openat upgrade: cannot resolve abspath for "/home/mao/turnstile/target/debug/glibc-hwcaps/x86-64-v3/libcap.so.2" (invalid): No such file or directory (os error 2) — continuing natively
[2026-06-14T22:33:30Z DEBUG turnstile_sandbox] got request: AccessRequest { operation: FsOperation(FsStat(StatOperation { target: FsTarget { dfd: ForeignFd { local_fd: 4 }, path: "home/mao/turnstile/target/debug/glibc-hwcaps/x86-64-v3/", no_follow: false }, lstat: false })) }
[2026-06-14T22:33:30Z DEBUG libturnstile::access::fs] open_target_dfd_in_root: attempt 0 for "/" got different inode (expected id InodeId { dev_major: 0, dev_minor: 58, ino: 1 }, got id InodeId { dev_major: 0, dev_minor: 29, ino: 256 })
[2026-06-14T22:33:30Z DEBUG libturnstile::access::fs] open_target_dfd_in_root: attempt 1 for "/" got different inode (expected id InodeId { dev_major: 0, dev_minor: 58, ino: 1 }, got id InodeId { dev_major: 0, dev_minor: 29, ino: 256 })
[2026-06-14T22:33:30Z ERROR libturnstile::access::fs] open_target_dfd_in_root: too many attempts to open "/" before getting correct inode
[2026-06-14T22:33:30Z DEBUG libturnstile::access::fs] realpath() on FsTarget failed: No such file or directory (os error 2)
[2026-06-14T22:33:30Z ERROR turnstile_sandbox] error reopening target dfd in real root for _ "/home/mao/turnstile/target/debug/glibc-hwcaps/x86-64-v3/" (invalid): No such file or directory (os error 2)
[2026-06-14T22:33:30Z DEBUG turnstile_sandbox] got request: AccessRequest { operation: FsOperation(FsOpen(OpenOperation { target: FsTarget { dfd: ForeignFd { local_fd: 4 }, path: "home/mao/turnstile/target/debug/glibc-hwcaps/x86-64-v2/libcap.so.2", no_follow: false }, need_read: true, need_write: false, create_mode: None })) }
[2026-06-14T22:33:30Z DEBUG libturnstile::access::fs] open_target_dfd_in_root: attempt 0 for "/" got different inode (expected id InodeId { dev_major: 0, dev_minor: 58, ino: 1 }, got id InodeId { dev_major: 0, dev_minor: 29, ino: 256 })
[2026-06-14T22:33:30Z DEBUG libturnstile::access::fs] open_target_dfd_in_root: attempt 1 for "/" got different inode (expected id InodeId { dev_major: 0, dev_minor: 58, ino: 1 }, got id InodeId { dev_major: 0, dev_minor: 29, ino: 256 })
[2026-06-14T22:33:30Z ERROR libturnstile::access::fs] open_target_dfd_in_root: too many attempts to open "/" before getting correct inode
[2026-06-14T22:33:30Z DEBUG libturnstile::access::fs] realpath() on FsTarget failed: No such file or directory (os error 2)
[2026-06-14T22:33:30Z ERROR turnstile_sandbox] error reopening target dfd in real root for r "/home/mao/turnstile/target/debug/glibc-hwcaps/x86-64-v2/libcap.so.2" (invalid): No such file or directory (os error 2)
[2026-06-14T22:33:30Z DEBUG libturnstile::access::fs] realpath() on FsTarget failed: No such file or directory (os error 2)
[2026-06-14T22:33:30Z WARN  libturnstile::sandbox::upgrade] openat upgrade: cannot resolve abspath for "/home/mao/turnstile/target/debug/glibc-hwcaps/x86-64-v2/libcap.so.2" (invalid): No such file or directory (os error 2) — continuing natively
[2026-06-14T22:33:30Z DEBUG turnstile_sandbox] got request: AccessRequest { operation: FsOperation(FsStat(StatOperation { target: FsTarget { dfd: ForeignFd { local_fd: 4 }, path: "home/mao/turnstile/target/debug/glibc-hwcaps/x86-64-v2/", no_follow: false }, lstat: false })) }
[2026-06-14T22:33:30Z DEBUG libturnstile::access::fs] open_target_dfd_in_root: attempt 0 for "/" got different inode (expected id InodeId { dev_major: 0, dev_minor: 58, ino: 1 }, got id InodeId { dev_major: 0, dev_minor: 29, ino: 256 })
[2026-06-14T22:33:30Z DEBUG libturnstile::access::fs] open_target_dfd_in_root: attempt 1 for "/" got different inode (expected id InodeId { dev_major: 0, dev_minor: 58, ino: 1 }, got id InodeId { dev_major: 0, dev_minor: 29, ino: 256 })
[2026-06-14T22:33:30Z ERROR libturnstile::access::fs] open_target_dfd_in_root: too many attempts to open "/" before getting correct inode
[2026-06-14T22:33:30Z DEBUG libturnstile::access::fs] realpath() on FsTarget failed: No such file or directory (os error 2)
[2026-06-14T22:33:30Z ERROR turnstile_sandbox] error reopening target dfd in real root for _ "/home/mao/turnstile/target/debug/glibc-hwcaps/x86-64-v2/" (invalid): No such file or directory (os error 2)
[2026-06-14T22:33:30Z DEBUG turnstile_sandbox] got request: AccessRequest { operation: FsOperation(FsOpen(OpenOperation { target: FsTarget { dfd: ForeignFd { local_fd: 4 }, path: "home/mao/turnstile/target/debug/libcap.so.2", no_follow: false }, need_read: true, need_write: false, create_mode: None })) }
[2026-06-14T22:33:30Z DEBUG libturnstile::access::fs] open_target_dfd_in_root: attempt 0 for "/" got different inode (expected id InodeId { dev_major: 0, dev_minor: 58, ino: 1 }, got id InodeId { dev_major: 0, dev_minor: 29, ino: 256 })
[2026-06-14T22:33:30Z DEBUG libturnstile::access::fs] open_target_dfd_in_root: attempt 1 for "/" got different inode (expected id InodeId { dev_major: 0, dev_minor: 58, ino: 1 }, got id InodeId { dev_major: 0, dev_minor: 29, ino: 256 })
[2026-06-14T22:33:30Z ERROR libturnstile::access::fs] open_target_dfd_in_root: too many attempts to open "/" before getting correct inode
[2026-06-14T22:33:30Z ERROR turnstile_sandbox] error reopening target dfd in real root for r "/home/mao/turnstile/target/debug/libcap.so.2": No such file or directory (os error 2)
[2026-06-14T22:33:30Z DEBUG libturnstile::sandbox::namespace] Joined namespace ns_fds[0] = 5
[2026-06-14T22:33:30Z DEBUG libturnstile::sandbox::namespace] Joined namespace ns_fds[1] = 8
[2026-06-14T22:33:30Z DEBUG libturnstile::sandbox::namespace] Joined namespace ns_fds[2] = 7
[2026-06-14T22:33:30Z ERROR libturnstile::sandbox] Failed to acquire fd in child: No such file or directory (os error 2)
[2026-06-14T22:33:30Z DEBUG libturnstile::utils] Forked child exited with code 2
[2026-06-14T22:33:30Z DEBUG libturnstile::sandbox::upgrade] m1 reopen of "/home/mao/turnstile/target/debug/libcap.so.2" failed: Failed to open path in m1: errno 2, attempt 1
[2026-06-14T22:33:30Z DEBUG libturnstile::sandbox::namespace] Joined namespace ns_fds[0] = 5
[2026-06-14T22:33:30Z DEBUG libturnstile::sandbox::namespace] Joined namespace ns_fds[1] = 8
[2026-06-14T22:33:30Z DEBUG libturnstile::sandbox::namespace] Joined namespace ns_fds[2] = 7
[2026-06-14T22:33:30Z ERROR libturnstile::sandbox] Failed to acquire fd in child: No such file or directory (os error 2)
[2026-06-14T22:33:30Z DEBUG libturnstile::utils] Forked child exited with code 2
[2026-06-14T22:33:30Z DEBUG libturnstile::sandbox::upgrade] m1 reopen of "/home/mao/turnstile/target/debug/libcap.so.2" failed: Failed to open path in m1: errno 2, attempt 2
[2026-06-14T22:33:30Z DEBUG turnstile_sandbox] got request: AccessRequest { operation: FsOperation(FsStat(StatOperation { target: FsTarget { dfd: ForeignFd { local_fd: 4 }, path: "home/mao/turnstile/target/debug/", no_follow: false }, lstat: false })) }
[2026-06-14T22:33:30Z DEBUG libturnstile::access::fs] open_target_dfd_in_root: attempt 0 for "/" got different inode (expected id InodeId { dev_major: 0, dev_minor: 58, ino: 1 }, got id InodeId { dev_major: 0, dev_minor: 29, ino: 256 })
[2026-06-14T22:33:30Z DEBUG libturnstile::access::fs] open_target_dfd_in_root: attempt 1 for "/" got different inode (expected id InodeId { dev_major: 0, dev_minor: 58, ino: 1 }, got id InodeId { dev_major: 0, dev_minor: 29, ino: 256 })
[2026-06-14T22:33:30Z ERROR libturnstile::access::fs] open_target_dfd_in_root: too many attempts to open "/" before getting correct inode
[2026-06-14T22:33:30Z ERROR turnstile_sandbox] error reopening target dfd in real root for _ "/home/mao/turnstile/target/debug/.": No such file or directory (os error 2)
[2026-06-14T22:33:30Z DEBUG turnstile_sandbox] got request: AccessRequest { operation: FsOperation(FsOpen(OpenOperation { target: FsTarget { dfd: ForeignFd { local_fd: 4 }, path: "home/mao/turnstile/target/debug/deps/glibc-hwcaps/x86-64-v4/libcap.so.2", no_follow: false }, need_read: true, need_write: false, create_mode: None })) }
[2026-06-14T22:33:30Z DEBUG libturnstile::access::fs] open_target_dfd_in_root: attempt 0 for "/" got different inode (expected id InodeId { dev_major: 0, dev_minor: 58, ino: 1 }, got id InodeId { dev_major: 0, dev_minor: 29, ino: 256 })
[2026-06-14T22:33:30Z DEBUG libturnstile::access::fs] open_target_dfd_in_root: attempt 1 for "/" got different inode (expected id InodeId { dev_major: 0, dev_minor: 58, ino: 1 }, got id InodeId { dev_major: 0, dev_minor: 29, ino: 256 })
[2026-06-14T22:33:30Z ERROR libturnstile::access::fs] open_target_dfd_in_root: too many attempts to open "/" before getting correct inode
[2026-06-14T22:33:30Z DEBUG libturnstile::access::fs] realpath() on FsTarget failed: No such file or directory (os error 2)
[2026-06-14T22:33:30Z ERROR turnstile_sandbox] error reopening target dfd in real root for r "/home/mao/turnstile/target/debug/deps/glibc-hwcaps/x86-64-v4/libcap.so.2" (invalid): No such file or directory (os error 2)
[2026-06-14T22:33:30Z DEBUG libturnstile::access::fs] realpath() on FsTarget failed: No such file or directory (os error 2)
[2026-06-14T22:33:30Z WARN  libturnstile::sandbox::upgrade] openat upgrade: cannot resolve abspath for "/home/mao/turnstile/target/debug/deps/glibc-hwcaps/x86-64-v4/libcap.so.2" (invalid): No such file or directory (os error 2) — continuing natively
[2026-06-14T22:33:30Z DEBUG turnstile_sandbox] got request: AccessRequest { operation: FsOperation(FsStat(StatOperation { target: FsTarget { dfd: ForeignFd { local_fd: 4 }, path: "home/mao/turnstile/target/debug/deps/glibc-hwcaps/x86-64-v4/", no_follow: false }, lstat: false })) }
[2026-06-14T22:33:30Z DEBUG libturnstile::access::fs] open_target_dfd_in_root: attempt 0 for "/" got different inode (expected id InodeId { dev_major: 0, dev_minor: 58, ino: 1 }, got id InodeId { dev_major: 0, dev_minor: 29, ino: 256 })
[2026-06-14T22:33:30Z DEBUG libturnstile::access::fs] open_target_dfd_in_root: attempt 1 for "/" got different inode (expected id InodeId { dev_major: 0, dev_minor: 58, ino: 1 }, got id InodeId { dev_major: 0, dev_minor: 29, ino: 256 })
[2026-06-14T22:33:30Z ERROR libturnstile::access::fs] open_target_dfd_in_root: too many attempts to open "/" before getting correct inode
[2026-06-14T22:33:30Z DEBUG libturnstile::access::fs] realpath() on FsTarget failed: No such file or directory (os error 2)
[2026-06-14T22:33:30Z ERROR turnstile_sandbox] error reopening target dfd in real root for _ "/home/mao/turnstile/target/debug/deps/glibc-hwcaps/x86-64-v4/" (invalid): No such file or directory (os error 2)
[2026-06-14T22:33:30Z DEBUG turnstile_sandbox] got request: AccessRequest { operation: FsOperation(FsOpen(OpenOperation { target: FsTarget { dfd: ForeignFd { local_fd: 4 }, path: "home/mao/turnstile/target/debug/deps/glibc-hwcaps/x86-64-v3/libcap.so.2", no_follow: false }, need_read: true, need_write: false, create_mode: None })) }
[2026-06-14T22:33:30Z DEBUG libturnstile::access::fs] open_target_dfd_in_root: attempt 0 for "/" got different inode (expected id InodeId { dev_major: 0, dev_minor: 58, ino: 1 }, got id InodeId { dev_major: 0, dev_minor: 29, ino: 256 })
[2026-06-14T22:33:30Z DEBUG libturnstile::access::fs] open_target_dfd_in_root: attempt 1 for "/" got different inode (expected id InodeId { dev_major: 0, dev_minor: 58, ino: 1 }, got id InodeId { dev_major: 0, dev_minor: 29, ino: 256 })
[2026-06-14T22:33:30Z ERROR libturnstile::access::fs] open_target_dfd_in_root: too many attempts to open "/" before getting correct inode
[2026-06-14T22:33:30Z DEBUG libturnstile::access::fs] realpath() on FsTarget failed: No such file or directory (os error 2)
[2026-06-14T22:33:30Z ERROR turnstile_sandbox] error reopening target dfd in real root for r "/home/mao/turnstile/target/debug/deps/glibc-hwcaps/x86-64-v3/libcap.so.2" (invalid): No such file or directory (os error 2)
[2026-06-14T22:33:30Z DEBUG libturnstile::access::fs] realpath() on FsTarget failed: No such file or directory (os error 2)
[2026-06-14T22:33:30Z WARN  libturnstile::sandbox::upgrade] openat upgrade: cannot resolve abspath for "/home/mao/turnstile/target/debug/deps/glibc-hwcaps/x86-64-v3/libcap.so.2" (invalid): No such file or directory (os error 2) — continuing natively
[2026-06-14T22:33:30Z DEBUG turnstile_sandbox] got request: AccessRequest { operation: FsOperation(FsStat(StatOperation { target: FsTarget { dfd: ForeignFd { local_fd: 4 }, path: "home/mao/turnstile/target/debug/deps/glibc-hwcaps/x86-64-v3/", no_follow: false }, lstat: false })) }
[2026-06-14T22:33:30Z DEBUG libturnstile::access::fs] open_target_dfd_in_root: attempt 0 for "/" got different inode (expected id InodeId { dev_major: 0, dev_minor: 58, ino: 1 }, got id InodeId { dev_major: 0, dev_minor: 29, ino: 256 })
[2026-06-14T22:33:30Z DEBUG libturnstile::access::fs] open_target_dfd_in_root: attempt 1 for "/" got different inode (expected id InodeId { dev_major: 0, dev_minor: 58, ino: 1 }, got id InodeId { dev_major: 0, dev_minor: 29, ino: 256 })
[2026-06-14T22:33:30Z ERROR libturnstile::access::fs] open_target_dfd_in_root: too many attempts to open "/" before getting correct inode
[2026-06-14T22:33:30Z DEBUG libturnstile::access::fs] realpath() on FsTarget failed: No such file or directory (os error 2)
[2026-06-14T22:33:30Z ERROR turnstile_sandbox] error reopening target dfd in real root for _ "/home/mao/turnstile/target/debug/deps/glibc-hwcaps/x86-64-v3/" (invalid): No such file or directory (os error 2)
[2026-06-14T22:33:30Z DEBUG turnstile_sandbox] got request: AccessRequest { operation: FsOperation(FsOpen(OpenOperation { target: FsTarget { dfd: ForeignFd { local_fd: 4 }, path: "home/mao/turnstile/target/debug/deps/glibc-hwcaps/x86-64-v2/libcap.so.2", no_follow: false }, need_read: true, need_write: false, create_mode: None })) }
[2026-06-14T22:33:30Z DEBUG libturnstile::access::fs] open_target_dfd_in_root: attempt 0 for "/" got different inode (expected id InodeId { dev_major: 0, dev_minor: 58, ino: 1 }, got id InodeId { dev_major: 0, dev_minor: 29, ino: 256 })
[2026-06-14T22:33:30Z DEBUG libturnstile::access::fs] open_target_dfd_in_root: attempt 1 for "/" got different inode (expected id InodeId { dev_major: 0, dev_minor: 58, ino: 1 }, got id InodeId { dev_major: 0, dev_minor: 29, ino: 256 })
[2026-06-14T22:33:30Z ERROR libturnstile::access::fs] open_target_dfd_in_root: too many attempts to open "/" before getting correct inode
[2026-06-14T22:33:30Z DEBUG libturnstile::access::fs] realpath() on FsTarget failed: No such file or directory (os error 2)
[2026-06-14T22:33:30Z ERROR turnstile_sandbox] error reopening target dfd in real root for r "/home/mao/turnstile/target/debug/deps/glibc-hwcaps/x86-64-v2/libcap.so.2" (invalid): No such file or directory (os error 2)
[2026-06-14T22:33:30Z DEBUG libturnstile::access::fs] realpath() on FsTarget failed: No such file or directory (os error 2)
[2026-06-14T22:33:30Z WARN  libturnstile::sandbox::upgrade] openat upgrade: cannot resolve abspath for "/home/mao/turnstile/target/debug/deps/glibc-hwcaps/x86-64-v2/libcap.so.2" (invalid): No such file or directory (os error 2) — continuing natively
[2026-06-14T22:33:30Z DEBUG turnstile_sandbox] got request: AccessRequest { operation: FsOperation(FsStat(StatOperation { target: FsTarget { dfd: ForeignFd { local_fd: 4 }, path: "home/mao/turnstile/target/debug/deps/glibc-hwcaps/x86-64-v2/", no_follow: false }, lstat: false })) }
[2026-06-14T22:33:30Z DEBUG libturnstile::access::fs] open_target_dfd_in_root: attempt 0 for "/" got different inode (expected id InodeId { dev_major: 0, dev_minor: 58, ino: 1 }, got id InodeId { dev_major: 0, dev_minor: 29, ino: 256 })
[2026-06-14T22:33:30Z DEBUG libturnstile::access::fs] open_target_dfd_in_root: attempt 1 for "/" got different inode (expected id InodeId { dev_major: 0, dev_minor: 58, ino: 1 }, got id InodeId { dev_major: 0, dev_minor: 29, ino: 256 })
[2026-06-14T22:33:30Z ERROR libturnstile::access::fs] open_target_dfd_in_root: too many attempts to open "/" before getting correct inode
[2026-06-14T22:33:30Z DEBUG libturnstile::access::fs] realpath() on FsTarget failed: No such file or directory (os error 2)
[2026-06-14T22:33:30Z ERROR turnstile_sandbox] error reopening target dfd in real root for _ "/home/mao/turnstile/target/debug/deps/glibc-hwcaps/x86-64-v2/" (invalid): No such file or directory (os error 2)
[2026-06-14T22:33:30Z DEBUG turnstile_sandbox] got request: AccessRequest { operation: FsOperation(FsOpen(OpenOperation { target: FsTarget { dfd: ForeignFd { local_fd: 4 }, path: "home/mao/turnstile/target/debug/deps/libcap.so.2", no_follow: false }, need_read: true, need_write: false, create_mode: None })) }
[2026-06-14T22:33:30Z DEBUG libturnstile::access::fs] open_target_dfd_in_root: attempt 0 for "/" got different inode (expected id InodeId { dev_major: 0, dev_minor: 58, ino: 1 }, got id InodeId { dev_major: 0, dev_minor: 29, ino: 256 })
[2026-06-14T22:33:30Z DEBUG libturnstile::access::fs] open_target_dfd_in_root: attempt 1 for "/" got different inode (expected id InodeId { dev_major: 0, dev_minor: 58, ino: 1 }, got id InodeId { dev_major: 0, dev_minor: 29, ino: 256 })
[2026-06-14T22:33:30Z ERROR libturnstile::access::fs] open_target_dfd_in_root: too many attempts to open "/" before getting correct inode
[2026-06-14T22:33:30Z ERROR turnstile_sandbox] error reopening target dfd in real root for r "/home/mao/turnstile/target/debug/deps/libcap.so.2": No such file or directory (os error 2)
[2026-06-14T22:33:30Z DEBUG libturnstile::sandbox::namespace] Joined namespace ns_fds[0] = 5
[2026-06-14T22:33:30Z DEBUG libturnstile::sandbox::namespace] Joined namespace ns_fds[1] = 8
[2026-06-14T22:33:30Z DEBUG libturnstile::sandbox::namespace] Joined namespace ns_fds[2] = 7
[2026-06-14T22:33:30Z ERROR libturnstile::sandbox] Failed to acquire fd in child: No such file or directory (os error 2)
[2026-06-14T22:33:30Z DEBUG libturnstile::utils] Forked child exited with code 2
[2026-06-14T22:33:30Z DEBUG libturnstile::sandbox::upgrade] m1 reopen of "/home/mao/turnstile/target/debug/deps/libcap.so.2" failed: Failed to open path in m1: errno 2, attempt 1
[2026-06-14T22:33:30Z DEBUG libturnstile::sandbox::namespace] Joined namespace ns_fds[0] = 5
[2026-06-14T22:33:30Z DEBUG libturnstile::sandbox::namespace] Joined namespace ns_fds[1] = 8
[2026-06-14T22:33:30Z DEBUG libturnstile::sandbox::namespace] Joined namespace ns_fds[2] = 7
[2026-06-14T22:33:30Z ERROR libturnstile::sandbox] Failed to acquire fd in child: No such file or directory (os error 2)
[2026-06-14T22:33:30Z DEBUG libturnstile::utils] Forked child exited with code 2
[2026-06-14T22:33:30Z DEBUG libturnstile::sandbox::upgrade] m1 reopen of "/home/mao/turnstile/target/debug/deps/libcap.so.2" failed: Failed to open path in m1: errno 2, attempt 2
[2026-06-14T22:33:30Z DEBUG turnstile_sandbox] got request: AccessRequest { operation: FsOperation(FsStat(StatOperation { target: FsTarget { dfd: ForeignFd { local_fd: 4 }, path: "home/mao/turnstile/target/debug/deps/", no_follow: false }, lstat: false })) }
[2026-06-14T22:33:30Z DEBUG libturnstile::access::fs] open_target_dfd_in_root: attempt 0 for "/" got different inode (expected id InodeId { dev_major: 0, dev_minor: 58, ino: 1 }, got id InodeId { dev_major: 0, dev_minor: 29, ino: 256 })
[2026-06-14T22:33:30Z DEBUG libturnstile::access::fs] open_target_dfd_in_root: attempt 1 for "/" got different inode (expected id InodeId { dev_major: 0, dev_minor: 58, ino: 1 }, got id InodeId { dev_major: 0, dev_minor: 29, ino: 256 })
[2026-06-14T22:33:30Z ERROR libturnstile::access::fs] open_target_dfd_in_root: too many attempts to open "/" before getting correct inode
[2026-06-14T22:33:30Z ERROR turnstile_sandbox] error reopening target dfd in real root for _ "/home/mao/turnstile/target/debug/deps/.": No such file or directory (os error 2)
[2026-06-14T22:33:30Z DEBUG turnstile_sandbox] got request: AccessRequest { operation: FsOperation(FsOpen(OpenOperation { target: FsTarget { dfd: ForeignFd { local_fd: 4 }, path: "home/mao/.rustup/toolchains/stable-x86_64-unknown-linux-gnu/lib/rustlib/x86_64-unknown-linux-gnu/lib/glibc-hwcaps/x86-64-v4/libcap.so.2", no_follow: false }, need_read: true, need_write: false, create_mode: None })) }
[2026-06-14T22:33:30Z DEBUG libturnstile::access::fs] open_target_dfd_in_root: attempt 0 for "/" got different inode (expected id InodeId { dev_major: 0, dev_minor: 58, ino: 1 }, got id InodeId { dev_major: 0, dev_minor: 29, ino: 256 })
[2026-06-14T22:33:30Z DEBUG libturnstile::access::fs] open_target_dfd_in_root: attempt 1 for "/" got different inode (expected id InodeId { dev_major: 0, dev_minor: 58, ino: 1 }, got id InodeId { dev_major: 0, dev_minor: 29, ino: 256 })
[2026-06-14T22:33:30Z ERROR libturnstile::access::fs] open_target_dfd_in_root: too many attempts to open "/" before getting correct inode
[2026-06-14T22:33:30Z DEBUG libturnstile::access::fs] realpath() on FsTarget failed: No such file or directory (os error 2)
[2026-06-14T22:33:30Z ERROR turnstile_sandbox] error reopening target dfd in real root for r "/home/mao/.rustup/toolchains/stable-x86_64-unknown-linux-gnu/lib/rustlib/x86_64-unknown-linux-gnu/lib/glibc-hwcaps/x86-64-v4/libcap.so.2" (invalid): No such file or directory (os error 2)
[2026-06-14T22:33:30Z DEBUG libturnstile::access::fs] realpath() on FsTarget failed: No such file or directory (os error 2)
[2026-06-14T22:33:30Z WARN  libturnstile::sandbox::upgrade] openat upgrade: cannot resolve abspath for "/home/mao/.rustup/toolchains/stable-x86_64-unknown-linux-gnu/lib/rustlib/x86_64-unknown-linux-gnu/lib/glibc-hwcaps/x86-64-v4/libcap.so.2" (invalid): No such file or directory (os error 2) — continuing natively
[2026-06-14T22:33:30Z DEBUG turnstile_sandbox] got request: AccessRequest { operation: FsOperation(FsStat(StatOperation { target: FsTarget { dfd: ForeignFd { local_fd: 4 }, path: "home/mao/.rustup/toolchains/stable-x86_64-unknown-linux-gnu/lib/rustlib/x86_64-unknown-linux-gnu/lib/glibc-hwcaps/x86-64-v4/", no_follow: false }, lstat: false })) }
[2026-06-14T22:33:30Z DEBUG libturnstile::access::fs] open_target_dfd_in_root: attempt 0 for "/" got different inode (expected id InodeId { dev_major: 0, dev_minor: 58, ino: 1 }, got id InodeId { dev_major: 0, dev_minor: 29, ino: 256 })
[2026-06-14T22:33:30Z DEBUG libturnstile::access::fs] open_target_dfd_in_root: attempt 1 for "/" got different inode (expected id InodeId { dev_major: 0, dev_minor: 58, ino: 1 }, got id InodeId { dev_major: 0, dev_minor: 29, ino: 256 })
[2026-06-14T22:33:30Z ERROR libturnstile::access::fs] open_target_dfd_in_root: too many attempts to open "/" before getting correct inode
[2026-06-14T22:33:30Z DEBUG libturnstile::access::fs] realpath() on FsTarget failed: No such file or directory (os error 2)
[2026-06-14T22:33:30Z ERROR turnstile_sandbox] error reopening target dfd in real root for _ "/home/mao/.rustup/toolchains/stable-x86_64-unknown-linux-gnu/lib/rustlib/x86_64-unknown-linux-gnu/lib/glibc-hwcaps/x86-64-v4/" (invalid): No such file or directory (os error 2)
[2026-06-14T22:33:30Z DEBUG turnstile_sandbox] got request: AccessRequest { operation: FsOperation(FsOpen(OpenOperation { target: FsTarget { dfd: ForeignFd { local_fd: 4 }, path: "home/mao/.rustup/toolchains/stable-x86_64-unknown-linux-gnu/lib/rustlib/x86_64-unknown-linux-gnu/lib/glibc-hwcaps/x86-64-v3/libcap.so.2", no_follow: false }, need_read: true, need_write: false, create_mode: None })) }
[2026-06-14T22:33:30Z DEBUG libturnstile::access::fs] open_target_dfd_in_root: attempt 0 for "/" got different inode (expected id InodeId { dev_major: 0, dev_minor: 58, ino: 1 }, got id InodeId { dev_major: 0, dev_minor: 29, ino: 256 })
[2026-06-14T22:33:30Z DEBUG libturnstile::access::fs] open_target_dfd_in_root: attempt 1 for "/" got different inode (expected id InodeId { dev_major: 0, dev_minor: 58, ino: 1 }, got id InodeId { dev_major: 0, dev_minor: 29, ino: 256 })
[2026-06-14T22:33:30Z ERROR libturnstile::access::fs] open_target_dfd_in_root: too many attempts to open "/" before getting correct inode
[2026-06-14T22:33:30Z DEBUG libturnstile::access::fs] realpath() on FsTarget failed: No such file or directory (os error 2)
[2026-06-14T22:33:30Z ERROR turnstile_sandbox] error reopening target dfd in real root for r "/home/mao/.rustup/toolchains/stable-x86_64-unknown-linux-gnu/lib/rustlib/x86_64-unknown-linux-gnu/lib/glibc-hwcaps/x86-64-v3/libcap.so.2" (invalid): No such file or directory (os error 2)
[2026-06-14T22:33:30Z DEBUG libturnstile::access::fs] realpath() on FsTarget failed: No such file or directory (os error 2)
[2026-06-14T22:33:30Z WARN  libturnstile::sandbox::upgrade] openat upgrade: cannot resolve abspath for "/home/mao/.rustup/toolchains/stable-x86_64-unknown-linux-gnu/lib/rustlib/x86_64-unknown-linux-gnu/lib/glibc-hwcaps/x86-64-v3/libcap.so.2" (invalid): No such file or directory (os error 2) — continuing natively
[2026-06-14T22:33:30Z DEBUG turnstile_sandbox] got request: AccessRequest { operation: FsOperation(FsStat(StatOperation { target: FsTarget { dfd: ForeignFd { local_fd: 4 }, path: "home/mao/.rustup/toolchains/stable-x86_64-unknown-linux-gnu/lib/rustlib/x86_64-unknown-linux-gnu/lib/glibc-hwcaps/x86-64-v3/", no_follow: false }, lstat: false })) }
[2026-06-14T22:33:30Z DEBUG libturnstile::access::fs] open_target_dfd_in_root: attempt 0 for "/" got different inode (expected id InodeId { dev_major: 0, dev_minor: 58, ino: 1 }, got id InodeId { dev_major: 0, dev_minor: 29, ino: 256 })
[2026-06-14T22:33:30Z DEBUG libturnstile::access::fs] open_target_dfd_in_root: attempt 1 for "/" got different inode (expected id InodeId { dev_major: 0, dev_minor: 58, ino: 1 }, got id InodeId { dev_major: 0, dev_minor: 29, ino: 256 })
[2026-06-14T22:33:30Z ERROR libturnstile::access::fs] open_target_dfd_in_root: too many attempts to open "/" before getting correct inode
[2026-06-14T22:33:30Z DEBUG libturnstile::access::fs] realpath() on FsTarget failed: No such file or directory (os error 2)
[2026-06-14T22:33:30Z ERROR turnstile_sandbox] error reopening target dfd in real root for _ "/home/mao/.rustup/toolchains/stable-x86_64-unknown-linux-gnu/lib/rustlib/x86_64-unknown-linux-gnu/lib/glibc-hwcaps/x86-64-v3/" (invalid): No such file or directory (os error 2)
[2026-06-14T22:33:30Z DEBUG turnstile_sandbox] got request: AccessRequest { operation: FsOperation(FsOpen(OpenOperation { target: FsTarget { dfd: ForeignFd { local_fd: 4 }, path: "home/mao/.rustup/toolchains/stable-x86_64-unknown-linux-gnu/lib/rustlib/x86_64-unknown-linux-gnu/lib/glibc-hwcaps/x86-64-v2/libcap.so.2", no_follow: false }, need_read: true, need_write: false, create_mode: None })) }
[2026-06-14T22:33:30Z DEBUG libturnstile::access::fs] open_target_dfd_in_root: attempt 0 for "/" got different inode (expected id InodeId { dev_major: 0, dev_minor: 58, ino: 1 }, got id InodeId { dev_major: 0, dev_minor: 29, ino: 256 })
[2026-06-14T22:33:30Z DEBUG libturnstile::access::fs] open_target_dfd_in_root: attempt 1 for "/" got different inode (expected id InodeId { dev_major: 0, dev_minor: 58, ino: 1 }, got id InodeId { dev_major: 0, dev_minor: 29, ino: 256 })
[2026-06-14T22:33:30Z ERROR libturnstile::access::fs] open_target_dfd_in_root: too many attempts to open "/" before getting correct inode
[2026-06-14T22:33:30Z DEBUG libturnstile::access::fs] realpath() on FsTarget failed: No such file or directory (os error 2)
[2026-06-14T22:33:30Z ERROR turnstile_sandbox] error reopening target dfd in real root for r "/home/mao/.rustup/toolchains/stable-x86_64-unknown-linux-gnu/lib/rustlib/x86_64-unknown-linux-gnu/lib/glibc-hwcaps/x86-64-v2/libcap.so.2" (invalid): No such file or directory (os error 2)
[2026-06-14T22:33:30Z DEBUG libturnstile::access::fs] realpath() on FsTarget failed: No such file or directory (os error 2)
[2026-06-14T22:33:30Z WARN  libturnstile::sandbox::upgrade] openat upgrade: cannot resolve abspath for "/home/mao/.rustup/toolchains/stable-x86_64-unknown-linux-gnu/lib/rustlib/x86_64-unknown-linux-gnu/lib/glibc-hwcaps/x86-64-v2/libcap.so.2" (invalid): No such file or directory (os error 2) — continuing natively
[2026-06-14T22:33:30Z DEBUG turnstile_sandbox] got request: AccessRequest { operation: FsOperation(FsStat(StatOperation { target: FsTarget { dfd: ForeignFd { local_fd: 4 }, path: "home/mao/.rustup/toolchains/stable-x86_64-unknown-linux-gnu/lib/rustlib/x86_64-unknown-linux-gnu/lib/glibc-hwcaps/x86-64-v2/", no_follow: false }, lstat: false })) }
[2026-06-14T22:33:30Z DEBUG libturnstile::access::fs] open_target_dfd_in_root: attempt 0 for "/" got different inode (expected id InodeId { dev_major: 0, dev_minor: 58, ino: 1 }, got id InodeId { dev_major: 0, dev_minor: 29, ino: 256 })
[2026-06-14T22:33:30Z DEBUG libturnstile::access::fs] open_target_dfd_in_root: attempt 1 for "/" got different inode (expected id InodeId { dev_major: 0, dev_minor: 58, ino: 1 }, got id InodeId { dev_major: 0, dev_minor: 29, ino: 256 })
[2026-06-14T22:33:30Z ERROR libturnstile::access::fs] open_target_dfd_in_root: too many attempts to open "/" before getting correct inode
[2026-06-14T22:33:30Z DEBUG libturnstile::access::fs] realpath() on FsTarget failed: No such file or directory (os error 2)
[2026-06-14T22:33:30Z ERROR turnstile_sandbox] error reopening target dfd in real root for _ "/home/mao/.rustup/toolchains/stable-x86_64-unknown-linux-gnu/lib/rustlib/x86_64-unknown-linux-gnu/lib/glibc-hwcaps/x86-64-v2/" (invalid): No such file or directory (os error 2)
[2026-06-14T22:33:30Z DEBUG turnstile_sandbox] got request: AccessRequest { operation: FsOperation(FsOpen(OpenOperation { target: FsTarget { dfd: ForeignFd { local_fd: 4 }, path: "home/mao/.rustup/toolchains/stable-x86_64-unknown-linux-gnu/lib/rustlib/x86_64-unknown-linux-gnu/lib/libcap.so.2", no_follow: false }, need_read: true, need_write: false, create_mode: None })) }
[2026-06-14T22:33:30Z DEBUG libturnstile::access::fs] open_target_dfd_in_root: attempt 0 for "/" got different inode (expected id InodeId { dev_major: 0, dev_minor: 58, ino: 1 }, got id InodeId { dev_major: 0, dev_minor: 29, ino: 256 })
[2026-06-14T22:33:30Z DEBUG libturnstile::access::fs] open_target_dfd_in_root: attempt 1 for "/" got different inode (expected id InodeId { dev_major: 0, dev_minor: 58, ino: 1 }, got id InodeId { dev_major: 0, dev_minor: 29, ino: 256 })
[2026-06-14T22:33:30Z ERROR libturnstile::access::fs] open_target_dfd_in_root: too many attempts to open "/" before getting correct inode
[2026-06-14T22:33:30Z DEBUG libturnstile::access::fs] realpath() on FsTarget failed: No such file or directory (os error 2)
[2026-06-14T22:33:30Z ERROR turnstile_sandbox] error reopening target dfd in real root for r "/home/mao/.rustup/toolchains/stable-x86_64-unknown-linux-gnu/lib/rustlib/x86_64-unknown-linux-gnu/lib/libcap.so.2" (invalid): No such file or directory (os error 2)
[2026-06-14T22:33:30Z DEBUG libturnstile::access::fs] realpath() on FsTarget failed: No such file or directory (os error 2)
[2026-06-14T22:33:30Z WARN  libturnstile::sandbox::upgrade] openat upgrade: cannot resolve abspath for "/home/mao/.rustup/toolchains/stable-x86_64-unknown-linux-gnu/lib/rustlib/x86_64-unknown-linux-gnu/lib/libcap.so.2" (invalid): No such file or directory (os error 2) — continuing natively
[2026-06-14T22:33:30Z DEBUG turnstile_sandbox] got request: AccessRequest { operation: FsOperation(FsStat(StatOperation { target: FsTarget { dfd: ForeignFd { local_fd: 4 }, path: "home/mao/.rustup/toolchains/stable-x86_64-unknown-linux-gnu/lib/rustlib/x86_64-unknown-linux-gnu/lib/", no_follow: false }, lstat: false })) }
[2026-06-14T22:33:30Z DEBUG libturnstile::access::fs] open_target_dfd_in_root: attempt 0 for "/" got different inode (expected id InodeId { dev_major: 0, dev_minor: 58, ino: 1 }, got id InodeId { dev_major: 0, dev_minor: 29, ino: 256 })
[2026-06-14T22:33:30Z DEBUG libturnstile::access::fs] open_target_dfd_in_root: attempt 1 for "/" got different inode (expected id InodeId { dev_major: 0, dev_minor: 58, ino: 1 }, got id InodeId { dev_major: 0, dev_minor: 29, ino: 256 })
[2026-06-14T22:33:30Z ERROR libturnstile::access::fs] open_target_dfd_in_root: too many attempts to open "/" before getting correct inode
[2026-06-14T22:33:30Z DEBUG libturnstile::access::fs] realpath() on FsTarget failed: No such file or directory (os error 2)
[2026-06-14T22:33:30Z ERROR turnstile_sandbox] error reopening target dfd in real root for _ "/home/mao/.rustup/toolchains/stable-x86_64-unknown-linux-gnu/lib/rustlib/x86_64-unknown-linux-gnu/lib/" (invalid): No such file or directory (os error 2)
[2026-06-14T22:33:30Z DEBUG turnstile_sandbox] got request: AccessRequest { operation: FsOperation(FsOpen(OpenOperation { target: FsTarget { dfd: ForeignFd { local_fd: 4 }, path: "home/mao/.rustup/toolchains/stable-x86_64-unknown-linux-gnu/lib/glibc-hwcaps/x86-64-v4/libcap.so.2", no_follow: false }, need_read: true, need_write: false, create_mode: None })) }
[2026-06-14T22:33:30Z DEBUG libturnstile::access::fs] open_target_dfd_in_root: attempt 0 for "/" got different inode (expected id InodeId { dev_major: 0, dev_minor: 58, ino: 1 }, got id InodeId { dev_major: 0, dev_minor: 29, ino: 256 })
[2026-06-14T22:33:30Z DEBUG libturnstile::access::fs] open_target_dfd_in_root: attempt 1 for "/" got different inode (expected id InodeId { dev_major: 0, dev_minor: 58, ino: 1 }, got id InodeId { dev_major: 0, dev_minor: 29, ino: 256 })
[2026-06-14T22:33:30Z ERROR libturnstile::access::fs] open_target_dfd_in_root: too many attempts to open "/" before getting correct inode
[2026-06-14T22:33:30Z DEBUG libturnstile::access::fs] realpath() on FsTarget failed: No such file or directory (os error 2)
[2026-06-14T22:33:30Z ERROR turnstile_sandbox] error reopening target dfd in real root for r "/home/mao/.rustup/toolchains/stable-x86_64-unknown-linux-gnu/lib/glibc-hwcaps/x86-64-v4/libcap.so.2" (invalid): No such file or directory (os error 2)
[2026-06-14T22:33:30Z DEBUG libturnstile::access::fs] realpath() on FsTarget failed: No such file or directory (os error 2)
[2026-06-14T22:33:30Z WARN  libturnstile::sandbox::upgrade] openat upgrade: cannot resolve abspath for "/home/mao/.rustup/toolchains/stable-x86_64-unknown-linux-gnu/lib/glibc-hwcaps/x86-64-v4/libcap.so.2" (invalid): No such file or directory (os error 2) — continuing natively
[2026-06-14T22:33:30Z DEBUG turnstile_sandbox] got request: AccessRequest { operation: FsOperation(FsStat(StatOperation { target: FsTarget { dfd: ForeignFd { local_fd: 4 }, path: "home/mao/.rustup/toolchains/stable-x86_64-unknown-linux-gnu/lib/glibc-hwcaps/x86-64-v4/", no_follow: false }, lstat: false })) }
[2026-06-14T22:33:30Z DEBUG libturnstile::access::fs] open_target_dfd_in_root: attempt 0 for "/" got different inode (expected id InodeId { dev_major: 0, dev_minor: 58, ino: 1 }, got id InodeId { dev_major: 0, dev_minor: 29, ino: 256 })
[2026-06-14T22:33:30Z DEBUG libturnstile::access::fs] open_target_dfd_in_root: attempt 1 for "/" got different inode (expected id InodeId { dev_major: 0, dev_minor: 58, ino: 1 }, got id InodeId { dev_major: 0, dev_minor: 29, ino: 256 })
[2026-06-14T22:33:30Z ERROR libturnstile::access::fs] open_target_dfd_in_root: too many attempts to open "/" before getting correct inode
[2026-06-14T22:33:30Z DEBUG libturnstile::access::fs] realpath() on FsTarget failed: No such file or directory (os error 2)
[2026-06-14T22:33:30Z ERROR turnstile_sandbox] error reopening target dfd in real root for _ "/home/mao/.rustup/toolchains/stable-x86_64-unknown-linux-gnu/lib/glibc-hwcaps/x86-64-v4/" (invalid): No such file or directory (os error 2)
[2026-06-14T22:33:30Z DEBUG turnstile_sandbox] got request: AccessRequest { operation: FsOperation(FsOpen(OpenOperation { target: FsTarget { dfd: ForeignFd { local_fd: 4 }, path: "home/mao/.rustup/toolchains/stable-x86_64-unknown-linux-gnu/lib/glibc-hwcaps/x86-64-v3/libcap.so.2", no_follow: false }, need_read: true, need_write: false, create_mode: None })) }
[2026-06-14T22:33:30Z DEBUG libturnstile::access::fs] open_target_dfd_in_root: attempt 0 for "/" got different inode (expected id InodeId { dev_major: 0, dev_minor: 58, ino: 1 }, got id InodeId { dev_major: 0, dev_minor: 29, ino: 256 })
[2026-06-14T22:33:30Z DEBUG libturnstile::access::fs] open_target_dfd_in_root: attempt 1 for "/" got different inode (expected id InodeId { dev_major: 0, dev_minor: 58, ino: 1 }, got id InodeId { dev_major: 0, dev_minor: 29, ino: 256 })
[2026-06-14T22:33:30Z ERROR libturnstile::access::fs] open_target_dfd_in_root: too many attempts to open "/" before getting correct inode
[2026-06-14T22:33:30Z DEBUG libturnstile::access::fs] realpath() on FsTarget failed: No such file or directory (os error 2)
[2026-06-14T22:33:30Z ERROR turnstile_sandbox] error reopening target dfd in real root for r "/home/mao/.rustup/toolchains/stable-x86_64-unknown-linux-gnu/lib/glibc-hwcaps/x86-64-v3/libcap.so.2" (invalid): No such file or directory (os error 2)
[2026-06-14T22:33:30Z DEBUG libturnstile::access::fs] realpath() on FsTarget failed: No such file or directory (os error 2)
[2026-06-14T22:33:30Z WARN  libturnstile::sandbox::upgrade] openat upgrade: cannot resolve abspath for "/home/mao/.rustup/toolchains/stable-x86_64-unknown-linux-gnu/lib/glibc-hwcaps/x86-64-v3/libcap.so.2" (invalid): No such file or directory (os error 2) — continuing natively
[2026-06-14T22:33:30Z DEBUG turnstile_sandbox] got request: AccessRequest { operation: FsOperation(FsStat(StatOperation { target: FsTarget { dfd: ForeignFd { local_fd: 4 }, path: "home/mao/.rustup/toolchains/stable-x86_64-unknown-linux-gnu/lib/glibc-hwcaps/x86-64-v3/", no_follow: false }, lstat: false })) }
[2026-06-14T22:33:30Z DEBUG libturnstile::access::fs] open_target_dfd_in_root: attempt 0 for "/" got different inode (expected id InodeId { dev_major: 0, dev_minor: 58, ino: 1 }, got id InodeId { dev_major: 0, dev_minor: 29, ino: 256 })
[2026-06-14T22:33:30Z DEBUG libturnstile::access::fs] open_target_dfd_in_root: attempt 1 for "/" got different inode (expected id InodeId { dev_major: 0, dev_minor: 58, ino: 1 }, got id InodeId { dev_major: 0, dev_minor: 29, ino: 256 })
[2026-06-14T22:33:30Z ERROR libturnstile::access::fs] open_target_dfd_in_root: too many attempts to open "/" before getting correct inode
[2026-06-14T22:33:30Z DEBUG libturnstile::access::fs] realpath() on FsTarget failed: No such file or directory (os error 2)
[2026-06-14T22:33:30Z ERROR turnstile_sandbox] error reopening target dfd in real root for _ "/home/mao/.rustup/toolchains/stable-x86_64-unknown-linux-gnu/lib/glibc-hwcaps/x86-64-v3/" (invalid): No such file or directory (os error 2)
[2026-06-14T22:33:30Z DEBUG turnstile_sandbox] got request: AccessRequest { operation: FsOperation(FsOpen(OpenOperation { target: FsTarget { dfd: ForeignFd { local_fd: 4 }, path: "home/mao/.rustup/toolchains/stable-x86_64-unknown-linux-gnu/lib/glibc-hwcaps/x86-64-v2/libcap.so.2", no_follow: false }, need_read: true, need_write: false, create_mode: None })) }
[2026-06-14T22:33:30Z DEBUG libturnstile::access::fs] open_target_dfd_in_root: attempt 0 for "/" got different inode (expected id InodeId { dev_major: 0, dev_minor: 58, ino: 1 }, got id InodeId { dev_major: 0, dev_minor: 29, ino: 256 })
[2026-06-14T22:33:30Z DEBUG libturnstile::access::fs] open_target_dfd_in_root: attempt 1 for "/" got different inode (expected id InodeId { dev_major: 0, dev_minor: 58, ino: 1 }, got id InodeId { dev_major: 0, dev_minor: 29, ino: 256 })
[2026-06-14T22:33:30Z ERROR libturnstile::access::fs] open_target_dfd_in_root: too many attempts to open "/" before getting correct inode
[2026-06-14T22:33:30Z DEBUG libturnstile::access::fs] realpath() on FsTarget failed: No such file or directory (os error 2)
[2026-06-14T22:33:30Z ERROR turnstile_sandbox] error reopening target dfd in real root for r "/home/mao/.rustup/toolchains/stable-x86_64-unknown-linux-gnu/lib/glibc-hwcaps/x86-64-v2/libcap.so.2" (invalid): No such file or directory (os error 2)
[2026-06-14T22:33:30Z DEBUG libturnstile::access::fs] realpath() on FsTarget failed: No such file or directory (os error 2)
[2026-06-14T22:33:30Z WARN  libturnstile::sandbox::upgrade] openat upgrade: cannot resolve abspath for "/home/mao/.rustup/toolchains/stable-x86_64-unknown-linux-gnu/lib/glibc-hwcaps/x86-64-v2/libcap.so.2" (invalid): No such file or directory (os error 2) — continuing natively
[2026-06-14T22:33:30Z DEBUG turnstile_sandbox] got request: AccessRequest { operation: FsOperation(FsStat(StatOperation { target: FsTarget { dfd: ForeignFd { local_fd: 4 }, path: "home/mao/.rustup/toolchains/stable-x86_64-unknown-linux-gnu/lib/glibc-hwcaps/x86-64-v2/", no_follow: false }, lstat: false })) }
[2026-06-14T22:33:30Z DEBUG libturnstile::access::fs] open_target_dfd_in_root: attempt 0 for "/" got different inode (expected id InodeId { dev_major: 0, dev_minor: 58, ino: 1 }, got id InodeId { dev_major: 0, dev_minor: 29, ino: 256 })
[2026-06-14T22:33:30Z DEBUG libturnstile::access::fs] open_target_dfd_in_root: attempt 1 for "/" got different inode (expected id InodeId { dev_major: 0, dev_minor: 58, ino: 1 }, got id InodeId { dev_major: 0, dev_minor: 29, ino: 256 })
[2026-06-14T22:33:30Z ERROR libturnstile::access::fs] open_target_dfd_in_root: too many attempts to open "/" before getting correct inode
[2026-06-14T22:33:30Z DEBUG libturnstile::access::fs] realpath() on FsTarget failed: No such file or directory (os error 2)
[2026-06-14T22:33:30Z ERROR turnstile_sandbox] error reopening target dfd in real root for _ "/home/mao/.rustup/toolchains/stable-x86_64-unknown-linux-gnu/lib/glibc-hwcaps/x86-64-v2/" (invalid): No such file or directory (os error 2)
[2026-06-14T22:33:30Z DEBUG turnstile_sandbox] got request: AccessRequest { operation: FsOperation(FsOpen(OpenOperation { target: FsTarget { dfd: ForeignFd { local_fd: 4 }, path: "home/mao/.rustup/toolchains/stable-x86_64-unknown-linux-gnu/lib/libcap.so.2", no_follow: false }, need_read: true, need_write: false, create_mode: None })) }
[2026-06-14T22:33:30Z DEBUG libturnstile::access::fs] open_target_dfd_in_root: attempt 0 for "/" got different inode (expected id InodeId { dev_major: 0, dev_minor: 58, ino: 1 }, got id InodeId { dev_major: 0, dev_minor: 29, ino: 256 })
[2026-06-14T22:33:30Z DEBUG libturnstile::access::fs] open_target_dfd_in_root: attempt 1 for "/" got different inode (expected id InodeId { dev_major: 0, dev_minor: 58, ino: 1 }, got id InodeId { dev_major: 0, dev_minor: 29, ino: 256 })
[2026-06-14T22:33:30Z ERROR libturnstile::access::fs] open_target_dfd_in_root: too many attempts to open "/" before getting correct inode
[2026-06-14T22:33:30Z DEBUG libturnstile::access::fs] realpath() on FsTarget failed: No such file or directory (os error 2)
[2026-06-14T22:33:30Z ERROR turnstile_sandbox] error reopening target dfd in real root for r "/home/mao/.rustup/toolchains/stable-x86_64-unknown-linux-gnu/lib/libcap.so.2" (invalid): No such file or directory (os error 2)
[2026-06-14T22:33:30Z DEBUG libturnstile::access::fs] realpath() on FsTarget failed: No such file or directory (os error 2)
[2026-06-14T22:33:30Z WARN  libturnstile::sandbox::upgrade] openat upgrade: cannot resolve abspath for "/home/mao/.rustup/toolchains/stable-x86_64-unknown-linux-gnu/lib/libcap.so.2" (invalid): No such file or directory (os error 2) — continuing natively
[2026-06-14T22:33:30Z DEBUG turnstile_sandbox] got request: AccessRequest { operation: FsOperation(FsStat(StatOperation { target: FsTarget { dfd: ForeignFd { local_fd: 4 }, path: "home/mao/.rustup/toolchains/stable-x86_64-unknown-linux-gnu/lib/", no_follow: false }, lstat: false })) }
[2026-06-14T22:33:30Z DEBUG libturnstile::access::fs] open_target_dfd_in_root: attempt 0 for "/" got different inode (expected id InodeId { dev_major: 0, dev_minor: 58, ino: 1 }, got id InodeId { dev_major: 0, dev_minor: 29, ino: 256 })
[2026-06-14T22:33:30Z DEBUG libturnstile::access::fs] open_target_dfd_in_root: attempt 1 for "/" got different inode (expected id InodeId { dev_major: 0, dev_minor: 58, ino: 1 }, got id InodeId { dev_major: 0, dev_minor: 29, ino: 256 })
[2026-06-14T22:33:30Z ERROR libturnstile::access::fs] open_target_dfd_in_root: too many attempts to open "/" before getting correct inode
[2026-06-14T22:33:30Z DEBUG libturnstile::access::fs] realpath() on FsTarget failed: No such file or directory (os error 2)
[2026-06-14T22:33:30Z ERROR turnstile_sandbox] error reopening target dfd in real root for _ "/home/mao/.rustup/toolchains/stable-x86_64-unknown-linux-gnu/lib/" (invalid): No such file or directory (os error 2)
[2026-06-14T22:33:30Z DEBUG turnstile_sandbox] got request: AccessRequest { operation: FsOperation(FsOpen(OpenOperation { target: FsTarget { dfd: ForeignFd { local_fd: 4 }, path: "etc/ld.so.cache", no_follow: false }, need_read: true, need_write: false, create_mode: None })) }
[2026-06-14T22:33:30Z DEBUG libturnstile::access::fs] open_target_dfd_in_root: attempt 0 for "/" got different inode (expected id InodeId { dev_major: 0, dev_minor: 58, ino: 1 }, got id InodeId { dev_major: 0, dev_minor: 29, ino: 256 })
[2026-06-14T22:33:30Z DEBUG libturnstile::access::fs] open_target_dfd_in_root: attempt 1 for "/" got different inode (expected id InodeId { dev_major: 0, dev_minor: 58, ino: 1 }, got id InodeId { dev_major: 0, dev_minor: 29, ino: 256 })
[2026-06-14T22:33:30Z ERROR libturnstile::access::fs] open_target_dfd_in_root: too many attempts to open "/" before getting correct inode
[2026-06-14T22:33:30Z DEBUG libturnstile::access::fs] realpath() on FsTarget failed: No such file or directory (os error 2)
[2026-06-14T22:33:30Z ERROR turnstile_sandbox] error reopening target dfd in real root for r "/etc/ld.so.cache" (invalid): No such file or directory (os error 2)
[2026-06-14T22:33:30Z DEBUG libturnstile::access::fs] realpath() on FsTarget failed: No such file or directory (os error 2)
[2026-06-14T22:33:30Z WARN  libturnstile::sandbox::upgrade] openat upgrade: cannot resolve abspath for "/etc/ld.so.cache" (invalid): No such file or directory (os error 2) — continuing natively
[2026-06-14T22:33:30Z DEBUG turnstile_sandbox] got request: AccessRequest { operation: FsOperation(FsOpen(OpenOperation { target: FsTarget { dfd: ForeignFd { local_fd: 4 }, path: "usr/lib/glibc-hwcaps/x86-64-v4/libcap.so.2", no_follow: false }, need_read: true, need_write: false, create_mode: None })) }
[2026-06-14T22:33:30Z DEBUG libturnstile::access::fs] open_target_dfd_in_root: attempt 0 for "/" got different inode (expected id InodeId { dev_major: 0, dev_minor: 58, ino: 1 }, got id InodeId { dev_major: 0, dev_minor: 29, ino: 256 })
[2026-06-14T22:33:30Z DEBUG libturnstile::access::fs] open_target_dfd_in_root: attempt 1 for "/" got different inode (expected id InodeId { dev_major: 0, dev_minor: 58, ino: 1 }, got id InodeId { dev_major: 0, dev_minor: 29, ino: 256 })
[2026-06-14T22:33:30Z ERROR libturnstile::access::fs] open_target_dfd_in_root: too many attempts to open "/" before getting correct inode
[2026-06-14T22:33:30Z DEBUG libturnstile::access::fs] realpath() on FsTarget failed: No such file or directory (os error 2)
[2026-06-14T22:33:30Z ERROR turnstile_sandbox] error reopening target dfd in real root for r "/usr/lib/glibc-hwcaps/x86-64-v4/libcap.so.2" (invalid): No such file or directory (os error 2)
[2026-06-14T22:33:30Z DEBUG libturnstile::access::fs] realpath() on FsTarget failed: No such file or directory (os error 2)
[2026-06-14T22:33:30Z WARN  libturnstile::sandbox::upgrade] openat upgrade: cannot resolve abspath for "/usr/lib/glibc-hwcaps/x86-64-v4/libcap.so.2" (invalid): No such file or directory (os error 2) — continuing natively
[2026-06-14T22:33:30Z DEBUG turnstile_sandbox] got request: AccessRequest { operation: FsOperation(FsStat(StatOperation { target: FsTarget { dfd: ForeignFd { local_fd: 4 }, path: "usr/lib/glibc-hwcaps/x86-64-v4/", no_follow: false }, lstat: false })) }
[2026-06-14T22:33:30Z DEBUG libturnstile::access::fs] open_target_dfd_in_root: attempt 0 for "/" got different inode (expected id InodeId { dev_major: 0, dev_minor: 58, ino: 1 }, got id InodeId { dev_major: 0, dev_minor: 29, ino: 256 })
[2026-06-14T22:33:30Z DEBUG libturnstile::access::fs] open_target_dfd_in_root: attempt 1 for "/" got different inode (expected id InodeId { dev_major: 0, dev_minor: 58, ino: 1 }, got id InodeId { dev_major: 0, dev_minor: 29, ino: 256 })
[2026-06-14T22:33:30Z ERROR libturnstile::access::fs] open_target_dfd_in_root: too many attempts to open "/" before getting correct inode
[2026-06-14T22:33:30Z DEBUG libturnstile::access::fs] realpath() on FsTarget failed: No such file or directory (os error 2)
[2026-06-14T22:33:30Z ERROR turnstile_sandbox] error reopening target dfd in real root for _ "/usr/lib/glibc-hwcaps/x86-64-v4/" (invalid): No such file or directory (os error 2)
[2026-06-14T22:33:30Z DEBUG turnstile_sandbox] got request: AccessRequest { operation: FsOperation(FsOpen(OpenOperation { target: FsTarget { dfd: ForeignFd { local_fd: 4 }, path: "usr/lib/glibc-hwcaps/x86-64-v3/libcap.so.2", no_follow: false }, need_read: true, need_write: false, create_mode: None })) }
[2026-06-14T22:33:30Z DEBUG libturnstile::access::fs] open_target_dfd_in_root: attempt 0 for "/" got different inode (expected id InodeId { dev_major: 0, dev_minor: 58, ino: 1 }, got id InodeId { dev_major: 0, dev_minor: 29, ino: 256 })
[2026-06-14T22:33:30Z DEBUG libturnstile::access::fs] open_target_dfd_in_root: attempt 1 for "/" got different inode (expected id InodeId { dev_major: 0, dev_minor: 58, ino: 1 }, got id InodeId { dev_major: 0, dev_minor: 29, ino: 256 })
[2026-06-14T22:33:30Z ERROR libturnstile::access::fs] open_target_dfd_in_root: too many attempts to open "/" before getting correct inode
[2026-06-14T22:33:30Z DEBUG libturnstile::access::fs] realpath() on FsTarget failed: No such file or directory (os error 2)
[2026-06-14T22:33:30Z ERROR turnstile_sandbox] error reopening target dfd in real root for r "/usr/lib/glibc-hwcaps/x86-64-v3/libcap.so.2" (invalid): No such file or directory (os error 2)
[2026-06-14T22:33:30Z DEBUG libturnstile::access::fs] realpath() on FsTarget failed: No such file or directory (os error 2)
[2026-06-14T22:33:30Z WARN  libturnstile::sandbox::upgrade] openat upgrade: cannot resolve abspath for "/usr/lib/glibc-hwcaps/x86-64-v3/libcap.so.2" (invalid): No such file or directory (os error 2) — continuing natively
[2026-06-14T22:33:30Z DEBUG turnstile_sandbox] got request: AccessRequest { operation: FsOperation(FsStat(StatOperation { target: FsTarget { dfd: ForeignFd { local_fd: 4 }, path: "usr/lib/glibc-hwcaps/x86-64-v3/", no_follow: false }, lstat: false })) }
[2026-06-14T22:33:30Z DEBUG libturnstile::access::fs] open_target_dfd_in_root: attempt 0 for "/" got different inode (expected id InodeId { dev_major: 0, dev_minor: 58, ino: 1 }, got id InodeId { dev_major: 0, dev_minor: 29, ino: 256 })
[2026-06-14T22:33:30Z DEBUG libturnstile::access::fs] open_target_dfd_in_root: attempt 1 for "/" got different inode (expected id InodeId { dev_major: 0, dev_minor: 58, ino: 1 }, got id InodeId { dev_major: 0, dev_minor: 29, ino: 256 })
[2026-06-14T22:33:30Z ERROR libturnstile::access::fs] open_target_dfd_in_root: too many attempts to open "/" before getting correct inode
[2026-06-14T22:33:30Z DEBUG libturnstile::access::fs] realpath() on FsTarget failed: No such file or directory (os error 2)
[2026-06-14T22:33:30Z ERROR turnstile_sandbox] error reopening target dfd in real root for _ "/usr/lib/glibc-hwcaps/x86-64-v3/" (invalid): No such file or directory (os error 2)
[2026-06-14T22:33:30Z DEBUG turnstile_sandbox] got request: AccessRequest { operation: FsOperation(FsOpen(OpenOperation { target: FsTarget { dfd: ForeignFd { local_fd: 4 }, path: "usr/lib/glibc-hwcaps/x86-64-v2/libcap.so.2", no_follow: false }, need_read: true, need_write: false, create_mode: None })) }
[2026-06-14T22:33:30Z DEBUG libturnstile::access::fs] open_target_dfd_in_root: attempt 0 for "/" got different inode (expected id InodeId { dev_major: 0, dev_minor: 58, ino: 1 }, got id InodeId { dev_major: 0, dev_minor: 29, ino: 256 })
[2026-06-14T22:33:30Z DEBUG libturnstile::access::fs] open_target_dfd_in_root: attempt 1 for "/" got different inode (expected id InodeId { dev_major: 0, dev_minor: 58, ino: 1 }, got id InodeId { dev_major: 0, dev_minor: 29, ino: 256 })
[2026-06-14T22:33:30Z ERROR libturnstile::access::fs] open_target_dfd_in_root: too many attempts to open "/" before getting correct inode
[2026-06-14T22:33:30Z DEBUG libturnstile::access::fs] realpath() on FsTarget failed: No such file or directory (os error 2)
[2026-06-14T22:33:30Z ERROR turnstile_sandbox] error reopening target dfd in real root for r "/usr/lib/glibc-hwcaps/x86-64-v2/libcap.so.2" (invalid): No such file or directory (os error 2)
[2026-06-14T22:33:30Z DEBUG libturnstile::access::fs] realpath() on FsTarget failed: No such file or directory (os error 2)
[2026-06-14T22:33:30Z WARN  libturnstile::sandbox::upgrade] openat upgrade: cannot resolve abspath for "/usr/lib/glibc-hwcaps/x86-64-v2/libcap.so.2" (invalid): No such file or directory (os error 2) — continuing natively
[2026-06-14T22:33:30Z DEBUG turnstile_sandbox] got request: AccessRequest { operation: FsOperation(FsStat(StatOperation { target: FsTarget { dfd: ForeignFd { local_fd: 4 }, path: "usr/lib/glibc-hwcaps/x86-64-v2/", no_follow: false }, lstat: false })) }
[2026-06-14T22:33:30Z DEBUG libturnstile::access::fs] open_target_dfd_in_root: attempt 0 for "/" got different inode (expected id InodeId { dev_major: 0, dev_minor: 58, ino: 1 }, got id InodeId { dev_major: 0, dev_minor: 29, ino: 256 })
[2026-06-14T22:33:30Z DEBUG libturnstile::access::fs] open_target_dfd_in_root: attempt 1 for "/" got different inode (expected id InodeId { dev_major: 0, dev_minor: 58, ino: 1 }, got id InodeId { dev_major: 0, dev_minor: 29, ino: 256 })
[2026-06-14T22:33:30Z ERROR libturnstile::access::fs] open_target_dfd_in_root: too many attempts to open "/" before getting correct inode
[2026-06-14T22:33:30Z DEBUG libturnstile::access::fs] realpath() on FsTarget failed: No such file or directory (os error 2)
[2026-06-14T22:33:30Z ERROR turnstile_sandbox] error reopening target dfd in real root for _ "/usr/lib/glibc-hwcaps/x86-64-v2/" (invalid): No such file or directory (os error 2)
[2026-06-14T22:33:30Z DEBUG turnstile_sandbox] got request: AccessRequest { operation: FsOperation(FsOpen(OpenOperation { target: FsTarget { dfd: ForeignFd { local_fd: 4 }, path: "usr/lib/libcap.so.2", no_follow: false }, need_read: true, need_write: false, create_mode: None })) }
[2026-06-14T22:33:30Z DEBUG libturnstile::access::fs] open_target_dfd_in_root: attempt 0 for "/" got different inode (expected id InodeId { dev_major: 0, dev_minor: 58, ino: 1 }, got id InodeId { dev_major: 0, dev_minor: 29, ino: 256 })
[2026-06-14T22:33:30Z DEBUG libturnstile::access::fs] open_target_dfd_in_root: attempt 1 for "/" got different inode (expected id InodeId { dev_major: 0, dev_minor: 58, ino: 1 }, got id InodeId { dev_major: 0, dev_minor: 29, ino: 256 })
[2026-06-14T22:33:30Z ERROR libturnstile::access::fs] open_target_dfd_in_root: too many attempts to open "/" before getting correct inode
[2026-06-14T22:33:30Z ERROR turnstile_sandbox] error reopening target dfd in real root for r "/usr/lib/libcap.so.2": No such file or directory (os error 2)
[2026-06-14T22:33:30Z DEBUG libturnstile::sandbox::namespace] Joined namespace ns_fds[0] = 5
[2026-06-14T22:33:30Z DEBUG libturnstile::sandbox::namespace] Joined namespace ns_fds[1] = 8
[2026-06-14T22:33:30Z DEBUG libturnstile::sandbox::namespace] Joined namespace ns_fds[2] = 7
[2026-06-14T22:33:30Z DEBUG libturnstile::utils] Forked child exited with code 0
[2026-06-14T22:33:30Z DEBUG libturnstile::sandbox::upgrade] openat upgrade: installed fresh fd 3 for "/usr/lib/libcap.so.2"
[2026-06-14T22:33:30Z DEBUG turnstile_sandbox] got request: AccessRequest { operation: FsOperation(FsStat(StatOperation { target: FsTarget { dfd: ForeignFd { local_fd: 4 }, path: "", no_follow: false }, lstat: false })) }
[2026-06-14T22:33:30Z DEBUG libturnstile::sandbox::namespace] Joined namespace ns_fds[0] = 5
[2026-06-14T22:33:30Z DEBUG libturnstile::sandbox::namespace] Joined namespace ns_fds[1] = 8
[2026-06-14T22:33:30Z DEBUG libturnstile::utils] Forked child exited with code 0
[2026-06-14T22:33:30Z DEBUG libturnstile::sandbox] Current placeholder tree: FsTree { root: FsTreeNode { data: Some(PlaceholderDir(PlaceholderDirData { common: CommonPlaceholderData { atime: timespec { tv_sec: 0, tv_nsec: 1073741822 }, mtime: timespec { tv_sec: 0, tv_nsec: 1073741822 } }, mode: 493 })), children: {"bin": FsTreeNode { data: Some(PlaceholderFile(PlaceholderFileData { common: CommonPlaceholderData { atime: timespec { tv_sec: 0, tv_nsec: 1073741822 }, mtime: timespec { tv_sec: 0, tv_nsec: 1073741822 } }, mode: 420, len: 0 })), children: {} }, "lib64": FsTreeNode { data: Some(PlaceholderFile(PlaceholderFileData { common: CommonPlaceholderData { atime: timespec { tv_sec: 0, tv_nsec: 1073741822 }, mtime: timespec { tv_sec: 0, tv_nsec: 1073741822 } }, mode: 420, len: 0 })), children: {} }, "home": FsTreeNode { data: Some(PlaceholderDir(PlaceholderDirData { common: CommonPlaceholderData { atime: timespec { tv_sec: 0, tv_nsec: 1073741822 }, mtime: timespec { tv_sec: 0, tv_nsec: 1073741822 } }, mode: 493 })), children: {"mao": FsTreeNode { data: Some(PlaceholderDir(PlaceholderDirData { common: CommonPlaceholderData { atime: timespec { tv_sec: 0, tv_nsec: 1073741822 }, mtime: timespec { tv_sec: 0, tv_nsec: 1073741822 } }, mode: 493 })), children: {"turnstile": FsTreeNode { data: Some(PlaceholderDir(PlaceholderDirData { common: CommonPlaceholderData { atime: timespec { tv_sec: 0, tv_nsec: 1073741822 }, mtime: timespec { tv_sec: 0, tv_nsec: 1073741822 } }, mode: 493 })), children: {} }} }} }, "lib": FsTreeNode { data: Some(PlaceholderFile(PlaceholderFileData { common: CommonPlaceholderData { atime: timespec { tv_sec: 0, tv_nsec: 1073741822 }, mtime: timespec { tv_sec: 0, tv_nsec: 1073741822 } }, mode: 420, len: 0 })), children: {} }, "usr": FsTreeNode { data: Some(PlaceholderDir(PlaceholderDirData { common: CommonPlaceholderData { atime: timespec { tv_sec: 0, tv_nsec: 1073741822 }, mtime: timespec { tv_sec: 0, tv_nsec: 1073741822 } }, mode: 493 })), children: {} }, "proc": FsTreeNode { data: Some(PlaceholderDir(PlaceholderDirData { common: CommonPlaceholderData { atime: timespec { tv_sec: 0, tv_nsec: 1073741822 }, mtime: timespec { tv_sec: 0, tv_nsec: 1073741822 } }, mode: 493 })), children: {} }} }, nb_entries: 9 }
[2026-06-14T22:33:30Z DEBUG libturnstile::sandbox] Desired placeholder tree: FsTree { root: FsTreeNode { data: Some(PlaceholderDir(PlaceholderDirData { common: CommonPlaceholderData { atime: timespec { tv_sec: 0, tv_nsec: 1073741822 }, mtime: timespec { tv_sec: 0, tv_nsec: 1073741822 } }, mode: 493 })), children: {"lib64": FsTreeNode { data: Some(PlaceholderFile(PlaceholderFileData { common: CommonPlaceholderData { atime: timespec { tv_sec: 0, tv_nsec: 1073741822 }, mtime: timespec { tv_sec: 0, tv_nsec: 1073741822 } }, mode: 420, len: 0 })), children: {} }, "home": FsTreeNode { data: Some(PlaceholderDir(PlaceholderDirData { common: CommonPlaceholderData { atime: timespec { tv_sec: 0, tv_nsec: 1073741822 }, mtime: timespec { tv_sec: 0, tv_nsec: 1073741822 } }, mode: 493 })), children: {"mao": FsTreeNode { data: Some(PlaceholderDir(PlaceholderDirData { common: CommonPlaceholderData { atime: timespec { tv_sec: 0, tv_nsec: 1073741822 }, mtime: timespec { tv_sec: 0, tv_nsec: 1073741822 } }, mode: 493 })), children: {"turnstile": FsTreeNode { data: Some(PlaceholderDir(PlaceholderDirData { common: CommonPlaceholderData { atime: timespec { tv_sec: 0, tv_nsec: 1073741822 }, mtime: timespec { tv_sec: 0, tv_nsec: 1073741822 } }, mode: 493 })), children: {} }} }} }, "proc": FsTreeNode { data: Some(PlaceholderDir(PlaceholderDirData { common: CommonPlaceholderData { atime: timespec { tv_sec: 0, tv_nsec: 1073741822 }, mtime: timespec { tv_sec: 0, tv_nsec: 1073741822 } }, mode: 493 })), children: {} }, "usr": FsTreeNode { data: Some(PlaceholderDir(PlaceholderDirData { common: CommonPlaceholderData { atime: timespec { tv_sec: 0, tv_nsec: 1073741822 }, mtime: timespec { tv_sec: 0, tv_nsec: 1073741822 } }, mode: 493 })), children: {"lib": FsTreeNode { data: Some(PlaceholderDir(PlaceholderDirData { common: CommonPlaceholderData { atime: timespec { tv_sec: 0, tv_nsec: 1073741822 }, mtime: timespec { tv_sec: 0, tv_nsec: 1073741822 } }, mode: 493 })), children: {"libcap.so.2.78": FsTreeNode { data: Some(PlaceholderFile(PlaceholderFileData { common: CommonPlaceholderData { atime: timespec { tv_sec: 1781470290, tv_nsec: 304819506 }, mtime: timespec { tv_sec: 1775495227, tv_nsec: 0 } }, mode: 33261, len: 43064 })), children: {} }} }} }, "lib": FsTreeNode { data: Some(PlaceholderFile(PlaceholderFileData { common: CommonPlaceholderData { atime: timespec { tv_sec: 0, tv_nsec: 1073741822 }, mtime: timespec { tv_sec: 0, tv_nsec: 1073741822 } }, mode: 420, len: 0 })), children: {} }, "bin": FsTreeNode { data: Some(PlaceholderFile(PlaceholderFileData { common: CommonPlaceholderData { atime: timespec { tv_sec: 0, tv_nsec: 1073741822 }, mtime: timespec { tv_sec: 0, tv_nsec: 1073741822 } }, mode: 420, len: 0 })), children: {} }} }, nb_entries: 11 }
[2026-06-14T22:33:30Z DEBUG libturnstile::sandbox] Current mount tree: FsTree { root: FsTreeNode { data: None, children: {"proc": FsTreeNode { data: Some(MountInternal { user: ManagedMountPoint { host_path: "/", attrs: MountAttributes { readonly: true, noexec: true } }, mnt_id: 611, expired: false }), children: {} }, "home": FsTreeNode { data: None, children: {"mao": FsTreeNode { data: None, children: {"turnstile": FsTreeNode { data: Some(MountInternal { user: ManagedMountPoint { host_path: "/home/mao/turnstile", attrs: MountAttributes { readonly: true, noexec: true } }, mnt_id: 648, expired: false }), children: {} }} }} }, "lib64": FsTreeNode { data: Some(MountInternal { user: ManagedMountPoint { host_path: "/lib64", attrs: MountAttributes { readonly: true, noexec: false } }, mnt_id: 615, expired: false }), children: {} }, "lib": FsTreeNode { data: Some(MountInternal { user: ManagedMountPoint { host_path: "/lib", attrs: MountAttributes { readonly: true, noexec: false } }, mnt_id: 610, expired: false }), children: {} }, "bin": FsTreeNode { data: Some(MountInternal { user: ManagedMountPoint { host_path: "/bin", attrs: MountAttributes { readonly: true, noexec: false } }, mnt_id: 616, expired: false }), children: {} }, "usr": FsTreeNode { data: Some(MountInternal { user: ManagedMountPoint { host_path: "/usr", attrs: MountAttributes { readonly: true, noexec: false } }, mnt_id: 614, expired: false }), children: {} }} }, nb_entries: 6 }
[2026-06-14T22:33:30Z DEBUG libturnstile::sandbox] Desired mount tree: FsTree { root: FsTreeNode { data: None, children: {"usr": FsTreeNode { data: Some(ManagedMountPoint { host_path: "/usr", attrs: MountAttributes { readonly: true, noexec: false } }), children: {} }, "lib": FsTreeNode { data: Some(ManagedMountPoint { host_path: "/lib", attrs: MountAttributes { readonly: true, noexec: false } }), children: {} }, "bin": FsTreeNode { data: Some(ManagedMountPoint { host_path: "/bin", attrs: MountAttributes { readonly: true, noexec: false } }), children: {} }, "home": FsTreeNode { data: None, children: {"mao": FsTreeNode { data: None, children: {"turnstile": FsTreeNode { data: Some(ManagedMountPoint { host_path: "/home/mao/turnstile", attrs: MountAttributes { readonly: true, noexec: true } }), children: {} }} }} }, "proc": FsTreeNode { data: Some(ManagedMountPoint { host_path: "/proc", attrs: MountAttributes { readonly: true, noexec: true } }), children: {} }, "lib64": FsTreeNode { data: Some(ManagedMountPoint { host_path: "/lib64", attrs: MountAttributes { readonly: true, noexec: false } }), children: {} }} }, nb_entries: 6 }
[2026-06-14T22:33:30Z DEBUG libturnstile::sandbox::namespace] Joined namespace ns_fds[0] = 5
[2026-06-14T22:33:30Z DEBUG libturnstile::sandbox::namespace] Joined namespace ns_fds[1] = 6
[2026-06-14T22:33:30Z DEBUG libturnstile::sandbox::namespace] Joined namespace ns_fds[2] = 8
[2026-06-14T22:33:30Z DEBUG libturnstile::utils] Forked child exited with code 0
[2026-06-14T22:33:30Z INFO  libturnstile::sandbox] Unmounted "/proc"
[2026-06-14T22:33:30Z DEBUG libturnstile::sandbox::namespace] Joined namespace ns_fds[0] = 5
[2026-06-14T22:33:30Z DEBUG libturnstile::sandbox::namespace] Joined namespace ns_fds[1] = 6
[2026-06-14T22:33:30Z DEBUG libturnstile::sandbox::namespace] Joined namespace ns_fds[0] = 8
[2026-06-14T22:33:30Z DEBUG libturnstile::utils] Forked child exited with code 0
[2026-06-14T22:33:30Z INFO  libturnstile::sandbox] Mount bind "/proc" "/proc" ro,noexec
[2026-06-14T22:33:30Z DEBUG libturnstile::sandbox::namespace] Joined namespace ns_fds[0] = 5
[2026-06-14T22:33:30Z DEBUG libturnstile::sandbox::namespace] Joined namespace ns_fds[1] = 8
[2026-06-14T22:33:30Z DEBUG libturnstile::sandbox::namespace] Joined namespace ns_fds[2] = 7
[2026-06-14T22:33:30Z DEBUG libturnstile::utils] Forked child exited with code 0
[2026-06-14T22:33:30Z DEBUG turnstile_sandbox] added resolve placeholder for "/usr/lib/libcap.so.2.78"
[2026-06-14T22:33:30Z DEBUG turnstile_sandbox] got request: AccessRequest { operation: FsOperation(FsOpen(OpenOperation { target: FsTarget { dfd: ForeignFd { local_fd: 4 }, path: "home/mao/turnstile/target/debug/libc.so.6", no_follow: false }, need_read: true, need_write: false, create_mode: None })) }
[2026-06-14T22:33:30Z DEBUG libturnstile::access::fs] open_target_dfd_in_root: attempt 0 for "/" got different inode (expected id InodeId { dev_major: 0, dev_minor: 58, ino: 1 }, got id InodeId { dev_major: 0, dev_minor: 29, ino: 256 })
[2026-06-14T22:33:30Z DEBUG libturnstile::access::fs] open_target_dfd_in_root: attempt 1 for "/" got different inode (expected id InodeId { dev_major: 0, dev_minor: 58, ino: 1 }, got id InodeId { dev_major: 0, dev_minor: 29, ino: 256 })
[2026-06-14T22:33:30Z ERROR libturnstile::access::fs] open_target_dfd_in_root: too many attempts to open "/" before getting correct inode
[2026-06-14T22:33:30Z ERROR turnstile_sandbox] error reopening target dfd in real root for r "/home/mao/turnstile/target/debug/libc.so.6": No such file or directory (os error 2)
[2026-06-14T22:33:30Z DEBUG libturnstile::sandbox::namespace] Joined namespace ns_fds[0] = 5
[2026-06-14T22:33:30Z DEBUG libturnstile::sandbox::namespace] Joined namespace ns_fds[1] = 8
[2026-06-14T22:33:30Z DEBUG libturnstile::sandbox::namespace] Joined namespace ns_fds[2] = 7
[2026-06-14T22:33:30Z ERROR libturnstile::sandbox] Failed to acquire fd in child: No such file or directory (os error 2)
[2026-06-14T22:33:30Z DEBUG libturnstile::utils] Forked child exited with code 2
[2026-06-14T22:33:30Z DEBUG libturnstile::sandbox::upgrade] m1 reopen of "/home/mao/turnstile/target/debug/libc.so.6" failed: Failed to open path in m1: errno 2, attempt 1
[2026-06-14T22:33:30Z DEBUG libturnstile::sandbox::namespace] Joined namespace ns_fds[0] = 5
[2026-06-14T22:33:30Z DEBUG libturnstile::sandbox::namespace] Joined namespace ns_fds[1] = 8
[2026-06-14T22:33:30Z DEBUG libturnstile::sandbox::namespace] Joined namespace ns_fds[2] = 7
[2026-06-14T22:33:30Z ERROR libturnstile::sandbox] Failed to acquire fd in child: No such file or directory (os error 2)
[2026-06-14T22:33:30Z DEBUG libturnstile::utils] Forked child exited with code 2
[2026-06-14T22:33:30Z DEBUG libturnstile::sandbox::upgrade] m1 reopen of "/home/mao/turnstile/target/debug/libc.so.6" failed: Failed to open path in m1: errno 2, attempt 2
[2026-06-14T22:33:30Z DEBUG turnstile_sandbox] got request: AccessRequest { operation: FsOperation(FsOpen(OpenOperation { target: FsTarget { dfd: ForeignFd { local_fd: 4 }, path: "home/mao/turnstile/target/debug/deps/libc.so.6", no_follow: false }, need_read: true, need_write: false, create_mode: None })) }
[2026-06-14T22:33:30Z DEBUG libturnstile::access::fs] open_target_dfd_in_root: attempt 0 for "/" got different inode (expected id InodeId { dev_major: 0, dev_minor: 58, ino: 1 }, got id InodeId { dev_major: 0, dev_minor: 29, ino: 256 })
[2026-06-14T22:33:30Z DEBUG libturnstile::access::fs] open_target_dfd_in_root: attempt 1 for "/" got different inode (expected id InodeId { dev_major: 0, dev_minor: 58, ino: 1 }, got id InodeId { dev_major: 0, dev_minor: 29, ino: 256 })
[2026-06-14T22:33:30Z ERROR libturnstile::access::fs] open_target_dfd_in_root: too many attempts to open "/" before getting correct inode
[2026-06-14T22:33:30Z ERROR turnstile_sandbox] error reopening target dfd in real root for r "/home/mao/turnstile/target/debug/deps/libc.so.6": No such file or directory (os error 2)
[2026-06-14T22:33:30Z DEBUG libturnstile::sandbox::namespace] Joined namespace ns_fds[0] = 5
[2026-06-14T22:33:30Z DEBUG libturnstile::sandbox::namespace] Joined namespace ns_fds[1] = 8
[2026-06-14T22:33:30Z DEBUG libturnstile::sandbox::namespace] Joined namespace ns_fds[2] = 7
[2026-06-14T22:33:30Z ERROR libturnstile::sandbox] Failed to acquire fd in child: No such file or directory (os error 2)
[2026-06-14T22:33:30Z DEBUG libturnstile::utils] Forked child exited with code 2
[2026-06-14T22:33:30Z DEBUG libturnstile::sandbox::upgrade] m1 reopen of "/home/mao/turnstile/target/debug/deps/libc.so.6" failed: Failed to open path in m1: errno 2, attempt 1
[2026-06-14T22:33:30Z DEBUG libturnstile::sandbox::namespace] Joined namespace ns_fds[0] = 5
[2026-06-14T22:33:30Z DEBUG libturnstile::sandbox::namespace] Joined namespace ns_fds[1] = 8
[2026-06-14T22:33:30Z DEBUG libturnstile::sandbox::namespace] Joined namespace ns_fds[2] = 7
[2026-06-14T22:33:30Z ERROR libturnstile::sandbox] Failed to acquire fd in child: No such file or directory (os error 2)
[2026-06-14T22:33:30Z DEBUG libturnstile::utils] Forked child exited with code 2
[2026-06-14T22:33:30Z DEBUG libturnstile::sandbox::upgrade] m1 reopen of "/home/mao/turnstile/target/debug/deps/libc.so.6" failed: Failed to open path in m1: errno 2, attempt 2
[2026-06-14T22:33:30Z DEBUG turnstile_sandbox] got request: AccessRequest { operation: FsOperation(FsOpen(OpenOperation { target: FsTarget { dfd: ForeignFd { local_fd: 4 }, path: "usr/lib/libc.so.6", no_follow: false }, need_read: true, need_write: false, create_mode: None })) }
[2026-06-14T22:33:30Z DEBUG libturnstile::access::fs] open_target_dfd_in_root: attempt 0 for "/" got different inode (expected id InodeId { dev_major: 0, dev_minor: 58, ino: 1 }, got id InodeId { dev_major: 0, dev_minor: 29, ino: 256 })
[2026-06-14T22:33:30Z DEBUG libturnstile::access::fs] open_target_dfd_in_root: attempt 1 for "/" got different inode (expected id InodeId { dev_major: 0, dev_minor: 58, ino: 1 }, got id InodeId { dev_major: 0, dev_minor: 29, ino: 256 })
[2026-06-14T22:33:30Z ERROR libturnstile::access::fs] open_target_dfd_in_root: too many attempts to open "/" before getting correct inode
[2026-06-14T22:33:30Z ERROR turnstile_sandbox] error reopening target dfd in real root for r "/usr/lib/libc.so.6": No such file or directory (os error 2)
[2026-06-14T22:33:30Z DEBUG libturnstile::sandbox::namespace] Joined namespace ns_fds[0] = 5
[2026-06-14T22:33:30Z DEBUG libturnstile::sandbox::namespace] Joined namespace ns_fds[1] = 8
[2026-06-14T22:33:30Z DEBUG libturnstile::sandbox::namespace] Joined namespace ns_fds[2] = 7
[2026-06-14T22:33:30Z DEBUG libturnstile::utils] Forked child exited with code 0
[2026-06-14T22:33:30Z DEBUG libturnstile::sandbox::upgrade] openat upgrade: installed fresh fd 3 for "/usr/lib/libc.so.6"
[2026-06-14T22:33:30Z DEBUG turnstile_sandbox] got request: AccessRequest { operation: FsOperation(FsStat(StatOperation { target: FsTarget { dfd: ForeignFd { local_fd: 4 }, path: "", no_follow: false }, lstat: false })) }
[2026-06-14T22:33:30Z DEBUG libturnstile::sandbox::namespace] Joined namespace ns_fds[0] = 5
[2026-06-14T22:33:30Z DEBUG libturnstile::sandbox::namespace] Joined namespace ns_fds[1] = 8
[2026-06-14T22:33:30Z DEBUG libturnstile::utils] Forked child exited with code 0
[2026-06-14T22:33:30Z DEBUG libturnstile::sandbox] Current placeholder tree: FsTree { root: FsTreeNode { data: Some(PlaceholderDir(PlaceholderDirData { common: CommonPlaceholderData { atime: timespec { tv_sec: 0, tv_nsec: 1073741822 }, mtime: timespec { tv_sec: 0, tv_nsec: 1073741822 } }, mode: 493 })), children: {"bin": FsTreeNode { data: Some(PlaceholderFile(PlaceholderFileData { common: CommonPlaceholderData { atime: timespec { tv_sec: 0, tv_nsec: 1073741822 }, mtime: timespec { tv_sec: 0, tv_nsec: 1073741822 } }, mode: 420, len: 0 })), children: {} }, "lib64": FsTreeNode { data: Some(PlaceholderFile(PlaceholderFileData { common: CommonPlaceholderData { atime: timespec { tv_sec: 0, tv_nsec: 1073741822 }, mtime: timespec { tv_sec: 0, tv_nsec: 1073741822 } }, mode: 420, len: 0 })), children: {} }, "home": FsTreeNode { data: Some(PlaceholderDir(PlaceholderDirData { common: CommonPlaceholderData { atime: timespec { tv_sec: 0, tv_nsec: 1073741822 }, mtime: timespec { tv_sec: 0, tv_nsec: 1073741822 } }, mode: 493 })), children: {"mao": FsTreeNode { data: Some(PlaceholderDir(PlaceholderDirData { common: CommonPlaceholderData { atime: timespec { tv_sec: 0, tv_nsec: 1073741822 }, mtime: timespec { tv_sec: 0, tv_nsec: 1073741822 } }, mode: 493 })), children: {"turnstile": FsTreeNode { data: Some(PlaceholderDir(PlaceholderDirData { common: CommonPlaceholderData { atime: timespec { tv_sec: 0, tv_nsec: 1073741822 }, mtime: timespec { tv_sec: 0, tv_nsec: 1073741822 } }, mode: 493 })), children: {} }} }} }, "lib": FsTreeNode { data: Some(PlaceholderFile(PlaceholderFileData { common: CommonPlaceholderData { atime: timespec { tv_sec: 0, tv_nsec: 1073741822 }, mtime: timespec { tv_sec: 0, tv_nsec: 1073741822 } }, mode: 420, len: 0 })), children: {} }, "usr": FsTreeNode { data: Some(PlaceholderDir(PlaceholderDirData { common: CommonPlaceholderData { atime: timespec { tv_sec: 0, tv_nsec: 1073741822 }, mtime: timespec { tv_sec: 0, tv_nsec: 1073741822 } }, mode: 493 })), children: {"lib": FsTreeNode { data: Some(PlaceholderDir(PlaceholderDirData { common: CommonPlaceholderData { atime: timespec { tv_sec: 0, tv_nsec: 1073741822 }, mtime: timespec { tv_sec: 0, tv_nsec: 1073741822 } }, mode: 493 })), children: {"libcap.so.2.78": FsTreeNode { data: Some(PlaceholderFile(PlaceholderFileData { common: CommonPlaceholderData { atime: timespec { tv_sec: 1781470290, tv_nsec: 304819506 }, mtime: timespec { tv_sec: 1775495227, tv_nsec: 0 } }, mode: 33261, len: 43064 })), children: {} }} }} }, "proc": FsTreeNode { data: Some(PlaceholderDir(PlaceholderDirData { common: CommonPlaceholderData { atime: timespec { tv_sec: 0, tv_nsec: 1073741822 }, mtime: timespec { tv_sec: 0, tv_nsec: 1073741822 } }, mode: 493 })), children: {} }} }, nb_entries: 11 }
[2026-06-14T22:33:30Z DEBUG libturnstile::sandbox] Desired placeholder tree: FsTree { root: FsTreeNode { data: Some(PlaceholderDir(PlaceholderDirData { common: CommonPlaceholderData { atime: timespec { tv_sec: 0, tv_nsec: 1073741822 }, mtime: timespec { tv_sec: 0, tv_nsec: 1073741822 } }, mode: 493 })), children: {"lib64": FsTreeNode { data: Some(PlaceholderFile(PlaceholderFileData { common: CommonPlaceholderData { atime: timespec { tv_sec: 0, tv_nsec: 1073741822 }, mtime: timespec { tv_sec: 0, tv_nsec: 1073741822 } }, mode: 420, len: 0 })), children: {} }, "bin": FsTreeNode { data: Some(PlaceholderFile(PlaceholderFileData { common: CommonPlaceholderData { atime: timespec { tv_sec: 0, tv_nsec: 1073741822 }, mtime: timespec { tv_sec: 0, tv_nsec: 1073741822 } }, mode: 420, len: 0 })), children: {} }, "usr": FsTreeNode { data: Some(PlaceholderDir(PlaceholderDirData { common: CommonPlaceholderData { atime: timespec { tv_sec: 0, tv_nsec: 1073741822 }, mtime: timespec { tv_sec: 0, tv_nsec: 1073741822 } }, mode: 493 })), children: {"lib": FsTreeNode { data: Some(PlaceholderDir(PlaceholderDirData { common: CommonPlaceholderData { atime: timespec { tv_sec: 0, tv_nsec: 1073741822 }, mtime: timespec { tv_sec: 0, tv_nsec: 1073741822 } }, mode: 493 })), children: {"libcap.so.2.78": FsTreeNode { data: Some(PlaceholderFile(PlaceholderFileData { common: CommonPlaceholderData { atime: timespec { tv_sec: 1781470290, tv_nsec: 304819506 }, mtime: timespec { tv_sec: 1775495227, tv_nsec: 0 } }, mode: 33261, len: 43064 })), children: {} }, "libc.so.6": FsTreeNode { data: Some(PlaceholderFile(PlaceholderFileData { common: CommonPlaceholderData { atime: timespec { tv_sec: 1781398022, tv_nsec: 480120641 }, mtime: timespec { tv_sec: 1777624420, tv_nsec: 0 } }, mode: 33261, len: 2190624 })), children: {} }} }} }, "lib": FsTreeNode { data: Some(PlaceholderFile(PlaceholderFileData { common: CommonPlaceholderData { atime: timespec { tv_sec: 0, tv_nsec: 1073741822 }, mtime: timespec { tv_sec: 0, tv_nsec: 1073741822 } }, mode: 420, len: 0 })), children: {} }, "proc": FsTreeNode { data: Some(PlaceholderDir(PlaceholderDirData { common: CommonPlaceholderData { atime: timespec { tv_sec: 0, tv_nsec: 1073741822 }, mtime: timespec { tv_sec: 0, tv_nsec: 1073741822 } }, mode: 493 })), children: {} }, "home": FsTreeNode { data: Some(PlaceholderDir(PlaceholderDirData { common: CommonPlaceholderData { atime: timespec { tv_sec: 0, tv_nsec: 1073741822 }, mtime: timespec { tv_sec: 0, tv_nsec: 1073741822 } }, mode: 493 })), children: {"mao": FsTreeNode { data: Some(PlaceholderDir(PlaceholderDirData { common: CommonPlaceholderData { atime: timespec { tv_sec: 0, tv_nsec: 1073741822 }, mtime: timespec { tv_sec: 0, tv_nsec: 1073741822 } }, mode: 493 })), children: {"turnstile": FsTreeNode { data: Some(PlaceholderDir(PlaceholderDirData { common: CommonPlaceholderData { atime: timespec { tv_sec: 0, tv_nsec: 1073741822 }, mtime: timespec { tv_sec: 0, tv_nsec: 1073741822 } }, mode: 493 })), children: {} }} }} }} }, nb_entries: 12 }
[2026-06-14T22:33:30Z DEBUG libturnstile::sandbox] Current mount tree: FsTree { root: FsTreeNode { data: None, children: {"proc": FsTreeNode { data: Some(MountInternal { user: ManagedMountPoint { host_path: "/", attrs: MountAttributes { readonly: true, noexec: true } }, mnt_id: 611, expired: false }), children: {} }, "home": FsTreeNode { data: None, children: {"mao": FsTreeNode { data: None, children: {"turnstile": FsTreeNode { data: Some(MountInternal { user: ManagedMountPoint { host_path: "/home/mao/turnstile", attrs: MountAttributes { readonly: true, noexec: true } }, mnt_id: 648, expired: false }), children: {} }} }} }, "lib64": FsTreeNode { data: Some(MountInternal { user: ManagedMountPoint { host_path: "/lib64", attrs: MountAttributes { readonly: true, noexec: false } }, mnt_id: 615, expired: false }), children: {} }, "lib": FsTreeNode { data: Some(MountInternal { user: ManagedMountPoint { host_path: "/lib", attrs: MountAttributes { readonly: true, noexec: false } }, mnt_id: 610, expired: false }), children: {} }, "bin": FsTreeNode { data: Some(MountInternal { user: ManagedMountPoint { host_path: "/bin", attrs: MountAttributes { readonly: true, noexec: false } }, mnt_id: 616, expired: false }), children: {} }, "usr": FsTreeNode { data: Some(MountInternal { user: ManagedMountPoint { host_path: "/usr", attrs: MountAttributes { readonly: true, noexec: false } }, mnt_id: 614, expired: false }), children: {} }} }, nb_entries: 6 }
[2026-06-14T22:33:30Z DEBUG libturnstile::sandbox] Desired mount tree: FsTree { root: FsTreeNode { data: None, children: {"home": FsTreeNode { data: None, children: {"mao": FsTreeNode { data: None, children: {"turnstile": FsTreeNode { data: Some(ManagedMountPoint { host_path: "/home/mao/turnstile", attrs: MountAttributes { readonly: true, noexec: true } }), children: {} }} }} }, "lib": FsTreeNode { data: Some(ManagedMountPoint { host_path: "/lib", attrs: MountAttributes { readonly: true, noexec: false } }), children: {} }, "bin": FsTreeNode { data: Some(ManagedMountPoint { host_path: "/bin", attrs: MountAttributes { readonly: true, noexec: false } }), children: {} }, "usr": FsTreeNode { data: Some(ManagedMountPoint { host_path: "/usr", attrs: MountAttributes { readonly: true, noexec: false } }), children: {} }, "proc": FsTreeNode { data: Some(ManagedMountPoint { host_path: "/proc", attrs: MountAttributes { readonly: true, noexec: true } }), children: {} }, "lib64": FsTreeNode { data: Some(ManagedMountPoint { host_path: "/lib64", attrs: MountAttributes { readonly: true, noexec: false } }), children: {} }} }, nb_entries: 6 }
[2026-06-14T22:33:30Z DEBUG libturnstile::sandbox::namespace] Joined namespace ns_fds[0] = 5
[2026-06-14T22:33:30Z DEBUG libturnstile::sandbox::namespace] Joined namespace ns_fds[1] = 6
[2026-06-14T22:33:30Z DEBUG libturnstile::sandbox::namespace] Joined namespace ns_fds[2] = 8
[2026-06-14T22:33:30Z DEBUG libturnstile::utils] Forked child exited with code 0
[2026-06-14T22:33:30Z INFO  libturnstile::sandbox] Unmounted "/proc"
[2026-06-14T22:33:30Z DEBUG libturnstile::sandbox::namespace] Joined namespace ns_fds[0] = 5
[2026-06-14T22:33:30Z DEBUG libturnstile::sandbox::namespace] Joined namespace ns_fds[1] = 6
[2026-06-14T22:33:30Z DEBUG libturnstile::sandbox::namespace] Joined namespace ns_fds[0] = 8
[2026-06-14T22:33:30Z DEBUG libturnstile::utils] Forked child exited with code 0
[2026-06-14T22:33:30Z INFO  libturnstile::sandbox] Mount bind "/proc" "/proc" ro,noexec
[2026-06-14T22:33:30Z DEBUG libturnstile::sandbox::namespace] Joined namespace ns_fds[0] = 5
[2026-06-14T22:33:30Z DEBUG libturnstile::sandbox::namespace] Joined namespace ns_fds[1] = 8
[2026-06-14T22:33:30Z DEBUG libturnstile::sandbox::namespace] Joined namespace ns_fds[2] = 7
[2026-06-14T22:33:30Z DEBUG libturnstile::utils] Forked child exited with code 0
[2026-06-14T22:33:30Z DEBUG turnstile_sandbox] added resolve placeholder for "/usr/lib/libc.so.6"
[2026-06-14T22:33:30Z DEBUG turnstile_sandbox] got request: AccessRequest { operation: FsOperation(FsOpen(OpenOperation { target: FsTarget { dfd: ForeignFd { local_fd: 4 }, path: "usr/lib/locale/locale-archive", no_follow: false }, need_read: true, need_write: false, create_mode: None })) }
[2026-06-14T22:33:30Z DEBUG libturnstile::access::fs] open_target_dfd_in_root: attempt 0 for "/" got different inode (expected id InodeId { dev_major: 0, dev_minor: 58, ino: 1 }, got id InodeId { dev_major: 0, dev_minor: 29, ino: 256 })
[2026-06-14T22:33:30Z DEBUG libturnstile::access::fs] open_target_dfd_in_root: attempt 1 for "/" got different inode (expected id InodeId { dev_major: 0, dev_minor: 58, ino: 1 }, got id InodeId { dev_major: 0, dev_minor: 29, ino: 256 })
[2026-06-14T22:33:30Z ERROR libturnstile::access::fs] open_target_dfd_in_root: too many attempts to open "/" before getting correct inode
[2026-06-14T22:33:30Z ERROR turnstile_sandbox] error reopening target dfd in real root for r "/usr/lib/locale/locale-archive": No such file or directory (os error 2)
[2026-06-14T22:33:30Z DEBUG libturnstile::sandbox::namespace] Joined namespace ns_fds[0] = 5
[2026-06-14T22:33:30Z DEBUG libturnstile::sandbox::namespace] Joined namespace ns_fds[1] = 8
[2026-06-14T22:33:30Z DEBUG libturnstile::sandbox::namespace] Joined namespace ns_fds[2] = 7
[2026-06-14T22:33:30Z DEBUG libturnstile::utils] Forked child exited with code 0
[2026-06-14T22:33:30Z DEBUG libturnstile::sandbox::upgrade] openat upgrade: installed fresh fd 3 for "/usr/lib/locale/locale-archive"
[2026-06-14T22:33:30Z DEBUG turnstile_sandbox] got request: AccessRequest { operation: FsOperation(FsStat(StatOperation { target: FsTarget { dfd: ForeignFd { local_fd: 4 }, path: "", no_follow: false }, lstat: false })) }
[2026-06-14T22:33:30Z DEBUG libturnstile::sandbox::namespace] Joined namespace ns_fds[0] = 5
[2026-06-14T22:33:30Z DEBUG libturnstile::sandbox::namespace] Joined namespace ns_fds[1] = 8
[2026-06-14T22:33:30Z DEBUG libturnstile::utils] Forked child exited with code 0
[2026-06-14T22:33:30Z DEBUG libturnstile::sandbox] Current placeholder tree: FsTree { root: FsTreeNode { data: Some(PlaceholderDir(PlaceholderDirData { common: CommonPlaceholderData { atime: timespec { tv_sec: 0, tv_nsec: 1073741822 }, mtime: timespec { tv_sec: 0, tv_nsec: 1073741822 } }, mode: 493 })), children: {"bin": FsTreeNode { data: Some(PlaceholderFile(PlaceholderFileData { common: CommonPlaceholderData { atime: timespec { tv_sec: 0, tv_nsec: 1073741822 }, mtime: timespec { tv_sec: 0, tv_nsec: 1073741822 } }, mode: 420, len: 0 })), children: {} }, "lib64": FsTreeNode { data: Some(PlaceholderFile(PlaceholderFileData { common: CommonPlaceholderData { atime: timespec { tv_sec: 0, tv_nsec: 1073741822 }, mtime: timespec { tv_sec: 0, tv_nsec: 1073741822 } }, mode: 420, len: 0 })), children: {} }, "home": FsTreeNode { data: Some(PlaceholderDir(PlaceholderDirData { common: CommonPlaceholderData { atime: timespec { tv_sec: 0, tv_nsec: 1073741822 }, mtime: timespec { tv_sec: 0, tv_nsec: 1073741822 } }, mode: 493 })), children: {"mao": FsTreeNode { data: Some(PlaceholderDir(PlaceholderDirData { common: CommonPlaceholderData { atime: timespec { tv_sec: 0, tv_nsec: 1073741822 }, mtime: timespec { tv_sec: 0, tv_nsec: 1073741822 } }, mode: 493 })), children: {"turnstile": FsTreeNode { data: Some(PlaceholderDir(PlaceholderDirData { common: CommonPlaceholderData { atime: timespec { tv_sec: 0, tv_nsec: 1073741822 }, mtime: timespec { tv_sec: 0, tv_nsec: 1073741822 } }, mode: 493 })), children: {} }} }} }, "lib": FsTreeNode { data: Some(PlaceholderFile(PlaceholderFileData { common: CommonPlaceholderData { atime: timespec { tv_sec: 0, tv_nsec: 1073741822 }, mtime: timespec { tv_sec: 0, tv_nsec: 1073741822 } }, mode: 420, len: 0 })), children: {} }, "usr": FsTreeNode { data: Some(PlaceholderDir(PlaceholderDirData { common: CommonPlaceholderData { atime: timespec { tv_sec: 0, tv_nsec: 1073741822 }, mtime: timespec { tv_sec: 0, tv_nsec: 1073741822 } }, mode: 493 })), children: {"lib": FsTreeNode { data: Some(PlaceholderDir(PlaceholderDirData { common: CommonPlaceholderData { atime: timespec { tv_sec: 0, tv_nsec: 1073741822 }, mtime: timespec { tv_sec: 0, tv_nsec: 1073741822 } }, mode: 493 })), children: {"libcap.so.2.78": FsTreeNode { data: Some(PlaceholderFile(PlaceholderFileData { common: CommonPlaceholderData { atime: timespec { tv_sec: 1781470290, tv_nsec: 304819506 }, mtime: timespec { tv_sec: 1775495227, tv_nsec: 0 } }, mode: 33261, len: 43064 })), children: {} }, "libc.so.6": FsTreeNode { data: Some(PlaceholderFile(PlaceholderFileData { common: CommonPlaceholderData { atime: timespec { tv_sec: 1781398022, tv_nsec: 480120641 }, mtime: timespec { tv_sec: 1777624420, tv_nsec: 0 } }, mode: 33261, len: 2190624 })), children: {} }} }} }, "proc": FsTreeNode { data: Some(PlaceholderDir(PlaceholderDirData { common: CommonPlaceholderData { atime: timespec { tv_sec: 0, tv_nsec: 1073741822 }, mtime: timespec { tv_sec: 0, tv_nsec: 1073741822 } }, mode: 493 })), children: {} }} }, nb_entries: 12 }
[2026-06-14T22:33:30Z DEBUG libturnstile::sandbox] Desired placeholder tree: FsTree { root: FsTreeNode { data: Some(PlaceholderDir(PlaceholderDirData { common: CommonPlaceholderData { atime: timespec { tv_sec: 0, tv_nsec: 1073741822 }, mtime: timespec { tv_sec: 0, tv_nsec: 1073741822 } }, mode: 493 })), children: {"usr": FsTreeNode { data: Some(PlaceholderDir(PlaceholderDirData { common: CommonPlaceholderData { atime: timespec { tv_sec: 0, tv_nsec: 1073741822 }, mtime: timespec { tv_sec: 0, tv_nsec: 1073741822 } }, mode: 493 })), children: {"lib": FsTreeNode { data: Some(PlaceholderDir(PlaceholderDirData { common: CommonPlaceholderData { atime: timespec { tv_sec: 0, tv_nsec: 1073741822 }, mtime: timespec { tv_sec: 0, tv_nsec: 1073741822 } }, mode: 493 })), children: {"libc.so.6": FsTreeNode { data: Some(PlaceholderFile(PlaceholderFileData { common: CommonPlaceholderData { atime: timespec { tv_sec: 1781398022, tv_nsec: 480120641 }, mtime: timespec { tv_sec: 1777624420, tv_nsec: 0 } }, mode: 33261, len: 2190624 })), children: {} }, "libcap.so.2.78": FsTreeNode { data: Some(PlaceholderFile(PlaceholderFileData { common: CommonPlaceholderData { atime: timespec { tv_sec: 1781470290, tv_nsec: 304819506 }, mtime: timespec { tv_sec: 1775495227, tv_nsec: 0 } }, mode: 33261, len: 43064 })), children: {} }, "locale": FsTreeNode { data: Some(PlaceholderDir(PlaceholderDirData { common: CommonPlaceholderData { atime: timespec { tv_sec: 0, tv_nsec: 1073741822 }, mtime: timespec { tv_sec: 0, tv_nsec: 1073741822 } }, mode: 493 })), children: {"locale-archive": FsTreeNode { data: Some(PlaceholderFile(PlaceholderFileData { common: CommonPlaceholderData { atime: timespec { tv_sec: 1781470339, tv_nsec: 8892705 }, mtime: timespec { tv_sec: 1779234627, tv_nsec: 401287252 } }, mode: 33188, len: 3064432 })), children: {} }} }} }} }, "proc": FsTreeNode { data: Some(PlaceholderDir(PlaceholderDirData { common: CommonPlaceholderData { atime: timespec { tv_sec: 0, tv_nsec: 1073741822 }, mtime: timespec { tv_sec: 0, tv_nsec: 1073741822 } }, mode: 493 })), children: {} }, "lib": FsTreeNode { data: Some(PlaceholderFile(PlaceholderFileData { common: CommonPlaceholderData { atime: timespec { tv_sec: 0, tv_nsec: 1073741822 }, mtime: timespec { tv_sec: 0, tv_nsec: 1073741822 } }, mode: 420, len: 0 })), children: {} }, "bin": FsTreeNode { data: Some(PlaceholderFile(PlaceholderFileData { common: CommonPlaceholderData { atime: timespec { tv_sec: 0, tv_nsec: 1073741822 }, mtime: timespec { tv_sec: 0, tv_nsec: 1073741822 } }, mode: 420, len: 0 })), children: {} }, "home": FsTreeNode { data: Some(PlaceholderDir(PlaceholderDirData { common: CommonPlaceholderData { atime: timespec { tv_sec: 0, tv_nsec: 1073741822 }, mtime: timespec { tv_sec: 0, tv_nsec: 1073741822 } }, mode: 493 })), children: {"mao": FsTreeNode { data: Some(PlaceholderDir(PlaceholderDirData { common: CommonPlaceholderData { atime: timespec { tv_sec: 0, tv_nsec: 1073741822 }, mtime: timespec { tv_sec: 0, tv_nsec: 1073741822 } }, mode: 493 })), children: {"turnstile": FsTreeNode { data: Some(PlaceholderDir(PlaceholderDirData { common: CommonPlaceholderData { atime: timespec { tv_sec: 0, tv_nsec: 1073741822 }, mtime: timespec { tv_sec: 0, tv_nsec: 1073741822 } }, mode: 493 })), children: {} }} }} }, "lib64": FsTreeNode { data: Some(PlaceholderFile(PlaceholderFileData { common: CommonPlaceholderData { atime: timespec { tv_sec: 0, tv_nsec: 1073741822 }, mtime: timespec { tv_sec: 0, tv_nsec: 1073741822 } }, mode: 420, len: 0 })), children: {} }} }, nb_entries: 14 }
[2026-06-14T22:33:30Z DEBUG libturnstile::sandbox] Current mount tree: FsTree { root: FsTreeNode { data: None, children: {"proc": FsTreeNode { data: Some(MountInternal { user: ManagedMountPoint { host_path: "/", attrs: MountAttributes { readonly: true, noexec: true } }, mnt_id: 611, expired: false }), children: {} }, "home": FsTreeNode { data: None, children: {"mao": FsTreeNode { data: None, children: {"turnstile": FsTreeNode { data: Some(MountInternal { user: ManagedMountPoint { host_path: "/home/mao/turnstile", attrs: MountAttributes { readonly: true, noexec: true } }, mnt_id: 648, expired: false }), children: {} }} }} }, "lib64": FsTreeNode { data: Some(MountInternal { user: ManagedMountPoint { host_path: "/lib64", attrs: MountAttributes { readonly: true, noexec: false } }, mnt_id: 615, expired: false }), children: {} }, "lib": FsTreeNode { data: Some(MountInternal { user: ManagedMountPoint { host_path: "/lib", attrs: MountAttributes { readonly: true, noexec: false } }, mnt_id: 610, expired: false }), children: {} }, "bin": FsTreeNode { data: Some(MountInternal { user: ManagedMountPoint { host_path: "/bin", attrs: MountAttributes { readonly: true, noexec: false } }, mnt_id: 616, expired: false }), children: {} }, "usr": FsTreeNode { data: Some(MountInternal { user: ManagedMountPoint { host_path: "/usr", attrs: MountAttributes { readonly: true, noexec: false } }, mnt_id: 614, expired: false }), children: {} }} }, nb_entries: 6 }
[2026-06-14T22:33:30Z DEBUG libturnstile::sandbox] Desired mount tree: FsTree { root: FsTreeNode { data: None, children: {"home": FsTreeNode { data: None, children: {"mao": FsTreeNode { data: None, children: {"turnstile": FsTreeNode { data: Some(ManagedMountPoint { host_path: "/home/mao/turnstile", attrs: MountAttributes { readonly: true, noexec: true } }), children: {} }} }} }, "proc": FsTreeNode { data: Some(ManagedMountPoint { host_path: "/proc", attrs: MountAttributes { readonly: true, noexec: true } }), children: {} }, "bin": FsTreeNode { data: Some(ManagedMountPoint { host_path: "/bin", attrs: MountAttributes { readonly: true, noexec: false } }), children: {} }, "lib64": FsTreeNode { data: Some(ManagedMountPoint { host_path: "/lib64", attrs: MountAttributes { readonly: true, noexec: false } }), children: {} }, "lib": FsTreeNode { data: Some(ManagedMountPoint { host_path: "/lib", attrs: MountAttributes { readonly: true, noexec: false } }), children: {} }, "usr": FsTreeNode { data: Some(ManagedMountPoint { host_path: "/usr", attrs: MountAttributes { readonly: true, noexec: false } }), children: {} }} }, nb_entries: 6 }
[2026-06-14T22:33:30Z DEBUG libturnstile::sandbox::namespace] Joined namespace ns_fds[0] = 5
[2026-06-14T22:33:30Z DEBUG libturnstile::sandbox::namespace] Joined namespace ns_fds[1] = 6
[2026-06-14T22:33:30Z DEBUG libturnstile::sandbox::namespace] Joined namespace ns_fds[2] = 8
[2026-06-14T22:33:30Z DEBUG libturnstile::utils] Forked child exited with code 0
[2026-06-14T22:33:30Z INFO  libturnstile::sandbox] Unmounted "/proc"
[2026-06-14T22:33:30Z DEBUG libturnstile::sandbox::namespace] Joined namespace ns_fds[0] = 5
[2026-06-14T22:33:30Z DEBUG libturnstile::sandbox::namespace] Joined namespace ns_fds[1] = 6
[2026-06-14T22:33:30Z DEBUG libturnstile::sandbox::namespace] Joined namespace ns_fds[0] = 8
[2026-06-14T22:33:30Z DEBUG libturnstile::utils] Forked child exited with code 0
[2026-06-14T22:33:30Z INFO  libturnstile::sandbox] Mount bind "/proc" "/proc" ro,noexec
[2026-06-14T22:33:30Z DEBUG libturnstile::sandbox::namespace] Joined namespace ns_fds[0] = 5
[2026-06-14T22:33:30Z DEBUG libturnstile::sandbox::namespace] Joined namespace ns_fds[1] = 8
[2026-06-14T22:33:30Z DEBUG libturnstile::sandbox::namespace] Joined namespace ns_fds[2] = 7
[2026-06-14T22:33:30Z DEBUG libturnstile::utils] Forked child exited with code 0
[2026-06-14T22:33:30Z DEBUG turnstile_sandbox] added resolve placeholder for "/usr/lib/locale/locale-archive"
[2026-06-14T22:33:30Z DEBUG turnstile_sandbox] got request: AccessRequest { operation: FsOperation(FsOpen(OpenOperation { target: FsTarget { dfd: ForeignFd { local_fd: 4 }, path: "usr/share/locale/locale.alias", no_follow: false }, need_read: true, need_write: false, create_mode: None })) }
[2026-06-14T22:33:30Z DEBUG libturnstile::access::fs] open_target_dfd_in_root: attempt 0 for "/" got different inode (expected id InodeId { dev_major: 0, dev_minor: 58, ino: 1 }, got id InodeId { dev_major: 0, dev_minor: 29, ino: 256 })
[2026-06-14T22:33:30Z DEBUG libturnstile::access::fs] open_target_dfd_in_root: attempt 1 for "/" got different inode (expected id InodeId { dev_major: 0, dev_minor: 58, ino: 1 }, got id InodeId { dev_major: 0, dev_minor: 29, ino: 256 })
[2026-06-14T22:33:30Z ERROR libturnstile::access::fs] open_target_dfd_in_root: too many attempts to open "/" before getting correct inode
[2026-06-14T22:33:30Z ERROR turnstile_sandbox] error reopening target dfd in real root for r "/usr/share/locale/locale.alias": No such file or directory (os error 2)
[2026-06-14T22:33:30Z DEBUG libturnstile::sandbox::namespace] Joined namespace ns_fds[0] = 5
[2026-06-14T22:33:30Z DEBUG libturnstile::sandbox::namespace] Joined namespace ns_fds[1] = 8
[2026-06-14T22:33:30Z DEBUG libturnstile::sandbox::namespace] Joined namespace ns_fds[2] = 7
[2026-06-14T22:33:30Z DEBUG libturnstile::utils] Forked child exited with code 0
[2026-06-14T22:33:30Z DEBUG libturnstile::sandbox::upgrade] openat upgrade: installed fresh fd 3 for "/usr/share/locale/locale.alias"
[2026-06-14T22:33:30Z DEBUG turnstile_sandbox] got request: AccessRequest { operation: FsOperation(FsStat(StatOperation { target: FsTarget { dfd: ForeignFd { local_fd: 4 }, path: "", no_follow: false }, lstat: false })) }
[2026-06-14T22:33:30Z DEBUG libturnstile::sandbox::namespace] Joined namespace ns_fds[0] = 5
[2026-06-14T22:33:30Z DEBUG libturnstile::sandbox::namespace] Joined namespace ns_fds[1] = 8
[2026-06-14T22:33:30Z DEBUG libturnstile::utils] Forked child exited with code 0
[2026-06-14T22:33:30Z DEBUG libturnstile::sandbox] Current placeholder tree: FsTree { root: FsTreeNode { data: Some(PlaceholderDir(PlaceholderDirData { common: CommonPlaceholderData { atime: timespec { tv_sec: 0, tv_nsec: 1073741822 }, mtime: timespec { tv_sec: 0, tv_nsec: 1073741822 } }, mode: 493 })), children: {"bin": FsTreeNode { data: Some(PlaceholderFile(PlaceholderFileData { common: CommonPlaceholderData { atime: timespec { tv_sec: 0, tv_nsec: 1073741822 }, mtime: timespec { tv_sec: 0, tv_nsec: 1073741822 } }, mode: 420, len: 0 })), children: {} }, "lib64": FsTreeNode { data: Some(PlaceholderFile(PlaceholderFileData { common: CommonPlaceholderData { atime: timespec { tv_sec: 0, tv_nsec: 1073741822 }, mtime: timespec { tv_sec: 0, tv_nsec: 1073741822 } }, mode: 420, len: 0 })), children: {} }, "home": FsTreeNode { data: Some(PlaceholderDir(PlaceholderDirData { common: CommonPlaceholderData { atime: timespec { tv_sec: 0, tv_nsec: 1073741822 }, mtime: timespec { tv_sec: 0, tv_nsec: 1073741822 } }, mode: 493 })), children: {"mao": FsTreeNode { data: Some(PlaceholderDir(PlaceholderDirData { common: CommonPlaceholderData { atime: timespec { tv_sec: 0, tv_nsec: 1073741822 }, mtime: timespec { tv_sec: 0, tv_nsec: 1073741822 } }, mode: 493 })), children: {"turnstile": FsTreeNode { data: Some(PlaceholderDir(PlaceholderDirData { common: CommonPlaceholderData { atime: timespec { tv_sec: 0, tv_nsec: 1073741822 }, mtime: timespec { tv_sec: 0, tv_nsec: 1073741822 } }, mode: 493 })), children: {} }} }} }, "lib": FsTreeNode { data: Some(PlaceholderFile(PlaceholderFileData { common: CommonPlaceholderData { atime: timespec { tv_sec: 0, tv_nsec: 1073741822 }, mtime: timespec { tv_sec: 0, tv_nsec: 1073741822 } }, mode: 420, len: 0 })), children: {} }, "usr": FsTreeNode { data: Some(PlaceholderDir(PlaceholderDirData { common: CommonPlaceholderData { atime: timespec { tv_sec: 0, tv_nsec: 1073741822 }, mtime: timespec { tv_sec: 0, tv_nsec: 1073741822 } }, mode: 493 })), children: {"lib": FsTreeNode { data: Some(PlaceholderDir(PlaceholderDirData { common: CommonPlaceholderData { atime: timespec { tv_sec: 0, tv_nsec: 1073741822 }, mtime: timespec { tv_sec: 0, tv_nsec: 1073741822 } }, mode: 493 })), children: {"libcap.so.2.78": FsTreeNode { data: Some(PlaceholderFile(PlaceholderFileData { common: CommonPlaceholderData { atime: timespec { tv_sec: 1781470290, tv_nsec: 304819506 }, mtime: timespec { tv_sec: 1775495227, tv_nsec: 0 } }, mode: 33261, len: 43064 })), children: {} }, "locale": FsTreeNode { data: Some(PlaceholderDir(PlaceholderDirData { common: CommonPlaceholderData { atime: timespec { tv_sec: 0, tv_nsec: 1073741822 }, mtime: timespec { tv_sec: 0, tv_nsec: 1073741822 } }, mode: 493 })), children: {"locale-archive": FsTreeNode { data: Some(PlaceholderFile(PlaceholderFileData { common: CommonPlaceholderData { atime: timespec { tv_sec: 1781470339, tv_nsec: 8892705 }, mtime: timespec { tv_sec: 1779234627, tv_nsec: 401287252 } }, mode: 33188, len: 3064432 })), children: {} }} }, "libc.so.6": FsTreeNode { data: Some(PlaceholderFile(PlaceholderFileData { common: CommonPlaceholderData { atime: timespec { tv_sec: 1781398022, tv_nsec: 480120641 }, mtime: timespec { tv_sec: 1777624420, tv_nsec: 0 } }, mode: 33261, len: 2190624 })), children: {} }} }} }, "proc": FsTreeNode { data: Some(PlaceholderDir(PlaceholderDirData { common: CommonPlaceholderData { atime: timespec { tv_sec: 0, tv_nsec: 1073741822 }, mtime: timespec { tv_sec: 0, tv_nsec: 1073741822 } }, mode: 493 })), children: {} }} }, nb_entries: 14 }
[2026-06-14T22:33:30Z DEBUG libturnstile::sandbox] Desired placeholder tree: FsTree { root: FsTreeNode { data: Some(PlaceholderDir(PlaceholderDirData { common: CommonPlaceholderData { atime: timespec { tv_sec: 0, tv_nsec: 1073741822 }, mtime: timespec { tv_sec: 0, tv_nsec: 1073741822 } }, mode: 493 })), children: {"proc": FsTreeNode { data: Some(PlaceholderDir(PlaceholderDirData { common: CommonPlaceholderData { atime: timespec { tv_sec: 0, tv_nsec: 1073741822 }, mtime: timespec { tv_sec: 0, tv_nsec: 1073741822 } }, mode: 493 })), children: {} }, "lib": FsTreeNode { data: Some(PlaceholderFile(PlaceholderFileData { common: CommonPlaceholderData { atime: timespec { tv_sec: 0, tv_nsec: 1073741822 }, mtime: timespec { tv_sec: 0, tv_nsec: 1073741822 } }, mode: 420, len: 0 })), children: {} }, "home": FsTreeNode { data: Some(PlaceholderDir(PlaceholderDirData { common: CommonPlaceholderData { atime: timespec { tv_sec: 0, tv_nsec: 1073741822 }, mtime: timespec { tv_sec: 0, tv_nsec: 1073741822 } }, mode: 493 })), children: {"mao": FsTreeNode { data: Some(PlaceholderDir(PlaceholderDirData { common: CommonPlaceholderData { atime: timespec { tv_sec: 0, tv_nsec: 1073741822 }, mtime: timespec { tv_sec: 0, tv_nsec: 1073741822 } }, mode: 493 })), children: {"turnstile": FsTreeNode { data: Some(PlaceholderDir(PlaceholderDirData { common: CommonPlaceholderData { atime: timespec { tv_sec: 0, tv_nsec: 1073741822 }, mtime: timespec { tv_sec: 0, tv_nsec: 1073741822 } }, mode: 493 })), children: {} }} }} }, "usr": FsTreeNode { data: Some(PlaceholderDir(PlaceholderDirData { common: CommonPlaceholderData { atime: timespec { tv_sec: 0, tv_nsec: 1073741822 }, mtime: timespec { tv_sec: 0, tv_nsec: 1073741822 } }, mode: 493 })), children: {"share": FsTreeNode { data: Some(PlaceholderDir(PlaceholderDirData { common: CommonPlaceholderData { atime: timespec { tv_sec: 0, tv_nsec: 1073741822 }, mtime: timespec { tv_sec: 0, tv_nsec: 1073741822 } }, mode: 493 })), children: {"locale": FsTreeNode { data: Some(PlaceholderDir(PlaceholderDirData { common: CommonPlaceholderData { atime: timespec { tv_sec: 0, tv_nsec: 1073741822 }, mtime: timespec { tv_sec: 0, tv_nsec: 1073741822 } }, mode: 493 })), children: {"locale.alias": FsTreeNode { data: Some(PlaceholderFile(PlaceholderFileData { common: CommonPlaceholderData { atime: timespec { tv_sec: 1781470290, tv_nsec: 4819058 }, mtime: timespec { tv_sec: 1777624420, tv_nsec: 0 } }, mode: 33188, len: 2998 })), children: {} }} }} }, "lib": FsTreeNode { data: Some(PlaceholderDir(PlaceholderDirData { common: CommonPlaceholderData { atime: timespec { tv_sec: 0, tv_nsec: 1073741822 }, mtime: timespec { tv_sec: 0, tv_nsec: 1073741822 } }, mode: 493 })), children: {"locale": FsTreeNode { data: Some(PlaceholderDir(PlaceholderDirData { common: CommonPlaceholderData { atime: timespec { tv_sec: 0, tv_nsec: 1073741822 }, mtime: timespec { tv_sec: 0, tv_nsec: 1073741822 } }, mode: 493 })), children: {"locale-archive": FsTreeNode { data: Some(PlaceholderFile(PlaceholderFileData { common: CommonPlaceholderData { atime: timespec { tv_sec: 1781470339, tv_nsec: 8892705 }, mtime: timespec { tv_sec: 1779234627, tv_nsec: 401287252 } }, mode: 33188, len: 3064432 })), children: {} }} }, "libcap.so.2.78": FsTreeNode { data: Some(PlaceholderFile(PlaceholderFileData { common: CommonPlaceholderData { atime: timespec { tv_sec: 1781470290, tv_nsec: 304819506 }, mtime: timespec { tv_sec: 1775495227, tv_nsec: 0 } }, mode: 33261, len: 43064 })), children: {} }, "libc.so.6": FsTreeNode { data: Some(PlaceholderFile(PlaceholderFileData { common: CommonPlaceholderData { atime: timespec { tv_sec: 1781398022, tv_nsec: 480120641 }, mtime: timespec { tv_sec: 1777624420, tv_nsec: 0 } }, mode: 33261, len: 2190624 })), children: {} }} }} }, "lib64": FsTreeNode { data: Some(PlaceholderFile(PlaceholderFileData { common: CommonPlaceholderData { atime: timespec { tv_sec: 0, tv_nsec: 1073741822 }, mtime: timespec { tv_sec: 0, tv_nsec: 1073741822 } }, mode: 420, len: 0 })), children: {} }, "bin": FsTreeNode { data: Some(PlaceholderFile(PlaceholderFileData { common: CommonPlaceholderData { atime: timespec { tv_sec: 0, tv_nsec: 1073741822 }, mtime: timespec { tv_sec: 0, tv_nsec: 1073741822 } }, mode: 420, len: 0 })), children: {} }} }, nb_entries: 17 }
[2026-06-14T22:33:30Z DEBUG libturnstile::sandbox] Current mount tree: FsTree { root: FsTreeNode { data: None, children: {"proc": FsTreeNode { data: Some(MountInternal { user: ManagedMountPoint { host_path: "/", attrs: MountAttributes { readonly: true, noexec: true } }, mnt_id: 611, expired: false }), children: {} }, "home": FsTreeNode { data: None, children: {"mao": FsTreeNode { data: None, children: {"turnstile": FsTreeNode { data: Some(MountInternal { user: ManagedMountPoint { host_path: "/home/mao/turnstile", attrs: MountAttributes { readonly: true, noexec: true } }, mnt_id: 648, expired: false }), children: {} }} }} }, "lib64": FsTreeNode { data: Some(MountInternal { user: ManagedMountPoint { host_path: "/lib64", attrs: MountAttributes { readonly: true, noexec: false } }, mnt_id: 615, expired: false }), children: {} }, "lib": FsTreeNode { data: Some(MountInternal { user: ManagedMountPoint { host_path: "/lib", attrs: MountAttributes { readonly: true, noexec: false } }, mnt_id: 610, expired: false }), children: {} }, "bin": FsTreeNode { data: Some(MountInternal { user: ManagedMountPoint { host_path: "/bin", attrs: MountAttributes { readonly: true, noexec: false } }, mnt_id: 616, expired: false }), children: {} }, "usr": FsTreeNode { data: Some(MountInternal { user: ManagedMountPoint { host_path: "/usr", attrs: MountAttributes { readonly: true, noexec: false } }, mnt_id: 614, expired: false }), children: {} }} }, nb_entries: 6 }
[2026-06-14T22:33:30Z DEBUG libturnstile::sandbox] Desired mount tree: FsTree { root: FsTreeNode { data: None, children: {"lib64": FsTreeNode { data: Some(ManagedMountPoint { host_path: "/lib64", attrs: MountAttributes { readonly: true, noexec: false } }), children: {} }, "bin": FsTreeNode { data: Some(ManagedMountPoint { host_path: "/bin", attrs: MountAttributes { readonly: true, noexec: false } }), children: {} }, "home": FsTreeNode { data: None, children: {"mao": FsTreeNode { data: None, children: {"turnstile": FsTreeNode { data: Some(ManagedMountPoint { host_path: "/home/mao/turnstile", attrs: MountAttributes { readonly: true, noexec: true } }), children: {} }} }} }, "usr": FsTreeNode { data: Some(ManagedMountPoint { host_path: "/usr", attrs: MountAttributes { readonly: true, noexec: false } }), children: {} }, "lib": FsTreeNode { data: Some(ManagedMountPoint { host_path: "/lib", attrs: MountAttributes { readonly: true, noexec: false } }), children: {} }, "proc": FsTreeNode { data: Some(ManagedMountPoint { host_path: "/proc", attrs: MountAttributes { readonly: true, noexec: true } }), children: {} }} }, nb_entries: 6 }
[2026-06-14T22:33:30Z DEBUG libturnstile::sandbox::namespace] Joined namespace ns_fds[0] = 5
[2026-06-14T22:33:30Z DEBUG libturnstile::sandbox::namespace] Joined namespace ns_fds[1] = 6
[2026-06-14T22:33:30Z DEBUG libturnstile::sandbox::namespace] Joined namespace ns_fds[2] = 8
[2026-06-14T22:33:30Z DEBUG libturnstile::utils] Forked child exited with code 0
[2026-06-14T22:33:30Z INFO  libturnstile::sandbox] Unmounted "/proc"
[2026-06-14T22:33:30Z DEBUG libturnstile::sandbox::namespace] Joined namespace ns_fds[0] = 5
[2026-06-14T22:33:30Z DEBUG libturnstile::sandbox::namespace] Joined namespace ns_fds[1] = 6
[2026-06-14T22:33:30Z DEBUG libturnstile::sandbox::namespace] Joined namespace ns_fds[0] = 8
[2026-06-14T22:33:30Z DEBUG libturnstile::utils] Forked child exited with code 0
[2026-06-14T22:33:30Z INFO  libturnstile::sandbox] Mount bind "/proc" "/proc" ro,noexec
[2026-06-14T22:33:30Z DEBUG libturnstile::sandbox::namespace] Joined namespace ns_fds[0] = 5
[2026-06-14T22:33:30Z DEBUG libturnstile::sandbox::namespace] Joined namespace ns_fds[1] = 8
[2026-06-14T22:33:30Z DEBUG libturnstile::sandbox::namespace] Joined namespace ns_fds[2] = 7
[2026-06-14T22:33:30Z DEBUG libturnstile::utils] Forked child exited with code 0
[2026-06-14T22:33:30Z DEBUG turnstile_sandbox] added resolve placeholder for "/usr/share/locale/locale.alias"
[2026-06-14T22:33:30Z DEBUG turnstile_sandbox] got request: AccessRequest { operation: FsOperation(FsOpen(OpenOperation { target: FsTarget { dfd: ForeignFd { local_fd: 4 }, path: "usr/lib/locale/C.UTF-8/LC_IDENTIFICATION", no_follow: false }, need_read: true, need_write: false, create_mode: None })) }
[2026-06-14T22:33:30Z DEBUG libturnstile::access::fs] open_target_dfd_in_root: attempt 0 for "/" got different inode (expected id InodeId { dev_major: 0, dev_minor: 58, ino: 1 }, got id InodeId { dev_major: 0, dev_minor: 29, ino: 256 })
[2026-06-14T22:33:30Z DEBUG libturnstile::access::fs] open_target_dfd_in_root: attempt 1 for "/" got different inode (expected id InodeId { dev_major: 0, dev_minor: 58, ino: 1 }, got id InodeId { dev_major: 0, dev_minor: 29, ino: 256 })
[2026-06-14T22:33:30Z ERROR libturnstile::access::fs] open_target_dfd_in_root: too many attempts to open "/" before getting correct inode
[2026-06-14T22:33:30Z DEBUG libturnstile::access::fs] realpath() on FsTarget failed: No such file or directory (os error 2)
[2026-06-14T22:33:30Z ERROR turnstile_sandbox] error reopening target dfd in real root for r "/usr/lib/locale/C.UTF-8/LC_IDENTIFICATION" (invalid): No such file or directory (os error 2)
[2026-06-14T22:33:30Z DEBUG libturnstile::access::fs] realpath() on FsTarget failed: No such file or directory (os error 2)
[2026-06-14T22:33:30Z WARN  libturnstile::sandbox::upgrade] openat upgrade: cannot resolve abspath for "/usr/lib/locale/C.UTF-8/LC_IDENTIFICATION" (invalid): No such file or directory (os error 2) — continuing natively
[2026-06-14T22:33:30Z DEBUG turnstile_sandbox] got request: AccessRequest { operation: FsOperation(FsOpen(OpenOperation { target: FsTarget { dfd: ForeignFd { local_fd: 4 }, path: "usr/lib/locale/C.utf8/LC_IDENTIFICATION", no_follow: false }, need_read: true, need_write: false, create_mode: None })) }
[2026-06-14T22:33:30Z DEBUG libturnstile::access::fs] open_target_dfd_in_root: attempt 0 for "/" got different inode (expected id InodeId { dev_major: 0, dev_minor: 58, ino: 1 }, got id InodeId { dev_major: 0, dev_minor: 29, ino: 256 })
[2026-06-14T22:33:30Z DEBUG libturnstile::access::fs] open_target_dfd_in_root: attempt 1 for "/" got different inode (expected id InodeId { dev_major: 0, dev_minor: 58, ino: 1 }, got id InodeId { dev_major: 0, dev_minor: 29, ino: 256 })
[2026-06-14T22:33:30Z ERROR libturnstile::access::fs] open_target_dfd_in_root: too many attempts to open "/" before getting correct inode
[2026-06-14T22:33:30Z ERROR turnstile_sandbox] error reopening target dfd in real root for r "/usr/lib/locale/C.utf8/LC_IDENTIFICATION": No such file or directory (os error 2)
[2026-06-14T22:33:30Z DEBUG libturnstile::sandbox::namespace] Joined namespace ns_fds[0] = 5
[2026-06-14T22:33:30Z DEBUG libturnstile::sandbox::namespace] Joined namespace ns_fds[1] = 8
[2026-06-14T22:33:30Z DEBUG libturnstile::sandbox::namespace] Joined namespace ns_fds[2] = 7
[2026-06-14T22:33:30Z DEBUG libturnstile::utils] Forked child exited with code 0
[2026-06-14T22:33:30Z DEBUG libturnstile::sandbox::upgrade] openat upgrade: installed fresh fd 3 for "/usr/lib/locale/C.utf8/LC_IDENTIFICATION"
[2026-06-14T22:33:30Z DEBUG turnstile_sandbox] got request: AccessRequest { operation: FsOperation(FsStat(StatOperation { target: FsTarget { dfd: ForeignFd { local_fd: 4 }, path: "", no_follow: false }, lstat: false })) }
[2026-06-14T22:33:30Z DEBUG libturnstile::sandbox::namespace] Joined namespace ns_fds[0] = 5
[2026-06-14T22:33:30Z DEBUG libturnstile::sandbox::namespace] Joined namespace ns_fds[1] = 8
[2026-06-14T22:33:30Z DEBUG libturnstile::utils] Forked child exited with code 0
[2026-06-14T22:33:30Z DEBUG libturnstile::sandbox] Current placeholder tree: FsTree { root: FsTreeNode { data: Some(PlaceholderDir(PlaceholderDirData { common: CommonPlaceholderData { atime: timespec { tv_sec: 0, tv_nsec: 1073741822 }, mtime: timespec { tv_sec: 0, tv_nsec: 1073741822 } }, mode: 493 })), children: {"bin": FsTreeNode { data: Some(PlaceholderFile(PlaceholderFileData { common: CommonPlaceholderData { atime: timespec { tv_sec: 0, tv_nsec: 1073741822 }, mtime: timespec { tv_sec: 0, tv_nsec: 1073741822 } }, mode: 420, len: 0 })), children: {} }, "lib64": FsTreeNode { data: Some(PlaceholderFile(PlaceholderFileData { common: CommonPlaceholderData { atime: timespec { tv_sec: 0, tv_nsec: 1073741822 }, mtime: timespec { tv_sec: 0, tv_nsec: 1073741822 } }, mode: 420, len: 0 })), children: {} }, "home": FsTreeNode { data: Some(PlaceholderDir(PlaceholderDirData { common: CommonPlaceholderData { atime: timespec { tv_sec: 0, tv_nsec: 1073741822 }, mtime: timespec { tv_sec: 0, tv_nsec: 1073741822 } }, mode: 493 })), children: {"mao": FsTreeNode { data: Some(PlaceholderDir(PlaceholderDirData { common: CommonPlaceholderData { atime: timespec { tv_sec: 0, tv_nsec: 1073741822 }, mtime: timespec { tv_sec: 0, tv_nsec: 1073741822 } }, mode: 493 })), children: {"turnstile": FsTreeNode { data: Some(PlaceholderDir(PlaceholderDirData { common: CommonPlaceholderData { atime: timespec { tv_sec: 0, tv_nsec: 1073741822 }, mtime: timespec { tv_sec: 0, tv_nsec: 1073741822 } }, mode: 493 })), children: {} }} }} }, "lib": FsTreeNode { data: Some(PlaceholderFile(PlaceholderFileData { common: CommonPlaceholderData { atime: timespec { tv_sec: 0, tv_nsec: 1073741822 }, mtime: timespec { tv_sec: 0, tv_nsec: 1073741822 } }, mode: 420, len: 0 })), children: {} }, "usr": FsTreeNode { data: Some(PlaceholderDir(PlaceholderDirData { common: CommonPlaceholderData { atime: timespec { tv_sec: 0, tv_nsec: 1073741822 }, mtime: timespec { tv_sec: 0, tv_nsec: 1073741822 } }, mode: 493 })), children: {"share": FsTreeNode { data: Some(PlaceholderDir(PlaceholderDirData { common: CommonPlaceholderData { atime: timespec { tv_sec: 0, tv_nsec: 1073741822 }, mtime: timespec { tv_sec: 0, tv_nsec: 1073741822 } }, mode: 493 })), children: {"locale": FsTreeNode { data: Some(PlaceholderDir(PlaceholderDirData { common: CommonPlaceholderData { atime: timespec { tv_sec: 0, tv_nsec: 1073741822 }, mtime: timespec { tv_sec: 0, tv_nsec: 1073741822 } }, mode: 493 })), children: {"locale.alias": FsTreeNode { data: Some(PlaceholderFile(PlaceholderFileData { common: CommonPlaceholderData { atime: timespec { tv_sec: 1781470290, tv_nsec: 4819058 }, mtime: timespec { tv_sec: 1777624420, tv_nsec: 0 } }, mode: 33188, len: 2998 })), children: {} }} }} }, "lib": FsTreeNode { data: Some(PlaceholderDir(PlaceholderDirData { common: CommonPlaceholderData { atime: timespec { tv_sec: 0, tv_nsec: 1073741822 }, mtime: timespec { tv_sec: 0, tv_nsec: 1073741822 } }, mode: 493 })), children: {"libcap.so.2.78": FsTreeNode { data: Some(PlaceholderFile(PlaceholderFileData { common: CommonPlaceholderData { atime: timespec { tv_sec: 1781470290, tv_nsec: 304819506 }, mtime: timespec { tv_sec: 1775495227, tv_nsec: 0 } }, mode: 33261, len: 43064 })), children: {} }, "locale": FsTreeNode { data: Some(PlaceholderDir(PlaceholderDirData { common: CommonPlaceholderData { atime: timespec { tv_sec: 0, tv_nsec: 1073741822 }, mtime: timespec { tv_sec: 0, tv_nsec: 1073741822 } }, mode: 493 })), children: {"locale-archive": FsTreeNode { data: Some(PlaceholderFile(PlaceholderFileData { common: CommonPlaceholderData { atime: timespec { tv_sec: 1781470339, tv_nsec: 8892705 }, mtime: timespec { tv_sec: 1779234627, tv_nsec: 401287252 } }, mode: 33188, len: 3064432 })), children: {} }} }, "libc.so.6": FsTreeNode { data: Some(PlaceholderFile(PlaceholderFileData { common: CommonPlaceholderData { atime: timespec { tv_sec: 1781398022, tv_nsec: 480120641 }, mtime: timespec { tv_sec: 1777624420, tv_nsec: 0 } }, mode: 33261, len: 2190624 })), children: {} }} }} }, "proc": FsTreeNode { data: Some(PlaceholderDir(PlaceholderDirData { common: CommonPlaceholderData { atime: timespec { tv_sec: 0, tv_nsec: 1073741822 }, mtime: timespec { tv_sec: 0, tv_nsec: 1073741822 } }, mode: 493 })), children: {} }} }, nb_entries: 17 }
[2026-06-14T22:33:30Z DEBUG libturnstile::sandbox] Desired placeholder tree: FsTree { root: FsTreeNode { data: Some(PlaceholderDir(PlaceholderDirData { common: CommonPlaceholderData { atime: timespec { tv_sec: 0, tv_nsec: 1073741822 }, mtime: timespec { tv_sec: 0, tv_nsec: 1073741822 } }, mode: 493 })), children: {"bin": FsTreeNode { data: Some(PlaceholderFile(PlaceholderFileData { common: CommonPlaceholderData { atime: timespec { tv_sec: 0, tv_nsec: 1073741822 }, mtime: timespec { tv_sec: 0, tv_nsec: 1073741822 } }, mode: 420, len: 0 })), children: {} }, "lib": FsTreeNode { data: Some(PlaceholderFile(PlaceholderFileData { common: CommonPlaceholderData { atime: timespec { tv_sec: 0, tv_nsec: 1073741822 }, mtime: timespec { tv_sec: 0, tv_nsec: 1073741822 } }, mode: 420, len: 0 })), children: {} }, "usr": FsTreeNode { data: Some(PlaceholderDir(PlaceholderDirData { common: CommonPlaceholderData { atime: timespec { tv_sec: 0, tv_nsec: 1073741822 }, mtime: timespec { tv_sec: 0, tv_nsec: 1073741822 } }, mode: 493 })), children: {"lib": FsTreeNode { data: Some(PlaceholderDir(PlaceholderDirData { common: CommonPlaceholderData { atime: timespec { tv_sec: 0, tv_nsec: 1073741822 }, mtime: timespec { tv_sec: 0, tv_nsec: 1073741822 } }, mode: 493 })), children: {"locale": FsTreeNode { data: Some(PlaceholderDir(PlaceholderDirData { common: CommonPlaceholderData { atime: timespec { tv_sec: 0, tv_nsec: 1073741822 }, mtime: timespec { tv_sec: 0, tv_nsec: 1073741822 } }, mode: 493 })), children: {"C.utf8": FsTreeNode { data: Some(PlaceholderDir(PlaceholderDirData { common: CommonPlaceholderData { atime: timespec { tv_sec: 0, tv_nsec: 1073741822 }, mtime: timespec { tv_sec: 0, tv_nsec: 1073741822 } }, mode: 493 })), children: {"LC_IDENTIFICATION": FsTreeNode { data: Some(PlaceholderFile(PlaceholderFileData { common: CommonPlaceholderData { atime: timespec { tv_sec: 1781470342, tv_nsec: 4897206 }, mtime: timespec { tv_sec: 1777624420, tv_nsec: 0 } }, mode: 33188, len: 258 })), children: {} }} }, "locale-archive": FsTreeNode { data: Some(PlaceholderFile(PlaceholderFileData { common: CommonPlaceholderData { atime: timespec { tv_sec: 1781470339, tv_nsec: 8892705 }, mtime: timespec { tv_sec: 1779234627, tv_nsec: 401287252 } }, mode: 33188, len: 3064432 })), children: {} }} }, "libc.so.6": FsTreeNode { data: Some(PlaceholderFile(PlaceholderFileData { common: CommonPlaceholderData { atime: timespec { tv_sec: 1781398022, tv_nsec: 480120641 }, mtime: timespec { tv_sec: 1777624420, tv_nsec: 0 } }, mode: 33261, len: 2190624 })), children: {} }, "libcap.so.2.78": FsTreeNode { data: Some(PlaceholderFile(PlaceholderFileData { common: CommonPlaceholderData { atime: timespec { tv_sec: 1781470290, tv_nsec: 304819506 }, mtime: timespec { tv_sec: 1775495227, tv_nsec: 0 } }, mode: 33261, len: 43064 })), children: {} }} }, "share": FsTreeNode { data: Some(PlaceholderDir(PlaceholderDirData { common: CommonPlaceholderData { atime: timespec { tv_sec: 0, tv_nsec: 1073741822 }, mtime: timespec { tv_sec: 0, tv_nsec: 1073741822 } }, mode: 493 })), children: {"locale": FsTreeNode { data: Some(PlaceholderDir(PlaceholderDirData { common: CommonPlaceholderData { atime: timespec { tv_sec: 0, tv_nsec: 1073741822 }, mtime: timespec { tv_sec: 0, tv_nsec: 1073741822 } }, mode: 493 })), children: {"locale.alias": FsTreeNode { data: Some(PlaceholderFile(PlaceholderFileData { common: CommonPlaceholderData { atime: timespec { tv_sec: 1781470290, tv_nsec: 4819058 }, mtime: timespec { tv_sec: 1777624420, tv_nsec: 0 } }, mode: 33188, len: 2998 })), children: {} }} }} }} }, "proc": FsTreeNode { data: Some(PlaceholderDir(PlaceholderDirData { common: CommonPlaceholderData { atime: timespec { tv_sec: 0, tv_nsec: 1073741822 }, mtime: timespec { tv_sec: 0, tv_nsec: 1073741822 } }, mode: 493 })), children: {} }, "lib64": FsTreeNode { data: Some(PlaceholderFile(PlaceholderFileData { common: CommonPlaceholderData { atime: timespec { tv_sec: 0, tv_nsec: 1073741822 }, mtime: timespec { tv_sec: 0, tv_nsec: 1073741822 } }, mode: 420, len: 0 })), children: {} }, "home": FsTreeNode { data: Some(PlaceholderDir(PlaceholderDirData { common: CommonPlaceholderData { atime: timespec { tv_sec: 0, tv_nsec: 1073741822 }, mtime: timespec { tv_sec: 0, tv_nsec: 1073741822 } }, mode: 493 })), children: {"mao": FsTreeNode { data: Some(PlaceholderDir(PlaceholderDirData { common: CommonPlaceholderData { atime: timespec { tv_sec: 0, tv_nsec: 1073741822 }, mtime: timespec { tv_sec: 0, tv_nsec: 1073741822 } }, mode: 493 })), children: {"turnstile": FsTreeNode { data: Some(PlaceholderDir(PlaceholderDirData { common: CommonPlaceholderData { atime: timespec { tv_sec: 0, tv_nsec: 1073741822 }, mtime: timespec { tv_sec: 0, tv_nsec: 1073741822 } }, mode: 493 })), children: {} }} }} }} }, nb_entries: 19 }
[2026-06-14T22:33:30Z DEBUG libturnstile::sandbox] Current mount tree: FsTree { root: FsTreeNode { data: None, children: {"proc": FsTreeNode { data: Some(MountInternal { user: ManagedMountPoint { host_path: "/", attrs: MountAttributes { readonly: true, noexec: true } }, mnt_id: 611, expired: false }), children: {} }, "home": FsTreeNode { data: None, children: {"mao": FsTreeNode { data: None, children: {"turnstile": FsTreeNode { data: Some(MountInternal { user: ManagedMountPoint { host_path: "/home/mao/turnstile", attrs: MountAttributes { readonly: true, noexec: true } }, mnt_id: 648, expired: false }), children: {} }} }} }, "lib64": FsTreeNode { data: Some(MountInternal { user: ManagedMountPoint { host_path: "/lib64", attrs: MountAttributes { readonly: true, noexec: false } }, mnt_id: 615, expired: false }), children: {} }, "lib": FsTreeNode { data: Some(MountInternal { user: ManagedMountPoint { host_path: "/lib", attrs: MountAttributes { readonly: true, noexec: false } }, mnt_id: 610, expired: false }), children: {} }, "bin": FsTreeNode { data: Some(MountInternal { user: ManagedMountPoint { host_path: "/bin", attrs: MountAttributes { readonly: true, noexec: false } }, mnt_id: 616, expired: false }), children: {} }, "usr": FsTreeNode { data: Some(MountInternal { user: ManagedMountPoint { host_path: "/usr", attrs: MountAttributes { readonly: true, noexec: false } }, mnt_id: 614, expired: false }), children: {} }} }, nb_entries: 6 }
[2026-06-14T22:33:30Z DEBUG libturnstile::sandbox] Desired mount tree: FsTree { root: FsTreeNode { data: None, children: {"home": FsTreeNode { data: None, children: {"mao": FsTreeNode { data: None, children: {"turnstile": FsTreeNode { data: Some(ManagedMountPoint { host_path: "/home/mao/turnstile", attrs: MountAttributes { readonly: true, noexec: true } }), children: {} }} }} }, "bin": FsTreeNode { data: Some(ManagedMountPoint { host_path: "/bin", attrs: MountAttributes { readonly: true, noexec: false } }), children: {} }, "lib": FsTreeNode { data: Some(ManagedMountPoint { host_path: "/lib", attrs: MountAttributes { readonly: true, noexec: false } }), children: {} }, "proc": FsTreeNode { data: Some(ManagedMountPoint { host_path: "/proc", attrs: MountAttributes { readonly: true, noexec: true } }), children: {} }, "lib64": FsTreeNode { data: Some(ManagedMountPoint { host_path: "/lib64", attrs: MountAttributes { readonly: true, noexec: false } }), children: {} }, "usr": FsTreeNode { data: Some(ManagedMountPoint { host_path: "/usr", attrs: MountAttributes { readonly: true, noexec: false } }), children: {} }} }, nb_entries: 6 }
[2026-06-14T22:33:30Z DEBUG libturnstile::sandbox::namespace] Joined namespace ns_fds[0] = 5
[2026-06-14T22:33:30Z DEBUG libturnstile::sandbox::namespace] Joined namespace ns_fds[1] = 6
[2026-06-14T22:33:30Z DEBUG libturnstile::sandbox::namespace] Joined namespace ns_fds[2] = 8
[2026-06-14T22:33:30Z DEBUG libturnstile::utils] Forked child exited with code 0
[2026-06-14T22:33:30Z INFO  libturnstile::sandbox] Unmounted "/proc"
[2026-06-14T22:33:30Z DEBUG libturnstile::sandbox::namespace] Joined namespace ns_fds[0] = 5
[2026-06-14T22:33:30Z DEBUG libturnstile::sandbox::namespace] Joined namespace ns_fds[1] = 6
[2026-06-14T22:33:30Z DEBUG libturnstile::sandbox::namespace] Joined namespace ns_fds[0] = 8
[2026-06-14T22:33:30Z DEBUG libturnstile::utils] Forked child exited with code 0
[2026-06-14T22:33:30Z INFO  libturnstile::sandbox] Mount bind "/proc" "/proc" ro,noexec
[2026-06-14T22:33:30Z DEBUG libturnstile::sandbox::namespace] Joined namespace ns_fds[0] = 5
[2026-06-14T22:33:30Z DEBUG libturnstile::sandbox::namespace] Joined namespace ns_fds[1] = 8
[2026-06-14T22:33:30Z DEBUG libturnstile::sandbox::namespace] Joined namespace ns_fds[2] = 7
[2026-06-14T22:33:30Z DEBUG libturnstile::utils] Forked child exited with code 0
[2026-06-14T22:33:30Z DEBUG turnstile_sandbox] added resolve placeholder for "/usr/lib/locale/C.utf8/LC_IDENTIFICATION"
[2026-06-14T22:33:30Z DEBUG turnstile_sandbox] got request: AccessRequest { operation: FsOperation(FsOpen(OpenOperation { target: FsTarget { dfd: ForeignFd { local_fd: 4 }, path: "usr/lib/gconv/gconv-modules.cache", no_follow: false }, need_read: true, need_write: false, create_mode: None })) }
[2026-06-14T22:33:30Z DEBUG libturnstile::access::fs] open_target_dfd_in_root: attempt 0 for "/" got different inode (expected id InodeId { dev_major: 0, dev_minor: 58, ino: 1 }, got id InodeId { dev_major: 0, dev_minor: 29, ino: 256 })
[2026-06-14T22:33:30Z DEBUG libturnstile::access::fs] open_target_dfd_in_root: attempt 1 for "/" got different inode (expected id InodeId { dev_major: 0, dev_minor: 58, ino: 1 }, got id InodeId { dev_major: 0, dev_minor: 29, ino: 256 })
[2026-06-14T22:33:30Z ERROR libturnstile::access::fs] open_target_dfd_in_root: too many attempts to open "/" before getting correct inode
[2026-06-14T22:33:30Z ERROR turnstile_sandbox] error reopening target dfd in real root for r "/usr/lib/gconv/gconv-modules.cache": No such file or directory (os error 2)
[2026-06-14T22:33:30Z DEBUG libturnstile::sandbox::namespace] Joined namespace ns_fds[0] = 5
[2026-06-14T22:33:30Z DEBUG libturnstile::sandbox::namespace] Joined namespace ns_fds[1] = 8
[2026-06-14T22:33:30Z DEBUG libturnstile::sandbox::namespace] Joined namespace ns_fds[2] = 7
[2026-06-14T22:33:30Z DEBUG libturnstile::utils] Forked child exited with code 0
[2026-06-14T22:33:30Z DEBUG libturnstile::sandbox::upgrade] openat upgrade: installed fresh fd 3 for "/usr/lib/gconv/gconv-modules.cache"
[2026-06-14T22:33:30Z DEBUG turnstile_sandbox] got request: AccessRequest { operation: FsOperation(FsStat(StatOperation { target: FsTarget { dfd: ForeignFd { local_fd: 4 }, path: "", no_follow: false }, lstat: false })) }
[2026-06-14T22:33:30Z DEBUG libturnstile::sandbox::namespace] Joined namespace ns_fds[0] = 5
[2026-06-14T22:33:30Z DEBUG libturnstile::sandbox::namespace] Joined namespace ns_fds[1] = 8
[2026-06-14T22:33:30Z DEBUG libturnstile::utils] Forked child exited with code 0
[2026-06-14T22:33:30Z DEBUG libturnstile::sandbox] Current placeholder tree: FsTree { root: FsTreeNode { data: Some(PlaceholderDir(PlaceholderDirData { common: CommonPlaceholderData { atime: timespec { tv_sec: 0, tv_nsec: 1073741822 }, mtime: timespec { tv_sec: 0, tv_nsec: 1073741822 } }, mode: 493 })), children: {"bin": FsTreeNode { data: Some(PlaceholderFile(PlaceholderFileData { common: CommonPlaceholderData { atime: timespec { tv_sec: 0, tv_nsec: 1073741822 }, mtime: timespec { tv_sec: 0, tv_nsec: 1073741822 } }, mode: 420, len: 0 })), children: {} }, "lib64": FsTreeNode { data: Some(PlaceholderFile(PlaceholderFileData { common: CommonPlaceholderData { atime: timespec { tv_sec: 0, tv_nsec: 1073741822 }, mtime: timespec { tv_sec: 0, tv_nsec: 1073741822 } }, mode: 420, len: 0 })), children: {} }, "home": FsTreeNode { data: Some(PlaceholderDir(PlaceholderDirData { common: CommonPlaceholderData { atime: timespec { tv_sec: 0, tv_nsec: 1073741822 }, mtime: timespec { tv_sec: 0, tv_nsec: 1073741822 } }, mode: 493 })), children: {"mao": FsTreeNode { data: Some(PlaceholderDir(PlaceholderDirData { common: CommonPlaceholderData { atime: timespec { tv_sec: 0, tv_nsec: 1073741822 }, mtime: timespec { tv_sec: 0, tv_nsec: 1073741822 } }, mode: 493 })), children: {"turnstile": FsTreeNode { data: Some(PlaceholderDir(PlaceholderDirData { common: CommonPlaceholderData { atime: timespec { tv_sec: 0, tv_nsec: 1073741822 }, mtime: timespec { tv_sec: 0, tv_nsec: 1073741822 } }, mode: 493 })), children: {} }} }} }, "lib": FsTreeNode { data: Some(PlaceholderFile(PlaceholderFileData { common: CommonPlaceholderData { atime: timespec { tv_sec: 0, tv_nsec: 1073741822 }, mtime: timespec { tv_sec: 0, tv_nsec: 1073741822 } }, mode: 420, len: 0 })), children: {} }, "usr": FsTreeNode { data: Some(PlaceholderDir(PlaceholderDirData { common: CommonPlaceholderData { atime: timespec { tv_sec: 0, tv_nsec: 1073741822 }, mtime: timespec { tv_sec: 0, tv_nsec: 1073741822 } }, mode: 493 })), children: {"share": FsTreeNode { data: Some(PlaceholderDir(PlaceholderDirData { common: CommonPlaceholderData { atime: timespec { tv_sec: 0, tv_nsec: 1073741822 }, mtime: timespec { tv_sec: 0, tv_nsec: 1073741822 } }, mode: 493 })), children: {"locale": FsTreeNode { data: Some(PlaceholderDir(PlaceholderDirData { common: CommonPlaceholderData { atime: timespec { tv_sec: 0, tv_nsec: 1073741822 }, mtime: timespec { tv_sec: 0, tv_nsec: 1073741822 } }, mode: 493 })), children: {"locale.alias": FsTreeNode { data: Some(PlaceholderFile(PlaceholderFileData { common: CommonPlaceholderData { atime: timespec { tv_sec: 1781470290, tv_nsec: 4819058 }, mtime: timespec { tv_sec: 1777624420, tv_nsec: 0 } }, mode: 33188, len: 2998 })), children: {} }} }} }, "lib": FsTreeNode { data: Some(PlaceholderDir(PlaceholderDirData { common: CommonPlaceholderData { atime: timespec { tv_sec: 0, tv_nsec: 1073741822 }, mtime: timespec { tv_sec: 0, tv_nsec: 1073741822 } }, mode: 493 })), children: {"libcap.so.2.78": FsTreeNode { data: Some(PlaceholderFile(PlaceholderFileData { common: CommonPlaceholderData { atime: timespec { tv_sec: 1781470290, tv_nsec: 304819506 }, mtime: timespec { tv_sec: 1775495227, tv_nsec: 0 } }, mode: 33261, len: 43064 })), children: {} }, "locale": FsTreeNode { data: Some(PlaceholderDir(PlaceholderDirData { common: CommonPlaceholderData { atime: timespec { tv_sec: 0, tv_nsec: 1073741822 }, mtime: timespec { tv_sec: 0, tv_nsec: 1073741822 } }, mode: 493 })), children: {"C.utf8": FsTreeNode { data: Some(PlaceholderDir(PlaceholderDirData { common: CommonPlaceholderData { atime: timespec { tv_sec: 0, tv_nsec: 1073741822 }, mtime: timespec { tv_sec: 0, tv_nsec: 1073741822 } }, mode: 493 })), children: {"LC_IDENTIFICATION": FsTreeNode { data: Some(PlaceholderFile(PlaceholderFileData { common: CommonPlaceholderData { atime: timespec { tv_sec: 1781470342, tv_nsec: 4897206 }, mtime: timespec { tv_sec: 1777624420, tv_nsec: 0 } }, mode: 33188, len: 258 })), children: {} }} }, "locale-archive": FsTreeNode { data: Some(PlaceholderFile(PlaceholderFileData { common: CommonPlaceholderData { atime: timespec { tv_sec: 1781470339, tv_nsec: 8892705 }, mtime: timespec { tv_sec: 1779234627, tv_nsec: 401287252 } }, mode: 33188, len: 3064432 })), children: {} }} }, "libc.so.6": FsTreeNode { data: Some(PlaceholderFile(PlaceholderFileData { common: CommonPlaceholderData { atime: timespec { tv_sec: 1781398022, tv_nsec: 480120641 }, mtime: timespec { tv_sec: 1777624420, tv_nsec: 0 } }, mode: 33261, len: 2190624 })), children: {} }} }} }, "proc": FsTreeNode { data: Some(PlaceholderDir(PlaceholderDirData { common: CommonPlaceholderData { atime: timespec { tv_sec: 0, tv_nsec: 1073741822 }, mtime: timespec { tv_sec: 0, tv_nsec: 1073741822 } }, mode: 493 })), children: {} }} }, nb_entries: 19 }
[2026-06-14T22:33:30Z DEBUG libturnstile::sandbox] Desired placeholder tree: FsTree { root: FsTreeNode { data: Some(PlaceholderDir(PlaceholderDirData { common: CommonPlaceholderData { atime: timespec { tv_sec: 0, tv_nsec: 1073741822 }, mtime: timespec { tv_sec: 0, tv_nsec: 1073741822 } }, mode: 493 })), children: {"bin": FsTreeNode { data: Some(PlaceholderFile(PlaceholderFileData { common: CommonPlaceholderData { atime: timespec { tv_sec: 0, tv_nsec: 1073741822 }, mtime: timespec { tv_sec: 0, tv_nsec: 1073741822 } }, mode: 420, len: 0 })), children: {} }, "lib64": FsTreeNode { data: Some(PlaceholderFile(PlaceholderFileData { common: CommonPlaceholderData { atime: timespec { tv_sec: 0, tv_nsec: 1073741822 }, mtime: timespec { tv_sec: 0, tv_nsec: 1073741822 } }, mode: 420, len: 0 })), children: {} }, "usr": FsTreeNode { data: Some(PlaceholderDir(PlaceholderDirData { common: CommonPlaceholderData { atime: timespec { tv_sec: 0, tv_nsec: 1073741822 }, mtime: timespec { tv_sec: 0, tv_nsec: 1073741822 } }, mode: 493 })), children: {"lib": FsTreeNode { data: Some(PlaceholderDir(PlaceholderDirData { common: CommonPlaceholderData { atime: timespec { tv_sec: 0, tv_nsec: 1073741822 }, mtime: timespec { tv_sec: 0, tv_nsec: 1073741822 } }, mode: 493 })), children: {"libc.so.6": FsTreeNode { data: Some(PlaceholderFile(PlaceholderFileData { common: CommonPlaceholderData { atime: timespec { tv_sec: 1781398022, tv_nsec: 480120641 }, mtime: timespec { tv_sec: 1777624420, tv_nsec: 0 } }, mode: 33261, len: 2190624 })), children: {} }, "gconv": FsTreeNode { data: Some(PlaceholderDir(PlaceholderDirData { common: CommonPlaceholderData { atime: timespec { tv_sec: 0, tv_nsec: 1073741822 }, mtime: timespec { tv_sec: 0, tv_nsec: 1073741822 } }, mode: 493 })), children: {"gconv-modules.cache": FsTreeNode { data: Some(PlaceholderFile(PlaceholderFileData { common: CommonPlaceholderData { atime: timespec { tv_sec: 1781392908, tv_nsec: 92401431 }, mtime: timespec { tv_sec: 1779234627, tv_nsec: 475287252 } }, mode: 33188, len: 27010 })), children: {} }} }, "locale": FsTreeNode { data: Some(PlaceholderDir(PlaceholderDirData { common: CommonPlaceholderData { atime: timespec { tv_sec: 0, tv_nsec: 1073741822 }, mtime: timespec { tv_sec: 0, tv_nsec: 1073741822 } }, mode: 493 })), children: {"C.utf8": FsTreeNode { data: Some(PlaceholderDir(PlaceholderDirData { common: CommonPlaceholderData { atime: timespec { tv_sec: 0, tv_nsec: 1073741822 }, mtime: timespec { tv_sec: 0, tv_nsec: 1073741822 } }, mode: 493 })), children: {"LC_IDENTIFICATION": FsTreeNode { data: Some(PlaceholderFile(PlaceholderFileData { common: CommonPlaceholderData { atime: timespec { tv_sec: 1781470342, tv_nsec: 4897206 }, mtime: timespec { tv_sec: 1777624420, tv_nsec: 0 } }, mode: 33188, len: 258 })), children: {} }} }, "locale-archive": FsTreeNode { data: Some(PlaceholderFile(PlaceholderFileData { common: CommonPlaceholderData { atime: timespec { tv_sec: 1781470339, tv_nsec: 8892705 }, mtime: timespec { tv_sec: 1779234627, tv_nsec: 401287252 } }, mode: 33188, len: 3064432 })), children: {} }} }, "libcap.so.2.78": FsTreeNode { data: Some(PlaceholderFile(PlaceholderFileData { common: CommonPlaceholderData { atime: timespec { tv_sec: 1781470290, tv_nsec: 304819506 }, mtime: timespec { tv_sec: 1775495227, tv_nsec: 0 } }, mode: 33261, len: 43064 })), children: {} }} }, "share": FsTreeNode { data: Some(PlaceholderDir(PlaceholderDirData { common: CommonPlaceholderData { atime: timespec { tv_sec: 0, tv_nsec: 1073741822 }, mtime: timespec { tv_sec: 0, tv_nsec: 1073741822 } }, mode: 493 })), children: {"locale": FsTreeNode { data: Some(PlaceholderDir(PlaceholderDirData { common: CommonPlaceholderData { atime: timespec { tv_sec: 0, tv_nsec: 1073741822 }, mtime: timespec { tv_sec: 0, tv_nsec: 1073741822 } }, mode: 493 })), children: {"locale.alias": FsTreeNode { data: Some(PlaceholderFile(PlaceholderFileData { common: CommonPlaceholderData { atime: timespec { tv_sec: 1781470290, tv_nsec: 4819058 }, mtime: timespec { tv_sec: 1777624420, tv_nsec: 0 } }, mode: 33188, len: 2998 })), children: {} }} }} }} }, "lib": FsTreeNode { data: Some(PlaceholderFile(PlaceholderFileData { common: CommonPlaceholderData { atime: timespec { tv_sec: 0, tv_nsec: 1073741822 }, mtime: timespec { tv_sec: 0, tv_nsec: 1073741822 } }, mode: 420, len: 0 })), children: {} }, "home": FsTreeNode { data: Some(PlaceholderDir(PlaceholderDirData { common: CommonPlaceholderData { atime: timespec { tv_sec: 0, tv_nsec: 1073741822 }, mtime: timespec { tv_sec: 0, tv_nsec: 1073741822 } }, mode: 493 })), children: {"mao": FsTreeNode { data: Some(PlaceholderDir(PlaceholderDirData { common: CommonPlaceholderData { atime: timespec { tv_sec: 0, tv_nsec: 1073741822 }, mtime: timespec { tv_sec: 0, tv_nsec: 1073741822 } }, mode: 493 })), children: {"turnstile": FsTreeNode { data: Some(PlaceholderDir(PlaceholderDirData { common: CommonPlaceholderData { atime: timespec { tv_sec: 0, tv_nsec: 1073741822 }, mtime: timespec { tv_sec: 0, tv_nsec: 1073741822 } }, mode: 493 })), children: {} }} }} }, "proc": FsTreeNode { data: Some(PlaceholderDir(PlaceholderDirData { common: CommonPlaceholderData { atime: timespec { tv_sec: 0, tv_nsec: 1073741822 }, mtime: timespec { tv_sec: 0, tv_nsec: 1073741822 } }, mode: 493 })), children: {} }} }, nb_entries: 21 }
[2026-06-14T22:33:30Z DEBUG libturnstile::sandbox] Current mount tree: FsTree { root: FsTreeNode { data: None, children: {"proc": FsTreeNode { data: Some(MountInternal { user: ManagedMountPoint { host_path: "/", attrs: MountAttributes { readonly: true, noexec: true } }, mnt_id: 611, expired: false }), children: {} }, "home": FsTreeNode { data: None, children: {"mao": FsTreeNode { data: None, children: {"turnstile": FsTreeNode { data: Some(MountInternal { user: ManagedMountPoint { host_path: "/home/mao/turnstile", attrs: MountAttributes { readonly: true, noexec: true } }, mnt_id: 648, expired: false }), children: {} }} }} }, "lib64": FsTreeNode { data: Some(MountInternal { user: ManagedMountPoint { host_path: "/lib64", attrs: MountAttributes { readonly: true, noexec: false } }, mnt_id: 615, expired: false }), children: {} }, "lib": FsTreeNode { data: Some(MountInternal { user: ManagedMountPoint { host_path: "/lib", attrs: MountAttributes { readonly: true, noexec: false } }, mnt_id: 610, expired: false }), children: {} }, "bin": FsTreeNode { data: Some(MountInternal { user: ManagedMountPoint { host_path: "/bin", attrs: MountAttributes { readonly: true, noexec: false } }, mnt_id: 616, expired: false }), children: {} }, "usr": FsTreeNode { data: Some(MountInternal { user: ManagedMountPoint { host_path: "/usr", attrs: MountAttributes { readonly: true, noexec: false } }, mnt_id: 614, expired: false }), children: {} }} }, nb_entries: 6 }
[2026-06-14T22:33:30Z DEBUG libturnstile::sandbox] Desired mount tree: FsTree { root: FsTreeNode { data: None, children: {"lib64": FsTreeNode { data: Some(ManagedMountPoint { host_path: "/lib64", attrs: MountAttributes { readonly: true, noexec: false } }), children: {} }, "home": FsTreeNode { data: None, children: {"mao": FsTreeNode { data: None, children: {"turnstile": FsTreeNode { data: Some(ManagedMountPoint { host_path: "/home/mao/turnstile", attrs: MountAttributes { readonly: true, noexec: true } }), children: {} }} }} }, "lib": FsTreeNode { data: Some(ManagedMountPoint { host_path: "/lib", attrs: MountAttributes { readonly: true, noexec: false } }), children: {} }, "usr": FsTreeNode { data: Some(ManagedMountPoint { host_path: "/usr", attrs: MountAttributes { readonly: true, noexec: false } }), children: {} }, "bin": FsTreeNode { data: Some(ManagedMountPoint { host_path: "/bin", attrs: MountAttributes { readonly: true, noexec: false } }), children: {} }, "proc": FsTreeNode { data: Some(ManagedMountPoint { host_path: "/proc", attrs: MountAttributes { readonly: true, noexec: true } }), children: {} }} }, nb_entries: 6 }
[2026-06-14T22:33:30Z DEBUG libturnstile::sandbox::namespace] Joined namespace ns_fds[0] = 5
[2026-06-14T22:33:30Z DEBUG libturnstile::sandbox::namespace] Joined namespace ns_fds[1] = 6
[2026-06-14T22:33:30Z DEBUG libturnstile::sandbox::namespace] Joined namespace ns_fds[2] = 8
[2026-06-14T22:33:30Z DEBUG libturnstile::utils] Forked child exited with code 0
[2026-06-14T22:33:30Z INFO  libturnstile::sandbox] Unmounted "/proc"
[2026-06-14T22:33:30Z DEBUG libturnstile::sandbox::namespace] Joined namespace ns_fds[0] = 5
[2026-06-14T22:33:30Z DEBUG libturnstile::sandbox::namespace] Joined namespace ns_fds[1] = 6
[2026-06-14T22:33:30Z DEBUG libturnstile::sandbox::namespace] Joined namespace ns_fds[0] = 8
[2026-06-14T22:33:30Z DEBUG libturnstile::utils] Forked child exited with code 0
[2026-06-14T22:33:30Z INFO  libturnstile::sandbox] Mount bind "/proc" "/proc" ro,noexec
[2026-06-14T22:33:30Z DEBUG libturnstile::sandbox::namespace] Joined namespace ns_fds[0] = 5
[2026-06-14T22:33:30Z DEBUG libturnstile::sandbox::namespace] Joined namespace ns_fds[1] = 8
[2026-06-14T22:33:30Z DEBUG libturnstile::sandbox::namespace] Joined namespace ns_fds[2] = 7
[2026-06-14T22:33:30Z DEBUG libturnstile::utils] Forked child exited with code 0
[2026-06-14T22:33:30Z DEBUG turnstile_sandbox] added resolve placeholder for "/usr/lib/gconv/gconv-modules.cache"
[2026-06-14T22:33:30Z DEBUG turnstile_sandbox] got request: AccessRequest { operation: FsOperation(FsOpen(OpenOperation { target: FsTarget { dfd: ForeignFd { local_fd: 4 }, path: "usr/lib/locale/C.UTF-8/LC_MEASUREMENT", no_follow: false }, need_read: true, need_write: false, create_mode: None })) }
[2026-06-14T22:33:30Z DEBUG libturnstile::access::fs] open_target_dfd_in_root: attempt 0 for "/" got different inode (expected id InodeId { dev_major: 0, dev_minor: 58, ino: 1 }, got id InodeId { dev_major: 0, dev_minor: 29, ino: 256 })
[2026-06-14T22:33:30Z DEBUG libturnstile::access::fs] open_target_dfd_in_root: attempt 1 for "/" got different inode (expected id InodeId { dev_major: 0, dev_minor: 58, ino: 1 }, got id InodeId { dev_major: 0, dev_minor: 29, ino: 256 })
[2026-06-14T22:33:30Z ERROR libturnstile::access::fs] open_target_dfd_in_root: too many attempts to open "/" before getting correct inode
[2026-06-14T22:33:30Z DEBUG libturnstile::access::fs] realpath() on FsTarget failed: No such file or directory (os error 2)
[2026-06-14T22:33:30Z ERROR turnstile_sandbox] error reopening target dfd in real root for r "/usr/lib/locale/C.UTF-8/LC_MEASUREMENT" (invalid): No such file or directory (os error 2)
[2026-06-14T22:33:30Z DEBUG libturnstile::access::fs] realpath() on FsTarget failed: No such file or directory (os error 2)
[2026-06-14T22:33:30Z WARN  libturnstile::sandbox::upgrade] openat upgrade: cannot resolve abspath for "/usr/lib/locale/C.UTF-8/LC_MEASUREMENT" (invalid): No such file or directory (os error 2) — continuing natively
[2026-06-14T22:33:30Z DEBUG turnstile_sandbox] got request: AccessRequest { operation: FsOperation(FsOpen(OpenOperation { target: FsTarget { dfd: ForeignFd { local_fd: 4 }, path: "usr/lib/locale/C.utf8/LC_MEASUREMENT", no_follow: false }, need_read: true, need_write: false, create_mode: None })) }
[2026-06-14T22:33:30Z DEBUG libturnstile::access::fs] open_target_dfd_in_root: attempt 0 for "/" got different inode (expected id InodeId { dev_major: 0, dev_minor: 58, ino: 1 }, got id InodeId { dev_major: 0, dev_minor: 29, ino: 256 })
[2026-06-14T22:33:30Z DEBUG libturnstile::access::fs] open_target_dfd_in_root: attempt 1 for "/" got different inode (expected id InodeId { dev_major: 0, dev_minor: 58, ino: 1 }, got id InodeId { dev_major: 0, dev_minor: 29, ino: 256 })
[2026-06-14T22:33:30Z ERROR libturnstile::access::fs] open_target_dfd_in_root: too many attempts to open "/" before getting correct inode
[2026-06-14T22:33:30Z ERROR turnstile_sandbox] error reopening target dfd in real root for r "/usr/lib/locale/C.utf8/LC_MEASUREMENT": No such file or directory (os error 2)
[2026-06-14T22:33:30Z DEBUG libturnstile::sandbox::namespace] Joined namespace ns_fds[0] = 5
[2026-06-14T22:33:30Z DEBUG libturnstile::sandbox::namespace] Joined namespace ns_fds[1] = 8
[2026-06-14T22:33:30Z DEBUG libturnstile::sandbox::namespace] Joined namespace ns_fds[2] = 7
[2026-06-14T22:33:30Z DEBUG libturnstile::utils] Forked child exited with code 0
[2026-06-14T22:33:30Z DEBUG libturnstile::sandbox::upgrade] openat upgrade: installed fresh fd 3 for "/usr/lib/locale/C.utf8/LC_MEASUREMENT"
[2026-06-14T22:33:30Z DEBUG turnstile_sandbox] got request: AccessRequest { operation: FsOperation(FsStat(StatOperation { target: FsTarget { dfd: ForeignFd { local_fd: 4 }, path: "", no_follow: false }, lstat: false })) }
[2026-06-14T22:33:30Z DEBUG libturnstile::sandbox::namespace] Joined namespace ns_fds[0] = 5
[2026-06-14T22:33:30Z DEBUG libturnstile::sandbox::namespace] Joined namespace ns_fds[1] = 8
[2026-06-14T22:33:30Z DEBUG libturnstile::utils] Forked child exited with code 0
[2026-06-14T22:33:30Z DEBUG libturnstile::sandbox] Current placeholder tree: FsTree { root: FsTreeNode { data: Some(PlaceholderDir(PlaceholderDirData { common: CommonPlaceholderData { atime: timespec { tv_sec: 0, tv_nsec: 1073741822 }, mtime: timespec { tv_sec: 0, tv_nsec: 1073741822 } }, mode: 493 })), children: {"bin": FsTreeNode { data: Some(PlaceholderFile(PlaceholderFileData { common: CommonPlaceholderData { atime: timespec { tv_sec: 0, tv_nsec: 1073741822 }, mtime: timespec { tv_sec: 0, tv_nsec: 1073741822 } }, mode: 420, len: 0 })), children: {} }, "lib64": FsTreeNode { data: Some(PlaceholderFile(PlaceholderFileData { common: CommonPlaceholderData { atime: timespec { tv_sec: 0, tv_nsec: 1073741822 }, mtime: timespec { tv_sec: 0, tv_nsec: 1073741822 } }, mode: 420, len: 0 })), children: {} }, "home": FsTreeNode { data: Some(PlaceholderDir(PlaceholderDirData { common: CommonPlaceholderData { atime: timespec { tv_sec: 0, tv_nsec: 1073741822 }, mtime: timespec { tv_sec: 0, tv_nsec: 1073741822 } }, mode: 493 })), children: {"mao": FsTreeNode { data: Some(PlaceholderDir(PlaceholderDirData { common: CommonPlaceholderData { atime: timespec { tv_sec: 0, tv_nsec: 1073741822 }, mtime: timespec { tv_sec: 0, tv_nsec: 1073741822 } }, mode: 493 })), children: {"turnstile": FsTreeNode { data: Some(PlaceholderDir(PlaceholderDirData { common: CommonPlaceholderData { atime: timespec { tv_sec: 0, tv_nsec: 1073741822 }, mtime: timespec { tv_sec: 0, tv_nsec: 1073741822 } }, mode: 493 })), children: {} }} }} }, "lib": FsTreeNode { data: Some(PlaceholderFile(PlaceholderFileData { common: CommonPlaceholderData { atime: timespec { tv_sec: 0, tv_nsec: 1073741822 }, mtime: timespec { tv_sec: 0, tv_nsec: 1073741822 } }, mode: 420, len: 0 })), children: {} }, "usr": FsTreeNode { data: Some(PlaceholderDir(PlaceholderDirData { common: CommonPlaceholderData { atime: timespec { tv_sec: 0, tv_nsec: 1073741822 }, mtime: timespec { tv_sec: 0, tv_nsec: 1073741822 } }, mode: 493 })), children: {"share": FsTreeNode { data: Some(PlaceholderDir(PlaceholderDirData { common: CommonPlaceholderData { atime: timespec { tv_sec: 0, tv_nsec: 1073741822 }, mtime: timespec { tv_sec: 0, tv_nsec: 1073741822 } }, mode: 493 })), children: {"locale": FsTreeNode { data: Some(PlaceholderDir(PlaceholderDirData { common: CommonPlaceholderData { atime: timespec { tv_sec: 0, tv_nsec: 1073741822 }, mtime: timespec { tv_sec: 0, tv_nsec: 1073741822 } }, mode: 493 })), children: {"locale.alias": FsTreeNode { data: Some(PlaceholderFile(PlaceholderFileData { common: CommonPlaceholderData { atime: timespec { tv_sec: 1781470290, tv_nsec: 4819058 }, mtime: timespec { tv_sec: 1777624420, tv_nsec: 0 } }, mode: 33188, len: 2998 })), children: {} }} }} }, "lib": FsTreeNode { data: Some(PlaceholderDir(PlaceholderDirData { common: CommonPlaceholderData { atime: timespec { tv_sec: 0, tv_nsec: 1073741822 }, mtime: timespec { tv_sec: 0, tv_nsec: 1073741822 } }, mode: 493 })), children: {"libcap.so.2.78": FsTreeNode { data: Some(PlaceholderFile(PlaceholderFileData { common: CommonPlaceholderData { atime: timespec { tv_sec: 1781470290, tv_nsec: 304819506 }, mtime: timespec { tv_sec: 1775495227, tv_nsec: 0 } }, mode: 33261, len: 43064 })), children: {} }, "locale": FsTreeNode { data: Some(PlaceholderDir(PlaceholderDirData { common: CommonPlaceholderData { atime: timespec { tv_sec: 0, tv_nsec: 1073741822 }, mtime: timespec { tv_sec: 0, tv_nsec: 1073741822 } }, mode: 493 })), children: {"C.utf8": FsTreeNode { data: Some(PlaceholderDir(PlaceholderDirData { common: CommonPlaceholderData { atime: timespec { tv_sec: 0, tv_nsec: 1073741822 }, mtime: timespec { tv_sec: 0, tv_nsec: 1073741822 } }, mode: 493 })), children: {"LC_IDENTIFICATION": FsTreeNode { data: Some(PlaceholderFile(PlaceholderFileData { common: CommonPlaceholderData { atime: timespec { tv_sec: 1781470342, tv_nsec: 4897206 }, mtime: timespec { tv_sec: 1777624420, tv_nsec: 0 } }, mode: 33188, len: 258 })), children: {} }} }, "locale-archive": FsTreeNode { data: Some(PlaceholderFile(PlaceholderFileData { common: CommonPlaceholderData { atime: timespec { tv_sec: 1781470339, tv_nsec: 8892705 }, mtime: timespec { tv_sec: 1779234627, tv_nsec: 401287252 } }, mode: 33188, len: 3064432 })), children: {} }} }, "gconv": FsTreeNode { data: Some(PlaceholderDir(PlaceholderDirData { common: CommonPlaceholderData { atime: timespec { tv_sec: 0, tv_nsec: 1073741822 }, mtime: timespec { tv_sec: 0, tv_nsec: 1073741822 } }, mode: 493 })), children: {"gconv-modules.cache": FsTreeNode { data: Some(PlaceholderFile(PlaceholderFileData { common: CommonPlaceholderData { atime: timespec { tv_sec: 1781392908, tv_nsec: 92401431 }, mtime: timespec { tv_sec: 1779234627, tv_nsec: 475287252 } }, mode: 33188, len: 27010 })), children: {} }} }, "libc.so.6": FsTreeNode { data: Some(PlaceholderFile(PlaceholderFileData { common: CommonPlaceholderData { atime: timespec { tv_sec: 1781398022, tv_nsec: 480120641 }, mtime: timespec { tv_sec: 1777624420, tv_nsec: 0 } }, mode: 33261, len: 2190624 })), children: {} }} }} }, "proc": FsTreeNode { data: Some(PlaceholderDir(PlaceholderDirData { common: CommonPlaceholderData { atime: timespec { tv_sec: 0, tv_nsec: 1073741822 }, mtime: timespec { tv_sec: 0, tv_nsec: 1073741822 } }, mode: 493 })), children: {} }} }, nb_entries: 21 }
[2026-06-14T22:33:30Z DEBUG libturnstile::sandbox] Desired placeholder tree: FsTree { root: FsTreeNode { data: Some(PlaceholderDir(PlaceholderDirData { common: CommonPlaceholderData { atime: timespec { tv_sec: 0, tv_nsec: 1073741822 }, mtime: timespec { tv_sec: 0, tv_nsec: 1073741822 } }, mode: 493 })), children: {"proc": FsTreeNode { data: Some(PlaceholderDir(PlaceholderDirData { common: CommonPlaceholderData { atime: timespec { tv_sec: 0, tv_nsec: 1073741822 }, mtime: timespec { tv_sec: 0, tv_nsec: 1073741822 } }, mode: 493 })), children: {} }, "usr": FsTreeNode { data: Some(PlaceholderDir(PlaceholderDirData { common: CommonPlaceholderData { atime: timespec { tv_sec: 0, tv_nsec: 1073741822 }, mtime: timespec { tv_sec: 0, tv_nsec: 1073741822 } }, mode: 493 })), children: {"lib": FsTreeNode { data: Some(PlaceholderDir(PlaceholderDirData { common: CommonPlaceholderData { atime: timespec { tv_sec: 0, tv_nsec: 1073741822 }, mtime: timespec { tv_sec: 0, tv_nsec: 1073741822 } }, mode: 493 })), children: {"gconv": FsTreeNode { data: Some(PlaceholderDir(PlaceholderDirData { common: CommonPlaceholderData { atime: timespec { tv_sec: 0, tv_nsec: 1073741822 }, mtime: timespec { tv_sec: 0, tv_nsec: 1073741822 } }, mode: 493 })), children: {"gconv-modules.cache": FsTreeNode { data: Some(PlaceholderFile(PlaceholderFileData { common: CommonPlaceholderData { atime: timespec { tv_sec: 1781392908, tv_nsec: 92401431 }, mtime: timespec { tv_sec: 1779234627, tv_nsec: 475287252 } }, mode: 33188, len: 27010 })), children: {} }} }, "libcap.so.2.78": FsTreeNode { data: Some(PlaceholderFile(PlaceholderFileData { common: CommonPlaceholderData { atime: timespec { tv_sec: 1781470290, tv_nsec: 304819506 }, mtime: timespec { tv_sec: 1775495227, tv_nsec: 0 } }, mode: 33261, len: 43064 })), children: {} }, "locale": FsTreeNode { data: Some(PlaceholderDir(PlaceholderDirData { common: CommonPlaceholderData { atime: timespec { tv_sec: 0, tv_nsec: 1073741822 }, mtime: timespec { tv_sec: 0, tv_nsec: 1073741822 } }, mode: 493 })), children: {"C.utf8": FsTreeNode { data: Some(PlaceholderDir(PlaceholderDirData { common: CommonPlaceholderData { atime: timespec { tv_sec: 0, tv_nsec: 1073741822 }, mtime: timespec { tv_sec: 0, tv_nsec: 1073741822 } }, mode: 493 })), children: {"LC_IDENTIFICATION": FsTreeNode { data: Some(PlaceholderFile(PlaceholderFileData { common: CommonPlaceholderData { atime: timespec { tv_sec: 1781470342, tv_nsec: 4897206 }, mtime: timespec { tv_sec: 1777624420, tv_nsec: 0 } }, mode: 33188, len: 258 })), children: {} }, "LC_MEASUREMENT": FsTreeNode { data: Some(PlaceholderFile(PlaceholderFileData { common: CommonPlaceholderData { atime: timespec { tv_sec: 1781470342, tv_nsec: 4897206 }, mtime: timespec { tv_sec: 1777624420, tv_nsec: 0 } }, mode: 33188, len: 23 })), children: {} }} }, "locale-archive": FsTreeNode { data: Some(PlaceholderFile(PlaceholderFileData { common: CommonPlaceholderData { atime: timespec { tv_sec: 1781470339, tv_nsec: 8892705 }, mtime: timespec { tv_sec: 1779234627, tv_nsec: 401287252 } }, mode: 33188, len: 3064432 })), children: {} }} }, "libc.so.6": FsTreeNode { data: Some(PlaceholderFile(PlaceholderFileData { common: CommonPlaceholderData { atime: timespec { tv_sec: 1781398022, tv_nsec: 480120641 }, mtime: timespec { tv_sec: 1777624420, tv_nsec: 0 } }, mode: 33261, len: 2190624 })), children: {} }} }, "share": FsTreeNode { data: Some(PlaceholderDir(PlaceholderDirData { common: CommonPlaceholderData { atime: timespec { tv_sec: 0, tv_nsec: 1073741822 }, mtime: timespec { tv_sec: 0, tv_nsec: 1073741822 } }, mode: 493 })), children: {"locale": FsTreeNode { data: Some(PlaceholderDir(PlaceholderDirData { common: CommonPlaceholderData { atime: timespec { tv_sec: 0, tv_nsec: 1073741822 }, mtime: timespec { tv_sec: 0, tv_nsec: 1073741822 } }, mode: 493 })), children: {"locale.alias": FsTreeNode { data: Some(PlaceholderFile(PlaceholderFileData { common: CommonPlaceholderData { atime: timespec { tv_sec: 1781470290, tv_nsec: 4819058 }, mtime: timespec { tv_sec: 1777624420, tv_nsec: 0 } }, mode: 33188, len: 2998 })), children: {} }} }} }} }, "lib64": FsTreeNode { data: Some(PlaceholderFile(PlaceholderFileData { common: CommonPlaceholderData { atime: timespec { tv_sec: 0, tv_nsec: 1073741822 }, mtime: timespec { tv_sec: 0, tv_nsec: 1073741822 } }, mode: 420, len: 0 })), children: {} }, "home": FsTreeNode { data: Some(PlaceholderDir(PlaceholderDirData { common: CommonPlaceholderData { atime: timespec { tv_sec: 0, tv_nsec: 1073741822 }, mtime: timespec { tv_sec: 0, tv_nsec: 1073741822 } }, mode: 493 })), children: {"mao": FsTreeNode { data: Some(PlaceholderDir(PlaceholderDirData { common: CommonPlaceholderData { atime: timespec { tv_sec: 0, tv_nsec: 1073741822 }, mtime: timespec { tv_sec: 0, tv_nsec: 1073741822 } }, mode: 493 })), children: {"turnstile": FsTreeNode { data: Some(PlaceholderDir(PlaceholderDirData { common: CommonPlaceholderData { atime: timespec { tv_sec: 0, tv_nsec: 1073741822 }, mtime: timespec { tv_sec: 0, tv_nsec: 1073741822 } }, mode: 493 })), children: {} }} }} }, "bin": FsTreeNode { data: Some(PlaceholderFile(PlaceholderFileData { common: CommonPlaceholderData { atime: timespec { tv_sec: 0, tv_nsec: 1073741822 }, mtime: timespec { tv_sec: 0, tv_nsec: 1073741822 } }, mode: 420, len: 0 })), children: {} }, "lib": FsTreeNode { data: Some(PlaceholderFile(PlaceholderFileData { common: CommonPlaceholderData { atime: timespec { tv_sec: 0, tv_nsec: 1073741822 }, mtime: timespec { tv_sec: 0, tv_nsec: 1073741822 } }, mode: 420, len: 0 })), children: {} }} }, nb_entries: 22 }
[2026-06-14T22:33:30Z DEBUG libturnstile::sandbox] Current mount tree: FsTree { root: FsTreeNode { data: None, children: {"proc": FsTreeNode { data: Some(MountInternal { user: ManagedMountPoint { host_path: "/", attrs: MountAttributes { readonly: true, noexec: true } }, mnt_id: 611, expired: false }), children: {} }, "home": FsTreeNode { data: None, children: {"mao": FsTreeNode { data: None, children: {"turnstile": FsTreeNode { data: Some(MountInternal { user: ManagedMountPoint { host_path: "/home/mao/turnstile", attrs: MountAttributes { readonly: true, noexec: true } }, mnt_id: 648, expired: false }), children: {} }} }} }, "lib64": FsTreeNode { data: Some(MountInternal { user: ManagedMountPoint { host_path: "/lib64", attrs: MountAttributes { readonly: true, noexec: false } }, mnt_id: 615, expired: false }), children: {} }, "lib": FsTreeNode { data: Some(MountInternal { user: ManagedMountPoint { host_path: "/lib", attrs: MountAttributes { readonly: true, noexec: false } }, mnt_id: 610, expired: false }), children: {} }, "bin": FsTreeNode { data: Some(MountInternal { user: ManagedMountPoint { host_path: "/bin", attrs: MountAttributes { readonly: true, noexec: false } }, mnt_id: 616, expired: false }), children: {} }, "usr": FsTreeNode { data: Some(MountInternal { user: ManagedMountPoint { host_path: "/usr", attrs: MountAttributes { readonly: true, noexec: false } }, mnt_id: 614, expired: false }), children: {} }} }, nb_entries: 6 }
[2026-06-14T22:33:30Z DEBUG libturnstile::sandbox] Desired mount tree: FsTree { root: FsTreeNode { data: None, children: {"lib": FsTreeNode { data: Some(ManagedMountPoint { host_path: "/lib", attrs: MountAttributes { readonly: true, noexec: false } }), children: {} }, "lib64": FsTreeNode { data: Some(ManagedMountPoint { host_path: "/lib64", attrs: MountAttributes { readonly: true, noexec: false } }), children: {} }, "proc": FsTreeNode { data: Some(ManagedMountPoint { host_path: "/proc", attrs: MountAttributes { readonly: true, noexec: true } }), children: {} }, "bin": FsTreeNode { data: Some(ManagedMountPoint { host_path: "/bin", attrs: MountAttributes { readonly: true, noexec: false } }), children: {} }, "home": FsTreeNode { data: None, children: {"mao": FsTreeNode { data: None, children: {"turnstile": FsTreeNode { data: Some(ManagedMountPoint { host_path: "/home/mao/turnstile", attrs: MountAttributes { readonly: true, noexec: true } }), children: {} }} }} }, "usr": FsTreeNode { data: Some(ManagedMountPoint { host_path: "/usr", attrs: MountAttributes { readonly: true, noexec: false } }), children: {} }} }, nb_entries: 6 }
[2026-06-14T22:33:30Z DEBUG libturnstile::sandbox::namespace] Joined namespace ns_fds[0] = 5
[2026-06-14T22:33:30Z DEBUG libturnstile::sandbox::namespace] Joined namespace ns_fds[1] = 6
[2026-06-14T22:33:30Z DEBUG libturnstile::sandbox::namespace] Joined namespace ns_fds[2] = 8
[2026-06-14T22:33:30Z DEBUG libturnstile::utils] Forked child exited with code 0
[2026-06-14T22:33:30Z INFO  libturnstile::sandbox] Unmounted "/proc"
[2026-06-14T22:33:30Z DEBUG libturnstile::sandbox::namespace] Joined namespace ns_fds[0] = 5
[2026-06-14T22:33:30Z DEBUG libturnstile::sandbox::namespace] Joined namespace ns_fds[1] = 6
[2026-06-14T22:33:30Z DEBUG libturnstile::sandbox::namespace] Joined namespace ns_fds[0] = 8
[2026-06-14T22:33:30Z DEBUG libturnstile::utils] Forked child exited with code 0
[2026-06-14T22:33:30Z INFO  libturnstile::sandbox] Mount bind "/proc" "/proc" ro,noexec
[2026-06-14T22:33:30Z DEBUG libturnstile::sandbox::namespace] Joined namespace ns_fds[0] = 5
[2026-06-14T22:33:30Z DEBUG libturnstile::sandbox::namespace] Joined namespace ns_fds[1] = 8
[2026-06-14T22:33:30Z DEBUG libturnstile::sandbox::namespace] Joined namespace ns_fds[2] = 7
[2026-06-14T22:33:30Z DEBUG libturnstile::utils] Forked child exited with code 0
[2026-06-14T22:33:30Z DEBUG turnstile_sandbox] added resolve placeholder for "/usr/lib/locale/C.utf8/LC_MEASUREMENT"
[2026-06-14T22:33:30Z DEBUG turnstile_sandbox] got request: AccessRequest { operation: FsOperation(FsOpen(OpenOperation { target: FsTarget { dfd: ForeignFd { local_fd: 4 }, path: "usr/lib/locale/C.UTF-8/LC_TELEPHONE", no_follow: false }, need_read: true, need_write: false, create_mode: None })) }
[2026-06-14T22:33:30Z DEBUG libturnstile::access::fs] open_target_dfd_in_root: attempt 0 for "/" got different inode (expected id InodeId { dev_major: 0, dev_minor: 58, ino: 1 }, got id InodeId { dev_major: 0, dev_minor: 29, ino: 256 })
[2026-06-14T22:33:30Z DEBUG libturnstile::access::fs] open_target_dfd_in_root: attempt 1 for "/" got different inode (expected id InodeId { dev_major: 0, dev_minor: 58, ino: 1 }, got id InodeId { dev_major: 0, dev_minor: 29, ino: 256 })
[2026-06-14T22:33:30Z ERROR libturnstile::access::fs] open_target_dfd_in_root: too many attempts to open "/" before getting correct inode
[2026-06-14T22:33:30Z DEBUG libturnstile::access::fs] realpath() on FsTarget failed: No such file or directory (os error 2)
[2026-06-14T22:33:30Z ERROR turnstile_sandbox] error reopening target dfd in real root for r "/usr/lib/locale/C.UTF-8/LC_TELEPHONE" (invalid): No such file or directory (os error 2)
[2026-06-14T22:33:30Z DEBUG libturnstile::access::fs] realpath() on FsTarget failed: No such file or directory (os error 2)
[2026-06-14T22:33:30Z WARN  libturnstile::sandbox::upgrade] openat upgrade: cannot resolve abspath for "/usr/lib/locale/C.UTF-8/LC_TELEPHONE" (invalid): No such file or directory (os error 2) — continuing natively
[2026-06-14T22:33:30Z DEBUG turnstile_sandbox] got request: AccessRequest { operation: FsOperation(FsOpen(OpenOperation { target: FsTarget { dfd: ForeignFd { local_fd: 4 }, path: "usr/lib/locale/C.utf8/LC_TELEPHONE", no_follow: false }, need_read: true, need_write: false, create_mode: None })) }
[2026-06-14T22:33:30Z DEBUG libturnstile::access::fs] open_target_dfd_in_root: attempt 0 for "/" got different inode (expected id InodeId { dev_major: 0, dev_minor: 58, ino: 1 }, got id InodeId { dev_major: 0, dev_minor: 29, ino: 256 })
[2026-06-14T22:33:30Z DEBUG libturnstile::access::fs] open_target_dfd_in_root: attempt 1 for "/" got different inode (expected id InodeId { dev_major: 0, dev_minor: 58, ino: 1 }, got id InodeId { dev_major: 0, dev_minor: 29, ino: 256 })
[2026-06-14T22:33:30Z ERROR libturnstile::access::fs] open_target_dfd_in_root: too many attempts to open "/" before getting correct inode
[2026-06-14T22:33:30Z ERROR turnstile_sandbox] error reopening target dfd in real root for r "/usr/lib/locale/C.utf8/LC_TELEPHONE": No such file or directory (os error 2)
[2026-06-14T22:33:30Z DEBUG libturnstile::sandbox::namespace] Joined namespace ns_fds[0] = 5
[2026-06-14T22:33:30Z DEBUG libturnstile::sandbox::namespace] Joined namespace ns_fds[1] = 8
[2026-06-14T22:33:30Z DEBUG libturnstile::sandbox::namespace] Joined namespace ns_fds[2] = 7
[2026-06-14T22:33:30Z DEBUG libturnstile::utils] Forked child exited with code 0
[2026-06-14T22:33:30Z DEBUG libturnstile::sandbox::upgrade] openat upgrade: installed fresh fd 3 for "/usr/lib/locale/C.utf8/LC_TELEPHONE"
[2026-06-14T22:33:30Z DEBUG turnstile_sandbox] got request: AccessRequest { operation: FsOperation(FsStat(StatOperation { target: FsTarget { dfd: ForeignFd { local_fd: 4 }, path: "", no_follow: false }, lstat: false })) }
[2026-06-14T22:33:30Z DEBUG libturnstile::sandbox::namespace] Joined namespace ns_fds[0] = 5
[2026-06-14T22:33:30Z DEBUG libturnstile::sandbox::namespace] Joined namespace ns_fds[1] = 8
[2026-06-14T22:33:30Z DEBUG libturnstile::utils] Forked child exited with code 0
[2026-06-14T22:33:30Z DEBUG libturnstile::sandbox] Current placeholder tree: FsTree { root: FsTreeNode { data: Some(PlaceholderDir(PlaceholderDirData { common: CommonPlaceholderData { atime: timespec { tv_sec: 0, tv_nsec: 1073741822 }, mtime: timespec { tv_sec: 0, tv_nsec: 1073741822 } }, mode: 493 })), children: {"bin": FsTreeNode { data: Some(PlaceholderFile(PlaceholderFileData { common: CommonPlaceholderData { atime: timespec { tv_sec: 0, tv_nsec: 1073741822 }, mtime: timespec { tv_sec: 0, tv_nsec: 1073741822 } }, mode: 420, len: 0 })), children: {} }, "lib64": FsTreeNode { data: Some(PlaceholderFile(PlaceholderFileData { common: CommonPlaceholderData { atime: timespec { tv_sec: 0, tv_nsec: 1073741822 }, mtime: timespec { tv_sec: 0, tv_nsec: 1073741822 } }, mode: 420, len: 0 })), children: {} }, "home": FsTreeNode { data: Some(PlaceholderDir(PlaceholderDirData { common: CommonPlaceholderData { atime: timespec { tv_sec: 0, tv_nsec: 1073741822 }, mtime: timespec { tv_sec: 0, tv_nsec: 1073741822 } }, mode: 493 })), children: {"mao": FsTreeNode { data: Some(PlaceholderDir(PlaceholderDirData { common: CommonPlaceholderData { atime: timespec { tv_sec: 0, tv_nsec: 1073741822 }, mtime: timespec { tv_sec: 0, tv_nsec: 1073741822 } }, mode: 493 })), children: {"turnstile": FsTreeNode { data: Some(PlaceholderDir(PlaceholderDirData { common: CommonPlaceholderData { atime: timespec { tv_sec: 0, tv_nsec: 1073741822 }, mtime: timespec { tv_sec: 0, tv_nsec: 1073741822 } }, mode: 493 })), children: {} }} }} }, "lib": FsTreeNode { data: Some(PlaceholderFile(PlaceholderFileData { common: CommonPlaceholderData { atime: timespec { tv_sec: 0, tv_nsec: 1073741822 }, mtime: timespec { tv_sec: 0, tv_nsec: 1073741822 } }, mode: 420, len: 0 })), children: {} }, "usr": FsTreeNode { data: Some(PlaceholderDir(PlaceholderDirData { common: CommonPlaceholderData { atime: timespec { tv_sec: 0, tv_nsec: 1073741822 }, mtime: timespec { tv_sec: 0, tv_nsec: 1073741822 } }, mode: 493 })), children: {"share": FsTreeNode { data: Some(PlaceholderDir(PlaceholderDirData { common: CommonPlaceholderData { atime: timespec { tv_sec: 0, tv_nsec: 1073741822 }, mtime: timespec { tv_sec: 0, tv_nsec: 1073741822 } }, mode: 493 })), children: {"locale": FsTreeNode { data: Some(PlaceholderDir(PlaceholderDirData { common: CommonPlaceholderData { atime: timespec { tv_sec: 0, tv_nsec: 1073741822 }, mtime: timespec { tv_sec: 0, tv_nsec: 1073741822 } }, mode: 493 })), children: {"locale.alias": FsTreeNode { data: Some(PlaceholderFile(PlaceholderFileData { common: CommonPlaceholderData { atime: timespec { tv_sec: 1781470290, tv_nsec: 4819058 }, mtime: timespec { tv_sec: 1777624420, tv_nsec: 0 } }, mode: 33188, len: 2998 })), children: {} }} }} }, "lib": FsTreeNode { data: Some(PlaceholderDir(PlaceholderDirData { common: CommonPlaceholderData { atime: timespec { tv_sec: 0, tv_nsec: 1073741822 }, mtime: timespec { tv_sec: 0, tv_nsec: 1073741822 } }, mode: 493 })), children: {"libcap.so.2.78": FsTreeNode { data: Some(PlaceholderFile(PlaceholderFileData { common: CommonPlaceholderData { atime: timespec { tv_sec: 1781470290, tv_nsec: 304819506 }, mtime: timespec { tv_sec: 1775495227, tv_nsec: 0 } }, mode: 33261, len: 43064 })), children: {} }, "locale": FsTreeNode { data: Some(PlaceholderDir(PlaceholderDirData { common: CommonPlaceholderData { atime: timespec { tv_sec: 0, tv_nsec: 1073741822 }, mtime: timespec { tv_sec: 0, tv_nsec: 1073741822 } }, mode: 493 })), children: {"C.utf8": FsTreeNode { data: Some(PlaceholderDir(PlaceholderDirData { common: CommonPlaceholderData { atime: timespec { tv_sec: 0, tv_nsec: 1073741822 }, mtime: timespec { tv_sec: 0, tv_nsec: 1073741822 } }, mode: 493 })), children: {"LC_IDENTIFICATION": FsTreeNode { data: Some(PlaceholderFile(PlaceholderFileData { common: CommonPlaceholderData { atime: timespec { tv_sec: 1781470342, tv_nsec: 4897206 }, mtime: timespec { tv_sec: 1777624420, tv_nsec: 0 } }, mode: 33188, len: 258 })), children: {} }, "LC_MEASUREMENT": FsTreeNode { data: Some(PlaceholderFile(PlaceholderFileData { common: CommonPlaceholderData { atime: timespec { tv_sec: 1781470342, tv_nsec: 4897206 }, mtime: timespec { tv_sec: 1777624420, tv_nsec: 0 } }, mode: 33188, len: 23 })), children: {} }} }, "locale-archive": FsTreeNode { data: Some(PlaceholderFile(PlaceholderFileData { common: CommonPlaceholderData { atime: timespec { tv_sec: 1781470339, tv_nsec: 8892705 }, mtime: timespec { tv_sec: 1779234627, tv_nsec: 401287252 } }, mode: 33188, len: 3064432 })), children: {} }} }, "gconv": FsTreeNode { data: Some(PlaceholderDir(PlaceholderDirData { common: CommonPlaceholderData { atime: timespec { tv_sec: 0, tv_nsec: 1073741822 }, mtime: timespec { tv_sec: 0, tv_nsec: 1073741822 } }, mode: 493 })), children: {"gconv-modules.cache": FsTreeNode { data: Some(PlaceholderFile(PlaceholderFileData { common: CommonPlaceholderData { atime: timespec { tv_sec: 1781392908, tv_nsec: 92401431 }, mtime: timespec { tv_sec: 1779234627, tv_nsec: 475287252 } }, mode: 33188, len: 27010 })), children: {} }} }, "libc.so.6": FsTreeNode { data: Some(PlaceholderFile(PlaceholderFileData { common: CommonPlaceholderData { atime: timespec { tv_sec: 1781398022, tv_nsec: 480120641 }, mtime: timespec { tv_sec: 1777624420, tv_nsec: 0 } }, mode: 33261, len: 2190624 })), children: {} }} }} }, "proc": FsTreeNode { data: Some(PlaceholderDir(PlaceholderDirData { common: CommonPlaceholderData { atime: timespec { tv_sec: 0, tv_nsec: 1073741822 }, mtime: timespec { tv_sec: 0, tv_nsec: 1073741822 } }, mode: 493 })), children: {} }} }, nb_entries: 22 }
[2026-06-14T22:33:30Z DEBUG libturnstile::sandbox] Desired placeholder tree: FsTree { root: FsTreeNode { data: Some(PlaceholderDir(PlaceholderDirData { common: CommonPlaceholderData { atime: timespec { tv_sec: 0, tv_nsec: 1073741822 }, mtime: timespec { tv_sec: 0, tv_nsec: 1073741822 } }, mode: 493 })), children: {"lib64": FsTreeNode { data: Some(PlaceholderFile(PlaceholderFileData { common: CommonPlaceholderData { atime: timespec { tv_sec: 0, tv_nsec: 1073741822 }, mtime: timespec { tv_sec: 0, tv_nsec: 1073741822 } }, mode: 420, len: 0 })), children: {} }, "proc": FsTreeNode { data: Some(PlaceholderDir(PlaceholderDirData { common: CommonPlaceholderData { atime: timespec { tv_sec: 0, tv_nsec: 1073741822 }, mtime: timespec { tv_sec: 0, tv_nsec: 1073741822 } }, mode: 493 })), children: {} }, "lib": FsTreeNode { data: Some(PlaceholderFile(PlaceholderFileData { common: CommonPlaceholderData { atime: timespec { tv_sec: 0, tv_nsec: 1073741822 }, mtime: timespec { tv_sec: 0, tv_nsec: 1073741822 } }, mode: 420, len: 0 })), children: {} }, "bin": FsTreeNode { data: Some(PlaceholderFile(PlaceholderFileData { common: CommonPlaceholderData { atime: timespec { tv_sec: 0, tv_nsec: 1073741822 }, mtime: timespec { tv_sec: 0, tv_nsec: 1073741822 } }, mode: 420, len: 0 })), children: {} }, "home": FsTreeNode { data: Some(PlaceholderDir(PlaceholderDirData { common: CommonPlaceholderData { atime: timespec { tv_sec: 0, tv_nsec: 1073741822 }, mtime: timespec { tv_sec: 0, tv_nsec: 1073741822 } }, mode: 493 })), children: {"mao": FsTreeNode { data: Some(PlaceholderDir(PlaceholderDirData { common: CommonPlaceholderData { atime: timespec { tv_sec: 0, tv_nsec: 1073741822 }, mtime: timespec { tv_sec: 0, tv_nsec: 1073741822 } }, mode: 493 })), children: {"turnstile": FsTreeNode { data: Some(PlaceholderDir(PlaceholderDirData { common: CommonPlaceholderData { atime: timespec { tv_sec: 0, tv_nsec: 1073741822 }, mtime: timespec { tv_sec: 0, tv_nsec: 1073741822 } }, mode: 493 })), children: {} }} }} }, "usr": FsTreeNode { data: Some(PlaceholderDir(PlaceholderDirData { common: CommonPlaceholderData { atime: timespec { tv_sec: 0, tv_nsec: 1073741822 }, mtime: timespec { tv_sec: 0, tv_nsec: 1073741822 } }, mode: 493 })), children: {"share": FsTreeNode { data: Some(PlaceholderDir(PlaceholderDirData { common: CommonPlaceholderData { atime: timespec { tv_sec: 0, tv_nsec: 1073741822 }, mtime: timespec { tv_sec: 0, tv_nsec: 1073741822 } }, mode: 493 })), children: {"locale": FsTreeNode { data: Some(PlaceholderDir(PlaceholderDirData { common: CommonPlaceholderData { atime: timespec { tv_sec: 0, tv_nsec: 1073741822 }, mtime: timespec { tv_sec: 0, tv_nsec: 1073741822 } }, mode: 493 })), children: {"locale.alias": FsTreeNode { data: Some(PlaceholderFile(PlaceholderFileData { common: CommonPlaceholderData { atime: timespec { tv_sec: 1781470290, tv_nsec: 4819058 }, mtime: timespec { tv_sec: 1777624420, tv_nsec: 0 } }, mode: 33188, len: 2998 })), children: {} }} }} }, "lib": FsTreeNode { data: Some(PlaceholderDir(PlaceholderDirData { common: CommonPlaceholderData { atime: timespec { tv_sec: 0, tv_nsec: 1073741822 }, mtime: timespec { tv_sec: 0, tv_nsec: 1073741822 } }, mode: 493 })), children: {"libc.so.6": FsTreeNode { data: Some(PlaceholderFile(PlaceholderFileData { common: CommonPlaceholderData { atime: timespec { tv_sec: 1781398022, tv_nsec: 480120641 }, mtime: timespec { tv_sec: 1777624420, tv_nsec: 0 } }, mode: 33261, len: 2190624 })), children: {} }, "libcap.so.2.78": FsTreeNode { data: Some(PlaceholderFile(PlaceholderFileData { common: CommonPlaceholderData { atime: timespec { tv_sec: 1781470290, tv_nsec: 304819506 }, mtime: timespec { tv_sec: 1775495227, tv_nsec: 0 } }, mode: 33261, len: 43064 })), children: {} }, "locale": FsTreeNode { data: Some(PlaceholderDir(PlaceholderDirData { common: CommonPlaceholderData { atime: timespec { tv_sec: 0, tv_nsec: 1073741822 }, mtime: timespec { tv_sec: 0, tv_nsec: 1073741822 } }, mode: 493 })), children: {"locale-archive": FsTreeNode { data: Some(PlaceholderFile(PlaceholderFileData { common: CommonPlaceholderData { atime: timespec { tv_sec: 1781470339, tv_nsec: 8892705 }, mtime: timespec { tv_sec: 1779234627, tv_nsec: 401287252 } }, mode: 33188, len: 3064432 })), children: {} }, "C.utf8": FsTreeNode { data: Some(PlaceholderDir(PlaceholderDirData { common: CommonPlaceholderData { atime: timespec { tv_sec: 0, tv_nsec: 1073741822 }, mtime: timespec { tv_sec: 0, tv_nsec: 1073741822 } }, mode: 493 })), children: {"LC_MEASUREMENT": FsTreeNode { data: Some(PlaceholderFile(PlaceholderFileData { common: CommonPlaceholderData { atime: timespec { tv_sec: 1781470342, tv_nsec: 4897206 }, mtime: timespec { tv_sec: 1777624420, tv_nsec: 0 } }, mode: 33188, len: 23 })), children: {} }, "LC_IDENTIFICATION": FsTreeNode { data: Some(PlaceholderFile(PlaceholderFileData { common: CommonPlaceholderData { atime: timespec { tv_sec: 1781470342, tv_nsec: 4897206 }, mtime: timespec { tv_sec: 1777624420, tv_nsec: 0 } }, mode: 33188, len: 258 })), children: {} }, "LC_TELEPHONE": FsTreeNode { data: Some(PlaceholderFile(PlaceholderFileData { common: CommonPlaceholderData { atime: timespec { tv_sec: 1781470342, tv_nsec: 4897206 }, mtime: timespec { tv_sec: 1777624420, tv_nsec: 0 } }, mode: 33188, len: 47 })), children: {} }} }} }, "gconv": FsTreeNode { data: Some(PlaceholderDir(PlaceholderDirData { common: CommonPlaceholderData { atime: timespec { tv_sec: 0, tv_nsec: 1073741822 }, mtime: timespec { tv_sec: 0, tv_nsec: 1073741822 } }, mode: 493 })), children: {"gconv-modules.cache": FsTreeNode { data: Some(PlaceholderFile(PlaceholderFileData { common: CommonPlaceholderData { atime: timespec { tv_sec: 1781392908, tv_nsec: 92401431 }, mtime: timespec { tv_sec: 1779234627, tv_nsec: 475287252 } }, mode: 33188, len: 27010 })), children: {} }} }} }} }} }, nb_entries: 23 }
[2026-06-14T22:33:30Z DEBUG libturnstile::sandbox] Current mount tree: FsTree { root: FsTreeNode { data: None, children: {"proc": FsTreeNode { data: Some(MountInternal { user: ManagedMountPoint { host_path: "/", attrs: MountAttributes { readonly: true, noexec: true } }, mnt_id: 611, expired: false }), children: {} }, "home": FsTreeNode { data: None, children: {"mao": FsTreeNode { data: None, children: {"turnstile": FsTreeNode { data: Some(MountInternal { user: ManagedMountPoint { host_path: "/home/mao/turnstile", attrs: MountAttributes { readonly: true, noexec: true } }, mnt_id: 648, expired: false }), children: {} }} }} }, "lib64": FsTreeNode { data: Some(MountInternal { user: ManagedMountPoint { host_path: "/lib64", attrs: MountAttributes { readonly: true, noexec: false } }, mnt_id: 615, expired: false }), children: {} }, "lib": FsTreeNode { data: Some(MountInternal { user: ManagedMountPoint { host_path: "/lib", attrs: MountAttributes { readonly: true, noexec: false } }, mnt_id: 610, expired: false }), children: {} }, "bin": FsTreeNode { data: Some(MountInternal { user: ManagedMountPoint { host_path: "/bin", attrs: MountAttributes { readonly: true, noexec: false } }, mnt_id: 616, expired: false }), children: {} }, "usr": FsTreeNode { data: Some(MountInternal { user: ManagedMountPoint { host_path: "/usr", attrs: MountAttributes { readonly: true, noexec: false } }, mnt_id: 614, expired: false }), children: {} }} }, nb_entries: 6 }
[2026-06-14T22:33:30Z DEBUG libturnstile::sandbox] Desired mount tree: FsTree { root: FsTreeNode { data: None, children: {"lib64": FsTreeNode { data: Some(ManagedMountPoint { host_path: "/lib64", attrs: MountAttributes { readonly: true, noexec: false } }), children: {} }, "proc": FsTreeNode { data: Some(ManagedMountPoint { host_path: "/proc", attrs: MountAttributes { readonly: true, noexec: true } }), children: {} }, "usr": FsTreeNode { data: Some(ManagedMountPoint { host_path: "/usr", attrs: MountAttributes { readonly: true, noexec: false } }), children: {} }, "lib": FsTreeNode { data: Some(ManagedMountPoint { host_path: "/lib", attrs: MountAttributes { readonly: true, noexec: false } }), children: {} }, "home": FsTreeNode { data: None, children: {"mao": FsTreeNode { data: None, children: {"turnstile": FsTreeNode { data: Some(ManagedMountPoint { host_path: "/home/mao/turnstile", attrs: MountAttributes { readonly: true, noexec: true } }), children: {} }} }} }, "bin": FsTreeNode { data: Some(ManagedMountPoint { host_path: "/bin", attrs: MountAttributes { readonly: true, noexec: false } }), children: {} }} }, nb_entries: 6 }
[2026-06-14T22:33:30Z DEBUG libturnstile::sandbox::namespace] Joined namespace ns_fds[0] = 5
[2026-06-14T22:33:30Z DEBUG libturnstile::sandbox::namespace] Joined namespace ns_fds[1] = 6
[2026-06-14T22:33:30Z DEBUG libturnstile::sandbox::namespace] Joined namespace ns_fds[2] = 8
[2026-06-14T22:33:30Z DEBUG libturnstile::utils] Forked child exited with code 0
[2026-06-14T22:33:30Z INFO  libturnstile::sandbox] Unmounted "/proc"
[2026-06-14T22:33:30Z DEBUG libturnstile::sandbox::namespace] Joined namespace ns_fds[0] = 5
[2026-06-14T22:33:30Z DEBUG libturnstile::sandbox::namespace] Joined namespace ns_fds[1] = 6
[2026-06-14T22:33:30Z DEBUG libturnstile::sandbox::namespace] Joined namespace ns_fds[0] = 8
[2026-06-14T22:33:30Z DEBUG libturnstile::utils] Forked child exited with code 0
[2026-06-14T22:33:30Z INFO  libturnstile::sandbox] Mount bind "/proc" "/proc" ro,noexec
[2026-06-14T22:33:30Z DEBUG libturnstile::sandbox::namespace] Joined namespace ns_fds[0] = 5
[2026-06-14T22:33:30Z DEBUG libturnstile::sandbox::namespace] Joined namespace ns_fds[1] = 8
[2026-06-14T22:33:30Z DEBUG libturnstile::sandbox::namespace] Joined namespace ns_fds[2] = 7
[2026-06-14T22:33:30Z DEBUG libturnstile::utils] Forked child exited with code 0
[2026-06-14T22:33:30Z DEBUG turnstile_sandbox] added resolve placeholder for "/usr/lib/locale/C.utf8/LC_TELEPHONE"
[2026-06-14T22:33:30Z DEBUG turnstile_sandbox] got request: AccessRequest { operation: FsOperation(FsOpen(OpenOperation { target: FsTarget { dfd: ForeignFd { local_fd: 4 }, path: "usr/lib/locale/C.UTF-8/LC_ADDRESS", no_follow: false }, need_read: true, need_write: false, create_mode: None })) }
[2026-06-14T22:33:30Z DEBUG libturnstile::access::fs] open_target_dfd_in_root: attempt 0 for "/" got different inode (expected id InodeId { dev_major: 0, dev_minor: 58, ino: 1 }, got id InodeId { dev_major: 0, dev_minor: 29, ino: 256 })
[2026-06-14T22:33:30Z DEBUG libturnstile::access::fs] open_target_dfd_in_root: attempt 1 for "/" got different inode (expected id InodeId { dev_major: 0, dev_minor: 58, ino: 1 }, got id InodeId { dev_major: 0, dev_minor: 29, ino: 256 })
[2026-06-14T22:33:30Z ERROR libturnstile::access::fs] open_target_dfd_in_root: too many attempts to open "/" before getting correct inode
[2026-06-14T22:33:30Z DEBUG libturnstile::access::fs] realpath() on FsTarget failed: No such file or directory (os error 2)
[2026-06-14T22:33:30Z ERROR turnstile_sandbox] error reopening target dfd in real root for r "/usr/lib/locale/C.UTF-8/LC_ADDRESS" (invalid): No such file or directory (os error 2)
[2026-06-14T22:33:30Z DEBUG libturnstile::access::fs] realpath() on FsTarget failed: No such file or directory (os error 2)
[2026-06-14T22:33:30Z WARN  libturnstile::sandbox::upgrade] openat upgrade: cannot resolve abspath for "/usr/lib/locale/C.UTF-8/LC_ADDRESS" (invalid): No such file or directory (os error 2) — continuing natively
[2026-06-14T22:33:30Z DEBUG turnstile_sandbox] got request: AccessRequest { operation: FsOperation(FsOpen(OpenOperation { target: FsTarget { dfd: ForeignFd { local_fd: 4 }, path: "usr/lib/locale/C.utf8/LC_ADDRESS", no_follow: false }, need_read: true, need_write: false, create_mode: None })) }
[2026-06-14T22:33:30Z DEBUG libturnstile::access::fs] open_target_dfd_in_root: attempt 0 for "/" got different inode (expected id InodeId { dev_major: 0, dev_minor: 58, ino: 1 }, got id InodeId { dev_major: 0, dev_minor: 29, ino: 256 })
[2026-06-14T22:33:30Z DEBUG libturnstile::access::fs] open_target_dfd_in_root: attempt 1 for "/" got different inode (expected id InodeId { dev_major: 0, dev_minor: 58, ino: 1 }, got id InodeId { dev_major: 0, dev_minor: 29, ino: 256 })
[2026-06-14T22:33:30Z ERROR libturnstile::access::fs] open_target_dfd_in_root: too many attempts to open "/" before getting correct inode
[2026-06-14T22:33:30Z ERROR turnstile_sandbox] error reopening target dfd in real root for r "/usr/lib/locale/C.utf8/LC_ADDRESS": No such file or directory (os error 2)
[2026-06-14T22:33:30Z DEBUG libturnstile::sandbox::namespace] Joined namespace ns_fds[0] = 5
[2026-06-14T22:33:30Z DEBUG libturnstile::sandbox::namespace] Joined namespace ns_fds[1] = 8
[2026-06-14T22:33:30Z DEBUG libturnstile::sandbox::namespace] Joined namespace ns_fds[2] = 7
[2026-06-14T22:33:30Z DEBUG libturnstile::utils] Forked child exited with code 0
[2026-06-14T22:33:30Z DEBUG libturnstile::sandbox::upgrade] openat upgrade: installed fresh fd 3 for "/usr/lib/locale/C.utf8/LC_ADDRESS"
[2026-06-14T22:33:30Z DEBUG turnstile_sandbox] got request: AccessRequest { operation: FsOperation(FsStat(StatOperation { target: FsTarget { dfd: ForeignFd { local_fd: 4 }, path: "", no_follow: false }, lstat: false })) }
[2026-06-14T22:33:30Z DEBUG libturnstile::sandbox::namespace] Joined namespace ns_fds[0] = 5
[2026-06-14T22:33:30Z DEBUG libturnstile::sandbox::namespace] Joined namespace ns_fds[1] = 8
[2026-06-14T22:33:30Z DEBUG libturnstile::utils] Forked child exited with code 0
[2026-06-14T22:33:30Z DEBUG libturnstile::sandbox] Current placeholder tree: FsTree { root: FsTreeNode { data: Some(PlaceholderDir(PlaceholderDirData { common: CommonPlaceholderData { atime: timespec { tv_sec: 0, tv_nsec: 1073741822 }, mtime: timespec { tv_sec: 0, tv_nsec: 1073741822 } }, mode: 493 })), children: {"bin": FsTreeNode { data: Some(PlaceholderFile(PlaceholderFileData { common: CommonPlaceholderData { atime: timespec { tv_sec: 0, tv_nsec: 1073741822 }, mtime: timespec { tv_sec: 0, tv_nsec: 1073741822 } }, mode: 420, len: 0 })), children: {} }, "lib64": FsTreeNode { data: Some(PlaceholderFile(PlaceholderFileData { common: CommonPlaceholderData { atime: timespec { tv_sec: 0, tv_nsec: 1073741822 }, mtime: timespec { tv_sec: 0, tv_nsec: 1073741822 } }, mode: 420, len: 0 })), children: {} }, "home": FsTreeNode { data: Some(PlaceholderDir(PlaceholderDirData { common: CommonPlaceholderData { atime: timespec { tv_sec: 0, tv_nsec: 1073741822 }, mtime: timespec { tv_sec: 0, tv_nsec: 1073741822 } }, mode: 493 })), children: {"mao": FsTreeNode { data: Some(PlaceholderDir(PlaceholderDirData { common: CommonPlaceholderData { atime: timespec { tv_sec: 0, tv_nsec: 1073741822 }, mtime: timespec { tv_sec: 0, tv_nsec: 1073741822 } }, mode: 493 })), children: {"turnstile": FsTreeNode { data: Some(PlaceholderDir(PlaceholderDirData { common: CommonPlaceholderData { atime: timespec { tv_sec: 0, tv_nsec: 1073741822 }, mtime: timespec { tv_sec: 0, tv_nsec: 1073741822 } }, mode: 493 })), children: {} }} }} }, "lib": FsTreeNode { data: Some(PlaceholderFile(PlaceholderFileData { common: CommonPlaceholderData { atime: timespec { tv_sec: 0, tv_nsec: 1073741822 }, mtime: timespec { tv_sec: 0, tv_nsec: 1073741822 } }, mode: 420, len: 0 })), children: {} }, "usr": FsTreeNode { data: Some(PlaceholderDir(PlaceholderDirData { common: CommonPlaceholderData { atime: timespec { tv_sec: 0, tv_nsec: 1073741822 }, mtime: timespec { tv_sec: 0, tv_nsec: 1073741822 } }, mode: 493 })), children: {"share": FsTreeNode { data: Some(PlaceholderDir(PlaceholderDirData { common: CommonPlaceholderData { atime: timespec { tv_sec: 0, tv_nsec: 1073741822 }, mtime: timespec { tv_sec: 0, tv_nsec: 1073741822 } }, mode: 493 })), children: {"locale": FsTreeNode { data: Some(PlaceholderDir(PlaceholderDirData { common: CommonPlaceholderData { atime: timespec { tv_sec: 0, tv_nsec: 1073741822 }, mtime: timespec { tv_sec: 0, tv_nsec: 1073741822 } }, mode: 493 })), children: {"locale.alias": FsTreeNode { data: Some(PlaceholderFile(PlaceholderFileData { common: CommonPlaceholderData { atime: timespec { tv_sec: 1781470290, tv_nsec: 4819058 }, mtime: timespec { tv_sec: 1777624420, tv_nsec: 0 } }, mode: 33188, len: 2998 })), children: {} }} }} }, "lib": FsTreeNode { data: Some(PlaceholderDir(PlaceholderDirData { common: CommonPlaceholderData { atime: timespec { tv_sec: 0, tv_nsec: 1073741822 }, mtime: timespec { tv_sec: 0, tv_nsec: 1073741822 } }, mode: 493 })), children: {"libcap.so.2.78": FsTreeNode { data: Some(PlaceholderFile(PlaceholderFileData { common: CommonPlaceholderData { atime: timespec { tv_sec: 1781470290, tv_nsec: 304819506 }, mtime: timespec { tv_sec: 1775495227, tv_nsec: 0 } }, mode: 33261, len: 43064 })), children: {} }, "locale": FsTreeNode { data: Some(PlaceholderDir(PlaceholderDirData { common: CommonPlaceholderData { atime: timespec { tv_sec: 0, tv_nsec: 1073741822 }, mtime: timespec { tv_sec: 0, tv_nsec: 1073741822 } }, mode: 493 })), children: {"C.utf8": FsTreeNode { data: Some(PlaceholderDir(PlaceholderDirData { common: CommonPlaceholderData { atime: timespec { tv_sec: 0, tv_nsec: 1073741822 }, mtime: timespec { tv_sec: 0, tv_nsec: 1073741822 } }, mode: 493 })), children: {"LC_IDENTIFICATION": FsTreeNode { data: Some(PlaceholderFile(PlaceholderFileData { common: CommonPlaceholderData { atime: timespec { tv_sec: 1781470342, tv_nsec: 4897206 }, mtime: timespec { tv_sec: 1777624420, tv_nsec: 0 } }, mode: 33188, len: 258 })), children: {} }, "LC_MEASUREMENT": FsTreeNode { data: Some(PlaceholderFile(PlaceholderFileData { common: CommonPlaceholderData { atime: timespec { tv_sec: 1781470342, tv_nsec: 4897206 }, mtime: timespec { tv_sec: 1777624420, tv_nsec: 0 } }, mode: 33188, len: 23 })), children: {} }, "LC_TELEPHONE": FsTreeNode { data: Some(PlaceholderFile(PlaceholderFileData { common: CommonPlaceholderData { atime: timespec { tv_sec: 1781470342, tv_nsec: 4897206 }, mtime: timespec { tv_sec: 1777624420, tv_nsec: 0 } }, mode: 33188, len: 47 })), children: {} }} }, "locale-archive": FsTreeNode { data: Some(PlaceholderFile(PlaceholderFileData { common: CommonPlaceholderData { atime: timespec { tv_sec: 1781470339, tv_nsec: 8892705 }, mtime: timespec { tv_sec: 1779234627, tv_nsec: 401287252 } }, mode: 33188, len: 3064432 })), children: {} }} }, "gconv": FsTreeNode { data: Some(PlaceholderDir(PlaceholderDirData { common: CommonPlaceholderData { atime: timespec { tv_sec: 0, tv_nsec: 1073741822 }, mtime: timespec { tv_sec: 0, tv_nsec: 1073741822 } }, mode: 493 })), children: {"gconv-modules.cache": FsTreeNode { data: Some(PlaceholderFile(PlaceholderFileData { common: CommonPlaceholderData { atime: timespec { tv_sec: 1781392908, tv_nsec: 92401431 }, mtime: timespec { tv_sec: 1779234627, tv_nsec: 475287252 } }, mode: 33188, len: 27010 })), children: {} }} }, "libc.so.6": FsTreeNode { data: Some(PlaceholderFile(PlaceholderFileData { common: CommonPlaceholderData { atime: timespec { tv_sec: 1781398022, tv_nsec: 480120641 }, mtime: timespec { tv_sec: 1777624420, tv_nsec: 0 } }, mode: 33261, len: 2190624 })), children: {} }} }} }, "proc": FsTreeNode { data: Some(PlaceholderDir(PlaceholderDirData { common: CommonPlaceholderData { atime: timespec { tv_sec: 0, tv_nsec: 1073741822 }, mtime: timespec { tv_sec: 0, tv_nsec: 1073741822 } }, mode: 493 })), children: {} }} }, nb_entries: 23 }
[2026-06-14T22:33:30Z DEBUG libturnstile::sandbox] Desired placeholder tree: FsTree { root: FsTreeNode { data: Some(PlaceholderDir(PlaceholderDirData { common: CommonPlaceholderData { atime: timespec { tv_sec: 0, tv_nsec: 1073741822 }, mtime: timespec { tv_sec: 0, tv_nsec: 1073741822 } }, mode: 493 })), children: {"bin": FsTreeNode { data: Some(PlaceholderFile(PlaceholderFileData { common: CommonPlaceholderData { atime: timespec { tv_sec: 0, tv_nsec: 1073741822 }, mtime: timespec { tv_sec: 0, tv_nsec: 1073741822 } }, mode: 420, len: 0 })), children: {} }, "lib": FsTreeNode { data: Some(PlaceholderFile(PlaceholderFileData { common: CommonPlaceholderData { atime: timespec { tv_sec: 0, tv_nsec: 1073741822 }, mtime: timespec { tv_sec: 0, tv_nsec: 1073741822 } }, mode: 420, len: 0 })), children: {} }, "home": FsTreeNode { data: Some(PlaceholderDir(PlaceholderDirData { common: CommonPlaceholderData { atime: timespec { tv_sec: 0, tv_nsec: 1073741822 }, mtime: timespec { tv_sec: 0, tv_nsec: 1073741822 } }, mode: 493 })), children: {"mao": FsTreeNode { data: Some(PlaceholderDir(PlaceholderDirData { common: CommonPlaceholderData { atime: timespec { tv_sec: 0, tv_nsec: 1073741822 }, mtime: timespec { tv_sec: 0, tv_nsec: 1073741822 } }, mode: 493 })), children: {"turnstile": FsTreeNode { data: Some(PlaceholderDir(PlaceholderDirData { common: CommonPlaceholderData { atime: timespec { tv_sec: 0, tv_nsec: 1073741822 }, mtime: timespec { tv_sec: 0, tv_nsec: 1073741822 } }, mode: 493 })), children: {} }} }} }, "usr": FsTreeNode { data: Some(PlaceholderDir(PlaceholderDirData { common: CommonPlaceholderData { atime: timespec { tv_sec: 0, tv_nsec: 1073741822 }, mtime: timespec { tv_sec: 0, tv_nsec: 1073741822 } }, mode: 493 })), children: {"share": FsTreeNode { data: Some(PlaceholderDir(PlaceholderDirData { common: CommonPlaceholderData { atime: timespec { tv_sec: 0, tv_nsec: 1073741822 }, mtime: timespec { tv_sec: 0, tv_nsec: 1073741822 } }, mode: 493 })), children: {"locale": FsTreeNode { data: Some(PlaceholderDir(PlaceholderDirData { common: CommonPlaceholderData { atime: timespec { tv_sec: 0, tv_nsec: 1073741822 }, mtime: timespec { tv_sec: 0, tv_nsec: 1073741822 } }, mode: 493 })), children: {"locale.alias": FsTreeNode { data: Some(PlaceholderFile(PlaceholderFileData { common: CommonPlaceholderData { atime: timespec { tv_sec: 1781470290, tv_nsec: 4819058 }, mtime: timespec { tv_sec: 1777624420, tv_nsec: 0 } }, mode: 33188, len: 2998 })), children: {} }} }} }, "lib": FsTreeNode { data: Some(PlaceholderDir(PlaceholderDirData { common: CommonPlaceholderData { atime: timespec { tv_sec: 0, tv_nsec: 1073741822 }, mtime: timespec { tv_sec: 0, tv_nsec: 1073741822 } }, mode: 493 })), children: {"libcap.so.2.78": FsTreeNode { data: Some(PlaceholderFile(PlaceholderFileData { common: CommonPlaceholderData { atime: timespec { tv_sec: 1781470290, tv_nsec: 304819506 }, mtime: timespec { tv_sec: 1775495227, tv_nsec: 0 } }, mode: 33261, len: 43064 })), children: {} }, "locale": FsTreeNode { data: Some(PlaceholderDir(PlaceholderDirData { common: CommonPlaceholderData { atime: timespec { tv_sec: 0, tv_nsec: 1073741822 }, mtime: timespec { tv_sec: 0, tv_nsec: 1073741822 } }, mode: 493 })), children: {"C.utf8": FsTreeNode { data: Some(PlaceholderDir(PlaceholderDirData { common: CommonPlaceholderData { atime: timespec { tv_sec: 0, tv_nsec: 1073741822 }, mtime: timespec { tv_sec: 0, tv_nsec: 1073741822 } }, mode: 493 })), children: {"LC_TELEPHONE": FsTreeNode { data: Some(PlaceholderFile(PlaceholderFileData { common: CommonPlaceholderData { atime: timespec { tv_sec: 1781470342, tv_nsec: 4897206 }, mtime: timespec { tv_sec: 1777624420, tv_nsec: 0 } }, mode: 33188, len: 47 })), children: {} }, "LC_MEASUREMENT": FsTreeNode { data: Some(PlaceholderFile(PlaceholderFileData { common: CommonPlaceholderData { atime: timespec { tv_sec: 1781470342, tv_nsec: 4897206 }, mtime: timespec { tv_sec: 1777624420, tv_nsec: 0 } }, mode: 33188, len: 23 })), children: {} }, "LC_IDENTIFICATION": FsTreeNode { data: Some(PlaceholderFile(PlaceholderFileData { common: CommonPlaceholderData { atime: timespec { tv_sec: 1781470342, tv_nsec: 4897206 }, mtime: timespec { tv_sec: 1777624420, tv_nsec: 0 } }, mode: 33188, len: 258 })), children: {} }, "LC_ADDRESS": FsTreeNode { data: Some(PlaceholderFile(PlaceholderFileData { common: CommonPlaceholderData { atime: timespec { tv_sec: 1781470342, tv_nsec: 4897206 }, mtime: timespec { tv_sec: 1777624420, tv_nsec: 0 } }, mode: 33188, len: 127 })), children: {} }} }, "locale-archive": FsTreeNode { data: Some(PlaceholderFile(PlaceholderFileData { common: CommonPlaceholderData { atime: timespec { tv_sec: 1781470339, tv_nsec: 8892705 }, mtime: timespec { tv_sec: 1779234627, tv_nsec: 401287252 } }, mode: 33188, len: 3064432 })), children: {} }} }, "gconv": FsTreeNode { data: Some(PlaceholderDir(PlaceholderDirData { common: CommonPlaceholderData { atime: timespec { tv_sec: 0, tv_nsec: 1073741822 }, mtime: timespec { tv_sec: 0, tv_nsec: 1073741822 } }, mode: 493 })), children: {"gconv-modules.cache": FsTreeNode { data: Some(PlaceholderFile(PlaceholderFileData { common: CommonPlaceholderData { atime: timespec { tv_sec: 1781392908, tv_nsec: 92401431 }, mtime: timespec { tv_sec: 1779234627, tv_nsec: 475287252 } }, mode: 33188, len: 27010 })), children: {} }} }, "libc.so.6": FsTreeNode { data: Some(PlaceholderFile(PlaceholderFileData { common: CommonPlaceholderData { atime: timespec { tv_sec: 1781398022, tv_nsec: 480120641 }, mtime: timespec { tv_sec: 1777624420, tv_nsec: 0 } }, mode: 33261, len: 2190624 })), children: {} }} }} }, "lib64": FsTreeNode { data: Some(PlaceholderFile(PlaceholderFileData { common: CommonPlaceholderData { atime: timespec { tv_sec: 0, tv_nsec: 1073741822 }, mtime: timespec { tv_sec: 0, tv_nsec: 1073741822 } }, mode: 420, len: 0 })), children: {} }, "proc": FsTreeNode { data: Some(PlaceholderDir(PlaceholderDirData { common: CommonPlaceholderData { atime: timespec { tv_sec: 0, tv_nsec: 1073741822 }, mtime: timespec { tv_sec: 0, tv_nsec: 1073741822 } }, mode: 493 })), children: {} }} }, nb_entries: 24 }
[2026-06-14T22:33:30Z DEBUG libturnstile::sandbox] Current mount tree: FsTree { root: FsTreeNode { data: None, children: {"proc": FsTreeNode { data: Some(MountInternal { user: ManagedMountPoint { host_path: "/", attrs: MountAttributes { readonly: true, noexec: true } }, mnt_id: 611, expired: false }), children: {} }, "home": FsTreeNode { data: None, children: {"mao": FsTreeNode { data: None, children: {"turnstile": FsTreeNode { data: Some(MountInternal { user: ManagedMountPoint { host_path: "/home/mao/turnstile", attrs: MountAttributes { readonly: true, noexec: true } }, mnt_id: 648, expired: false }), children: {} }} }} }, "lib64": FsTreeNode { data: Some(MountInternal { user: ManagedMountPoint { host_path: "/lib64", attrs: MountAttributes { readonly: true, noexec: false } }, mnt_id: 615, expired: false }), children: {} }, "lib": FsTreeNode { data: Some(MountInternal { user: ManagedMountPoint { host_path: "/lib", attrs: MountAttributes { readonly: true, noexec: false } }, mnt_id: 610, expired: false }), children: {} }, "bin": FsTreeNode { data: Some(MountInternal { user: ManagedMountPoint { host_path: "/bin", attrs: MountAttributes { readonly: true, noexec: false } }, mnt_id: 616, expired: false }), children: {} }, "usr": FsTreeNode { data: Some(MountInternal { user: ManagedMountPoint { host_path: "/usr", attrs: MountAttributes { readonly: true, noexec: false } }, mnt_id: 614, expired: false }), children: {} }} }, nb_entries: 6 }
[2026-06-14T22:33:30Z DEBUG libturnstile::sandbox] Desired mount tree: FsTree { root: FsTreeNode { data: None, children: {"usr": FsTreeNode { data: Some(ManagedMountPoint { host_path: "/usr", attrs: MountAttributes { readonly: true, noexec: false } }), children: {} }, "bin": FsTreeNode { data: Some(ManagedMountPoint { host_path: "/bin", attrs: MountAttributes { readonly: true, noexec: false } }), children: {} }, "lib": FsTreeNode { data: Some(ManagedMountPoint { host_path: "/lib", attrs: MountAttributes { readonly: true, noexec: false } }), children: {} }, "lib64": FsTreeNode { data: Some(ManagedMountPoint { host_path: "/lib64", attrs: MountAttributes { readonly: true, noexec: false } }), children: {} }, "proc": FsTreeNode { data: Some(ManagedMountPoint { host_path: "/proc", attrs: MountAttributes { readonly: true, noexec: true } }), children: {} }, "home": FsTreeNode { data: None, children: {"mao": FsTreeNode { data: None, children: {"turnstile": FsTreeNode { data: Some(ManagedMountPoint { host_path: "/home/mao/turnstile", attrs: MountAttributes { readonly: true, noexec: true } }), children: {} }} }} }} }, nb_entries: 6 }
[2026-06-14T22:33:30Z DEBUG libturnstile::sandbox::namespace] Joined namespace ns_fds[0] = 5
[2026-06-14T22:33:30Z DEBUG libturnstile::sandbox::namespace] Joined namespace ns_fds[1] = 6
[2026-06-14T22:33:30Z DEBUG libturnstile::sandbox::namespace] Joined namespace ns_fds[2] = 8
[2026-06-14T22:33:30Z DEBUG libturnstile::utils] Forked child exited with code 0
[2026-06-14T22:33:30Z INFO  libturnstile::sandbox] Unmounted "/proc"
[2026-06-14T22:33:30Z DEBUG libturnstile::sandbox::namespace] Joined namespace ns_fds[0] = 5
[2026-06-14T22:33:30Z DEBUG libturnstile::sandbox::namespace] Joined namespace ns_fds[1] = 6
[2026-06-14T22:33:30Z DEBUG libturnstile::sandbox::namespace] Joined namespace ns_fds[0] = 8
[2026-06-14T22:33:30Z DEBUG libturnstile::utils] Forked child exited with code 0
[2026-06-14T22:33:30Z INFO  libturnstile::sandbox] Mount bind "/proc" "/proc" ro,noexec
[2026-06-14T22:33:30Z DEBUG libturnstile::sandbox::namespace] Joined namespace ns_fds[0] = 5
[2026-06-14T22:33:30Z DEBUG libturnstile::sandbox::namespace] Joined namespace ns_fds[1] = 8
[2026-06-14T22:33:30Z DEBUG libturnstile::sandbox::namespace] Joined namespace ns_fds[2] = 7
[2026-06-14T22:33:30Z DEBUG libturnstile::utils] Forked child exited with code 0
[2026-06-14T22:33:30Z DEBUG turnstile_sandbox] added resolve placeholder for "/usr/lib/locale/C.utf8/LC_ADDRESS"
[2026-06-14T22:33:30Z DEBUG turnstile_sandbox] got request: AccessRequest { operation: FsOperation(FsOpen(OpenOperation { target: FsTarget { dfd: ForeignFd { local_fd: 4 }, path: "usr/lib/locale/C.UTF-8/LC_NAME", no_follow: false }, need_read: true, need_write: false, create_mode: None })) }
[2026-06-14T22:33:30Z DEBUG libturnstile::access::fs] open_target_dfd_in_root: attempt 0 for "/" got different inode (expected id InodeId { dev_major: 0, dev_minor: 58, ino: 1 }, got id InodeId { dev_major: 0, dev_minor: 29, ino: 256 })
[2026-06-14T22:33:30Z DEBUG libturnstile::access::fs] open_target_dfd_in_root: attempt 1 for "/" got different inode (expected id InodeId { dev_major: 0, dev_minor: 58, ino: 1 }, got id InodeId { dev_major: 0, dev_minor: 29, ino: 256 })
[2026-06-14T22:33:30Z ERROR libturnstile::access::fs] open_target_dfd_in_root: too many attempts to open "/" before getting correct inode
[2026-06-14T22:33:30Z DEBUG libturnstile::access::fs] realpath() on FsTarget failed: No such file or directory (os error 2)
[2026-06-14T22:33:30Z ERROR turnstile_sandbox] error reopening target dfd in real root for r "/usr/lib/locale/C.UTF-8/LC_NAME" (invalid): No such file or directory (os error 2)
[2026-06-14T22:33:30Z DEBUG libturnstile::access::fs] realpath() on FsTarget failed: No such file or directory (os error 2)
[2026-06-14T22:33:30Z WARN  libturnstile::sandbox::upgrade] openat upgrade: cannot resolve abspath for "/usr/lib/locale/C.UTF-8/LC_NAME" (invalid): No such file or directory (os error 2) — continuing natively
[2026-06-14T22:33:30Z DEBUG turnstile_sandbox] got request: AccessRequest { operation: FsOperation(FsOpen(OpenOperation { target: FsTarget { dfd: ForeignFd { local_fd: 4 }, path: "usr/lib/locale/C.utf8/LC_NAME", no_follow: false }, need_read: true, need_write: false, create_mode: None })) }
[2026-06-14T22:33:30Z DEBUG libturnstile::access::fs] open_target_dfd_in_root: attempt 0 for "/" got different inode (expected id InodeId { dev_major: 0, dev_minor: 58, ino: 1 }, got id InodeId { dev_major: 0, dev_minor: 29, ino: 256 })
[2026-06-14T22:33:30Z DEBUG libturnstile::access::fs] open_target_dfd_in_root: attempt 1 for "/" got different inode (expected id InodeId { dev_major: 0, dev_minor: 58, ino: 1 }, got id InodeId { dev_major: 0, dev_minor: 29, ino: 256 })
[2026-06-14T22:33:30Z ERROR libturnstile::access::fs] open_target_dfd_in_root: too many attempts to open "/" before getting correct inode
[2026-06-14T22:33:30Z ERROR turnstile_sandbox] error reopening target dfd in real root for r "/usr/lib/locale/C.utf8/LC_NAME": No such file or directory (os error 2)
[2026-06-14T22:33:30Z DEBUG libturnstile::sandbox::namespace] Joined namespace ns_fds[0] = 5
[2026-06-14T22:33:30Z DEBUG libturnstile::sandbox::namespace] Joined namespace ns_fds[1] = 8
[2026-06-14T22:33:30Z DEBUG libturnstile::sandbox::namespace] Joined namespace ns_fds[2] = 7
[2026-06-14T22:33:30Z DEBUG libturnstile::utils] Forked child exited with code 0
[2026-06-14T22:33:30Z DEBUG libturnstile::sandbox::upgrade] openat upgrade: installed fresh fd 3 for "/usr/lib/locale/C.utf8/LC_NAME"
[2026-06-14T22:33:30Z DEBUG turnstile_sandbox] got request: AccessRequest { operation: FsOperation(FsStat(StatOperation { target: FsTarget { dfd: ForeignFd { local_fd: 4 }, path: "", no_follow: false }, lstat: false })) }
[2026-06-14T22:33:30Z DEBUG libturnstile::sandbox::namespace] Joined namespace ns_fds[0] = 5
[2026-06-14T22:33:30Z DEBUG libturnstile::sandbox::namespace] Joined namespace ns_fds[1] = 8
[2026-06-14T22:33:30Z DEBUG libturnstile::utils] Forked child exited with code 0
[2026-06-14T22:33:30Z DEBUG libturnstile::sandbox] Current placeholder tree: FsTree { root: FsTreeNode { data: Some(PlaceholderDir(PlaceholderDirData { common: CommonPlaceholderData { atime: timespec { tv_sec: 0, tv_nsec: 1073741822 }, mtime: timespec { tv_sec: 0, tv_nsec: 1073741822 } }, mode: 493 })), children: {"bin": FsTreeNode { data: Some(PlaceholderFile(PlaceholderFileData { common: CommonPlaceholderData { atime: timespec { tv_sec: 0, tv_nsec: 1073741822 }, mtime: timespec { tv_sec: 0, tv_nsec: 1073741822 } }, mode: 420, len: 0 })), children: {} }, "lib64": FsTreeNode { data: Some(PlaceholderFile(PlaceholderFileData { common: CommonPlaceholderData { atime: timespec { tv_sec: 0, tv_nsec: 1073741822 }, mtime: timespec { tv_sec: 0, tv_nsec: 1073741822 } }, mode: 420, len: 0 })), children: {} }, "home": FsTreeNode { data: Some(PlaceholderDir(PlaceholderDirData { common: CommonPlaceholderData { atime: timespec { tv_sec: 0, tv_nsec: 1073741822 }, mtime: timespec { tv_sec: 0, tv_nsec: 1073741822 } }, mode: 493 })), children: {"mao": FsTreeNode { data: Some(PlaceholderDir(PlaceholderDirData { common: CommonPlaceholderData { atime: timespec { tv_sec: 0, tv_nsec: 1073741822 }, mtime: timespec { tv_sec: 0, tv_nsec: 1073741822 } }, mode: 493 })), children: {"turnstile": FsTreeNode { data: Some(PlaceholderDir(PlaceholderDirData { common: CommonPlaceholderData { atime: timespec { tv_sec: 0, tv_nsec: 1073741822 }, mtime: timespec { tv_sec: 0, tv_nsec: 1073741822 } }, mode: 493 })), children: {} }} }} }, "lib": FsTreeNode { data: Some(PlaceholderFile(PlaceholderFileData { common: CommonPlaceholderData { atime: timespec { tv_sec: 0, tv_nsec: 1073741822 }, mtime: timespec { tv_sec: 0, tv_nsec: 1073741822 } }, mode: 420, len: 0 })), children: {} }, "usr": FsTreeNode { data: Some(PlaceholderDir(PlaceholderDirData { common: CommonPlaceholderData { atime: timespec { tv_sec: 0, tv_nsec: 1073741822 }, mtime: timespec { tv_sec: 0, tv_nsec: 1073741822 } }, mode: 493 })), children: {"share": FsTreeNode { data: Some(PlaceholderDir(PlaceholderDirData { common: CommonPlaceholderData { atime: timespec { tv_sec: 0, tv_nsec: 1073741822 }, mtime: timespec { tv_sec: 0, tv_nsec: 1073741822 } }, mode: 493 })), children: {"locale": FsTreeNode { data: Some(PlaceholderDir(PlaceholderDirData { common: CommonPlaceholderData { atime: timespec { tv_sec: 0, tv_nsec: 1073741822 }, mtime: timespec { tv_sec: 0, tv_nsec: 1073741822 } }, mode: 493 })), children: {"locale.alias": FsTreeNode { data: Some(PlaceholderFile(PlaceholderFileData { common: CommonPlaceholderData { atime: timespec { tv_sec: 1781470290, tv_nsec: 4819058 }, mtime: timespec { tv_sec: 1777624420, tv_nsec: 0 } }, mode: 33188, len: 2998 })), children: {} }} }} }, "lib": FsTreeNode { data: Some(PlaceholderDir(PlaceholderDirData { common: CommonPlaceholderData { atime: timespec { tv_sec: 0, tv_nsec: 1073741822 }, mtime: timespec { tv_sec: 0, tv_nsec: 1073741822 } }, mode: 493 })), children: {"libcap.so.2.78": FsTreeNode { data: Some(PlaceholderFile(PlaceholderFileData { common: CommonPlaceholderData { atime: timespec { tv_sec: 1781470290, tv_nsec: 304819506 }, mtime: timespec { tv_sec: 1775495227, tv_nsec: 0 } }, mode: 33261, len: 43064 })), children: {} }, "locale": FsTreeNode { data: Some(PlaceholderDir(PlaceholderDirData { common: CommonPlaceholderData { atime: timespec { tv_sec: 0, tv_nsec: 1073741822 }, mtime: timespec { tv_sec: 0, tv_nsec: 1073741822 } }, mode: 493 })), children: {"C.utf8": FsTreeNode { data: Some(PlaceholderDir(PlaceholderDirData { common: CommonPlaceholderData { atime: timespec { tv_sec: 0, tv_nsec: 1073741822 }, mtime: timespec { tv_sec: 0, tv_nsec: 1073741822 } }, mode: 493 })), children: {"LC_ADDRESS": FsTreeNode { data: Some(PlaceholderFile(PlaceholderFileData { common: CommonPlaceholderData { atime: timespec { tv_sec: 1781470342, tv_nsec: 4897206 }, mtime: timespec { tv_sec: 1777624420, tv_nsec: 0 } }, mode: 33188, len: 127 })), children: {} }, "LC_IDENTIFICATION": FsTreeNode { data: Some(PlaceholderFile(PlaceholderFileData { common: CommonPlaceholderData { atime: timespec { tv_sec: 1781470342, tv_nsec: 4897206 }, mtime: timespec { tv_sec: 1777624420, tv_nsec: 0 } }, mode: 33188, len: 258 })), children: {} }, "LC_TELEPHONE": FsTreeNode { data: Some(PlaceholderFile(PlaceholderFileData { common: CommonPlaceholderData { atime: timespec { tv_sec: 1781470342, tv_nsec: 4897206 }, mtime: timespec { tv_sec: 1777624420, tv_nsec: 0 } }, mode: 33188, len: 47 })), children: {} }, "LC_MEASUREMENT": FsTreeNode { data: Some(PlaceholderFile(PlaceholderFileData { common: CommonPlaceholderData { atime: timespec { tv_sec: 1781470342, tv_nsec: 4897206 }, mtime: timespec { tv_sec: 1777624420, tv_nsec: 0 } }, mode: 33188, len: 23 })), children: {} }} }, "locale-archive": FsTreeNode { data: Some(PlaceholderFile(PlaceholderFileData { common: CommonPlaceholderData { atime: timespec { tv_sec: 1781470339, tv_nsec: 8892705 }, mtime: timespec { tv_sec: 1779234627, tv_nsec: 401287252 } }, mode: 33188, len: 3064432 })), children: {} }} }, "gconv": FsTreeNode { data: Some(PlaceholderDir(PlaceholderDirData { common: CommonPlaceholderData { atime: timespec { tv_sec: 0, tv_nsec: 1073741822 }, mtime: timespec { tv_sec: 0, tv_nsec: 1073741822 } }, mode: 493 })), children: {"gconv-modules.cache": FsTreeNode { data: Some(PlaceholderFile(PlaceholderFileData { common: CommonPlaceholderData { atime: timespec { tv_sec: 1781392908, tv_nsec: 92401431 }, mtime: timespec { tv_sec: 1779234627, tv_nsec: 475287252 } }, mode: 33188, len: 27010 })), children: {} }} }, "libc.so.6": FsTreeNode { data: Some(PlaceholderFile(PlaceholderFileData { common: CommonPlaceholderData { atime: timespec { tv_sec: 1781398022, tv_nsec: 480120641 }, mtime: timespec { tv_sec: 1777624420, tv_nsec: 0 } }, mode: 33261, len: 2190624 })), children: {} }} }} }, "proc": FsTreeNode { data: Some(PlaceholderDir(PlaceholderDirData { common: CommonPlaceholderData { atime: timespec { tv_sec: 0, tv_nsec: 1073741822 }, mtime: timespec { tv_sec: 0, tv_nsec: 1073741822 } }, mode: 493 })), children: {} }} }, nb_entries: 24 }
[2026-06-14T22:33:30Z DEBUG libturnstile::sandbox] Desired placeholder tree: FsTree { root: FsTreeNode { data: Some(PlaceholderDir(PlaceholderDirData { common: CommonPlaceholderData { atime: timespec { tv_sec: 0, tv_nsec: 1073741822 }, mtime: timespec { tv_sec: 0, tv_nsec: 1073741822 } }, mode: 493 })), children: {"home": FsTreeNode { data: Some(PlaceholderDir(PlaceholderDirData { common: CommonPlaceholderData { atime: timespec { tv_sec: 0, tv_nsec: 1073741822 }, mtime: timespec { tv_sec: 0, tv_nsec: 1073741822 } }, mode: 493 })), children: {"mao": FsTreeNode { data: Some(PlaceholderDir(PlaceholderDirData { common: CommonPlaceholderData { atime: timespec { tv_sec: 0, tv_nsec: 1073741822 }, mtime: timespec { tv_sec: 0, tv_nsec: 1073741822 } }, mode: 493 })), children: {"turnstile": FsTreeNode { data: Some(PlaceholderDir(PlaceholderDirData { common: CommonPlaceholderData { atime: timespec { tv_sec: 0, tv_nsec: 1073741822 }, mtime: timespec { tv_sec: 0, tv_nsec: 1073741822 } }, mode: 493 })), children: {} }} }} }, "lib": FsTreeNode { data: Some(PlaceholderFile(PlaceholderFileData { common: CommonPlaceholderData { atime: timespec { tv_sec: 0, tv_nsec: 1073741822 }, mtime: timespec { tv_sec: 0, tv_nsec: 1073741822 } }, mode: 420, len: 0 })), children: {} }, "bin": FsTreeNode { data: Some(PlaceholderFile(PlaceholderFileData { common: CommonPlaceholderData { atime: timespec { tv_sec: 0, tv_nsec: 1073741822 }, mtime: timespec { tv_sec: 0, tv_nsec: 1073741822 } }, mode: 420, len: 0 })), children: {} }, "usr": FsTreeNode { data: Some(PlaceholderDir(PlaceholderDirData { common: CommonPlaceholderData { atime: timespec { tv_sec: 0, tv_nsec: 1073741822 }, mtime: timespec { tv_sec: 0, tv_nsec: 1073741822 } }, mode: 493 })), children: {"lib": FsTreeNode { data: Some(PlaceholderDir(PlaceholderDirData { common: CommonPlaceholderData { atime: timespec { tv_sec: 0, tv_nsec: 1073741822 }, mtime: timespec { tv_sec: 0, tv_nsec: 1073741822 } }, mode: 493 })), children: {"libcap.so.2.78": FsTreeNode { data: Some(PlaceholderFile(PlaceholderFileData { common: CommonPlaceholderData { atime: timespec { tv_sec: 1781470290, tv_nsec: 304819506 }, mtime: timespec { tv_sec: 1775495227, tv_nsec: 0 } }, mode: 33261, len: 43064 })), children: {} }, "libc.so.6": FsTreeNode { data: Some(PlaceholderFile(PlaceholderFileData { common: CommonPlaceholderData { atime: timespec { tv_sec: 1781398022, tv_nsec: 480120641 }, mtime: timespec { tv_sec: 1777624420, tv_nsec: 0 } }, mode: 33261, len: 2190624 })), children: {} }, "gconv": FsTreeNode { data: Some(PlaceholderDir(PlaceholderDirData { common: CommonPlaceholderData { atime: timespec { tv_sec: 0, tv_nsec: 1073741822 }, mtime: timespec { tv_sec: 0, tv_nsec: 1073741822 } }, mode: 493 })), children: {"gconv-modules.cache": FsTreeNode { data: Some(PlaceholderFile(PlaceholderFileData { common: CommonPlaceholderData { atime: timespec { tv_sec: 1781392908, tv_nsec: 92401431 }, mtime: timespec { tv_sec: 1779234627, tv_nsec: 475287252 } }, mode: 33188, len: 27010 })), children: {} }} }, "locale": FsTreeNode { data: Some(PlaceholderDir(PlaceholderDirData { common: CommonPlaceholderData { atime: timespec { tv_sec: 0, tv_nsec: 1073741822 }, mtime: timespec { tv_sec: 0, tv_nsec: 1073741822 } }, mode: 493 })), children: {"C.utf8": FsTreeNode { data: Some(PlaceholderDir(PlaceholderDirData { common: CommonPlaceholderData { atime: timespec { tv_sec: 0, tv_nsec: 1073741822 }, mtime: timespec { tv_sec: 0, tv_nsec: 1073741822 } }, mode: 493 })), children: {"LC_NAME": FsTreeNode { data: Some(PlaceholderFile(PlaceholderFileData { common: CommonPlaceholderData { atime: timespec { tv_sec: 1781470342, tv_nsec: 4897206 }, mtime: timespec { tv_sec: 1777624420, tv_nsec: 0 } }, mode: 33188, len: 62 })), children: {} }, "LC_TELEPHONE": FsTreeNode { data: Some(PlaceholderFile(PlaceholderFileData { common: CommonPlaceholderData { atime: timespec { tv_sec: 1781470342, tv_nsec: 4897206 }, mtime: timespec { tv_sec: 1777624420, tv_nsec: 0 } }, mode: 33188, len: 47 })), children: {} }, "LC_ADDRESS": FsTreeNode { data: Some(PlaceholderFile(PlaceholderFileData { common: CommonPlaceholderData { atime: timespec { tv_sec: 1781470342, tv_nsec: 4897206 }, mtime: timespec { tv_sec: 1777624420, tv_nsec: 0 } }, mode: 33188, len: 127 })), children: {} }, "LC_IDENTIFICATION": FsTreeNode { data: Some(PlaceholderFile(PlaceholderFileData { common: CommonPlaceholderData { atime: timespec { tv_sec: 1781470342, tv_nsec: 4897206 }, mtime: timespec { tv_sec: 1777624420, tv_nsec: 0 } }, mode: 33188, len: 258 })), children: {} }, "LC_MEASUREMENT": FsTreeNode { data: Some(PlaceholderFile(PlaceholderFileData { common: CommonPlaceholderData { atime: timespec { tv_sec: 1781470342, tv_nsec: 4897206 }, mtime: timespec { tv_sec: 1777624420, tv_nsec: 0 } }, mode: 33188, len: 23 })), children: {} }} }, "locale-archive": FsTreeNode { data: Some(PlaceholderFile(PlaceholderFileData { common: CommonPlaceholderData { atime: timespec { tv_sec: 1781470339, tv_nsec: 8892705 }, mtime: timespec { tv_sec: 1779234627, tv_nsec: 401287252 } }, mode: 33188, len: 3064432 })), children: {} }} }} }, "share": FsTreeNode { data: Some(PlaceholderDir(PlaceholderDirData { common: CommonPlaceholderData { atime: timespec { tv_sec: 0, tv_nsec: 1073741822 }, mtime: timespec { tv_sec: 0, tv_nsec: 1073741822 } }, mode: 493 })), children: {"locale": FsTreeNode { data: Some(PlaceholderDir(PlaceholderDirData { common: CommonPlaceholderData { atime: timespec { tv_sec: 0, tv_nsec: 1073741822 }, mtime: timespec { tv_sec: 0, tv_nsec: 1073741822 } }, mode: 493 })), children: {"locale.alias": FsTreeNode { data: Some(PlaceholderFile(PlaceholderFileData { common: CommonPlaceholderData { atime: timespec { tv_sec: 1781470290, tv_nsec: 4819058 }, mtime: timespec { tv_sec: 1777624420, tv_nsec: 0 } }, mode: 33188, len: 2998 })), children: {} }} }} }} }, "proc": FsTreeNode { data: Some(PlaceholderDir(PlaceholderDirData { common: CommonPlaceholderData { atime: timespec { tv_sec: 0, tv_nsec: 1073741822 }, mtime: timespec { tv_sec: 0, tv_nsec: 1073741822 } }, mode: 493 })), children: {} }, "lib64": FsTreeNode { data: Some(PlaceholderFile(PlaceholderFileData { common: CommonPlaceholderData { atime: timespec { tv_sec: 0, tv_nsec: 1073741822 }, mtime: timespec { tv_sec: 0, tv_nsec: 1073741822 } }, mode: 420, len: 0 })), children: {} }} }, nb_entries: 25 }
[2026-06-14T22:33:30Z DEBUG libturnstile::sandbox] Current mount tree: FsTree { root: FsTreeNode { data: None, children: {"proc": FsTreeNode { data: Some(MountInternal { user: ManagedMountPoint { host_path: "/", attrs: MountAttributes { readonly: true, noexec: true } }, mnt_id: 611, expired: false }), children: {} }, "home": FsTreeNode { data: None, children: {"mao": FsTreeNode { data: None, children: {"turnstile": FsTreeNode { data: Some(MountInternal { user: ManagedMountPoint { host_path: "/home/mao/turnstile", attrs: MountAttributes { readonly: true, noexec: true } }, mnt_id: 648, expired: false }), children: {} }} }} }, "lib64": FsTreeNode { data: Some(MountInternal { user: ManagedMountPoint { host_path: "/lib64", attrs: MountAttributes { readonly: true, noexec: false } }, mnt_id: 615, expired: false }), children: {} }, "lib": FsTreeNode { data: Some(MountInternal { user: ManagedMountPoint { host_path: "/lib", attrs: MountAttributes { readonly: true, noexec: false } }, mnt_id: 610, expired: false }), children: {} }, "bin": FsTreeNode { data: Some(MountInternal { user: ManagedMountPoint { host_path: "/bin", attrs: MountAttributes { readonly: true, noexec: false } }, mnt_id: 616, expired: false }), children: {} }, "usr": FsTreeNode { data: Some(MountInternal { user: ManagedMountPoint { host_path: "/usr", attrs: MountAttributes { readonly: true, noexec: false } }, mnt_id: 614, expired: false }), children: {} }} }, nb_entries: 6 }
[2026-06-14T22:33:30Z DEBUG libturnstile::sandbox] Desired mount tree: FsTree { root: FsTreeNode { data: None, children: {"lib": FsTreeNode { data: Some(ManagedMountPoint { host_path: "/lib", attrs: MountAttributes { readonly: true, noexec: false } }), children: {} }, "lib64": FsTreeNode { data: Some(ManagedMountPoint { host_path: "/lib64", attrs: MountAttributes { readonly: true, noexec: false } }), children: {} }, "usr": FsTreeNode { data: Some(ManagedMountPoint { host_path: "/usr", attrs: MountAttributes { readonly: true, noexec: false } }), children: {} }, "proc": FsTreeNode { data: Some(ManagedMountPoint { host_path: "/proc", attrs: MountAttributes { readonly: true, noexec: true } }), children: {} }, "bin": FsTreeNode { data: Some(ManagedMountPoint { host_path: "/bin", attrs: MountAttributes { readonly: true, noexec: false } }), children: {} }, "home": FsTreeNode { data: None, children: {"mao": FsTreeNode { data: None, children: {"turnstile": FsTreeNode { data: Some(ManagedMountPoint { host_path: "/home/mao/turnstile", attrs: MountAttributes { readonly: true, noexec: true } }), children: {} }} }} }} }, nb_entries: 6 }
[2026-06-14T22:33:30Z DEBUG libturnstile::sandbox::namespace] Joined namespace ns_fds[0] = 5
[2026-06-14T22:33:30Z DEBUG libturnstile::sandbox::namespace] Joined namespace ns_fds[1] = 6
[2026-06-14T22:33:30Z DEBUG libturnstile::sandbox::namespace] Joined namespace ns_fds[2] = 8
[2026-06-14T22:33:30Z DEBUG libturnstile::utils] Forked child exited with code 0
[2026-06-14T22:33:30Z INFO  libturnstile::sandbox] Unmounted "/proc"
[2026-06-14T22:33:30Z DEBUG libturnstile::sandbox::namespace] Joined namespace ns_fds[0] = 5
[2026-06-14T22:33:30Z DEBUG libturnstile::sandbox::namespace] Joined namespace ns_fds[1] = 6
[2026-06-14T22:33:30Z DEBUG libturnstile::sandbox::namespace] Joined namespace ns_fds[0] = 8
[2026-06-14T22:33:30Z DEBUG libturnstile::utils] Forked child exited with code 0
[2026-06-14T22:33:30Z INFO  libturnstile::sandbox] Mount bind "/proc" "/proc" ro,noexec
[2026-06-14T22:33:30Z DEBUG libturnstile::sandbox::namespace] Joined namespace ns_fds[0] = 5
[2026-06-14T22:33:30Z DEBUG libturnstile::sandbox::namespace] Joined namespace ns_fds[1] = 8
[2026-06-14T22:33:30Z DEBUG libturnstile::sandbox::namespace] Joined namespace ns_fds[2] = 7
[2026-06-14T22:33:30Z DEBUG libturnstile::utils] Forked child exited with code 0
[2026-06-14T22:33:30Z DEBUG turnstile_sandbox] added resolve placeholder for "/usr/lib/locale/C.utf8/LC_NAME"
[2026-06-14T22:33:30Z DEBUG turnstile_sandbox] got request: AccessRequest { operation: FsOperation(FsOpen(OpenOperation { target: FsTarget { dfd: ForeignFd { local_fd: 4 }, path: "usr/lib/locale/C.UTF-8/LC_PAPER", no_follow: false }, need_read: true, need_write: false, create_mode: None })) }
[2026-06-14T22:33:30Z DEBUG libturnstile::access::fs] open_target_dfd_in_root: attempt 0 for "/" got different inode (expected id InodeId { dev_major: 0, dev_minor: 58, ino: 1 }, got id InodeId { dev_major: 0, dev_minor: 29, ino: 256 })
[2026-06-14T22:33:30Z DEBUG libturnstile::access::fs] open_target_dfd_in_root: attempt 1 for "/" got different inode (expected id InodeId { dev_major: 0, dev_minor: 58, ino: 1 }, got id InodeId { dev_major: 0, dev_minor: 29, ino: 256 })
[2026-06-14T22:33:30Z ERROR libturnstile::access::fs] open_target_dfd_in_root: too many attempts to open "/" before getting correct inode
[2026-06-14T22:33:30Z DEBUG libturnstile::access::fs] realpath() on FsTarget failed: No such file or directory (os error 2)
[2026-06-14T22:33:30Z ERROR turnstile_sandbox] error reopening target dfd in real root for r "/usr/lib/locale/C.UTF-8/LC_PAPER" (invalid): No such file or directory (os error 2)
[2026-06-14T22:33:30Z DEBUG libturnstile::access::fs] realpath() on FsTarget failed: No such file or directory (os error 2)
[2026-06-14T22:33:30Z WARN  libturnstile::sandbox::upgrade] openat upgrade: cannot resolve abspath for "/usr/lib/locale/C.UTF-8/LC_PAPER" (invalid): No such file or directory (os error 2) — continuing natively
[2026-06-14T22:33:30Z DEBUG turnstile_sandbox] got request: AccessRequest { operation: FsOperation(FsOpen(OpenOperation { target: FsTarget { dfd: ForeignFd { local_fd: 4 }, path: "usr/lib/locale/C.utf8/LC_PAPER", no_follow: false }, need_read: true, need_write: false, create_mode: None })) }
[2026-06-14T22:33:30Z DEBUG libturnstile::access::fs] open_target_dfd_in_root: attempt 0 for "/" got different inode (expected id InodeId { dev_major: 0, dev_minor: 58, ino: 1 }, got id InodeId { dev_major: 0, dev_minor: 29, ino: 256 })
[2026-06-14T22:33:30Z DEBUG libturnstile::access::fs] open_target_dfd_in_root: attempt 1 for "/" got different inode (expected id InodeId { dev_major: 0, dev_minor: 58, ino: 1 }, got id InodeId { dev_major: 0, dev_minor: 29, ino: 256 })
[2026-06-14T22:33:30Z ERROR libturnstile::access::fs] open_target_dfd_in_root: too many attempts to open "/" before getting correct inode
[2026-06-14T22:33:30Z ERROR turnstile_sandbox] error reopening target dfd in real root for r "/usr/lib/locale/C.utf8/LC_PAPER": No such file or directory (os error 2)
[2026-06-14T22:33:30Z DEBUG libturnstile::sandbox::namespace] Joined namespace ns_fds[0] = 5
[2026-06-14T22:33:30Z DEBUG libturnstile::sandbox::namespace] Joined namespace ns_fds[1] = 8
[2026-06-14T22:33:30Z DEBUG libturnstile::sandbox::namespace] Joined namespace ns_fds[2] = 7
[2026-06-14T22:33:30Z DEBUG libturnstile::utils] Forked child exited with code 0
[2026-06-14T22:33:30Z DEBUG libturnstile::sandbox::upgrade] openat upgrade: installed fresh fd 3 for "/usr/lib/locale/C.utf8/LC_PAPER"
[2026-06-14T22:33:30Z DEBUG turnstile_sandbox] got request: AccessRequest { operation: FsOperation(FsStat(StatOperation { target: FsTarget { dfd: ForeignFd { local_fd: 4 }, path: "", no_follow: false }, lstat: false })) }
[2026-06-14T22:33:30Z DEBUG libturnstile::sandbox::namespace] Joined namespace ns_fds[0] = 5
[2026-06-14T22:33:30Z DEBUG libturnstile::sandbox::namespace] Joined namespace ns_fds[1] = 8
[2026-06-14T22:33:30Z DEBUG libturnstile::utils] Forked child exited with code 0
[2026-06-14T22:33:30Z DEBUG libturnstile::sandbox] Current placeholder tree: FsTree { root: FsTreeNode { data: Some(PlaceholderDir(PlaceholderDirData { common: CommonPlaceholderData { atime: timespec { tv_sec: 0, tv_nsec: 1073741822 }, mtime: timespec { tv_sec: 0, tv_nsec: 1073741822 } }, mode: 493 })), children: {"bin": FsTreeNode { data: Some(PlaceholderFile(PlaceholderFileData { common: CommonPlaceholderData { atime: timespec { tv_sec: 0, tv_nsec: 1073741822 }, mtime: timespec { tv_sec: 0, tv_nsec: 1073741822 } }, mode: 420, len: 0 })), children: {} }, "lib64": FsTreeNode { data: Some(PlaceholderFile(PlaceholderFileData { common: CommonPlaceholderData { atime: timespec { tv_sec: 0, tv_nsec: 1073741822 }, mtime: timespec { tv_sec: 0, tv_nsec: 1073741822 } }, mode: 420, len: 0 })), children: {} }, "home": FsTreeNode { data: Some(PlaceholderDir(PlaceholderDirData { common: CommonPlaceholderData { atime: timespec { tv_sec: 0, tv_nsec: 1073741822 }, mtime: timespec { tv_sec: 0, tv_nsec: 1073741822 } }, mode: 493 })), children: {"mao": FsTreeNode { data: Some(PlaceholderDir(PlaceholderDirData { common: CommonPlaceholderData { atime: timespec { tv_sec: 0, tv_nsec: 1073741822 }, mtime: timespec { tv_sec: 0, tv_nsec: 1073741822 } }, mode: 493 })), children: {"turnstile": FsTreeNode { data: Some(PlaceholderDir(PlaceholderDirData { common: CommonPlaceholderData { atime: timespec { tv_sec: 0, tv_nsec: 1073741822 }, mtime: timespec { tv_sec: 0, tv_nsec: 1073741822 } }, mode: 493 })), children: {} }} }} }, "lib": FsTreeNode { data: Some(PlaceholderFile(PlaceholderFileData { common: CommonPlaceholderData { atime: timespec { tv_sec: 0, tv_nsec: 1073741822 }, mtime: timespec { tv_sec: 0, tv_nsec: 1073741822 } }, mode: 420, len: 0 })), children: {} }, "usr": FsTreeNode { data: Some(PlaceholderDir(PlaceholderDirData { common: CommonPlaceholderData { atime: timespec { tv_sec: 0, tv_nsec: 1073741822 }, mtime: timespec { tv_sec: 0, tv_nsec: 1073741822 } }, mode: 493 })), children: {"share": FsTreeNode { data: Some(PlaceholderDir(PlaceholderDirData { common: CommonPlaceholderData { atime: timespec { tv_sec: 0, tv_nsec: 1073741822 }, mtime: timespec { tv_sec: 0, tv_nsec: 1073741822 } }, mode: 493 })), children: {"locale": FsTreeNode { data: Some(PlaceholderDir(PlaceholderDirData { common: CommonPlaceholderData { atime: timespec { tv_sec: 0, tv_nsec: 1073741822 }, mtime: timespec { tv_sec: 0, tv_nsec: 1073741822 } }, mode: 493 })), children: {"locale.alias": FsTreeNode { data: Some(PlaceholderFile(PlaceholderFileData { common: CommonPlaceholderData { atime: timespec { tv_sec: 1781470290, tv_nsec: 4819058 }, mtime: timespec { tv_sec: 1777624420, tv_nsec: 0 } }, mode: 33188, len: 2998 })), children: {} }} }} }, "lib": FsTreeNode { data: Some(PlaceholderDir(PlaceholderDirData { common: CommonPlaceholderData { atime: timespec { tv_sec: 0, tv_nsec: 1073741822 }, mtime: timespec { tv_sec: 0, tv_nsec: 1073741822 } }, mode: 493 })), children: {"libcap.so.2.78": FsTreeNode { data: Some(PlaceholderFile(PlaceholderFileData { common: CommonPlaceholderData { atime: timespec { tv_sec: 1781470290, tv_nsec: 304819506 }, mtime: timespec { tv_sec: 1775495227, tv_nsec: 0 } }, mode: 33261, len: 43064 })), children: {} }, "locale": FsTreeNode { data: Some(PlaceholderDir(PlaceholderDirData { common: CommonPlaceholderData { atime: timespec { tv_sec: 0, tv_nsec: 1073741822 }, mtime: timespec { tv_sec: 0, tv_nsec: 1073741822 } }, mode: 493 })), children: {"C.utf8": FsTreeNode { data: Some(PlaceholderDir(PlaceholderDirData { common: CommonPlaceholderData { atime: timespec { tv_sec: 0, tv_nsec: 1073741822 }, mtime: timespec { tv_sec: 0, tv_nsec: 1073741822 } }, mode: 493 })), children: {"LC_ADDRESS": FsTreeNode { data: Some(PlaceholderFile(PlaceholderFileData { common: CommonPlaceholderData { atime: timespec { tv_sec: 1781470342, tv_nsec: 4897206 }, mtime: timespec { tv_sec: 1777624420, tv_nsec: 0 } }, mode: 33188, len: 127 })), children: {} }, "LC_IDENTIFICATION": FsTreeNode { data: Some(PlaceholderFile(PlaceholderFileData { common: CommonPlaceholderData { atime: timespec { tv_sec: 1781470342, tv_nsec: 4897206 }, mtime: timespec { tv_sec: 1777624420, tv_nsec: 0 } }, mode: 33188, len: 258 })), children: {} }, "LC_TELEPHONE": FsTreeNode { data: Some(PlaceholderFile(PlaceholderFileData { common: CommonPlaceholderData { atime: timespec { tv_sec: 1781470342, tv_nsec: 4897206 }, mtime: timespec { tv_sec: 1777624420, tv_nsec: 0 } }, mode: 33188, len: 47 })), children: {} }, "LC_MEASUREMENT": FsTreeNode { data: Some(PlaceholderFile(PlaceholderFileData { common: CommonPlaceholderData { atime: timespec { tv_sec: 1781470342, tv_nsec: 4897206 }, mtime: timespec { tv_sec: 1777624420, tv_nsec: 0 } }, mode: 33188, len: 23 })), children: {} }, "LC_NAME": FsTreeNode { data: Some(PlaceholderFile(PlaceholderFileData { common: CommonPlaceholderData { atime: timespec { tv_sec: 1781470342, tv_nsec: 4897206 }, mtime: timespec { tv_sec: 1777624420, tv_nsec: 0 } }, mode: 33188, len: 62 })), children: {} }} }, "locale-archive": FsTreeNode { data: Some(PlaceholderFile(PlaceholderFileData { common: CommonPlaceholderData { atime: timespec { tv_sec: 1781470339, tv_nsec: 8892705 }, mtime: timespec { tv_sec: 1779234627, tv_nsec: 401287252 } }, mode: 33188, len: 3064432 })), children: {} }} }, "gconv": FsTreeNode { data: Some(PlaceholderDir(PlaceholderDirData { common: CommonPlaceholderData { atime: timespec { tv_sec: 0, tv_nsec: 1073741822 }, mtime: timespec { tv_sec: 0, tv_nsec: 1073741822 } }, mode: 493 })), children: {"gconv-modules.cache": FsTreeNode { data: Some(PlaceholderFile(PlaceholderFileData { common: CommonPlaceholderData { atime: timespec { tv_sec: 1781392908, tv_nsec: 92401431 }, mtime: timespec { tv_sec: 1779234627, tv_nsec: 475287252 } }, mode: 33188, len: 27010 })), children: {} }} }, "libc.so.6": FsTreeNode { data: Some(PlaceholderFile(PlaceholderFileData { common: CommonPlaceholderData { atime: timespec { tv_sec: 1781398022, tv_nsec: 480120641 }, mtime: timespec { tv_sec: 1777624420, tv_nsec: 0 } }, mode: 33261, len: 2190624 })), children: {} }} }} }, "proc": FsTreeNode { data: Some(PlaceholderDir(PlaceholderDirData { common: CommonPlaceholderData { atime: timespec { tv_sec: 0, tv_nsec: 1073741822 }, mtime: timespec { tv_sec: 0, tv_nsec: 1073741822 } }, mode: 493 })), children: {} }} }, nb_entries: 25 }
[2026-06-14T22:33:30Z DEBUG libturnstile::sandbox] Desired placeholder tree: FsTree { root: FsTreeNode { data: Some(PlaceholderDir(PlaceholderDirData { common: CommonPlaceholderData { atime: timespec { tv_sec: 0, tv_nsec: 1073741822 }, mtime: timespec { tv_sec: 0, tv_nsec: 1073741822 } }, mode: 493 })), children: {"lib64": FsTreeNode { data: Some(PlaceholderFile(PlaceholderFileData { common: CommonPlaceholderData { atime: timespec { tv_sec: 0, tv_nsec: 1073741822 }, mtime: timespec { tv_sec: 0, tv_nsec: 1073741822 } }, mode: 420, len: 0 })), children: {} }, "usr": FsTreeNode { data: Some(PlaceholderDir(PlaceholderDirData { common: CommonPlaceholderData { atime: timespec { tv_sec: 0, tv_nsec: 1073741822 }, mtime: timespec { tv_sec: 0, tv_nsec: 1073741822 } }, mode: 493 })), children: {"lib": FsTreeNode { data: Some(PlaceholderDir(PlaceholderDirData { common: CommonPlaceholderData { atime: timespec { tv_sec: 0, tv_nsec: 1073741822 }, mtime: timespec { tv_sec: 0, tv_nsec: 1073741822 } }, mode: 493 })), children: {"libcap.so.2.78": FsTreeNode { data: Some(PlaceholderFile(PlaceholderFileData { common: CommonPlaceholderData { atime: timespec { tv_sec: 1781470290, tv_nsec: 304819506 }, mtime: timespec { tv_sec: 1775495227, tv_nsec: 0 } }, mode: 33261, len: 43064 })), children: {} }, "gconv": FsTreeNode { data: Some(PlaceholderDir(PlaceholderDirData { common: CommonPlaceholderData { atime: timespec { tv_sec: 0, tv_nsec: 1073741822 }, mtime: timespec { tv_sec: 0, tv_nsec: 1073741822 } }, mode: 493 })), children: {"gconv-modules.cache": FsTreeNode { data: Some(PlaceholderFile(PlaceholderFileData { common: CommonPlaceholderData { atime: timespec { tv_sec: 1781392908, tv_nsec: 92401431 }, mtime: timespec { tv_sec: 1779234627, tv_nsec: 475287252 } }, mode: 33188, len: 27010 })), children: {} }} }, "libc.so.6": FsTreeNode { data: Some(PlaceholderFile(PlaceholderFileData { common: CommonPlaceholderData { atime: timespec { tv_sec: 1781398022, tv_nsec: 480120641 }, mtime: timespec { tv_sec: 1777624420, tv_nsec: 0 } }, mode: 33261, len: 2190624 })), children: {} }, "locale": FsTreeNode { data: Some(PlaceholderDir(PlaceholderDirData { common: CommonPlaceholderData { atime: timespec { tv_sec: 0, tv_nsec: 1073741822 }, mtime: timespec { tv_sec: 0, tv_nsec: 1073741822 } }, mode: 493 })), children: {"C.utf8": FsTreeNode { data: Some(PlaceholderDir(PlaceholderDirData { common: CommonPlaceholderData { atime: timespec { tv_sec: 0, tv_nsec: 1073741822 }, mtime: timespec { tv_sec: 0, tv_nsec: 1073741822 } }, mode: 493 })), children: {"LC_PAPER": FsTreeNode { data: Some(PlaceholderFile(PlaceholderFileData { common: CommonPlaceholderData { atime: timespec { tv_sec: 1781470342, tv_nsec: 4897206 }, mtime: timespec { tv_sec: 1777624420, tv_nsec: 0 } }, mode: 33188, len: 34 })), children: {} }, "LC_IDENTIFICATION": FsTreeNode { data: Some(PlaceholderFile(PlaceholderFileData { common: CommonPlaceholderData { atime: timespec { tv_sec: 1781470342, tv_nsec: 4897206 }, mtime: timespec { tv_sec: 1777624420, tv_nsec: 0 } }, mode: 33188, len: 258 })), children: {} }, "LC_TELEPHONE": FsTreeNode { data: Some(PlaceholderFile(PlaceholderFileData { common: CommonPlaceholderData { atime: timespec { tv_sec: 1781470342, tv_nsec: 4897206 }, mtime: timespec { tv_sec: 1777624420, tv_nsec: 0 } }, mode: 33188, len: 47 })), children: {} }, "LC_ADDRESS": FsTreeNode { data: Some(PlaceholderFile(PlaceholderFileData { common: CommonPlaceholderData { atime: timespec { tv_sec: 1781470342, tv_nsec: 4897206 }, mtime: timespec { tv_sec: 1777624420, tv_nsec: 0 } }, mode: 33188, len: 127 })), children: {} }, "LC_NAME": FsTreeNode { data: Some(PlaceholderFile(PlaceholderFileData { common: CommonPlaceholderData { atime: timespec { tv_sec: 1781470342, tv_nsec: 4897206 }, mtime: timespec { tv_sec: 1777624420, tv_nsec: 0 } }, mode: 33188, len: 62 })), children: {} }, "LC_MEASUREMENT": FsTreeNode { data: Some(PlaceholderFile(PlaceholderFileData { common: CommonPlaceholderData { atime: timespec { tv_sec: 1781470342, tv_nsec: 4897206 }, mtime: timespec { tv_sec: 1777624420, tv_nsec: 0 } }, mode: 33188, len: 23 })), children: {} }} }, "locale-archive": FsTreeNode { data: Some(PlaceholderFile(PlaceholderFileData { common: CommonPlaceholderData { atime: timespec { tv_sec: 1781470339, tv_nsec: 8892705 }, mtime: timespec { tv_sec: 1779234627, tv_nsec: 401287252 } }, mode: 33188, len: 3064432 })), children: {} }} }} }, "share": FsTreeNode { data: Some(PlaceholderDir(PlaceholderDirData { common: CommonPlaceholderData { atime: timespec { tv_sec: 0, tv_nsec: 1073741822 }, mtime: timespec { tv_sec: 0, tv_nsec: 1073741822 } }, mode: 493 })), children: {"locale": FsTreeNode { data: Some(PlaceholderDir(PlaceholderDirData { common: CommonPlaceholderData { atime: timespec { tv_sec: 0, tv_nsec: 1073741822 }, mtime: timespec { tv_sec: 0, tv_nsec: 1073741822 } }, mode: 493 })), children: {"locale.alias": FsTreeNode { data: Some(PlaceholderFile(PlaceholderFileData { common: CommonPlaceholderData { atime: timespec { tv_sec: 1781470290, tv_nsec: 4819058 }, mtime: timespec { tv_sec: 1777624420, tv_nsec: 0 } }, mode: 33188, len: 2998 })), children: {} }} }} }} }, "proc": FsTreeNode { data: Some(PlaceholderDir(PlaceholderDirData { common: CommonPlaceholderData { atime: timespec { tv_sec: 0, tv_nsec: 1073741822 }, mtime: timespec { tv_sec: 0, tv_nsec: 1073741822 } }, mode: 493 })), children: {} }, "bin": FsTreeNode { data: Some(PlaceholderFile(PlaceholderFileData { common: CommonPlaceholderData { atime: timespec { tv_sec: 0, tv_nsec: 1073741822 }, mtime: timespec { tv_sec: 0, tv_nsec: 1073741822 } }, mode: 420, len: 0 })), children: {} }, "home": FsTreeNode { data: Some(PlaceholderDir(PlaceholderDirData { common: CommonPlaceholderData { atime: timespec { tv_sec: 0, tv_nsec: 1073741822 }, mtime: timespec { tv_sec: 0, tv_nsec: 1073741822 } }, mode: 493 })), children: {"mao": FsTreeNode { data: Some(PlaceholderDir(PlaceholderDirData { common: CommonPlaceholderData { atime: timespec { tv_sec: 0, tv_nsec: 1073741822 }, mtime: timespec { tv_sec: 0, tv_nsec: 1073741822 } }, mode: 493 })), children: {"turnstile": FsTreeNode { data: Some(PlaceholderDir(PlaceholderDirData { common: CommonPlaceholderData { atime: timespec { tv_sec: 0, tv_nsec: 1073741822 }, mtime: timespec { tv_sec: 0, tv_nsec: 1073741822 } }, mode: 493 })), children: {} }} }} }, "lib": FsTreeNode { data: Some(PlaceholderFile(PlaceholderFileData { common: CommonPlaceholderData { atime: timespec { tv_sec: 0, tv_nsec: 1073741822 }, mtime: timespec { tv_sec: 0, tv_nsec: 1073741822 } }, mode: 420, len: 0 })), children: {} }} }, nb_entries: 26 }
[2026-06-14T22:33:31Z DEBUG libturnstile::sandbox] Current mount tree: FsTree { root: FsTreeNode { data: None, children: {"proc": FsTreeNode { data: Some(MountInternal { user: ManagedMountPoint { host_path: "/", attrs: MountAttributes { readonly: true, noexec: true } }, mnt_id: 611, expired: false }), children: {} }, "home": FsTreeNode { data: None, children: {"mao": FsTreeNode { data: None, children: {"turnstile": FsTreeNode { data: Some(MountInternal { user: ManagedMountPoint { host_path: "/home/mao/turnstile", attrs: MountAttributes { readonly: true, noexec: true } }, mnt_id: 648, expired: false }), children: {} }} }} }, "lib64": FsTreeNode { data: Some(MountInternal { user: ManagedMountPoint { host_path: "/lib64", attrs: MountAttributes { readonly: true, noexec: false } }, mnt_id: 615, expired: false }), children: {} }, "lib": FsTreeNode { data: Some(MountInternal { user: ManagedMountPoint { host_path: "/lib", attrs: MountAttributes { readonly: true, noexec: false } }, mnt_id: 610, expired: false }), children: {} }, "bin": FsTreeNode { data: Some(MountInternal { user: ManagedMountPoint { host_path: "/bin", attrs: MountAttributes { readonly: true, noexec: false } }, mnt_id: 616, expired: false }), children: {} }, "usr": FsTreeNode { data: Some(MountInternal { user: ManagedMountPoint { host_path: "/usr", attrs: MountAttributes { readonly: true, noexec: false } }, mnt_id: 614, expired: false }), children: {} }} }, nb_entries: 6 }
[2026-06-14T22:33:31Z DEBUG libturnstile::sandbox] Desired mount tree: FsTree { root: FsTreeNode { data: None, children: {"bin": FsTreeNode { data: Some(ManagedMountPoint { host_path: "/bin", attrs: MountAttributes { readonly: true, noexec: false } }), children: {} }, "usr": FsTreeNode { data: Some(ManagedMountPoint { host_path: "/usr", attrs: MountAttributes { readonly: true, noexec: false } }), children: {} }, "home": FsTreeNode { data: None, children: {"mao": FsTreeNode { data: None, children: {"turnstile": FsTreeNode { data: Some(ManagedMountPoint { host_path: "/home/mao/turnstile", attrs: MountAttributes { readonly: true, noexec: true } }), children: {} }} }} }, "proc": FsTreeNode { data: Some(ManagedMountPoint { host_path: "/proc", attrs: MountAttributes { readonly: true, noexec: true } }), children: {} }, "lib": FsTreeNode { data: Some(ManagedMountPoint { host_path: "/lib", attrs: MountAttributes { readonly: true, noexec: false } }), children: {} }, "lib64": FsTreeNode { data: Some(ManagedMountPoint { host_path: "/lib64", attrs: MountAttributes { readonly: true, noexec: false } }), children: {} }} }, nb_entries: 6 }
[2026-06-14T22:33:31Z DEBUG libturnstile::sandbox::namespace] Joined namespace ns_fds[0] = 5
[2026-06-14T22:33:31Z DEBUG libturnstile::sandbox::namespace] Joined namespace ns_fds[1] = 6
[2026-06-14T22:33:31Z DEBUG libturnstile::sandbox::namespace] Joined namespace ns_fds[2] = 8
[2026-06-14T22:33:31Z DEBUG libturnstile::utils] Forked child exited with code 0
[2026-06-14T22:33:31Z INFO  libturnstile::sandbox] Unmounted "/proc"
[2026-06-14T22:33:31Z DEBUG libturnstile::sandbox::namespace] Joined namespace ns_fds[0] = 5
[2026-06-14T22:33:31Z DEBUG libturnstile::sandbox::namespace] Joined namespace ns_fds[1] = 6
[2026-06-14T22:33:31Z DEBUG libturnstile::sandbox::namespace] Joined namespace ns_fds[0] = 8
[2026-06-14T22:33:31Z DEBUG libturnstile::utils] Forked child exited with code 0
[2026-06-14T22:33:31Z INFO  libturnstile::sandbox] Mount bind "/proc" "/proc" ro,noexec
[2026-06-14T22:33:31Z DEBUG libturnstile::sandbox::namespace] Joined namespace ns_fds[0] = 5
[2026-06-14T22:33:31Z DEBUG libturnstile::sandbox::namespace] Joined namespace ns_fds[1] = 8
[2026-06-14T22:33:31Z DEBUG libturnstile::sandbox::namespace] Joined namespace ns_fds[2] = 7
[2026-06-14T22:33:31Z DEBUG libturnstile::utils] Forked child exited with code 0
[2026-06-14T22:33:31Z DEBUG turnstile_sandbox] added resolve placeholder for "/usr/lib/locale/C.utf8/LC_PAPER"
[2026-06-14T22:33:31Z DEBUG turnstile_sandbox] got request: AccessRequest { operation: FsOperation(FsOpen(OpenOperation { target: FsTarget { dfd: ForeignFd { local_fd: 4 }, path: "usr/lib/locale/C.UTF-8/LC_MESSAGES", no_follow: false }, need_read: true, need_write: false, create_mode: None })) }
[2026-06-14T22:33:31Z DEBUG libturnstile::access::fs] open_target_dfd_in_root: attempt 0 for "/" got different inode (expected id InodeId { dev_major: 0, dev_minor: 58, ino: 1 }, got id InodeId { dev_major: 0, dev_minor: 29, ino: 256 })
[2026-06-14T22:33:31Z DEBUG libturnstile::access::fs] open_target_dfd_in_root: attempt 1 for "/" got different inode (expected id InodeId { dev_major: 0, dev_minor: 58, ino: 1 }, got id InodeId { dev_major: 0, dev_minor: 29, ino: 256 })
[2026-06-14T22:33:31Z ERROR libturnstile::access::fs] open_target_dfd_in_root: too many attempts to open "/" before getting correct inode
[2026-06-14T22:33:31Z DEBUG libturnstile::access::fs] realpath() on FsTarget failed: No such file or directory (os error 2)
[2026-06-14T22:33:31Z ERROR turnstile_sandbox] error reopening target dfd in real root for r "/usr/lib/locale/C.UTF-8/LC_MESSAGES" (invalid): No such file or directory (os error 2)
[2026-06-14T22:33:31Z DEBUG libturnstile::access::fs] realpath() on FsTarget failed: No such file or directory (os error 2)
[2026-06-14T22:33:31Z WARN  libturnstile::sandbox::upgrade] openat upgrade: cannot resolve abspath for "/usr/lib/locale/C.UTF-8/LC_MESSAGES" (invalid): No such file or directory (os error 2) — continuing natively
[2026-06-14T22:33:31Z DEBUG turnstile_sandbox] got request: AccessRequest { operation: FsOperation(FsOpen(OpenOperation { target: FsTarget { dfd: ForeignFd { local_fd: 4 }, path: "usr/lib/locale/C.utf8/LC_MESSAGES", no_follow: false }, need_read: true, need_write: false, create_mode: None })) }
[2026-06-14T22:33:31Z DEBUG libturnstile::access::fs] open_target_dfd_in_root: attempt 0 for "/" got different inode (expected id InodeId { dev_major: 0, dev_minor: 58, ino: 1 }, got id InodeId { dev_major: 0, dev_minor: 29, ino: 256 })
[2026-06-14T22:33:31Z DEBUG libturnstile::access::fs] open_target_dfd_in_root: attempt 1 for "/" got different inode (expected id InodeId { dev_major: 0, dev_minor: 58, ino: 1 }, got id InodeId { dev_major: 0, dev_minor: 29, ino: 256 })
[2026-06-14T22:33:31Z ERROR libturnstile::access::fs] open_target_dfd_in_root: too many attempts to open "/" before getting correct inode
[2026-06-14T22:33:31Z ERROR turnstile_sandbox] error reopening target dfd in real root for r "/usr/lib/locale/C.utf8/LC_MESSAGES": No such file or directory (os error 2)
[2026-06-14T22:33:31Z DEBUG libturnstile::sandbox::namespace] Joined namespace ns_fds[0] = 5
[2026-06-14T22:33:31Z DEBUG libturnstile::sandbox::namespace] Joined namespace ns_fds[1] = 8
[2026-06-14T22:33:31Z DEBUG libturnstile::sandbox::namespace] Joined namespace ns_fds[2] = 7
[2026-06-14T22:33:31Z DEBUG libturnstile::utils] Forked child exited with code 0
[2026-06-14T22:33:31Z DEBUG libturnstile::sandbox::upgrade] openat upgrade: installed fresh fd 3 for "/usr/lib/locale/C.utf8/LC_MESSAGES"
[2026-06-14T22:33:31Z DEBUG turnstile_sandbox] got request: AccessRequest { operation: FsOperation(FsStat(StatOperation { target: FsTarget { dfd: ForeignFd { local_fd: 4 }, path: "", no_follow: false }, lstat: false })) }
[2026-06-14T22:33:31Z DEBUG libturnstile::sandbox::namespace] Joined namespace ns_fds[0] = 5
[2026-06-14T22:33:31Z DEBUG libturnstile::sandbox::namespace] Joined namespace ns_fds[1] = 8
[2026-06-14T22:33:31Z DEBUG libturnstile::utils] Forked child exited with code 0
[2026-06-14T22:33:31Z DEBUG libturnstile::sandbox] Current placeholder tree: FsTree { root: FsTreeNode { data: Some(PlaceholderDir(PlaceholderDirData { common: CommonPlaceholderData { atime: timespec { tv_sec: 0, tv_nsec: 1073741822 }, mtime: timespec { tv_sec: 0, tv_nsec: 1073741822 } }, mode: 493 })), children: {"bin": FsTreeNode { data: Some(PlaceholderFile(PlaceholderFileData { common: CommonPlaceholderData { atime: timespec { tv_sec: 0, tv_nsec: 1073741822 }, mtime: timespec { tv_sec: 0, tv_nsec: 1073741822 } }, mode: 420, len: 0 })), children: {} }, "lib64": FsTreeNode { data: Some(PlaceholderFile(PlaceholderFileData { common: CommonPlaceholderData { atime: timespec { tv_sec: 0, tv_nsec: 1073741822 }, mtime: timespec { tv_sec: 0, tv_nsec: 1073741822 } }, mode: 420, len: 0 })), children: {} }, "home": FsTreeNode { data: Some(PlaceholderDir(PlaceholderDirData { common: CommonPlaceholderData { atime: timespec { tv_sec: 0, tv_nsec: 1073741822 }, mtime: timespec { tv_sec: 0, tv_nsec: 1073741822 } }, mode: 493 })), children: {"mao": FsTreeNode { data: Some(PlaceholderDir(PlaceholderDirData { common: CommonPlaceholderData { atime: timespec { tv_sec: 0, tv_nsec: 1073741822 }, mtime: timespec { tv_sec: 0, tv_nsec: 1073741822 } }, mode: 493 })), children: {"turnstile": FsTreeNode { data: Some(PlaceholderDir(PlaceholderDirData { common: CommonPlaceholderData { atime: timespec { tv_sec: 0, tv_nsec: 1073741822 }, mtime: timespec { tv_sec: 0, tv_nsec: 1073741822 } }, mode: 493 })), children: {} }} }} }, "lib": FsTreeNode { data: Some(PlaceholderFile(PlaceholderFileData { common: CommonPlaceholderData { atime: timespec { tv_sec: 0, tv_nsec: 1073741822 }, mtime: timespec { tv_sec: 0, tv_nsec: 1073741822 } }, mode: 420, len: 0 })), children: {} }, "usr": FsTreeNode { data: Some(PlaceholderDir(PlaceholderDirData { common: CommonPlaceholderData { atime: timespec { tv_sec: 0, tv_nsec: 1073741822 }, mtime: timespec { tv_sec: 0, tv_nsec: 1073741822 } }, mode: 493 })), children: {"share": FsTreeNode { data: Some(PlaceholderDir(PlaceholderDirData { common: CommonPlaceholderData { atime: timespec { tv_sec: 0, tv_nsec: 1073741822 }, mtime: timespec { tv_sec: 0, tv_nsec: 1073741822 } }, mode: 493 })), children: {"locale": FsTreeNode { data: Some(PlaceholderDir(PlaceholderDirData { common: CommonPlaceholderData { atime: timespec { tv_sec: 0, tv_nsec: 1073741822 }, mtime: timespec { tv_sec: 0, tv_nsec: 1073741822 } }, mode: 493 })), children: {"locale.alias": FsTreeNode { data: Some(PlaceholderFile(PlaceholderFileData { common: CommonPlaceholderData { atime: timespec { tv_sec: 1781470290, tv_nsec: 4819058 }, mtime: timespec { tv_sec: 1777624420, tv_nsec: 0 } }, mode: 33188, len: 2998 })), children: {} }} }} }, "lib": FsTreeNode { data: Some(PlaceholderDir(PlaceholderDirData { common: CommonPlaceholderData { atime: timespec { tv_sec: 0, tv_nsec: 1073741822 }, mtime: timespec { tv_sec: 0, tv_nsec: 1073741822 } }, mode: 493 })), children: {"libcap.so.2.78": FsTreeNode { data: Some(PlaceholderFile(PlaceholderFileData { common: CommonPlaceholderData { atime: timespec { tv_sec: 1781470290, tv_nsec: 304819506 }, mtime: timespec { tv_sec: 1775495227, tv_nsec: 0 } }, mode: 33261, len: 43064 })), children: {} }, "locale": FsTreeNode { data: Some(PlaceholderDir(PlaceholderDirData { common: CommonPlaceholderData { atime: timespec { tv_sec: 0, tv_nsec: 1073741822 }, mtime: timespec { tv_sec: 0, tv_nsec: 1073741822 } }, mode: 493 })), children: {"C.utf8": FsTreeNode { data: Some(PlaceholderDir(PlaceholderDirData { common: CommonPlaceholderData { atime: timespec { tv_sec: 0, tv_nsec: 1073741822 }, mtime: timespec { tv_sec: 0, tv_nsec: 1073741822 } }, mode: 493 })), children: {"LC_ADDRESS": FsTreeNode { data: Some(PlaceholderFile(PlaceholderFileData { common: CommonPlaceholderData { atime: timespec { tv_sec: 1781470342, tv_nsec: 4897206 }, mtime: timespec { tv_sec: 1777624420, tv_nsec: 0 } }, mode: 33188, len: 127 })), children: {} }, "LC_IDENTIFICATION": FsTreeNode { data: Some(PlaceholderFile(PlaceholderFileData { common: CommonPlaceholderData { atime: timespec { tv_sec: 1781470342, tv_nsec: 4897206 }, mtime: timespec { tv_sec: 1777624420, tv_nsec: 0 } }, mode: 33188, len: 258 })), children: {} }, "LC_TELEPHONE": FsTreeNode { data: Some(PlaceholderFile(PlaceholderFileData { common: CommonPlaceholderData { atime: timespec { tv_sec: 1781470342, tv_nsec: 4897206 }, mtime: timespec { tv_sec: 1777624420, tv_nsec: 0 } }, mode: 33188, len: 47 })), children: {} }, "LC_MEASUREMENT": FsTreeNode { data: Some(PlaceholderFile(PlaceholderFileData { common: CommonPlaceholderData { atime: timespec { tv_sec: 1781470342, tv_nsec: 4897206 }, mtime: timespec { tv_sec: 1777624420, tv_nsec: 0 } }, mode: 33188, len: 23 })), children: {} }, "LC_NAME": FsTreeNode { data: Some(PlaceholderFile(PlaceholderFileData { common: CommonPlaceholderData { atime: timespec { tv_sec: 1781470342, tv_nsec: 4897206 }, mtime: timespec { tv_sec: 1777624420, tv_nsec: 0 } }, mode: 33188, len: 62 })), children: {} }, "LC_PAPER": FsTreeNode { data: Some(PlaceholderFile(PlaceholderFileData { common: CommonPlaceholderData { atime: timespec { tv_sec: 1781470342, tv_nsec: 4897206 }, mtime: timespec { tv_sec: 1777624420, tv_nsec: 0 } }, mode: 33188, len: 34 })), children: {} }} }, "locale-archive": FsTreeNode { data: Some(PlaceholderFile(PlaceholderFileData { common: CommonPlaceholderData { atime: timespec { tv_sec: 1781470339, tv_nsec: 8892705 }, mtime: timespec { tv_sec: 1779234627, tv_nsec: 401287252 } }, mode: 33188, len: 3064432 })), children: {} }} }, "gconv": FsTreeNode { data: Some(PlaceholderDir(PlaceholderDirData { common: CommonPlaceholderData { atime: timespec { tv_sec: 0, tv_nsec: 1073741822 }, mtime: timespec { tv_sec: 0, tv_nsec: 1073741822 } }, mode: 493 })), children: {"gconv-modules.cache": FsTreeNode { data: Some(PlaceholderFile(PlaceholderFileData { common: CommonPlaceholderData { atime: timespec { tv_sec: 1781392908, tv_nsec: 92401431 }, mtime: timespec { tv_sec: 1779234627, tv_nsec: 475287252 } }, mode: 33188, len: 27010 })), children: {} }} }, "libc.so.6": FsTreeNode { data: Some(PlaceholderFile(PlaceholderFileData { common: CommonPlaceholderData { atime: timespec { tv_sec: 1781398022, tv_nsec: 480120641 }, mtime: timespec { tv_sec: 1777624420, tv_nsec: 0 } }, mode: 33261, len: 2190624 })), children: {} }} }} }, "proc": FsTreeNode { data: Some(PlaceholderDir(PlaceholderDirData { common: CommonPlaceholderData { atime: timespec { tv_sec: 0, tv_nsec: 1073741822 }, mtime: timespec { tv_sec: 0, tv_nsec: 1073741822 } }, mode: 493 })), children: {} }} }, nb_entries: 26 }
[2026-06-14T22:33:31Z DEBUG libturnstile::sandbox] Desired placeholder tree: FsTree { root: FsTreeNode { data: Some(PlaceholderDir(PlaceholderDirData { common: CommonPlaceholderData { atime: timespec { tv_sec: 0, tv_nsec: 1073741822 }, mtime: timespec { tv_sec: 0, tv_nsec: 1073741822 } }, mode: 493 })), children: {"bin": FsTreeNode { data: Some(PlaceholderFile(PlaceholderFileData { common: CommonPlaceholderData { atime: timespec { tv_sec: 0, tv_nsec: 1073741822 }, mtime: timespec { tv_sec: 0, tv_nsec: 1073741822 } }, mode: 420, len: 0 })), children: {} }, "usr": FsTreeNode { data: Some(PlaceholderDir(PlaceholderDirData { common: CommonPlaceholderData { atime: timespec { tv_sec: 0, tv_nsec: 1073741822 }, mtime: timespec { tv_sec: 0, tv_nsec: 1073741822 } }, mode: 493 })), children: {"lib": FsTreeNode { data: Some(PlaceholderDir(PlaceholderDirData { common: CommonPlaceholderData { atime: timespec { tv_sec: 0, tv_nsec: 1073741822 }, mtime: timespec { tv_sec: 0, tv_nsec: 1073741822 } }, mode: 493 })), children: {"locale": FsTreeNode { data: Some(PlaceholderDir(PlaceholderDirData { common: CommonPlaceholderData { atime: timespec { tv_sec: 0, tv_nsec: 1073741822 }, mtime: timespec { tv_sec: 0, tv_nsec: 1073741822 } }, mode: 493 })), children: {"locale-archive": FsTreeNode { data: Some(PlaceholderFile(PlaceholderFileData { common: CommonPlaceholderData { atime: timespec { tv_sec: 1781470339, tv_nsec: 8892705 }, mtime: timespec { tv_sec: 1779234627, tv_nsec: 401287252 } }, mode: 33188, len: 3064432 })), children: {} }, "C.utf8": FsTreeNode { data: Some(PlaceholderDir(PlaceholderDirData { common: CommonPlaceholderData { atime: timespec { tv_sec: 0, tv_nsec: 1073741822 }, mtime: timespec { tv_sec: 0, tv_nsec: 1073741822 } }, mode: 493 })), children: {"LC_PAPER": FsTreeNode { data: Some(PlaceholderFile(PlaceholderFileData { common: CommonPlaceholderData { atime: timespec { tv_sec: 1781470342, tv_nsec: 4897206 }, mtime: timespec { tv_sec: 1777624420, tv_nsec: 0 } }, mode: 33188, len: 34 })), children: {} }, "LC_ADDRESS": FsTreeNode { data: Some(PlaceholderFile(PlaceholderFileData { common: CommonPlaceholderData { atime: timespec { tv_sec: 1781470342, tv_nsec: 4897206 }, mtime: timespec { tv_sec: 1777624420, tv_nsec: 0 } }, mode: 33188, len: 127 })), children: {} }, "LC_NAME": FsTreeNode { data: Some(PlaceholderFile(PlaceholderFileData { common: CommonPlaceholderData { atime: timespec { tv_sec: 1781470342, tv_nsec: 4897206 }, mtime: timespec { tv_sec: 1777624420, tv_nsec: 0 } }, mode: 33188, len: 62 })), children: {} }, "LC_IDENTIFICATION": FsTreeNode { data: Some(PlaceholderFile(PlaceholderFileData { common: CommonPlaceholderData { atime: timespec { tv_sec: 1781470342, tv_nsec: 4897206 }, mtime: timespec { tv_sec: 1777624420, tv_nsec: 0 } }, mode: 33188, len: 258 })), children: {} }, "LC_MESSAGES": FsTreeNode { data: Some(PlaceholderDir(PlaceholderDirData { common: CommonPlaceholderData { atime: timespec { tv_sec: 1779234626, tv_nsec: 893611770 }, mtime: timespec { tv_sec: 1779234626, tv_nsec: 926645019 } }, mode: 16877 })), children: {} }, "LC_MEASUREMENT": FsTreeNode { data: Some(PlaceholderFile(PlaceholderFileData { common: CommonPlaceholderData { atime: timespec { tv_sec: 1781470342, tv_nsec: 4897206 }, mtime: timespec { tv_sec: 1777624420, tv_nsec: 0 } }, mode: 33188, len: 23 })), children: {} }, "LC_TELEPHONE": FsTreeNode { data: Some(PlaceholderFile(PlaceholderFileData { common: CommonPlaceholderData { atime: timespec { tv_sec: 1781470342, tv_nsec: 4897206 }, mtime: timespec { tv_sec: 1777624420, tv_nsec: 0 } }, mode: 33188, len: 47 })), children: {} }} }} }, "libcap.so.2.78": FsTreeNode { data: Some(PlaceholderFile(PlaceholderFileData { common: CommonPlaceholderData { atime: timespec { tv_sec: 1781470290, tv_nsec: 304819506 }, mtime: timespec { tv_sec: 1775495227, tv_nsec: 0 } }, mode: 33261, len: 43064 })), children: {} }, "gconv": FsTreeNode { data: Some(PlaceholderDir(PlaceholderDirData { common: CommonPlaceholderData { atime: timespec { tv_sec: 0, tv_nsec: 1073741822 }, mtime: timespec { tv_sec: 0, tv_nsec: 1073741822 } }, mode: 493 })), children: {"gconv-modules.cache": FsTreeNode { data: Some(PlaceholderFile(PlaceholderFileData { common: CommonPlaceholderData { atime: timespec { tv_sec: 1781392908, tv_nsec: 92401431 }, mtime: timespec { tv_sec: 1779234627, tv_nsec: 475287252 } }, mode: 33188, len: 27010 })), children: {} }} }, "libc.so.6": FsTreeNode { data: Some(PlaceholderFile(PlaceholderFileData { common: CommonPlaceholderData { atime: timespec { tv_sec: 1781398022, tv_nsec: 480120641 }, mtime: timespec { tv_sec: 1777624420, tv_nsec: 0 } }, mode: 33261, len: 2190624 })), children: {} }} }, "share": FsTreeNode { data: Some(PlaceholderDir(PlaceholderDirData { common: CommonPlaceholderData { atime: timespec { tv_sec: 0, tv_nsec: 1073741822 }, mtime: timespec { tv_sec: 0, tv_nsec: 1073741822 } }, mode: 493 })), children: {"locale": FsTreeNode { data: Some(PlaceholderDir(PlaceholderDirData { common: CommonPlaceholderData { atime: timespec { tv_sec: 0, tv_nsec: 1073741822 }, mtime: timespec { tv_sec: 0, tv_nsec: 1073741822 } }, mode: 493 })), children: {"locale.alias": FsTreeNode { data: Some(PlaceholderFile(PlaceholderFileData { common: CommonPlaceholderData { atime: timespec { tv_sec: 1781470290, tv_nsec: 4819058 }, mtime: timespec { tv_sec: 1777624420, tv_nsec: 0 } }, mode: 33188, len: 2998 })), children: {} }} }} }} }, "lib64": FsTreeNode { data: Some(PlaceholderFile(PlaceholderFileData { common: CommonPlaceholderData { atime: timespec { tv_sec: 0, tv_nsec: 1073741822 }, mtime: timespec { tv_sec: 0, tv_nsec: 1073741822 } }, mode: 420, len: 0 })), children: {} }, "home": FsTreeNode { data: Some(PlaceholderDir(PlaceholderDirData { common: CommonPlaceholderData { atime: timespec { tv_sec: 0, tv_nsec: 1073741822 }, mtime: timespec { tv_sec: 0, tv_nsec: 1073741822 } }, mode: 493 })), children: {"mao": FsTreeNode { data: Some(PlaceholderDir(PlaceholderDirData { common: CommonPlaceholderData { atime: timespec { tv_sec: 0, tv_nsec: 1073741822 }, mtime: timespec { tv_sec: 0, tv_nsec: 1073741822 } }, mode: 493 })), children: {"turnstile": FsTreeNode { data: Some(PlaceholderDir(PlaceholderDirData { common: CommonPlaceholderData { atime: timespec { tv_sec: 0, tv_nsec: 1073741822 }, mtime: timespec { tv_sec: 0, tv_nsec: 1073741822 } }, mode: 493 })), children: {} }} }} }, "proc": FsTreeNode { data: Some(PlaceholderDir(PlaceholderDirData { common: CommonPlaceholderData { atime: timespec { tv_sec: 0, tv_nsec: 1073741822 }, mtime: timespec { tv_sec: 0, tv_nsec: 1073741822 } }, mode: 493 })), children: {} }, "lib": FsTreeNode { data: Some(PlaceholderFile(PlaceholderFileData { common: CommonPlaceholderData { atime: timespec { tv_sec: 0, tv_nsec: 1073741822 }, mtime: timespec { tv_sec: 0, tv_nsec: 1073741822 } }, mode: 420, len: 0 })), children: {} }} }, nb_entries: 27 }
[2026-06-14T22:33:31Z DEBUG libturnstile::sandbox] Current mount tree: FsTree { root: FsTreeNode { data: None, children: {"proc": FsTreeNode { data: Some(MountInternal { user: ManagedMountPoint { host_path: "/", attrs: MountAttributes { readonly: true, noexec: true } }, mnt_id: 611, expired: false }), children: {} }, "home": FsTreeNode { data: None, children: {"mao": FsTreeNode { data: None, children: {"turnstile": FsTreeNode { data: Some(MountInternal { user: ManagedMountPoint { host_path: "/home/mao/turnstile", attrs: MountAttributes { readonly: true, noexec: true } }, mnt_id: 648, expired: false }), children: {} }} }} }, "lib64": FsTreeNode { data: Some(MountInternal { user: ManagedMountPoint { host_path: "/lib64", attrs: MountAttributes { readonly: true, noexec: false } }, mnt_id: 615, expired: false }), children: {} }, "lib": FsTreeNode { data: Some(MountInternal { user: ManagedMountPoint { host_path: "/lib", attrs: MountAttributes { readonly: true, noexec: false } }, mnt_id: 610, expired: false }), children: {} }, "bin": FsTreeNode { data: Some(MountInternal { user: ManagedMountPoint { host_path: "/bin", attrs: MountAttributes { readonly: true, noexec: false } }, mnt_id: 616, expired: false }), children: {} }, "usr": FsTreeNode { data: Some(MountInternal { user: ManagedMountPoint { host_path: "/usr", attrs: MountAttributes { readonly: true, noexec: false } }, mnt_id: 614, expired: false }), children: {} }} }, nb_entries: 6 }
[2026-06-14T22:33:31Z DEBUG libturnstile::sandbox] Desired mount tree: FsTree { root: FsTreeNode { data: None, children: {"lib": FsTreeNode { data: Some(ManagedMountPoint { host_path: "/lib", attrs: MountAttributes { readonly: true, noexec: false } }), children: {} }, "usr": FsTreeNode { data: Some(ManagedMountPoint { host_path: "/usr", attrs: MountAttributes { readonly: true, noexec: false } }), children: {} }, "lib64": FsTreeNode { data: Some(ManagedMountPoint { host_path: "/lib64", attrs: MountAttributes { readonly: true, noexec: false } }), children: {} }, "proc": FsTreeNode { data: Some(ManagedMountPoint { host_path: "/proc", attrs: MountAttributes { readonly: true, noexec: true } }), children: {} }, "home": FsTreeNode { data: None, children: {"mao": FsTreeNode { data: None, children: {"turnstile": FsTreeNode { data: Some(ManagedMountPoint { host_path: "/home/mao/turnstile", attrs: MountAttributes { readonly: true, noexec: true } }), children: {} }} }} }, "bin": FsTreeNode { data: Some(ManagedMountPoint { host_path: "/bin", attrs: MountAttributes { readonly: true, noexec: false } }), children: {} }} }, nb_entries: 6 }
[2026-06-14T22:33:31Z DEBUG libturnstile::sandbox::namespace] Joined namespace ns_fds[0] = 5
[2026-06-14T22:33:31Z DEBUG libturnstile::sandbox::namespace] Joined namespace ns_fds[1] = 6
[2026-06-14T22:33:31Z DEBUG libturnstile::sandbox::namespace] Joined namespace ns_fds[2] = 8
[2026-06-14T22:33:31Z DEBUG libturnstile::utils] Forked child exited with code 0
[2026-06-14T22:33:31Z INFO  libturnstile::sandbox] Unmounted "/proc"
[2026-06-14T22:33:31Z DEBUG libturnstile::sandbox::namespace] Joined namespace ns_fds[0] = 5
[2026-06-14T22:33:31Z DEBUG libturnstile::sandbox::namespace] Joined namespace ns_fds[1] = 6
[2026-06-14T22:33:31Z DEBUG libturnstile::sandbox::namespace] Joined namespace ns_fds[0] = 8
[2026-06-14T22:33:31Z DEBUG libturnstile::utils] Forked child exited with code 0
[2026-06-14T22:33:31Z INFO  libturnstile::sandbox] Mount bind "/proc" "/proc" ro,noexec
[2026-06-14T22:33:31Z DEBUG libturnstile::sandbox::namespace] Joined namespace ns_fds[0] = 5
[2026-06-14T22:33:31Z DEBUG libturnstile::sandbox::namespace] Joined namespace ns_fds[1] = 8
[2026-06-14T22:33:31Z DEBUG libturnstile::sandbox::namespace] Joined namespace ns_fds[2] = 7
[2026-06-14T22:33:31Z DEBUG libturnstile::utils] Forked child exited with code 0
[2026-06-14T22:33:31Z DEBUG turnstile_sandbox] added resolve placeholder for "/usr/lib/locale/C.utf8/LC_MESSAGES"
[2026-06-14T22:33:31Z DEBUG turnstile_sandbox] got request: AccessRequest { operation: FsOperation(FsOpen(OpenOperation { target: FsTarget { dfd: ForeignFd { local_fd: 4 }, path: "usr/lib/locale/C.utf8/LC_MESSAGES/SYS_LC_MESSAGES", no_follow: false }, need_read: true, need_write: false, create_mode: None })) }
[2026-06-14T22:33:31Z DEBUG libturnstile::access::fs] open_target_dfd_in_root: attempt 0 for "/" got different inode (expected id InodeId { dev_major: 0, dev_minor: 58, ino: 1 }, got id InodeId { dev_major: 0, dev_minor: 29, ino: 256 })
[2026-06-14T22:33:31Z DEBUG libturnstile::access::fs] open_target_dfd_in_root: attempt 1 for "/" got different inode (expected id InodeId { dev_major: 0, dev_minor: 58, ino: 1 }, got id InodeId { dev_major: 0, dev_minor: 29, ino: 256 })
[2026-06-14T22:33:31Z ERROR libturnstile::access::fs] open_target_dfd_in_root: too many attempts to open "/" before getting correct inode
[2026-06-14T22:33:31Z ERROR turnstile_sandbox] error reopening target dfd in real root for r "/usr/lib/locale/C.utf8/LC_MESSAGES/SYS_LC_MESSAGES": No such file or directory (os error 2)
[2026-06-14T22:33:31Z DEBUG libturnstile::sandbox::namespace] Joined namespace ns_fds[0] = 5
[2026-06-14T22:33:31Z DEBUG libturnstile::sandbox::namespace] Joined namespace ns_fds[1] = 8
[2026-06-14T22:33:31Z DEBUG libturnstile::sandbox::namespace] Joined namespace ns_fds[2] = 7
[2026-06-14T22:33:31Z DEBUG libturnstile::utils] Forked child exited with code 0
[2026-06-14T22:33:31Z DEBUG libturnstile::sandbox::upgrade] openat upgrade: installed fresh fd 3 for "/usr/lib/locale/C.utf8/LC_MESSAGES/SYS_LC_MESSAGES"
[2026-06-14T22:33:31Z DEBUG turnstile_sandbox] got request: AccessRequest { operation: FsOperation(FsStat(StatOperation { target: FsTarget { dfd: ForeignFd { local_fd: 4 }, path: "", no_follow: false }, lstat: false })) }
[2026-06-14T22:33:31Z DEBUG libturnstile::sandbox::namespace] Joined namespace ns_fds[0] = 5
[2026-06-14T22:33:31Z DEBUG libturnstile::sandbox::namespace] Joined namespace ns_fds[1] = 8
[2026-06-14T22:33:31Z DEBUG libturnstile::utils] Forked child exited with code 0
[2026-06-14T22:33:31Z DEBUG libturnstile::sandbox] Current placeholder tree: FsTree { root: FsTreeNode { data: Some(PlaceholderDir(PlaceholderDirData { common: CommonPlaceholderData { atime: timespec { tv_sec: 0, tv_nsec: 1073741822 }, mtime: timespec { tv_sec: 0, tv_nsec: 1073741822 } }, mode: 493 })), children: {"bin": FsTreeNode { data: Some(PlaceholderFile(PlaceholderFileData { common: CommonPlaceholderData { atime: timespec { tv_sec: 0, tv_nsec: 1073741822 }, mtime: timespec { tv_sec: 0, tv_nsec: 1073741822 } }, mode: 420, len: 0 })), children: {} }, "lib64": FsTreeNode { data: Some(PlaceholderFile(PlaceholderFileData { common: CommonPlaceholderData { atime: timespec { tv_sec: 0, tv_nsec: 1073741822 }, mtime: timespec { tv_sec: 0, tv_nsec: 1073741822 } }, mode: 420, len: 0 })), children: {} }, "home": FsTreeNode { data: Some(PlaceholderDir(PlaceholderDirData { common: CommonPlaceholderData { atime: timespec { tv_sec: 0, tv_nsec: 1073741822 }, mtime: timespec { tv_sec: 0, tv_nsec: 1073741822 } }, mode: 493 })), children: {"mao": FsTreeNode { data: Some(PlaceholderDir(PlaceholderDirData { common: CommonPlaceholderData { atime: timespec { tv_sec: 0, tv_nsec: 1073741822 }, mtime: timespec { tv_sec: 0, tv_nsec: 1073741822 } }, mode: 493 })), children: {"turnstile": FsTreeNode { data: Some(PlaceholderDir(PlaceholderDirData { common: CommonPlaceholderData { atime: timespec { tv_sec: 0, tv_nsec: 1073741822 }, mtime: timespec { tv_sec: 0, tv_nsec: 1073741822 } }, mode: 493 })), children: {} }} }} }, "lib": FsTreeNode { data: Some(PlaceholderFile(PlaceholderFileData { common: CommonPlaceholderData { atime: timespec { tv_sec: 0, tv_nsec: 1073741822 }, mtime: timespec { tv_sec: 0, tv_nsec: 1073741822 } }, mode: 420, len: 0 })), children: {} }, "usr": FsTreeNode { data: Some(PlaceholderDir(PlaceholderDirData { common: CommonPlaceholderData { atime: timespec { tv_sec: 0, tv_nsec: 1073741822 }, mtime: timespec { tv_sec: 0, tv_nsec: 1073741822 } }, mode: 493 })), children: {"share": FsTreeNode { data: Some(PlaceholderDir(PlaceholderDirData { common: CommonPlaceholderData { atime: timespec { tv_sec: 0, tv_nsec: 1073741822 }, mtime: timespec { tv_sec: 0, tv_nsec: 1073741822 } }, mode: 493 })), children: {"locale": FsTreeNode { data: Some(PlaceholderDir(PlaceholderDirData { common: CommonPlaceholderData { atime: timespec { tv_sec: 0, tv_nsec: 1073741822 }, mtime: timespec { tv_sec: 0, tv_nsec: 1073741822 } }, mode: 493 })), children: {"locale.alias": FsTreeNode { data: Some(PlaceholderFile(PlaceholderFileData { common: CommonPlaceholderData { atime: timespec { tv_sec: 1781470290, tv_nsec: 4819058 }, mtime: timespec { tv_sec: 1777624420, tv_nsec: 0 } }, mode: 33188, len: 2998 })), children: {} }} }} }, "lib": FsTreeNode { data: Some(PlaceholderDir(PlaceholderDirData { common: CommonPlaceholderData { atime: timespec { tv_sec: 0, tv_nsec: 1073741822 }, mtime: timespec { tv_sec: 0, tv_nsec: 1073741822 } }, mode: 493 })), children: {"libcap.so.2.78": FsTreeNode { data: Some(PlaceholderFile(PlaceholderFileData { common: CommonPlaceholderData { atime: timespec { tv_sec: 1781470290, tv_nsec: 304819506 }, mtime: timespec { tv_sec: 1775495227, tv_nsec: 0 } }, mode: 33261, len: 43064 })), children: {} }, "locale": FsTreeNode { data: Some(PlaceholderDir(PlaceholderDirData { common: CommonPlaceholderData { atime: timespec { tv_sec: 0, tv_nsec: 1073741822 }, mtime: timespec { tv_sec: 0, tv_nsec: 1073741822 } }, mode: 493 })), children: {"C.utf8": FsTreeNode { data: Some(PlaceholderDir(PlaceholderDirData { common: CommonPlaceholderData { atime: timespec { tv_sec: 0, tv_nsec: 1073741822 }, mtime: timespec { tv_sec: 0, tv_nsec: 1073741822 } }, mode: 493 })), children: {"LC_ADDRESS": FsTreeNode { data: Some(PlaceholderFile(PlaceholderFileData { common: CommonPlaceholderData { atime: timespec { tv_sec: 1781470342, tv_nsec: 4897206 }, mtime: timespec { tv_sec: 1777624420, tv_nsec: 0 } }, mode: 33188, len: 127 })), children: {} }, "LC_IDENTIFICATION": FsTreeNode { data: Some(PlaceholderFile(PlaceholderFileData { common: CommonPlaceholderData { atime: timespec { tv_sec: 1781470342, tv_nsec: 4897206 }, mtime: timespec { tv_sec: 1777624420, tv_nsec: 0 } }, mode: 33188, len: 258 })), children: {} }, "LC_MESSAGES": FsTreeNode { data: Some(PlaceholderDir(PlaceholderDirData { common: CommonPlaceholderData { atime: timespec { tv_sec: 1779234626, tv_nsec: 893611770 }, mtime: timespec { tv_sec: 1779234626, tv_nsec: 926645019 } }, mode: 16877 })), children: {} }, "LC_TELEPHONE": FsTreeNode { data: Some(PlaceholderFile(PlaceholderFileData { common: CommonPlaceholderData { atime: timespec { tv_sec: 1781470342, tv_nsec: 4897206 }, mtime: timespec { tv_sec: 1777624420, tv_nsec: 0 } }, mode: 33188, len: 47 })), children: {} }, "LC_MEASUREMENT": FsTreeNode { data: Some(PlaceholderFile(PlaceholderFileData { common: CommonPlaceholderData { atime: timespec { tv_sec: 1781470342, tv_nsec: 4897206 }, mtime: timespec { tv_sec: 1777624420, tv_nsec: 0 } }, mode: 33188, len: 23 })), children: {} }, "LC_NAME": FsTreeNode { data: Some(PlaceholderFile(PlaceholderFileData { common: CommonPlaceholderData { atime: timespec { tv_sec: 1781470342, tv_nsec: 4897206 }, mtime: timespec { tv_sec: 1777624420, tv_nsec: 0 } }, mode: 33188, len: 62 })), children: {} }, "LC_PAPER": FsTreeNode { data: Some(PlaceholderFile(PlaceholderFileData { common: CommonPlaceholderData { atime: timespec { tv_sec: 1781470342, tv_nsec: 4897206 }, mtime: timespec { tv_sec: 1777624420, tv_nsec: 0 } }, mode: 33188, len: 34 })), children: {} }} }, "locale-archive": FsTreeNode { data: Some(PlaceholderFile(PlaceholderFileData { common: CommonPlaceholderData { atime: timespec { tv_sec: 1781470339, tv_nsec: 8892705 }, mtime: timespec { tv_sec: 1779234627, tv_nsec: 401287252 } }, mode: 33188, len: 3064432 })), children: {} }} }, "gconv": FsTreeNode { data: Some(PlaceholderDir(PlaceholderDirData { common: CommonPlaceholderData { atime: timespec { tv_sec: 0, tv_nsec: 1073741822 }, mtime: timespec { tv_sec: 0, tv_nsec: 1073741822 } }, mode: 493 })), children: {"gconv-modules.cache": FsTreeNode { data: Some(PlaceholderFile(PlaceholderFileData { common: CommonPlaceholderData { atime: timespec { tv_sec: 1781392908, tv_nsec: 92401431 }, mtime: timespec { tv_sec: 1779234627, tv_nsec: 475287252 } }, mode: 33188, len: 27010 })), children: {} }} }, "libc.so.6": FsTreeNode { data: Some(PlaceholderFile(PlaceholderFileData { common: CommonPlaceholderData { atime: timespec { tv_sec: 1781398022, tv_nsec: 480120641 }, mtime: timespec { tv_sec: 1777624420, tv_nsec: 0 } }, mode: 33261, len: 2190624 })), children: {} }} }} }, "proc": FsTreeNode { data: Some(PlaceholderDir(PlaceholderDirData { common: CommonPlaceholderData { atime: timespec { tv_sec: 0, tv_nsec: 1073741822 }, mtime: timespec { tv_sec: 0, tv_nsec: 1073741822 } }, mode: 493 })), children: {} }} }, nb_entries: 27 }
[2026-06-14T22:33:31Z DEBUG libturnstile::sandbox] Desired placeholder tree: FsTree { root: FsTreeNode { data: Some(PlaceholderDir(PlaceholderDirData { common: CommonPlaceholderData { atime: timespec { tv_sec: 0, tv_nsec: 1073741822 }, mtime: timespec { tv_sec: 0, tv_nsec: 1073741822 } }, mode: 493 })), children: {"usr": FsTreeNode { data: Some(PlaceholderDir(PlaceholderDirData { common: CommonPlaceholderData { atime: timespec { tv_sec: 0, tv_nsec: 1073741822 }, mtime: timespec { tv_sec: 0, tv_nsec: 1073741822 } }, mode: 493 })), children: {"share": FsTreeNode { data: Some(PlaceholderDir(PlaceholderDirData { common: CommonPlaceholderData { atime: timespec { tv_sec: 0, tv_nsec: 1073741822 }, mtime: timespec { tv_sec: 0, tv_nsec: 1073741822 } }, mode: 493 })), children: {"locale": FsTreeNode { data: Some(PlaceholderDir(PlaceholderDirData { common: CommonPlaceholderData { atime: timespec { tv_sec: 0, tv_nsec: 1073741822 }, mtime: timespec { tv_sec: 0, tv_nsec: 1073741822 } }, mode: 493 })), children: {"locale.alias": FsTreeNode { data: Some(PlaceholderFile(PlaceholderFileData { common: CommonPlaceholderData { atime: timespec { tv_sec: 1781470290, tv_nsec: 4819058 }, mtime: timespec { tv_sec: 1777624420, tv_nsec: 0 } }, mode: 33188, len: 2998 })), children: {} }} }} }, "lib": FsTreeNode { data: Some(PlaceholderDir(PlaceholderDirData { common: CommonPlaceholderData { atime: timespec { tv_sec: 0, tv_nsec: 1073741822 }, mtime: timespec { tv_sec: 0, tv_nsec: 1073741822 } }, mode: 493 })), children: {"libc.so.6": FsTreeNode { data: Some(PlaceholderFile(PlaceholderFileData { common: CommonPlaceholderData { atime: timespec { tv_sec: 1781398022, tv_nsec: 480120641 }, mtime: timespec { tv_sec: 1777624420, tv_nsec: 0 } }, mode: 33261, len: 2190624 })), children: {} }, "locale": FsTreeNode { data: Some(PlaceholderDir(PlaceholderDirData { common: CommonPlaceholderData { atime: timespec { tv_sec: 0, tv_nsec: 1073741822 }, mtime: timespec { tv_sec: 0, tv_nsec: 1073741822 } }, mode: 493 })), children: {"C.utf8": FsTreeNode { data: Some(PlaceholderDir(PlaceholderDirData { common: CommonPlaceholderData { atime: timespec { tv_sec: 0, tv_nsec: 1073741822 }, mtime: timespec { tv_sec: 0, tv_nsec: 1073741822 } }, mode: 493 })), children: {"LC_TELEPHONE": FsTreeNode { data: Some(PlaceholderFile(PlaceholderFileData { common: CommonPlaceholderData { atime: timespec { tv_sec: 1781470342, tv_nsec: 4897206 }, mtime: timespec { tv_sec: 1777624420, tv_nsec: 0 } }, mode: 33188, len: 47 })), children: {} }, "LC_PAPER": FsTreeNode { data: Some(PlaceholderFile(PlaceholderFileData { common: CommonPlaceholderData { atime: timespec { tv_sec: 1781470342, tv_nsec: 4897206 }, mtime: timespec { tv_sec: 1777624420, tv_nsec: 0 } }, mode: 33188, len: 34 })), children: {} }, "LC_ADDRESS": FsTreeNode { data: Some(PlaceholderFile(PlaceholderFileData { common: CommonPlaceholderData { atime: timespec { tv_sec: 1781470342, tv_nsec: 4897206 }, mtime: timespec { tv_sec: 1777624420, tv_nsec: 0 } }, mode: 33188, len: 127 })), children: {} }, "LC_IDENTIFICATION": FsTreeNode { data: Some(PlaceholderFile(PlaceholderFileData { common: CommonPlaceholderData { atime: timespec { tv_sec: 1781470342, tv_nsec: 4897206 }, mtime: timespec { tv_sec: 1777624420, tv_nsec: 0 } }, mode: 33188, len: 258 })), children: {} }, "LC_MESSAGES": FsTreeNode { data: Some(PlaceholderDir(PlaceholderDirData { common: CommonPlaceholderData { atime: timespec { tv_sec: 1779234626, tv_nsec: 893611770 }, mtime: timespec { tv_sec: 1779234626, tv_nsec: 926645019 } }, mode: 16877 })), children: {"SYS_LC_MESSAGES": FsTreeNode { data: Some(PlaceholderFile(PlaceholderFileData { common: CommonPlaceholderData { atime: timespec { tv_sec: 1781470339, tv_nsec: 8892705 }, mtime: timespec { tv_sec: 1777624420, tv_nsec: 0 } }, mode: 33188, len: 48 })), children: {} }} }, "LC_MEASUREMENT": FsTreeNode { data: Some(PlaceholderFile(PlaceholderFileData { common: CommonPlaceholderData { atime: timespec { tv_sec: 1781470342, tv_nsec: 4897206 }, mtime: timespec { tv_sec: 1777624420, tv_nsec: 0 } }, mode: 33188, len: 23 })), children: {} }, "LC_NAME": FsTreeNode { data: Some(PlaceholderFile(PlaceholderFileData { common: CommonPlaceholderData { atime: timespec { tv_sec: 1781470342, tv_nsec: 4897206 }, mtime: timespec { tv_sec: 1777624420, tv_nsec: 0 } }, mode: 33188, len: 62 })), children: {} }} }, "locale-archive": FsTreeNode { data: Some(PlaceholderFile(PlaceholderFileData { common: CommonPlaceholderData { atime: timespec { tv_sec: 1781470339, tv_nsec: 8892705 }, mtime: timespec { tv_sec: 1779234627, tv_nsec: 401287252 } }, mode: 33188, len: 3064432 })), children: {} }} }, "libcap.so.2.78": FsTreeNode { data: Some(PlaceholderFile(PlaceholderFileData { common: CommonPlaceholderData { atime: timespec { tv_sec: 1781470290, tv_nsec: 304819506 }, mtime: timespec { tv_sec: 1775495227, tv_nsec: 0 } }, mode: 33261, len: 43064 })), children: {} }, "gconv": FsTreeNode { data: Some(PlaceholderDir(PlaceholderDirData { common: CommonPlaceholderData { atime: timespec { tv_sec: 0, tv_nsec: 1073741822 }, mtime: timespec { tv_sec: 0, tv_nsec: 1073741822 } }, mode: 493 })), children: {"gconv-modules.cache": FsTreeNode { data: Some(PlaceholderFile(PlaceholderFileData { common: CommonPlaceholderData { atime: timespec { tv_sec: 1781392908, tv_nsec: 92401431 }, mtime: timespec { tv_sec: 1779234627, tv_nsec: 475287252 } }, mode: 33188, len: 27010 })), children: {} }} }} }} }, "bin": FsTreeNode { data: Some(PlaceholderFile(PlaceholderFileData { common: CommonPlaceholderData { atime: timespec { tv_sec: 0, tv_nsec: 1073741822 }, mtime: timespec { tv_sec: 0, tv_nsec: 1073741822 } }, mode: 420, len: 0 })), children: {} }, "home": FsTreeNode { data: Some(PlaceholderDir(PlaceholderDirData { common: CommonPlaceholderData { atime: timespec { tv_sec: 0, tv_nsec: 1073741822 }, mtime: timespec { tv_sec: 0, tv_nsec: 1073741822 } }, mode: 493 })), children: {"mao": FsTreeNode { data: Some(PlaceholderDir(PlaceholderDirData { common: CommonPlaceholderData { atime: timespec { tv_sec: 0, tv_nsec: 1073741822 }, mtime: timespec { tv_sec: 0, tv_nsec: 1073741822 } }, mode: 493 })), children: {"turnstile": FsTreeNode { data: Some(PlaceholderDir(PlaceholderDirData { common: CommonPlaceholderData { atime: timespec { tv_sec: 0, tv_nsec: 1073741822 }, mtime: timespec { tv_sec: 0, tv_nsec: 1073741822 } }, mode: 493 })), children: {} }} }} }, "proc": FsTreeNode { data: Some(PlaceholderDir(PlaceholderDirData { common: CommonPlaceholderData { atime: timespec { tv_sec: 0, tv_nsec: 1073741822 }, mtime: timespec { tv_sec: 0, tv_nsec: 1073741822 } }, mode: 493 })), children: {} }, "lib": FsTreeNode { data: Some(PlaceholderFile(PlaceholderFileData { common: CommonPlaceholderData { atime: timespec { tv_sec: 0, tv_nsec: 1073741822 }, mtime: timespec { tv_sec: 0, tv_nsec: 1073741822 } }, mode: 420, len: 0 })), children: {} }, "lib64": FsTreeNode { data: Some(PlaceholderFile(PlaceholderFileData { common: CommonPlaceholderData { atime: timespec { tv_sec: 0, tv_nsec: 1073741822 }, mtime: timespec { tv_sec: 0, tv_nsec: 1073741822 } }, mode: 420, len: 0 })), children: {} }} }, nb_entries: 28 }
[2026-06-14T22:33:31Z DEBUG libturnstile::sandbox] Current mount tree: FsTree { root: FsTreeNode { data: None, children: {"proc": FsTreeNode { data: Some(MountInternal { user: ManagedMountPoint { host_path: "/", attrs: MountAttributes { readonly: true, noexec: true } }, mnt_id: 611, expired: false }), children: {} }, "home": FsTreeNode { data: None, children: {"mao": FsTreeNode { data: None, children: {"turnstile": FsTreeNode { data: Some(MountInternal { user: ManagedMountPoint { host_path: "/home/mao/turnstile", attrs: MountAttributes { readonly: true, noexec: true } }, mnt_id: 648, expired: false }), children: {} }} }} }, "lib64": FsTreeNode { data: Some(MountInternal { user: ManagedMountPoint { host_path: "/lib64", attrs: MountAttributes { readonly: true, noexec: false } }, mnt_id: 615, expired: false }), children: {} }, "lib": FsTreeNode { data: Some(MountInternal { user: ManagedMountPoint { host_path: "/lib", attrs: MountAttributes { readonly: true, noexec: false } }, mnt_id: 610, expired: false }), children: {} }, "bin": FsTreeNode { data: Some(MountInternal { user: ManagedMountPoint { host_path: "/bin", attrs: MountAttributes { readonly: true, noexec: false } }, mnt_id: 616, expired: false }), children: {} }, "usr": FsTreeNode { data: Some(MountInternal { user: ManagedMountPoint { host_path: "/usr", attrs: MountAttributes { readonly: true, noexec: false } }, mnt_id: 614, expired: false }), children: {} }} }, nb_entries: 6 }
[2026-06-14T22:33:31Z DEBUG libturnstile::sandbox] Desired mount tree: FsTree { root: FsTreeNode { data: None, children: {"proc": FsTreeNode { data: Some(ManagedMountPoint { host_path: "/proc", attrs: MountAttributes { readonly: true, noexec: true } }), children: {} }, "lib64": FsTreeNode { data: Some(ManagedMountPoint { host_path: "/lib64", attrs: MountAttributes { readonly: true, noexec: false } }), children: {} }, "home": FsTreeNode { data: None, children: {"mao": FsTreeNode { data: None, children: {"turnstile": FsTreeNode { data: Some(ManagedMountPoint { host_path: "/home/mao/turnstile", attrs: MountAttributes { readonly: true, noexec: true } }), children: {} }} }} }, "usr": FsTreeNode { data: Some(ManagedMountPoint { host_path: "/usr", attrs: MountAttributes { readonly: true, noexec: false } }), children: {} }, "lib": FsTreeNode { data: Some(ManagedMountPoint { host_path: "/lib", attrs: MountAttributes { readonly: true, noexec: false } }), children: {} }, "bin": FsTreeNode { data: Some(ManagedMountPoint { host_path: "/bin", attrs: MountAttributes { readonly: true, noexec: false } }), children: {} }} }, nb_entries: 6 }
[2026-06-14T22:33:31Z DEBUG libturnstile::sandbox::namespace] Joined namespace ns_fds[0] = 5
[2026-06-14T22:33:31Z DEBUG libturnstile::sandbox::namespace] Joined namespace ns_fds[1] = 6
[2026-06-14T22:33:31Z DEBUG libturnstile::sandbox::namespace] Joined namespace ns_fds[2] = 8
[2026-06-14T22:33:31Z DEBUG libturnstile::utils] Forked child exited with code 0
[2026-06-14T22:33:31Z INFO  libturnstile::sandbox] Unmounted "/proc"
[2026-06-14T22:33:31Z DEBUG libturnstile::sandbox::namespace] Joined namespace ns_fds[0] = 5
[2026-06-14T22:33:31Z DEBUG libturnstile::sandbox::namespace] Joined namespace ns_fds[1] = 6
[2026-06-14T22:33:31Z DEBUG libturnstile::sandbox::namespace] Joined namespace ns_fds[0] = 8
[2026-06-14T22:33:31Z DEBUG libturnstile::utils] Forked child exited with code 0
[2026-06-14T22:33:31Z INFO  libturnstile::sandbox] Mount bind "/proc" "/proc" ro,noexec
[2026-06-14T22:33:31Z DEBUG libturnstile::sandbox::namespace] Joined namespace ns_fds[0] = 5
[2026-06-14T22:33:31Z DEBUG libturnstile::sandbox::namespace] Joined namespace ns_fds[1] = 8
[2026-06-14T22:33:31Z DEBUG libturnstile::sandbox::namespace] Joined namespace ns_fds[2] = 7
[2026-06-14T22:33:31Z DEBUG libturnstile::utils] Forked child exited with code 0
[2026-06-14T22:33:31Z DEBUG turnstile_sandbox] added resolve placeholder for "/usr/lib/locale/C.utf8/LC_MESSAGES/SYS_LC_MESSAGES"
[2026-06-14T22:33:31Z DEBUG turnstile_sandbox] got request: AccessRequest { operation: FsOperation(FsOpen(OpenOperation { target: FsTarget { dfd: ForeignFd { local_fd: 4 }, path: "usr/lib/locale/C.UTF-8/LC_MONETARY", no_follow: false }, need_read: true, need_write: false, create_mode: None })) }
[2026-06-14T22:33:31Z DEBUG libturnstile::access::fs] open_target_dfd_in_root: attempt 0 for "/" got different inode (expected id InodeId { dev_major: 0, dev_minor: 58, ino: 1 }, got id InodeId { dev_major: 0, dev_minor: 29, ino: 256 })
[2026-06-14T22:33:31Z DEBUG libturnstile::access::fs] open_target_dfd_in_root: attempt 1 for "/" got different inode (expected id InodeId { dev_major: 0, dev_minor: 58, ino: 1 }, got id InodeId { dev_major: 0, dev_minor: 29, ino: 256 })
[2026-06-14T22:33:31Z ERROR libturnstile::access::fs] open_target_dfd_in_root: too many attempts to open "/" before getting correct inode
[2026-06-14T22:33:31Z DEBUG libturnstile::access::fs] realpath() on FsTarget failed: No such file or directory (os error 2)
[2026-06-14T22:33:31Z ERROR turnstile_sandbox] error reopening target dfd in real root for r "/usr/lib/locale/C.UTF-8/LC_MONETARY" (invalid): No such file or directory (os error 2)
[2026-06-14T22:33:31Z DEBUG libturnstile::access::fs] realpath() on FsTarget failed: No such file or directory (os error 2)
[2026-06-14T22:33:31Z WARN  libturnstile::sandbox::upgrade] openat upgrade: cannot resolve abspath for "/usr/lib/locale/C.UTF-8/LC_MONETARY" (invalid): No such file or directory (os error 2) — continuing natively
[2026-06-14T22:33:31Z DEBUG turnstile_sandbox] got request: AccessRequest { operation: FsOperation(FsOpen(OpenOperation { target: FsTarget { dfd: ForeignFd { local_fd: 4 }, path: "usr/lib/locale/C.utf8/LC_MONETARY", no_follow: false }, need_read: true, need_write: false, create_mode: None })) }
[2026-06-14T22:33:31Z DEBUG libturnstile::access::fs] open_target_dfd_in_root: attempt 0 for "/" got different inode (expected id InodeId { dev_major: 0, dev_minor: 58, ino: 1 }, got id InodeId { dev_major: 0, dev_minor: 29, ino: 256 })
[2026-06-14T22:33:31Z DEBUG libturnstile::access::fs] open_target_dfd_in_root: attempt 1 for "/" got different inode (expected id InodeId { dev_major: 0, dev_minor: 58, ino: 1 }, got id InodeId { dev_major: 0, dev_minor: 29, ino: 256 })
[2026-06-14T22:33:31Z ERROR libturnstile::access::fs] open_target_dfd_in_root: too many attempts to open "/" before getting correct inode
[2026-06-14T22:33:31Z ERROR turnstile_sandbox] error reopening target dfd in real root for r "/usr/lib/locale/C.utf8/LC_MONETARY": No such file or directory (os error 2)
[2026-06-14T22:33:31Z DEBUG libturnstile::sandbox::namespace] Joined namespace ns_fds[0] = 5
[2026-06-14T22:33:31Z DEBUG libturnstile::sandbox::namespace] Joined namespace ns_fds[1] = 8
[2026-06-14T22:33:31Z DEBUG libturnstile::sandbox::namespace] Joined namespace ns_fds[2] = 7
[2026-06-14T22:33:31Z DEBUG libturnstile::utils] Forked child exited with code 0
[2026-06-14T22:33:31Z DEBUG libturnstile::sandbox::upgrade] openat upgrade: installed fresh fd 3 for "/usr/lib/locale/C.utf8/LC_MONETARY"
[2026-06-14T22:33:31Z DEBUG turnstile_sandbox] got request: AccessRequest { operation: FsOperation(FsStat(StatOperation { target: FsTarget { dfd: ForeignFd { local_fd: 4 }, path: "", no_follow: false }, lstat: false })) }
[2026-06-14T22:33:31Z DEBUG libturnstile::sandbox::namespace] Joined namespace ns_fds[0] = 5
[2026-06-14T22:33:31Z DEBUG libturnstile::sandbox::namespace] Joined namespace ns_fds[1] = 8
[2026-06-14T22:33:31Z DEBUG libturnstile::utils] Forked child exited with code 0
[2026-06-14T22:33:31Z DEBUG libturnstile::sandbox] Current placeholder tree: FsTree { root: FsTreeNode { data: Some(PlaceholderDir(PlaceholderDirData { common: CommonPlaceholderData { atime: timespec { tv_sec: 0, tv_nsec: 1073741822 }, mtime: timespec { tv_sec: 0, tv_nsec: 1073741822 } }, mode: 493 })), children: {"bin": FsTreeNode { data: Some(PlaceholderFile(PlaceholderFileData { common: CommonPlaceholderData { atime: timespec { tv_sec: 0, tv_nsec: 1073741822 }, mtime: timespec { tv_sec: 0, tv_nsec: 1073741822 } }, mode: 420, len: 0 })), children: {} }, "lib64": FsTreeNode { data: Some(PlaceholderFile(PlaceholderFileData { common: CommonPlaceholderData { atime: timespec { tv_sec: 0, tv_nsec: 1073741822 }, mtime: timespec { tv_sec: 0, tv_nsec: 1073741822 } }, mode: 420, len: 0 })), children: {} }, "home": FsTreeNode { data: Some(PlaceholderDir(PlaceholderDirData { common: CommonPlaceholderData { atime: timespec { tv_sec: 0, tv_nsec: 1073741822 }, mtime: timespec { tv_sec: 0, tv_nsec: 1073741822 } }, mode: 493 })), children: {"mao": FsTreeNode { data: Some(PlaceholderDir(PlaceholderDirData { common: CommonPlaceholderData { atime: timespec { tv_sec: 0, tv_nsec: 1073741822 }, mtime: timespec { tv_sec: 0, tv_nsec: 1073741822 } }, mode: 493 })), children: {"turnstile": FsTreeNode { data: Some(PlaceholderDir(PlaceholderDirData { common: CommonPlaceholderData { atime: timespec { tv_sec: 0, tv_nsec: 1073741822 }, mtime: timespec { tv_sec: 0, tv_nsec: 1073741822 } }, mode: 493 })), children: {} }} }} }, "lib": FsTreeNode { data: Some(PlaceholderFile(PlaceholderFileData { common: CommonPlaceholderData { atime: timespec { tv_sec: 0, tv_nsec: 1073741822 }, mtime: timespec { tv_sec: 0, tv_nsec: 1073741822 } }, mode: 420, len: 0 })), children: {} }, "usr": FsTreeNode { data: Some(PlaceholderDir(PlaceholderDirData { common: CommonPlaceholderData { atime: timespec { tv_sec: 0, tv_nsec: 1073741822 }, mtime: timespec { tv_sec: 0, tv_nsec: 1073741822 } }, mode: 493 })), children: {"share": FsTreeNode { data: Some(PlaceholderDir(PlaceholderDirData { common: CommonPlaceholderData { atime: timespec { tv_sec: 0, tv_nsec: 1073741822 }, mtime: timespec { tv_sec: 0, tv_nsec: 1073741822 } }, mode: 493 })), children: {"locale": FsTreeNode { data: Some(PlaceholderDir(PlaceholderDirData { common: CommonPlaceholderData { atime: timespec { tv_sec: 0, tv_nsec: 1073741822 }, mtime: timespec { tv_sec: 0, tv_nsec: 1073741822 } }, mode: 493 })), children: {"locale.alias": FsTreeNode { data: Some(PlaceholderFile(PlaceholderFileData { common: CommonPlaceholderData { atime: timespec { tv_sec: 1781470290, tv_nsec: 4819058 }, mtime: timespec { tv_sec: 1777624420, tv_nsec: 0 } }, mode: 33188, len: 2998 })), children: {} }} }} }, "lib": FsTreeNode { data: Some(PlaceholderDir(PlaceholderDirData { common: CommonPlaceholderData { atime: timespec { tv_sec: 0, tv_nsec: 1073741822 }, mtime: timespec { tv_sec: 0, tv_nsec: 1073741822 } }, mode: 493 })), children: {"libcap.so.2.78": FsTreeNode { data: Some(PlaceholderFile(PlaceholderFileData { common: CommonPlaceholderData { atime: timespec { tv_sec: 1781470290, tv_nsec: 304819506 }, mtime: timespec { tv_sec: 1775495227, tv_nsec: 0 } }, mode: 33261, len: 43064 })), children: {} }, "locale": FsTreeNode { data: Some(PlaceholderDir(PlaceholderDirData { common: CommonPlaceholderData { atime: timespec { tv_sec: 0, tv_nsec: 1073741822 }, mtime: timespec { tv_sec: 0, tv_nsec: 1073741822 } }, mode: 493 })), children: {"C.utf8": FsTreeNode { data: Some(PlaceholderDir(PlaceholderDirData { common: CommonPlaceholderData { atime: timespec { tv_sec: 0, tv_nsec: 1073741822 }, mtime: timespec { tv_sec: 0, tv_nsec: 1073741822 } }, mode: 493 })), children: {"LC_ADDRESS": FsTreeNode { data: Some(PlaceholderFile(PlaceholderFileData { common: CommonPlaceholderData { atime: timespec { tv_sec: 1781470342, tv_nsec: 4897206 }, mtime: timespec { tv_sec: 1777624420, tv_nsec: 0 } }, mode: 33188, len: 127 })), children: {} }, "LC_IDENTIFICATION": FsTreeNode { data: Some(PlaceholderFile(PlaceholderFileData { common: CommonPlaceholderData { atime: timespec { tv_sec: 1781470342, tv_nsec: 4897206 }, mtime: timespec { tv_sec: 1777624420, tv_nsec: 0 } }, mode: 33188, len: 258 })), children: {} }, "LC_MESSAGES": FsTreeNode { data: Some(PlaceholderDir(PlaceholderDirData { common: CommonPlaceholderData { atime: timespec { tv_sec: 1779234626, tv_nsec: 893611770 }, mtime: timespec { tv_sec: 1779234626, tv_nsec: 926645019 } }, mode: 16877 })), children: {"SYS_LC_MESSAGES": FsTreeNode { data: Some(PlaceholderFile(PlaceholderFileData { common: CommonPlaceholderData { atime: timespec { tv_sec: 1781470339, tv_nsec: 8892705 }, mtime: timespec { tv_sec: 1777624420, tv_nsec: 0 } }, mode: 33188, len: 48 })), children: {} }} }, "LC_TELEPHONE": FsTreeNode { data: Some(PlaceholderFile(PlaceholderFileData { common: CommonPlaceholderData { atime: timespec { tv_sec: 1781470342, tv_nsec: 4897206 }, mtime: timespec { tv_sec: 1777624420, tv_nsec: 0 } }, mode: 33188, len: 47 })), children: {} }, "LC_MEASUREMENT": FsTreeNode { data: Some(PlaceholderFile(PlaceholderFileData { common: CommonPlaceholderData { atime: timespec { tv_sec: 1781470342, tv_nsec: 4897206 }, mtime: timespec { tv_sec: 1777624420, tv_nsec: 0 } }, mode: 33188, len: 23 })), children: {} }, "LC_NAME": FsTreeNode { data: Some(PlaceholderFile(PlaceholderFileData { common: CommonPlaceholderData { atime: timespec { tv_sec: 1781470342, tv_nsec: 4897206 }, mtime: timespec { tv_sec: 1777624420, tv_nsec: 0 } }, mode: 33188, len: 62 })), children: {} }, "LC_PAPER": FsTreeNode { data: Some(PlaceholderFile(PlaceholderFileData { common: CommonPlaceholderData { atime: timespec { tv_sec: 1781470342, tv_nsec: 4897206 }, mtime: timespec { tv_sec: 1777624420, tv_nsec: 0 } }, mode: 33188, len: 34 })), children: {} }} }, "locale-archive": FsTreeNode { data: Some(PlaceholderFile(PlaceholderFileData { common: CommonPlaceholderData { atime: timespec { tv_sec: 1781470339, tv_nsec: 8892705 }, mtime: timespec { tv_sec: 1779234627, tv_nsec: 401287252 } }, mode: 33188, len: 3064432 })), children: {} }} }, "gconv": FsTreeNode { data: Some(PlaceholderDir(PlaceholderDirData { common: CommonPlaceholderData { atime: timespec { tv_sec: 0, tv_nsec: 1073741822 }, mtime: timespec { tv_sec: 0, tv_nsec: 1073741822 } }, mode: 493 })), children: {"gconv-modules.cache": FsTreeNode { data: Some(PlaceholderFile(PlaceholderFileData { common: CommonPlaceholderData { atime: timespec { tv_sec: 1781392908, tv_nsec: 92401431 }, mtime: timespec { tv_sec: 1779234627, tv_nsec: 475287252 } }, mode: 33188, len: 27010 })), children: {} }} }, "libc.so.6": FsTreeNode { data: Some(PlaceholderFile(PlaceholderFileData { common: CommonPlaceholderData { atime: timespec { tv_sec: 1781398022, tv_nsec: 480120641 }, mtime: timespec { tv_sec: 1777624420, tv_nsec: 0 } }, mode: 33261, len: 2190624 })), children: {} }} }} }, "proc": FsTreeNode { data: Some(PlaceholderDir(PlaceholderDirData { common: CommonPlaceholderData { atime: timespec { tv_sec: 0, tv_nsec: 1073741822 }, mtime: timespec { tv_sec: 0, tv_nsec: 1073741822 } }, mode: 493 })), children: {} }} }, nb_entries: 28 }
[2026-06-14T22:33:31Z DEBUG libturnstile::sandbox] Desired placeholder tree: FsTree { root: FsTreeNode { data: Some(PlaceholderDir(PlaceholderDirData { common: CommonPlaceholderData { atime: timespec { tv_sec: 0, tv_nsec: 1073741822 }, mtime: timespec { tv_sec: 0, tv_nsec: 1073741822 } }, mode: 493 })), children: {"lib": FsTreeNode { data: Some(PlaceholderFile(PlaceholderFileData { common: CommonPlaceholderData { atime: timespec { tv_sec: 0, tv_nsec: 1073741822 }, mtime: timespec { tv_sec: 0, tv_nsec: 1073741822 } }, mode: 420, len: 0 })), children: {} }, "home": FsTreeNode { data: Some(PlaceholderDir(PlaceholderDirData { common: CommonPlaceholderData { atime: timespec { tv_sec: 0, tv_nsec: 1073741822 }, mtime: timespec { tv_sec: 0, tv_nsec: 1073741822 } }, mode: 493 })), children: {"mao": FsTreeNode { data: Some(PlaceholderDir(PlaceholderDirData { common: CommonPlaceholderData { atime: timespec { tv_sec: 0, tv_nsec: 1073741822 }, mtime: timespec { tv_sec: 0, tv_nsec: 1073741822 } }, mode: 493 })), children: {"turnstile": FsTreeNode { data: Some(PlaceholderDir(PlaceholderDirData { common: CommonPlaceholderData { atime: timespec { tv_sec: 0, tv_nsec: 1073741822 }, mtime: timespec { tv_sec: 0, tv_nsec: 1073741822 } }, mode: 493 })), children: {} }} }} }, "lib64": FsTreeNode { data: Some(PlaceholderFile(PlaceholderFileData { common: CommonPlaceholderData { atime: timespec { tv_sec: 0, tv_nsec: 1073741822 }, mtime: timespec { tv_sec: 0, tv_nsec: 1073741822 } }, mode: 420, len: 0 })), children: {} }, "proc": FsTreeNode { data: Some(PlaceholderDir(PlaceholderDirData { common: CommonPlaceholderData { atime: timespec { tv_sec: 0, tv_nsec: 1073741822 }, mtime: timespec { tv_sec: 0, tv_nsec: 1073741822 } }, mode: 493 })), children: {} }, "usr": FsTreeNode { data: Some(PlaceholderDir(PlaceholderDirData { common: CommonPlaceholderData { atime: timespec { tv_sec: 0, tv_nsec: 1073741822 }, mtime: timespec { tv_sec: 0, tv_nsec: 1073741822 } }, mode: 493 })), children: {"lib": FsTreeNode { data: Some(PlaceholderDir(PlaceholderDirData { common: CommonPlaceholderData { atime: timespec { tv_sec: 0, tv_nsec: 1073741822 }, mtime: timespec { tv_sec: 0, tv_nsec: 1073741822 } }, mode: 493 })), children: {"libc.so.6": FsTreeNode { data: Some(PlaceholderFile(PlaceholderFileData { common: CommonPlaceholderData { atime: timespec { tv_sec: 1781398022, tv_nsec: 480120641 }, mtime: timespec { tv_sec: 1777624420, tv_nsec: 0 } }, mode: 33261, len: 2190624 })), children: {} }, "locale": FsTreeNode { data: Some(PlaceholderDir(PlaceholderDirData { common: CommonPlaceholderData { atime: timespec { tv_sec: 0, tv_nsec: 1073741822 }, mtime: timespec { tv_sec: 0, tv_nsec: 1073741822 } }, mode: 493 })), children: {"locale-archive": FsTreeNode { data: Some(PlaceholderFile(PlaceholderFileData { common: CommonPlaceholderData { atime: timespec { tv_sec: 1781470339, tv_nsec: 8892705 }, mtime: timespec { tv_sec: 1779234627, tv_nsec: 401287252 } }, mode: 33188, len: 3064432 })), children: {} }, "C.utf8": FsTreeNode { data: Some(PlaceholderDir(PlaceholderDirData { common: CommonPlaceholderData { atime: timespec { tv_sec: 0, tv_nsec: 1073741822 }, mtime: timespec { tv_sec: 0, tv_nsec: 1073741822 } }, mode: 493 })), children: {"LC_MONETARY": FsTreeNode { data: Some(PlaceholderFile(PlaceholderFileData { common: CommonPlaceholderData { atime: timespec { tv_sec: 1781470342, tv_nsec: 4897206 }, mtime: timespec { tv_sec: 1777624420, tv_nsec: 0 } }, mode: 33188, len: 270 })), children: {} }, "LC_IDENTIFICATION": FsTreeNode { data: Some(PlaceholderFile(PlaceholderFileData { common: CommonPlaceholderData { atime: timespec { tv_sec: 1781470342, tv_nsec: 4897206 }, mtime: timespec { tv_sec: 1777624420, tv_nsec: 0 } }, mode: 33188, len: 258 })), children: {} }, "LC_TELEPHONE": FsTreeNode { data: Some(PlaceholderFile(PlaceholderFileData { common: CommonPlaceholderData { atime: timespec { tv_sec: 1781470342, tv_nsec: 4897206 }, mtime: timespec { tv_sec: 1777624420, tv_nsec: 0 } }, mode: 33188, len: 47 })), children: {} }, "LC_PAPER": FsTreeNode { data: Some(PlaceholderFile(PlaceholderFileData { common: CommonPlaceholderData { atime: timespec { tv_sec: 1781470342, tv_nsec: 4897206 }, mtime: timespec { tv_sec: 1777624420, tv_nsec: 0 } }, mode: 33188, len: 34 })), children: {} }, "LC_ADDRESS": FsTreeNode { data: Some(PlaceholderFile(PlaceholderFileData { common: CommonPlaceholderData { atime: timespec { tv_sec: 1781470342, tv_nsec: 4897206 }, mtime: timespec { tv_sec: 1777624420, tv_nsec: 0 } }, mode: 33188, len: 127 })), children: {} }, "LC_MESSAGES": FsTreeNode { data: Some(PlaceholderDir(PlaceholderDirData { common: CommonPlaceholderData { atime: timespec { tv_sec: 1779234626, tv_nsec: 893611770 }, mtime: timespec { tv_sec: 1779234626, tv_nsec: 926645019 } }, mode: 16877 })), children: {"SYS_LC_MESSAGES": FsTreeNode { data: Some(PlaceholderFile(PlaceholderFileData { common: CommonPlaceholderData { atime: timespec { tv_sec: 1781470339, tv_nsec: 8892705 }, mtime: timespec { tv_sec: 1777624420, tv_nsec: 0 } }, mode: 33188, len: 48 })), children: {} }} }, "LC_NAME": FsTreeNode { data: Some(PlaceholderFile(PlaceholderFileData { common: CommonPlaceholderData { atime: timespec { tv_sec: 1781470342, tv_nsec: 4897206 }, mtime: timespec { tv_sec: 1777624420, tv_nsec: 0 } }, mode: 33188, len: 62 })), children: {} }, "LC_MEASUREMENT": FsTreeNode { data: Some(PlaceholderFile(PlaceholderFileData { common: CommonPlaceholderData { atime: timespec { tv_sec: 1781470342, tv_nsec: 4897206 }, mtime: timespec { tv_sec: 1777624420, tv_nsec: 0 } }, mode: 33188, len: 23 })), children: {} }} }} }, "libcap.so.2.78": FsTreeNode { data: Some(PlaceholderFile(PlaceholderFileData { common: CommonPlaceholderData { atime: timespec { tv_sec: 1781470290, tv_nsec: 304819506 }, mtime: timespec { tv_sec: 1775495227, tv_nsec: 0 } }, mode: 33261, len: 43064 })), children: {} }, "gconv": FsTreeNode { data: Some(PlaceholderDir(PlaceholderDirData { common: CommonPlaceholderData { atime: timespec { tv_sec: 0, tv_nsec: 1073741822 }, mtime: timespec { tv_sec: 0, tv_nsec: 1073741822 } }, mode: 493 })), children: {"gconv-modules.cache": FsTreeNode { data: Some(PlaceholderFile(PlaceholderFileData { common: CommonPlaceholderData { atime: timespec { tv_sec: 1781392908, tv_nsec: 92401431 }, mtime: timespec { tv_sec: 1779234627, tv_nsec: 475287252 } }, mode: 33188, len: 27010 })), children: {} }} }} }, "share": FsTreeNode { data: Some(PlaceholderDir(PlaceholderDirData { common: CommonPlaceholderData { atime: timespec { tv_sec: 0, tv_nsec: 1073741822 }, mtime: timespec { tv_sec: 0, tv_nsec: 1073741822 } }, mode: 493 })), children: {"locale": FsTreeNode { data: Some(PlaceholderDir(PlaceholderDirData { common: CommonPlaceholderData { atime: timespec { tv_sec: 0, tv_nsec: 1073741822 }, mtime: timespec { tv_sec: 0, tv_nsec: 1073741822 } }, mode: 493 })), children: {"locale.alias": FsTreeNode { data: Some(PlaceholderFile(PlaceholderFileData { common: CommonPlaceholderData { atime: timespec { tv_sec: 1781470290, tv_nsec: 4819058 }, mtime: timespec { tv_sec: 1777624420, tv_nsec: 0 } }, mode: 33188, len: 2998 })), children: {} }} }} }} }, "bin": FsTreeNode { data: Some(PlaceholderFile(PlaceholderFileData { common: CommonPlaceholderData { atime: timespec { tv_sec: 0, tv_nsec: 1073741822 }, mtime: timespec { tv_sec: 0, tv_nsec: 1073741822 } }, mode: 420, len: 0 })), children: {} }} }, nb_entries: 29 }
[2026-06-14T22:33:31Z DEBUG libturnstile::sandbox] Current mount tree: FsTree { root: FsTreeNode { data: None, children: {"proc": FsTreeNode { data: Some(MountInternal { user: ManagedMountPoint { host_path: "/", attrs: MountAttributes { readonly: true, noexec: true } }, mnt_id: 611, expired: false }), children: {} }, "home": FsTreeNode { data: None, children: {"mao": FsTreeNode { data: None, children: {"turnstile": FsTreeNode { data: Some(MountInternal { user: ManagedMountPoint { host_path: "/home/mao/turnstile", attrs: MountAttributes { readonly: true, noexec: true } }, mnt_id: 648, expired: false }), children: {} }} }} }, "lib64": FsTreeNode { data: Some(MountInternal { user: ManagedMountPoint { host_path: "/lib64", attrs: MountAttributes { readonly: true, noexec: false } }, mnt_id: 615, expired: false }), children: {} }, "lib": FsTreeNode { data: Some(MountInternal { user: ManagedMountPoint { host_path: "/lib", attrs: MountAttributes { readonly: true, noexec: false } }, mnt_id: 610, expired: false }), children: {} }, "bin": FsTreeNode { data: Some(MountInternal { user: ManagedMountPoint { host_path: "/bin", attrs: MountAttributes { readonly: true, noexec: false } }, mnt_id: 616, expired: false }), children: {} }, "usr": FsTreeNode { data: Some(MountInternal { user: ManagedMountPoint { host_path: "/usr", attrs: MountAttributes { readonly: true, noexec: false } }, mnt_id: 614, expired: false }), children: {} }} }, nb_entries: 6 }
[2026-06-14T22:33:31Z DEBUG libturnstile::sandbox] Desired mount tree: FsTree { root: FsTreeNode { data: None, children: {"lib": FsTreeNode { data: Some(ManagedMountPoint { host_path: "/lib", attrs: MountAttributes { readonly: true, noexec: false } }), children: {} }, "lib64": FsTreeNode { data: Some(ManagedMountPoint { host_path: "/lib64", attrs: MountAttributes { readonly: true, noexec: false } }), children: {} }, "proc": FsTreeNode { data: Some(ManagedMountPoint { host_path: "/proc", attrs: MountAttributes { readonly: true, noexec: true } }), children: {} }, "home": FsTreeNode { data: None, children: {"mao": FsTreeNode { data: None, children: {"turnstile": FsTreeNode { data: Some(ManagedMountPoint { host_path: "/home/mao/turnstile", attrs: MountAttributes { readonly: true, noexec: true } }), children: {} }} }} }, "usr": FsTreeNode { data: Some(ManagedMountPoint { host_path: "/usr", attrs: MountAttributes { readonly: true, noexec: false } }), children: {} }, "bin": FsTreeNode { data: Some(ManagedMountPoint { host_path: "/bin", attrs: MountAttributes { readonly: true, noexec: false } }), children: {} }} }, nb_entries: 6 }
[2026-06-14T22:33:31Z DEBUG libturnstile::sandbox::namespace] Joined namespace ns_fds[0] = 5
[2026-06-14T22:33:31Z DEBUG libturnstile::sandbox::namespace] Joined namespace ns_fds[1] = 6
[2026-06-14T22:33:31Z DEBUG libturnstile::sandbox::namespace] Joined namespace ns_fds[2] = 8
[2026-06-14T22:33:31Z DEBUG libturnstile::utils] Forked child exited with code 0
[2026-06-14T22:33:31Z INFO  libturnstile::sandbox] Unmounted "/proc"
[2026-06-14T22:33:31Z DEBUG libturnstile::sandbox::namespace] Joined namespace ns_fds[0] = 5
[2026-06-14T22:33:31Z DEBUG libturnstile::sandbox::namespace] Joined namespace ns_fds[1] = 6
[2026-06-14T22:33:31Z DEBUG libturnstile::sandbox::namespace] Joined namespace ns_fds[0] = 8
[2026-06-14T22:33:31Z DEBUG libturnstile::utils] Forked child exited with code 0
[2026-06-14T22:33:31Z INFO  libturnstile::sandbox] Mount bind "/proc" "/proc" ro,noexec
[2026-06-14T22:33:31Z DEBUG libturnstile::sandbox::namespace] Joined namespace ns_fds[0] = 5
[2026-06-14T22:33:31Z DEBUG libturnstile::sandbox::namespace] Joined namespace ns_fds[1] = 8
[2026-06-14T22:33:31Z DEBUG libturnstile::sandbox::namespace] Joined namespace ns_fds[2] = 7
[2026-06-14T22:33:31Z DEBUG libturnstile::utils] Forked child exited with code 0
[2026-06-14T22:33:31Z DEBUG turnstile_sandbox] added resolve placeholder for "/usr/lib/locale/C.utf8/LC_MONETARY"
[2026-06-14T22:33:31Z DEBUG turnstile_sandbox] got request: AccessRequest { operation: FsOperation(FsOpen(OpenOperation { target: FsTarget { dfd: ForeignFd { local_fd: 4 }, path: "usr/lib/locale/C.UTF-8/LC_COLLATE", no_follow: false }, need_read: true, need_write: false, create_mode: None })) }
[2026-06-14T22:33:31Z DEBUG libturnstile::access::fs] open_target_dfd_in_root: attempt 0 for "/" got different inode (expected id InodeId { dev_major: 0, dev_minor: 58, ino: 1 }, got id InodeId { dev_major: 0, dev_minor: 29, ino: 256 })
[2026-06-14T22:33:31Z DEBUG libturnstile::access::fs] open_target_dfd_in_root: attempt 1 for "/" got different inode (expected id InodeId { dev_major: 0, dev_minor: 58, ino: 1 }, got id InodeId { dev_major: 0, dev_minor: 29, ino: 256 })
[2026-06-14T22:33:31Z ERROR libturnstile::access::fs] open_target_dfd_in_root: too many attempts to open "/" before getting correct inode
[2026-06-14T22:33:31Z DEBUG libturnstile::access::fs] realpath() on FsTarget failed: No such file or directory (os error 2)
[2026-06-14T22:33:31Z ERROR turnstile_sandbox] error reopening target dfd in real root for r "/usr/lib/locale/C.UTF-8/LC_COLLATE" (invalid): No such file or directory (os error 2)
[2026-06-14T22:33:31Z DEBUG libturnstile::access::fs] realpath() on FsTarget failed: No such file or directory (os error 2)
[2026-06-14T22:33:31Z WARN  libturnstile::sandbox::upgrade] openat upgrade: cannot resolve abspath for "/usr/lib/locale/C.UTF-8/LC_COLLATE" (invalid): No such file or directory (os error 2) — continuing natively
[2026-06-14T22:33:31Z DEBUG turnstile_sandbox] got request: AccessRequest { operation: FsOperation(FsOpen(OpenOperation { target: FsTarget { dfd: ForeignFd { local_fd: 4 }, path: "usr/lib/locale/C.utf8/LC_COLLATE", no_follow: false }, need_read: true, need_write: false, create_mode: None })) }
[2026-06-14T22:33:31Z DEBUG libturnstile::access::fs] open_target_dfd_in_root: attempt 0 for "/" got different inode (expected id InodeId { dev_major: 0, dev_minor: 58, ino: 1 }, got id InodeId { dev_major: 0, dev_minor: 29, ino: 256 })
[2026-06-14T22:33:31Z DEBUG libturnstile::access::fs] open_target_dfd_in_root: attempt 1 for "/" got different inode (expected id InodeId { dev_major: 0, dev_minor: 58, ino: 1 }, got id InodeId { dev_major: 0, dev_minor: 29, ino: 256 })
[2026-06-14T22:33:31Z ERROR libturnstile::access::fs] open_target_dfd_in_root: too many attempts to open "/" before getting correct inode
[2026-06-14T22:33:31Z ERROR turnstile_sandbox] error reopening target dfd in real root for r "/usr/lib/locale/C.utf8/LC_COLLATE": No such file or directory (os error 2)
[2026-06-14T22:33:31Z DEBUG libturnstile::sandbox::namespace] Joined namespace ns_fds[0] = 5
[2026-06-14T22:33:31Z DEBUG libturnstile::sandbox::namespace] Joined namespace ns_fds[1] = 8
[2026-06-14T22:33:31Z DEBUG libturnstile::sandbox::namespace] Joined namespace ns_fds[2] = 7
[2026-06-14T22:33:31Z DEBUG libturnstile::utils] Forked child exited with code 0
[2026-06-14T22:33:31Z DEBUG libturnstile::sandbox::upgrade] openat upgrade: installed fresh fd 3 for "/usr/lib/locale/C.utf8/LC_COLLATE"
[2026-06-14T22:33:31Z DEBUG turnstile_sandbox] got request: AccessRequest { operation: FsOperation(FsStat(StatOperation { target: FsTarget { dfd: ForeignFd { local_fd: 4 }, path: "", no_follow: false }, lstat: false })) }
[2026-06-14T22:33:31Z DEBUG libturnstile::sandbox::namespace] Joined namespace ns_fds[0] = 5
[2026-06-14T22:33:31Z DEBUG libturnstile::sandbox::namespace] Joined namespace ns_fds[1] = 8
[2026-06-14T22:33:31Z DEBUG libturnstile::utils] Forked child exited with code 0
[2026-06-14T22:33:31Z DEBUG libturnstile::sandbox] Current placeholder tree: FsTree { root: FsTreeNode { data: Some(PlaceholderDir(PlaceholderDirData { common: CommonPlaceholderData { atime: timespec { tv_sec: 0, tv_nsec: 1073741822 }, mtime: timespec { tv_sec: 0, tv_nsec: 1073741822 } }, mode: 493 })), children: {"bin": FsTreeNode { data: Some(PlaceholderFile(PlaceholderFileData { common: CommonPlaceholderData { atime: timespec { tv_sec: 0, tv_nsec: 1073741822 }, mtime: timespec { tv_sec: 0, tv_nsec: 1073741822 } }, mode: 420, len: 0 })), children: {} }, "lib64": FsTreeNode { data: Some(PlaceholderFile(PlaceholderFileData { common: CommonPlaceholderData { atime: timespec { tv_sec: 0, tv_nsec: 1073741822 }, mtime: timespec { tv_sec: 0, tv_nsec: 1073741822 } }, mode: 420, len: 0 })), children: {} }, "home": FsTreeNode { data: Some(PlaceholderDir(PlaceholderDirData { common: CommonPlaceholderData { atime: timespec { tv_sec: 0, tv_nsec: 1073741822 }, mtime: timespec { tv_sec: 0, tv_nsec: 1073741822 } }, mode: 493 })), children: {"mao": FsTreeNode { data: Some(PlaceholderDir(PlaceholderDirData { common: CommonPlaceholderData { atime: timespec { tv_sec: 0, tv_nsec: 1073741822 }, mtime: timespec { tv_sec: 0, tv_nsec: 1073741822 } }, mode: 493 })), children: {"turnstile": FsTreeNode { data: Some(PlaceholderDir(PlaceholderDirData { common: CommonPlaceholderData { atime: timespec { tv_sec: 0, tv_nsec: 1073741822 }, mtime: timespec { tv_sec: 0, tv_nsec: 1073741822 } }, mode: 493 })), children: {} }} }} }, "lib": FsTreeNode { data: Some(PlaceholderFile(PlaceholderFileData { common: CommonPlaceholderData { atime: timespec { tv_sec: 0, tv_nsec: 1073741822 }, mtime: timespec { tv_sec: 0, tv_nsec: 1073741822 } }, mode: 420, len: 0 })), children: {} }, "usr": FsTreeNode { data: Some(PlaceholderDir(PlaceholderDirData { common: CommonPlaceholderData { atime: timespec { tv_sec: 0, tv_nsec: 1073741822 }, mtime: timespec { tv_sec: 0, tv_nsec: 1073741822 } }, mode: 493 })), children: {"share": FsTreeNode { data: Some(PlaceholderDir(PlaceholderDirData { common: CommonPlaceholderData { atime: timespec { tv_sec: 0, tv_nsec: 1073741822 }, mtime: timespec { tv_sec: 0, tv_nsec: 1073741822 } }, mode: 493 })), children: {"locale": FsTreeNode { data: Some(PlaceholderDir(PlaceholderDirData { common: CommonPlaceholderData { atime: timespec { tv_sec: 0, tv_nsec: 1073741822 }, mtime: timespec { tv_sec: 0, tv_nsec: 1073741822 } }, mode: 493 })), children: {"locale.alias": FsTreeNode { data: Some(PlaceholderFile(PlaceholderFileData { common: CommonPlaceholderData { atime: timespec { tv_sec: 1781470290, tv_nsec: 4819058 }, mtime: timespec { tv_sec: 1777624420, tv_nsec: 0 } }, mode: 33188, len: 2998 })), children: {} }} }} }, "lib": FsTreeNode { data: Some(PlaceholderDir(PlaceholderDirData { common: CommonPlaceholderData { atime: timespec { tv_sec: 0, tv_nsec: 1073741822 }, mtime: timespec { tv_sec: 0, tv_nsec: 1073741822 } }, mode: 493 })), children: {"libcap.so.2.78": FsTreeNode { data: Some(PlaceholderFile(PlaceholderFileData { common: CommonPlaceholderData { atime: timespec { tv_sec: 1781470290, tv_nsec: 304819506 }, mtime: timespec { tv_sec: 1775495227, tv_nsec: 0 } }, mode: 33261, len: 43064 })), children: {} }, "locale": FsTreeNode { data: Some(PlaceholderDir(PlaceholderDirData { common: CommonPlaceholderData { atime: timespec { tv_sec: 0, tv_nsec: 1073741822 }, mtime: timespec { tv_sec: 0, tv_nsec: 1073741822 } }, mode: 493 })), children: {"C.utf8": FsTreeNode { data: Some(PlaceholderDir(PlaceholderDirData { common: CommonPlaceholderData { atime: timespec { tv_sec: 0, tv_nsec: 1073741822 }, mtime: timespec { tv_sec: 0, tv_nsec: 1073741822 } }, mode: 493 })), children: {"LC_ADDRESS": FsTreeNode { data: Some(PlaceholderFile(PlaceholderFileData { common: CommonPlaceholderData { atime: timespec { tv_sec: 1781470342, tv_nsec: 4897206 }, mtime: timespec { tv_sec: 1777624420, tv_nsec: 0 } }, mode: 33188, len: 127 })), children: {} }, "LC_MESSAGES": FsTreeNode { data: Some(PlaceholderDir(PlaceholderDirData { common: CommonPlaceholderData { atime: timespec { tv_sec: 1779234626, tv_nsec: 893611770 }, mtime: timespec { tv_sec: 1779234626, tv_nsec: 926645019 } }, mode: 16877 })), children: {"SYS_LC_MESSAGES": FsTreeNode { data: Some(PlaceholderFile(PlaceholderFileData { common: CommonPlaceholderData { atime: timespec { tv_sec: 1781470339, tv_nsec: 8892705 }, mtime: timespec { tv_sec: 1777624420, tv_nsec: 0 } }, mode: 33188, len: 48 })), children: {} }} }, "LC_MONETARY": FsTreeNode { data: Some(PlaceholderFile(PlaceholderFileData { common: CommonPlaceholderData { atime: timespec { tv_sec: 1781470342, tv_nsec: 4897206 }, mtime: timespec { tv_sec: 1777624420, tv_nsec: 0 } }, mode: 33188, len: 270 })), children: {} }, "LC_MEASUREMENT": FsTreeNode { data: Some(PlaceholderFile(PlaceholderFileData { common: CommonPlaceholderData { atime: timespec { tv_sec: 1781470342, tv_nsec: 4897206 }, mtime: timespec { tv_sec: 1777624420, tv_nsec: 0 } }, mode: 33188, len: 23 })), children: {} }, "LC_NAME": FsTreeNode { data: Some(PlaceholderFile(PlaceholderFileData { common: CommonPlaceholderData { atime: timespec { tv_sec: 1781470342, tv_nsec: 4897206 }, mtime: timespec { tv_sec: 1777624420, tv_nsec: 0 } }, mode: 33188, len: 62 })), children: {} }, "LC_PAPER": FsTreeNode { data: Some(PlaceholderFile(PlaceholderFileData { common: CommonPlaceholderData { atime: timespec { tv_sec: 1781470342, tv_nsec: 4897206 }, mtime: timespec { tv_sec: 1777624420, tv_nsec: 0 } }, mode: 33188, len: 34 })), children: {} }, "LC_IDENTIFICATION": FsTreeNode { data: Some(PlaceholderFile(PlaceholderFileData { common: CommonPlaceholderData { atime: timespec { tv_sec: 1781470342, tv_nsec: 4897206 }, mtime: timespec { tv_sec: 1777624420, tv_nsec: 0 } }, mode: 33188, len: 258 })), children: {} }, "LC_TELEPHONE": FsTreeNode { data: Some(PlaceholderFile(PlaceholderFileData { common: CommonPlaceholderData { atime: timespec { tv_sec: 1781470342, tv_nsec: 4897206 }, mtime: timespec { tv_sec: 1777624420, tv_nsec: 0 } }, mode: 33188, len: 47 })), children: {} }} }, "locale-archive": FsTreeNode { data: Some(PlaceholderFile(PlaceholderFileData { common: CommonPlaceholderData { atime: timespec { tv_sec: 1781470339, tv_nsec: 8892705 }, mtime: timespec { tv_sec: 1779234627, tv_nsec: 401287252 } }, mode: 33188, len: 3064432 })), children: {} }} }, "gconv": FsTreeNode { data: Some(PlaceholderDir(PlaceholderDirData { common: CommonPlaceholderData { atime: timespec { tv_sec: 0, tv_nsec: 1073741822 }, mtime: timespec { tv_sec: 0, tv_nsec: 1073741822 } }, mode: 493 })), children: {"gconv-modules.cache": FsTreeNode { data: Some(PlaceholderFile(PlaceholderFileData { common: CommonPlaceholderData { atime: timespec { tv_sec: 1781392908, tv_nsec: 92401431 }, mtime: timespec { tv_sec: 1779234627, tv_nsec: 475287252 } }, mode: 33188, len: 27010 })), children: {} }} }, "libc.so.6": FsTreeNode { data: Some(PlaceholderFile(PlaceholderFileData { common: CommonPlaceholderData { atime: timespec { tv_sec: 1781398022, tv_nsec: 480120641 }, mtime: timespec { tv_sec: 1777624420, tv_nsec: 0 } }, mode: 33261, len: 2190624 })), children: {} }} }} }, "proc": FsTreeNode { data: Some(PlaceholderDir(PlaceholderDirData { common: CommonPlaceholderData { atime: timespec { tv_sec: 0, tv_nsec: 1073741822 }, mtime: timespec { tv_sec: 0, tv_nsec: 1073741822 } }, mode: 493 })), children: {} }} }, nb_entries: 29 }
[2026-06-14T22:33:31Z DEBUG libturnstile::sandbox] Desired placeholder tree: FsTree { root: FsTreeNode { data: Some(PlaceholderDir(PlaceholderDirData { common: CommonPlaceholderData { atime: timespec { tv_sec: 0, tv_nsec: 1073741822 }, mtime: timespec { tv_sec: 0, tv_nsec: 1073741822 } }, mode: 493 })), children: {"lib": FsTreeNode { data: Some(PlaceholderFile(PlaceholderFileData { common: CommonPlaceholderData { atime: timespec { tv_sec: 0, tv_nsec: 1073741822 }, mtime: timespec { tv_sec: 0, tv_nsec: 1073741822 } }, mode: 420, len: 0 })), children: {} }, "usr": FsTreeNode { data: Some(PlaceholderDir(PlaceholderDirData { common: CommonPlaceholderData { atime: timespec { tv_sec: 0, tv_nsec: 1073741822 }, mtime: timespec { tv_sec: 0, tv_nsec: 1073741822 } }, mode: 493 })), children: {"lib": FsTreeNode { data: Some(PlaceholderDir(PlaceholderDirData { common: CommonPlaceholderData { atime: timespec { tv_sec: 0, tv_nsec: 1073741822 }, mtime: timespec { tv_sec: 0, tv_nsec: 1073741822 } }, mode: 493 })), children: {"libc.so.6": FsTreeNode { data: Some(PlaceholderFile(PlaceholderFileData { common: CommonPlaceholderData { atime: timespec { tv_sec: 1781398022, tv_nsec: 480120641 }, mtime: timespec { tv_sec: 1777624420, tv_nsec: 0 } }, mode: 33261, len: 2190624 })), children: {} }, "gconv": FsTreeNode { data: Some(PlaceholderDir(PlaceholderDirData { common: CommonPlaceholderData { atime: timespec { tv_sec: 0, tv_nsec: 1073741822 }, mtime: timespec { tv_sec: 0, tv_nsec: 1073741822 } }, mode: 493 })), children: {"gconv-modules.cache": FsTreeNode { data: Some(PlaceholderFile(PlaceholderFileData { common: CommonPlaceholderData { atime: timespec { tv_sec: 1781392908, tv_nsec: 92401431 }, mtime: timespec { tv_sec: 1779234627, tv_nsec: 475287252 } }, mode: 33188, len: 27010 })), children: {} }} }, "locale": FsTreeNode { data: Some(PlaceholderDir(PlaceholderDirData { common: CommonPlaceholderData { atime: timespec { tv_sec: 0, tv_nsec: 1073741822 }, mtime: timespec { tv_sec: 0, tv_nsec: 1073741822 } }, mode: 493 })), children: {"C.utf8": FsTreeNode { data: Some(PlaceholderDir(PlaceholderDirData { common: CommonPlaceholderData { atime: timespec { tv_sec: 0, tv_nsec: 1073741822 }, mtime: timespec { tv_sec: 0, tv_nsec: 1073741822 } }, mode: 493 })), children: {"LC_MEASUREMENT": FsTreeNode { data: Some(PlaceholderFile(PlaceholderFileData { common: CommonPlaceholderData { atime: timespec { tv_sec: 1781470342, tv_nsec: 4897206 }, mtime: timespec { tv_sec: 1777624420, tv_nsec: 0 } }, mode: 33188, len: 23 })), children: {} }, "LC_PAPER": FsTreeNode { data: Some(PlaceholderFile(PlaceholderFileData { common: CommonPlaceholderData { atime: timespec { tv_sec: 1781470342, tv_nsec: 4897206 }, mtime: timespec { tv_sec: 1777624420, tv_nsec: 0 } }, mode: 33188, len: 34 })), children: {} }, "LC_MONETARY": FsTreeNode { data: Some(PlaceholderFile(PlaceholderFileData { common: CommonPlaceholderData { atime: timespec { tv_sec: 1781470342, tv_nsec: 4897206 }, mtime: timespec { tv_sec: 1777624420, tv_nsec: 0 } }, mode: 33188, len: 270 })), children: {} }, "LC_IDENTIFICATION": FsTreeNode { data: Some(PlaceholderFile(PlaceholderFileData { common: CommonPlaceholderData { atime: timespec { tv_sec: 1781470342, tv_nsec: 4897206 }, mtime: timespec { tv_sec: 1777624420, tv_nsec: 0 } }, mode: 33188, len: 258 })), children: {} }, "LC_TELEPHONE": FsTreeNode { data: Some(PlaceholderFile(PlaceholderFileData { common: CommonPlaceholderData { atime: timespec { tv_sec: 1781470342, tv_nsec: 4897206 }, mtime: timespec { tv_sec: 1777624420, tv_nsec: 0 } }, mode: 33188, len: 47 })), children: {} }, "LC_MESSAGES": FsTreeNode { data: Some(PlaceholderDir(PlaceholderDirData { common: CommonPlaceholderData { atime: timespec { tv_sec: 1779234626, tv_nsec: 893611770 }, mtime: timespec { tv_sec: 1779234626, tv_nsec: 926645019 } }, mode: 16877 })), children: {"SYS_LC_MESSAGES": FsTreeNode { data: Some(PlaceholderFile(PlaceholderFileData { common: CommonPlaceholderData { atime: timespec { tv_sec: 1781470339, tv_nsec: 8892705 }, mtime: timespec { tv_sec: 1777624420, tv_nsec: 0 } }, mode: 33188, len: 48 })), children: {} }} }, "LC_COLLATE": FsTreeNode { data: Some(PlaceholderFile(PlaceholderFileData { common: CommonPlaceholderData { atime: timespec { tv_sec: 1781470342, tv_nsec: 4897206 }, mtime: timespec { tv_sec: 1777624420, tv_nsec: 0 } }, mode: 33188, len: 1406 })), children: {} }, "LC_NAME": FsTreeNode { data: Some(PlaceholderFile(PlaceholderFileData { common: CommonPlaceholderData { atime: timespec { tv_sec: 1781470342, tv_nsec: 4897206 }, mtime: timespec { tv_sec: 1777624420, tv_nsec: 0 } }, mode: 33188, len: 62 })), children: {} }, "LC_ADDRESS": FsTreeNode { data: Some(PlaceholderFile(PlaceholderFileData { common: CommonPlaceholderData { atime: timespec { tv_sec: 1781470342, tv_nsec: 4897206 }, mtime: timespec { tv_sec: 1777624420, tv_nsec: 0 } }, mode: 33188, len: 127 })), children: {} }} }, "locale-archive": FsTreeNode { data: Some(PlaceholderFile(PlaceholderFileData { common: CommonPlaceholderData { atime: timespec { tv_sec: 1781470339, tv_nsec: 8892705 }, mtime: timespec { tv_sec: 1779234627, tv_nsec: 401287252 } }, mode: 33188, len: 3064432 })), children: {} }} }, "libcap.so.2.78": FsTreeNode { data: Some(PlaceholderFile(PlaceholderFileData { common: CommonPlaceholderData { atime: timespec { tv_sec: 1781470290, tv_nsec: 304819506 }, mtime: timespec { tv_sec: 1775495227, tv_nsec: 0 } }, mode: 33261, len: 43064 })), children: {} }} }, "share": FsTreeNode { data: Some(PlaceholderDir(PlaceholderDirData { common: CommonPlaceholderData { atime: timespec { tv_sec: 0, tv_nsec: 1073741822 }, mtime: timespec { tv_sec: 0, tv_nsec: 1073741822 } }, mode: 493 })), children: {"locale": FsTreeNode { data: Some(PlaceholderDir(PlaceholderDirData { common: CommonPlaceholderData { atime: timespec { tv_sec: 0, tv_nsec: 1073741822 }, mtime: timespec { tv_sec: 0, tv_nsec: 1073741822 } }, mode: 493 })), children: {"locale.alias": FsTreeNode { data: Some(PlaceholderFile(PlaceholderFileData { common: CommonPlaceholderData { atime: timespec { tv_sec: 1781470290, tv_nsec: 4819058 }, mtime: timespec { tv_sec: 1777624420, tv_nsec: 0 } }, mode: 33188, len: 2998 })), children: {} }} }} }} }, "home": FsTreeNode { data: Some(PlaceholderDir(PlaceholderDirData { common: CommonPlaceholderData { atime: timespec { tv_sec: 0, tv_nsec: 1073741822 }, mtime: timespec { tv_sec: 0, tv_nsec: 1073741822 } }, mode: 493 })), children: {"mao": FsTreeNode { data: Some(PlaceholderDir(PlaceholderDirData { common: CommonPlaceholderData { atime: timespec { tv_sec: 0, tv_nsec: 1073741822 }, mtime: timespec { tv_sec: 0, tv_nsec: 1073741822 } }, mode: 493 })), children: {"turnstile": FsTreeNode { data: Some(PlaceholderDir(PlaceholderDirData { common: CommonPlaceholderData { atime: timespec { tv_sec: 0, tv_nsec: 1073741822 }, mtime: timespec { tv_sec: 0, tv_nsec: 1073741822 } }, mode: 493 })), children: {} }} }} }, "proc": FsTreeNode { data: Some(PlaceholderDir(PlaceholderDirData { common: CommonPlaceholderData { atime: timespec { tv_sec: 0, tv_nsec: 1073741822 }, mtime: timespec { tv_sec: 0, tv_nsec: 1073741822 } }, mode: 493 })), children: {} }, "bin": FsTreeNode { data: Some(PlaceholderFile(PlaceholderFileData { common: CommonPlaceholderData { atime: timespec { tv_sec: 0, tv_nsec: 1073741822 }, mtime: timespec { tv_sec: 0, tv_nsec: 1073741822 } }, mode: 420, len: 0 })), children: {} }, "lib64": FsTreeNode { data: Some(PlaceholderFile(PlaceholderFileData { common: CommonPlaceholderData { atime: timespec { tv_sec: 0, tv_nsec: 1073741822 }, mtime: timespec { tv_sec: 0, tv_nsec: 1073741822 } }, mode: 420, len: 0 })), children: {} }} }, nb_entries: 30 }
[2026-06-14T22:33:31Z DEBUG libturnstile::sandbox] Current mount tree: FsTree { root: FsTreeNode { data: None, children: {"proc": FsTreeNode { data: Some(MountInternal { user: ManagedMountPoint { host_path: "/", attrs: MountAttributes { readonly: true, noexec: true } }, mnt_id: 611, expired: false }), children: {} }, "home": FsTreeNode { data: None, children: {"mao": FsTreeNode { data: None, children: {"turnstile": FsTreeNode { data: Some(MountInternal { user: ManagedMountPoint { host_path: "/home/mao/turnstile", attrs: MountAttributes { readonly: true, noexec: true } }, mnt_id: 648, expired: false }), children: {} }} }} }, "lib64": FsTreeNode { data: Some(MountInternal { user: ManagedMountPoint { host_path: "/lib64", attrs: MountAttributes { readonly: true, noexec: false } }, mnt_id: 615, expired: false }), children: {} }, "lib": FsTreeNode { data: Some(MountInternal { user: ManagedMountPoint { host_path: "/lib", attrs: MountAttributes { readonly: true, noexec: false } }, mnt_id: 610, expired: false }), children: {} }, "bin": FsTreeNode { data: Some(MountInternal { user: ManagedMountPoint { host_path: "/bin", attrs: MountAttributes { readonly: true, noexec: false } }, mnt_id: 616, expired: false }), children: {} }, "usr": FsTreeNode { data: Some(MountInternal { user: ManagedMountPoint { host_path: "/usr", attrs: MountAttributes { readonly: true, noexec: false } }, mnt_id: 614, expired: false }), children: {} }} }, nb_entries: 6 }
[2026-06-14T22:33:31Z DEBUG libturnstile::sandbox] Desired mount tree: FsTree { root: FsTreeNode { data: None, children: {"bin": FsTreeNode { data: Some(ManagedMountPoint { host_path: "/bin", attrs: MountAttributes { readonly: true, noexec: false } }), children: {} }, "home": FsTreeNode { data: None, children: {"mao": FsTreeNode { data: None, children: {"turnstile": FsTreeNode { data: Some(ManagedMountPoint { host_path: "/home/mao/turnstile", attrs: MountAttributes { readonly: true, noexec: true } }), children: {} }} }} }, "usr": FsTreeNode { data: Some(ManagedMountPoint { host_path: "/usr", attrs: MountAttributes { readonly: true, noexec: false } }), children: {} }, "proc": FsTreeNode { data: Some(ManagedMountPoint { host_path: "/proc", attrs: MountAttributes { readonly: true, noexec: true } }), children: {} }, "lib": FsTreeNode { data: Some(ManagedMountPoint { host_path: "/lib", attrs: MountAttributes { readonly: true, noexec: false } }), children: {} }, "lib64": FsTreeNode { data: Some(ManagedMountPoint { host_path: "/lib64", attrs: MountAttributes { readonly: true, noexec: false } }), children: {} }} }, nb_entries: 6 }
[2026-06-14T22:33:31Z DEBUG libturnstile::sandbox::namespace] Joined namespace ns_fds[0] = 5
[2026-06-14T22:33:31Z DEBUG libturnstile::sandbox::namespace] Joined namespace ns_fds[1] = 6
[2026-06-14T22:33:31Z DEBUG libturnstile::sandbox::namespace] Joined namespace ns_fds[2] = 8
[2026-06-14T22:33:31Z DEBUG libturnstile::utils] Forked child exited with code 0
[2026-06-14T22:33:31Z INFO  libturnstile::sandbox] Unmounted "/proc"
[2026-06-14T22:33:31Z DEBUG libturnstile::sandbox::namespace] Joined namespace ns_fds[0] = 5
[2026-06-14T22:33:31Z DEBUG libturnstile::sandbox::namespace] Joined namespace ns_fds[1] = 6
[2026-06-14T22:33:31Z DEBUG libturnstile::sandbox::namespace] Joined namespace ns_fds[0] = 8
[2026-06-14T22:33:31Z DEBUG libturnstile::utils] Forked child exited with code 0
[2026-06-14T22:33:31Z INFO  libturnstile::sandbox] Mount bind "/proc" "/proc" ro,noexec
[2026-06-14T22:33:31Z DEBUG libturnstile::sandbox::namespace] Joined namespace ns_fds[0] = 5
[2026-06-14T22:33:31Z DEBUG libturnstile::sandbox::namespace] Joined namespace ns_fds[1] = 8
[2026-06-14T22:33:31Z DEBUG libturnstile::sandbox::namespace] Joined namespace ns_fds[2] = 7
[2026-06-14T22:33:31Z DEBUG libturnstile::utils] Forked child exited with code 0
[2026-06-14T22:33:31Z DEBUG turnstile_sandbox] added resolve placeholder for "/usr/lib/locale/C.utf8/LC_COLLATE"
[2026-06-14T22:33:31Z DEBUG turnstile_sandbox] got request: AccessRequest { operation: FsOperation(FsOpen(OpenOperation { target: FsTarget { dfd: ForeignFd { local_fd: 4 }, path: "usr/lib/locale/C.UTF-8/LC_TIME", no_follow: false }, need_read: true, need_write: false, create_mode: None })) }
[2026-06-14T22:33:31Z DEBUG libturnstile::access::fs] open_target_dfd_in_root: attempt 0 for "/" got different inode (expected id InodeId { dev_major: 0, dev_minor: 58, ino: 1 }, got id InodeId { dev_major: 0, dev_minor: 29, ino: 256 })
[2026-06-14T22:33:31Z DEBUG libturnstile::access::fs] open_target_dfd_in_root: attempt 1 for "/" got different inode (expected id InodeId { dev_major: 0, dev_minor: 58, ino: 1 }, got id InodeId { dev_major: 0, dev_minor: 29, ino: 256 })
[2026-06-14T22:33:31Z ERROR libturnstile::access::fs] open_target_dfd_in_root: too many attempts to open "/" before getting correct inode
[2026-06-14T22:33:31Z DEBUG libturnstile::access::fs] realpath() on FsTarget failed: No such file or directory (os error 2)
[2026-06-14T22:33:31Z ERROR turnstile_sandbox] error reopening target dfd in real root for r "/usr/lib/locale/C.UTF-8/LC_TIME" (invalid): No such file or directory (os error 2)
[2026-06-14T22:33:31Z DEBUG libturnstile::access::fs] realpath() on FsTarget failed: No such file or directory (os error 2)
[2026-06-14T22:33:31Z WARN  libturnstile::sandbox::upgrade] openat upgrade: cannot resolve abspath for "/usr/lib/locale/C.UTF-8/LC_TIME" (invalid): No such file or directory (os error 2) — continuing natively
[2026-06-14T22:33:31Z DEBUG turnstile_sandbox] got request: AccessRequest { operation: FsOperation(FsOpen(OpenOperation { target: FsTarget { dfd: ForeignFd { local_fd: 4 }, path: "usr/lib/locale/C.utf8/LC_TIME", no_follow: false }, need_read: true, need_write: false, create_mode: None })) }
[2026-06-14T22:33:31Z DEBUG libturnstile::access::fs] open_target_dfd_in_root: attempt 0 for "/" got different inode (expected id InodeId { dev_major: 0, dev_minor: 58, ino: 1 }, got id InodeId { dev_major: 0, dev_minor: 29, ino: 256 })
[2026-06-14T22:33:31Z DEBUG libturnstile::access::fs] open_target_dfd_in_root: attempt 1 for "/" got different inode (expected id InodeId { dev_major: 0, dev_minor: 58, ino: 1 }, got id InodeId { dev_major: 0, dev_minor: 29, ino: 256 })
[2026-06-14T22:33:31Z ERROR libturnstile::access::fs] open_target_dfd_in_root: too many attempts to open "/" before getting correct inode
[2026-06-14T22:33:31Z ERROR turnstile_sandbox] error reopening target dfd in real root for r "/usr/lib/locale/C.utf8/LC_TIME": No such file or directory (os error 2)
[2026-06-14T22:33:31Z DEBUG libturnstile::sandbox::namespace] Joined namespace ns_fds[0] = 5
[2026-06-14T22:33:31Z DEBUG libturnstile::sandbox::namespace] Joined namespace ns_fds[1] = 8
[2026-06-14T22:33:31Z DEBUG libturnstile::sandbox::namespace] Joined namespace ns_fds[2] = 7
[2026-06-14T22:33:31Z DEBUG libturnstile::utils] Forked child exited with code 0
[2026-06-14T22:33:31Z DEBUG libturnstile::sandbox::upgrade] openat upgrade: installed fresh fd 3 for "/usr/lib/locale/C.utf8/LC_TIME"
[2026-06-14T22:33:31Z DEBUG turnstile_sandbox] got request: AccessRequest { operation: FsOperation(FsStat(StatOperation { target: FsTarget { dfd: ForeignFd { local_fd: 4 }, path: "", no_follow: false }, lstat: false })) }
[2026-06-14T22:33:31Z DEBUG libturnstile::sandbox::namespace] Joined namespace ns_fds[0] = 5
[2026-06-14T22:33:31Z DEBUG libturnstile::sandbox::namespace] Joined namespace ns_fds[1] = 8
[2026-06-14T22:33:31Z DEBUG libturnstile::utils] Forked child exited with code 0
[2026-06-14T22:33:31Z DEBUG libturnstile::sandbox] Current placeholder tree: FsTree { root: FsTreeNode { data: Some(PlaceholderDir(PlaceholderDirData { common: CommonPlaceholderData { atime: timespec { tv_sec: 0, tv_nsec: 1073741822 }, mtime: timespec { tv_sec: 0, tv_nsec: 1073741822 } }, mode: 493 })), children: {"bin": FsTreeNode { data: Some(PlaceholderFile(PlaceholderFileData { common: CommonPlaceholderData { atime: timespec { tv_sec: 0, tv_nsec: 1073741822 }, mtime: timespec { tv_sec: 0, tv_nsec: 1073741822 } }, mode: 420, len: 0 })), children: {} }, "lib64": FsTreeNode { data: Some(PlaceholderFile(PlaceholderFileData { common: CommonPlaceholderData { atime: timespec { tv_sec: 0, tv_nsec: 1073741822 }, mtime: timespec { tv_sec: 0, tv_nsec: 1073741822 } }, mode: 420, len: 0 })), children: {} }, "home": FsTreeNode { data: Some(PlaceholderDir(PlaceholderDirData { common: CommonPlaceholderData { atime: timespec { tv_sec: 0, tv_nsec: 1073741822 }, mtime: timespec { tv_sec: 0, tv_nsec: 1073741822 } }, mode: 493 })), children: {"mao": FsTreeNode { data: Some(PlaceholderDir(PlaceholderDirData { common: CommonPlaceholderData { atime: timespec { tv_sec: 0, tv_nsec: 1073741822 }, mtime: timespec { tv_sec: 0, tv_nsec: 1073741822 } }, mode: 493 })), children: {"turnstile": FsTreeNode { data: Some(PlaceholderDir(PlaceholderDirData { common: CommonPlaceholderData { atime: timespec { tv_sec: 0, tv_nsec: 1073741822 }, mtime: timespec { tv_sec: 0, tv_nsec: 1073741822 } }, mode: 493 })), children: {} }} }} }, "lib": FsTreeNode { data: Some(PlaceholderFile(PlaceholderFileData { common: CommonPlaceholderData { atime: timespec { tv_sec: 0, tv_nsec: 1073741822 }, mtime: timespec { tv_sec: 0, tv_nsec: 1073741822 } }, mode: 420, len: 0 })), children: {} }, "usr": FsTreeNode { data: Some(PlaceholderDir(PlaceholderDirData { common: CommonPlaceholderData { atime: timespec { tv_sec: 0, tv_nsec: 1073741822 }, mtime: timespec { tv_sec: 0, tv_nsec: 1073741822 } }, mode: 493 })), children: {"share": FsTreeNode { data: Some(PlaceholderDir(PlaceholderDirData { common: CommonPlaceholderData { atime: timespec { tv_sec: 0, tv_nsec: 1073741822 }, mtime: timespec { tv_sec: 0, tv_nsec: 1073741822 } }, mode: 493 })), children: {"locale": FsTreeNode { data: Some(PlaceholderDir(PlaceholderDirData { common: CommonPlaceholderData { atime: timespec { tv_sec: 0, tv_nsec: 1073741822 }, mtime: timespec { tv_sec: 0, tv_nsec: 1073741822 } }, mode: 493 })), children: {"locale.alias": FsTreeNode { data: Some(PlaceholderFile(PlaceholderFileData { common: CommonPlaceholderData { atime: timespec { tv_sec: 1781470290, tv_nsec: 4819058 }, mtime: timespec { tv_sec: 1777624420, tv_nsec: 0 } }, mode: 33188, len: 2998 })), children: {} }} }} }, "lib": FsTreeNode { data: Some(PlaceholderDir(PlaceholderDirData { common: CommonPlaceholderData { atime: timespec { tv_sec: 0, tv_nsec: 1073741822 }, mtime: timespec { tv_sec: 0, tv_nsec: 1073741822 } }, mode: 493 })), children: {"libcap.so.2.78": FsTreeNode { data: Some(PlaceholderFile(PlaceholderFileData { common: CommonPlaceholderData { atime: timespec { tv_sec: 1781470290, tv_nsec: 304819506 }, mtime: timespec { tv_sec: 1775495227, tv_nsec: 0 } }, mode: 33261, len: 43064 })), children: {} }, "locale": FsTreeNode { data: Some(PlaceholderDir(PlaceholderDirData { common: CommonPlaceholderData { atime: timespec { tv_sec: 0, tv_nsec: 1073741822 }, mtime: timespec { tv_sec: 0, tv_nsec: 1073741822 } }, mode: 493 })), children: {"C.utf8": FsTreeNode { data: Some(PlaceholderDir(PlaceholderDirData { common: CommonPlaceholderData { atime: timespec { tv_sec: 0, tv_nsec: 1073741822 }, mtime: timespec { tv_sec: 0, tv_nsec: 1073741822 } }, mode: 493 })), children: {"LC_ADDRESS": FsTreeNode { data: Some(PlaceholderFile(PlaceholderFileData { common: CommonPlaceholderData { atime: timespec { tv_sec: 1781470342, tv_nsec: 4897206 }, mtime: timespec { tv_sec: 1777624420, tv_nsec: 0 } }, mode: 33188, len: 127 })), children: {} }, "LC_MESSAGES": FsTreeNode { data: Some(PlaceholderDir(PlaceholderDirData { common: CommonPlaceholderData { atime: timespec { tv_sec: 1779234626, tv_nsec: 893611770 }, mtime: timespec { tv_sec: 1779234626, tv_nsec: 926645019 } }, mode: 16877 })), children: {"SYS_LC_MESSAGES": FsTreeNode { data: Some(PlaceholderFile(PlaceholderFileData { common: CommonPlaceholderData { atime: timespec { tv_sec: 1781470339, tv_nsec: 8892705 }, mtime: timespec { tv_sec: 1777624420, tv_nsec: 0 } }, mode: 33188, len: 48 })), children: {} }} }, "LC_MONETARY": FsTreeNode { data: Some(PlaceholderFile(PlaceholderFileData { common: CommonPlaceholderData { atime: timespec { tv_sec: 1781470342, tv_nsec: 4897206 }, mtime: timespec { tv_sec: 1777624420, tv_nsec: 0 } }, mode: 33188, len: 270 })), children: {} }, "LC_COLLATE": FsTreeNode { data: Some(PlaceholderFile(PlaceholderFileData { common: CommonPlaceholderData { atime: timespec { tv_sec: 1781470342, tv_nsec: 4897206 }, mtime: timespec { tv_sec: 1777624420, tv_nsec: 0 } }, mode: 33188, len: 1406 })), children: {} }, "LC_MEASUREMENT": FsTreeNode { data: Some(PlaceholderFile(PlaceholderFileData { common: CommonPlaceholderData { atime: timespec { tv_sec: 1781470342, tv_nsec: 4897206 }, mtime: timespec { tv_sec: 1777624420, tv_nsec: 0 } }, mode: 33188, len: 23 })), children: {} }, "LC_NAME": FsTreeNode { data: Some(PlaceholderFile(PlaceholderFileData { common: CommonPlaceholderData { atime: timespec { tv_sec: 1781470342, tv_nsec: 4897206 }, mtime: timespec { tv_sec: 1777624420, tv_nsec: 0 } }, mode: 33188, len: 62 })), children: {} }, "LC_PAPER": FsTreeNode { data: Some(PlaceholderFile(PlaceholderFileData { common: CommonPlaceholderData { atime: timespec { tv_sec: 1781470342, tv_nsec: 4897206 }, mtime: timespec { tv_sec: 1777624420, tv_nsec: 0 } }, mode: 33188, len: 34 })), children: {} }, "LC_IDENTIFICATION": FsTreeNode { data: Some(PlaceholderFile(PlaceholderFileData { common: CommonPlaceholderData { atime: timespec { tv_sec: 1781470342, tv_nsec: 4897206 }, mtime: timespec { tv_sec: 1777624420, tv_nsec: 0 } }, mode: 33188, len: 258 })), children: {} }, "LC_TELEPHONE": FsTreeNode { data: Some(PlaceholderFile(PlaceholderFileData { common: CommonPlaceholderData { atime: timespec { tv_sec: 1781470342, tv_nsec: 4897206 }, mtime: timespec { tv_sec: 1777624420, tv_nsec: 0 } }, mode: 33188, len: 47 })), children: {} }} }, "locale-archive": FsTreeNode { data: Some(PlaceholderFile(PlaceholderFileData { common: CommonPlaceholderData { atime: timespec { tv_sec: 1781470339, tv_nsec: 8892705 }, mtime: timespec { tv_sec: 1779234627, tv_nsec: 401287252 } }, mode: 33188, len: 3064432 })), children: {} }} }, "gconv": FsTreeNode { data: Some(PlaceholderDir(PlaceholderDirData { common: CommonPlaceholderData { atime: timespec { tv_sec: 0, tv_nsec: 1073741822 }, mtime: timespec { tv_sec: 0, tv_nsec: 1073741822 } }, mode: 493 })), children: {"gconv-modules.cache": FsTreeNode { data: Some(PlaceholderFile(PlaceholderFileData { common: CommonPlaceholderData { atime: timespec { tv_sec: 1781392908, tv_nsec: 92401431 }, mtime: timespec { tv_sec: 1779234627, tv_nsec: 475287252 } }, mode: 33188, len: 27010 })), children: {} }} }, "libc.so.6": FsTreeNode { data: Some(PlaceholderFile(PlaceholderFileData { common: CommonPlaceholderData { atime: timespec { tv_sec: 1781398022, tv_nsec: 480120641 }, mtime: timespec { tv_sec: 1777624420, tv_nsec: 0 } }, mode: 33261, len: 2190624 })), children: {} }} }} }, "proc": FsTreeNode { data: Some(PlaceholderDir(PlaceholderDirData { common: CommonPlaceholderData { atime: timespec { tv_sec: 0, tv_nsec: 1073741822 }, mtime: timespec { tv_sec: 0, tv_nsec: 1073741822 } }, mode: 493 })), children: {} }} }, nb_entries: 30 }
[2026-06-14T22:33:31Z DEBUG libturnstile::sandbox] Desired placeholder tree: FsTree { root: FsTreeNode { data: Some(PlaceholderDir(PlaceholderDirData { common: CommonPlaceholderData { atime: timespec { tv_sec: 0, tv_nsec: 1073741822 }, mtime: timespec { tv_sec: 0, tv_nsec: 1073741822 } }, mode: 493 })), children: {"usr": FsTreeNode { data: Some(PlaceholderDir(PlaceholderDirData { common: CommonPlaceholderData { atime: timespec { tv_sec: 0, tv_nsec: 1073741822 }, mtime: timespec { tv_sec: 0, tv_nsec: 1073741822 } }, mode: 493 })), children: {"lib": FsTreeNode { data: Some(PlaceholderDir(PlaceholderDirData { common: CommonPlaceholderData { atime: timespec { tv_sec: 0, tv_nsec: 1073741822 }, mtime: timespec { tv_sec: 0, tv_nsec: 1073741822 } }, mode: 493 })), children: {"libc.so.6": FsTreeNode { data: Some(PlaceholderFile(PlaceholderFileData { common: CommonPlaceholderData { atime: timespec { tv_sec: 1781398022, tv_nsec: 480120641 }, mtime: timespec { tv_sec: 1777624420, tv_nsec: 0 } }, mode: 33261, len: 2190624 })), children: {} }, "locale": FsTreeNode { data: Some(PlaceholderDir(PlaceholderDirData { common: CommonPlaceholderData { atime: timespec { tv_sec: 0, tv_nsec: 1073741822 }, mtime: timespec { tv_sec: 0, tv_nsec: 1073741822 } }, mode: 493 })), children: {"C.utf8": FsTreeNode { data: Some(PlaceholderDir(PlaceholderDirData { common: CommonPlaceholderData { atime: timespec { tv_sec: 0, tv_nsec: 1073741822 }, mtime: timespec { tv_sec: 0, tv_nsec: 1073741822 } }, mode: 493 })), children: {"LC_MONETARY": FsTreeNode { data: Some(PlaceholderFile(PlaceholderFileData { common: CommonPlaceholderData { atime: timespec { tv_sec: 1781470342, tv_nsec: 4897206 }, mtime: timespec { tv_sec: 1777624420, tv_nsec: 0 } }, mode: 33188, len: 270 })), children: {} }, "LC_TELEPHONE": FsTreeNode { data: Some(PlaceholderFile(PlaceholderFileData { common: CommonPlaceholderData { atime: timespec { tv_sec: 1781470342, tv_nsec: 4897206 }, mtime: timespec { tv_sec: 1777624420, tv_nsec: 0 } }, mode: 33188, len: 47 })), children: {} }, "LC_PAPER": FsTreeNode { data: Some(PlaceholderFile(PlaceholderFileData { common: CommonPlaceholderData { atime: timespec { tv_sec: 1781470342, tv_nsec: 4897206 }, mtime: timespec { tv_sec: 1777624420, tv_nsec: 0 } }, mode: 33188, len: 34 })), children: {} }, "LC_TIME": FsTreeNode { data: Some(PlaceholderFile(PlaceholderFileData { common: CommonPlaceholderData { atime: timespec { tv_sec: 1781470342, tv_nsec: 4897206 }, mtime: timespec { tv_sec: 1777624420, tv_nsec: 0 } }, mode: 33188, len: 3360 })), children: {} }, "LC_IDENTIFICATION": FsTreeNode { data: Some(PlaceholderFile(PlaceholderFileData { common: CommonPlaceholderData { atime: timespec { tv_sec: 1781470342, tv_nsec: 4897206 }, mtime: timespec { tv_sec: 1777624420, tv_nsec: 0 } }, mode: 33188, len: 258 })), children: {} }, "LC_ADDRESS": FsTreeNode { data: Some(PlaceholderFile(PlaceholderFileData { common: CommonPlaceholderData { atime: timespec { tv_sec: 1781470342, tv_nsec: 4897206 }, mtime: timespec { tv_sec: 1777624420, tv_nsec: 0 } }, mode: 33188, len: 127 })), children: {} }, "LC_COLLATE": FsTreeNode { data: Some(PlaceholderFile(PlaceholderFileData { common: CommonPlaceholderData { atime: timespec { tv_sec: 1781470342, tv_nsec: 4897206 }, mtime: timespec { tv_sec: 1777624420, tv_nsec: 0 } }, mode: 33188, len: 1406 })), children: {} }, "LC_MESSAGES": FsTreeNode { data: Some(PlaceholderDir(PlaceholderDirData { common: CommonPlaceholderData { atime: timespec { tv_sec: 1779234626, tv_nsec: 893611770 }, mtime: timespec { tv_sec: 1779234626, tv_nsec: 926645019 } }, mode: 16877 })), children: {"SYS_LC_MESSAGES": FsTreeNode { data: Some(PlaceholderFile(PlaceholderFileData { common: CommonPlaceholderData { atime: timespec { tv_sec: 1781470339, tv_nsec: 8892705 }, mtime: timespec { tv_sec: 1777624420, tv_nsec: 0 } }, mode: 33188, len: 48 })), children: {} }} }, "LC_NAME": FsTreeNode { data: Some(PlaceholderFile(PlaceholderFileData { common: CommonPlaceholderData { atime: timespec { tv_sec: 1781470342, tv_nsec: 4897206 }, mtime: timespec { tv_sec: 1777624420, tv_nsec: 0 } }, mode: 33188, len: 62 })), children: {} }, "LC_MEASUREMENT": FsTreeNode { data: Some(PlaceholderFile(PlaceholderFileData { common: CommonPlaceholderData { atime: timespec { tv_sec: 1781470342, tv_nsec: 4897206 }, mtime: timespec { tv_sec: 1777624420, tv_nsec: 0 } }, mode: 33188, len: 23 })), children: {} }} }, "locale-archive": FsTreeNode { data: Some(PlaceholderFile(PlaceholderFileData { common: CommonPlaceholderData { atime: timespec { tv_sec: 1781470339, tv_nsec: 8892705 }, mtime: timespec { tv_sec: 1779234627, tv_nsec: 401287252 } }, mode: 33188, len: 3064432 })), children: {} }} }, "libcap.so.2.78": FsTreeNode { data: Some(PlaceholderFile(PlaceholderFileData { common: CommonPlaceholderData { atime: timespec { tv_sec: 1781470290, tv_nsec: 304819506 }, mtime: timespec { tv_sec: 1775495227, tv_nsec: 0 } }, mode: 33261, len: 43064 })), children: {} }, "gconv": FsTreeNode { data: Some(PlaceholderDir(PlaceholderDirData { common: CommonPlaceholderData { atime: timespec { tv_sec: 0, tv_nsec: 1073741822 }, mtime: timespec { tv_sec: 0, tv_nsec: 1073741822 } }, mode: 493 })), children: {"gconv-modules.cache": FsTreeNode { data: Some(PlaceholderFile(PlaceholderFileData { common: CommonPlaceholderData { atime: timespec { tv_sec: 1781392908, tv_nsec: 92401431 }, mtime: timespec { tv_sec: 1779234627, tv_nsec: 475287252 } }, mode: 33188, len: 27010 })), children: {} }} }} }, "share": FsTreeNode { data: Some(PlaceholderDir(PlaceholderDirData { common: CommonPlaceholderData { atime: timespec { tv_sec: 0, tv_nsec: 1073741822 }, mtime: timespec { tv_sec: 0, tv_nsec: 1073741822 } }, mode: 493 })), children: {"locale": FsTreeNode { data: Some(PlaceholderDir(PlaceholderDirData { common: CommonPlaceholderData { atime: timespec { tv_sec: 0, tv_nsec: 1073741822 }, mtime: timespec { tv_sec: 0, tv_nsec: 1073741822 } }, mode: 493 })), children: {"locale.alias": FsTreeNode { data: Some(PlaceholderFile(PlaceholderFileData { common: CommonPlaceholderData { atime: timespec { tv_sec: 1781470290, tv_nsec: 4819058 }, mtime: timespec { tv_sec: 1777624420, tv_nsec: 0 } }, mode: 33188, len: 2998 })), children: {} }} }} }} }, "lib64": FsTreeNode { data: Some(PlaceholderFile(PlaceholderFileData { common: CommonPlaceholderData { atime: timespec { tv_sec: 0, tv_nsec: 1073741822 }, mtime: timespec { tv_sec: 0, tv_nsec: 1073741822 } }, mode: 420, len: 0 })), children: {} }, "lib": FsTreeNode { data: Some(PlaceholderFile(PlaceholderFileData { common: CommonPlaceholderData { atime: timespec { tv_sec: 0, tv_nsec: 1073741822 }, mtime: timespec { tv_sec: 0, tv_nsec: 1073741822 } }, mode: 420, len: 0 })), children: {} }, "home": FsTreeNode { data: Some(PlaceholderDir(PlaceholderDirData { common: CommonPlaceholderData { atime: timespec { tv_sec: 0, tv_nsec: 1073741822 }, mtime: timespec { tv_sec: 0, tv_nsec: 1073741822 } }, mode: 493 })), children: {"mao": FsTreeNode { data: Some(PlaceholderDir(PlaceholderDirData { common: CommonPlaceholderData { atime: timespec { tv_sec: 0, tv_nsec: 1073741822 }, mtime: timespec { tv_sec: 0, tv_nsec: 1073741822 } }, mode: 493 })), children: {"turnstile": FsTreeNode { data: Some(PlaceholderDir(PlaceholderDirData { common: CommonPlaceholderData { atime: timespec { tv_sec: 0, tv_nsec: 1073741822 }, mtime: timespec { tv_sec: 0, tv_nsec: 1073741822 } }, mode: 493 })), children: {} }} }} }, "proc": FsTreeNode { data: Some(PlaceholderDir(PlaceholderDirData { common: CommonPlaceholderData { atime: timespec { tv_sec: 0, tv_nsec: 1073741822 }, mtime: timespec { tv_sec: 0, tv_nsec: 1073741822 } }, mode: 493 })), children: {} }, "bin": FsTreeNode { data: Some(PlaceholderFile(PlaceholderFileData { common: CommonPlaceholderData { atime: timespec { tv_sec: 0, tv_nsec: 1073741822 }, mtime: timespec { tv_sec: 0, tv_nsec: 1073741822 } }, mode: 420, len: 0 })), children: {} }} }, nb_entries: 31 }
[2026-06-14T22:33:31Z DEBUG libturnstile::sandbox] Current mount tree: FsTree { root: FsTreeNode { data: None, children: {"proc": FsTreeNode { data: Some(MountInternal { user: ManagedMountPoint { host_path: "/", attrs: MountAttributes { readonly: true, noexec: true } }, mnt_id: 611, expired: false }), children: {} }, "home": FsTreeNode { data: None, children: {"mao": FsTreeNode { data: None, children: {"turnstile": FsTreeNode { data: Some(MountInternal { user: ManagedMountPoint { host_path: "/home/mao/turnstile", attrs: MountAttributes { readonly: true, noexec: true } }, mnt_id: 648, expired: false }), children: {} }} }} }, "lib64": FsTreeNode { data: Some(MountInternal { user: ManagedMountPoint { host_path: "/lib64", attrs: MountAttributes { readonly: true, noexec: false } }, mnt_id: 615, expired: false }), children: {} }, "lib": FsTreeNode { data: Some(MountInternal { user: ManagedMountPoint { host_path: "/lib", attrs: MountAttributes { readonly: true, noexec: false } }, mnt_id: 610, expired: false }), children: {} }, "bin": FsTreeNode { data: Some(MountInternal { user: ManagedMountPoint { host_path: "/bin", attrs: MountAttributes { readonly: true, noexec: false } }, mnt_id: 616, expired: false }), children: {} }, "usr": FsTreeNode { data: Some(MountInternal { user: ManagedMountPoint { host_path: "/usr", attrs: MountAttributes { readonly: true, noexec: false } }, mnt_id: 614, expired: false }), children: {} }} }, nb_entries: 6 }
[2026-06-14T22:33:31Z DEBUG libturnstile::sandbox] Desired mount tree: FsTree { root: FsTreeNode { data: None, children: {"lib": FsTreeNode { data: Some(ManagedMountPoint { host_path: "/lib", attrs: MountAttributes { readonly: true, noexec: false } }), children: {} }, "home": FsTreeNode { data: None, children: {"mao": FsTreeNode { data: None, children: {"turnstile": FsTreeNode { data: Some(ManagedMountPoint { host_path: "/home/mao/turnstile", attrs: MountAttributes { readonly: true, noexec: true } }), children: {} }} }} }, "bin": FsTreeNode { data: Some(ManagedMountPoint { host_path: "/bin", attrs: MountAttributes { readonly: true, noexec: false } }), children: {} }, "lib64": FsTreeNode { data: Some(ManagedMountPoint { host_path: "/lib64", attrs: MountAttributes { readonly: true, noexec: false } }), children: {} }, "proc": FsTreeNode { data: Some(ManagedMountPoint { host_path: "/proc", attrs: MountAttributes { readonly: true, noexec: true } }), children: {} }, "usr": FsTreeNode { data: Some(ManagedMountPoint { host_path: "/usr", attrs: MountAttributes { readonly: true, noexec: false } }), children: {} }} }, nb_entries: 6 }
[2026-06-14T22:33:31Z DEBUG libturnstile::sandbox::namespace] Joined namespace ns_fds[0] = 5
[2026-06-14T22:33:31Z DEBUG libturnstile::sandbox::namespace] Joined namespace ns_fds[1] = 6
[2026-06-14T22:33:31Z DEBUG libturnstile::sandbox::namespace] Joined namespace ns_fds[2] = 8
[2026-06-14T22:33:31Z DEBUG libturnstile::utils] Forked child exited with code 0
[2026-06-14T22:33:31Z INFO  libturnstile::sandbox] Unmounted "/proc"
[2026-06-14T22:33:31Z DEBUG libturnstile::sandbox::namespace] Joined namespace ns_fds[0] = 5
[2026-06-14T22:33:31Z DEBUG libturnstile::sandbox::namespace] Joined namespace ns_fds[1] = 6
[2026-06-14T22:33:31Z DEBUG libturnstile::sandbox::namespace] Joined namespace ns_fds[0] = 8
[2026-06-14T22:33:31Z DEBUG libturnstile::utils] Forked child exited with code 0
[2026-06-14T22:33:31Z INFO  libturnstile::sandbox] Mount bind "/proc" "/proc" ro,noexec
[2026-06-14T22:33:31Z DEBUG libturnstile::sandbox::namespace] Joined namespace ns_fds[0] = 5
[2026-06-14T22:33:31Z DEBUG libturnstile::sandbox::namespace] Joined namespace ns_fds[1] = 8
[2026-06-14T22:33:31Z DEBUG libturnstile::sandbox::namespace] Joined namespace ns_fds[2] = 7
[2026-06-14T22:33:31Z DEBUG libturnstile::utils] Forked child exited with code 0
[2026-06-14T22:33:31Z DEBUG turnstile_sandbox] added resolve placeholder for "/usr/lib/locale/C.utf8/LC_TIME"
[2026-06-14T22:33:31Z DEBUG turnstile_sandbox] got request: AccessRequest { operation: FsOperation(FsOpen(OpenOperation { target: FsTarget { dfd: ForeignFd { local_fd: 4 }, path: "usr/lib/locale/C.UTF-8/LC_NUMERIC", no_follow: false }, need_read: true, need_write: false, create_mode: None })) }
[2026-06-14T22:33:31Z DEBUG libturnstile::access::fs] open_target_dfd_in_root: attempt 0 for "/" got different inode (expected id InodeId { dev_major: 0, dev_minor: 58, ino: 1 }, got id InodeId { dev_major: 0, dev_minor: 29, ino: 256 })
[2026-06-14T22:33:31Z DEBUG libturnstile::access::fs] open_target_dfd_in_root: attempt 1 for "/" got different inode (expected id InodeId { dev_major: 0, dev_minor: 58, ino: 1 }, got id InodeId { dev_major: 0, dev_minor: 29, ino: 256 })
[2026-06-14T22:33:31Z ERROR libturnstile::access::fs] open_target_dfd_in_root: too many attempts to open "/" before getting correct inode
[2026-06-14T22:33:31Z DEBUG libturnstile::access::fs] realpath() on FsTarget failed: No such file or directory (os error 2)
[2026-06-14T22:33:31Z ERROR turnstile_sandbox] error reopening target dfd in real root for r "/usr/lib/locale/C.UTF-8/LC_NUMERIC" (invalid): No such file or directory (os error 2)
[2026-06-14T22:33:31Z DEBUG libturnstile::access::fs] realpath() on FsTarget failed: No such file or directory (os error 2)
[2026-06-14T22:33:31Z WARN  libturnstile::sandbox::upgrade] openat upgrade: cannot resolve abspath for "/usr/lib/locale/C.UTF-8/LC_NUMERIC" (invalid): No such file or directory (os error 2) — continuing natively
[2026-06-14T22:33:31Z DEBUG turnstile_sandbox] got request: AccessRequest { operation: FsOperation(FsOpen(OpenOperation { target: FsTarget { dfd: ForeignFd { local_fd: 4 }, path: "usr/lib/locale/C.utf8/LC_NUMERIC", no_follow: false }, need_read: true, need_write: false, create_mode: None })) }
[2026-06-14T22:33:31Z DEBUG libturnstile::access::fs] open_target_dfd_in_root: attempt 0 for "/" got different inode (expected id InodeId { dev_major: 0, dev_minor: 58, ino: 1 }, got id InodeId { dev_major: 0, dev_minor: 29, ino: 256 })
[2026-06-14T22:33:31Z DEBUG libturnstile::access::fs] open_target_dfd_in_root: attempt 1 for "/" got different inode (expected id InodeId { dev_major: 0, dev_minor: 58, ino: 1 }, got id InodeId { dev_major: 0, dev_minor: 29, ino: 256 })
[2026-06-14T22:33:31Z ERROR libturnstile::access::fs] open_target_dfd_in_root: too many attempts to open "/" before getting correct inode
[2026-06-14T22:33:31Z ERROR turnstile_sandbox] error reopening target dfd in real root for r "/usr/lib/locale/C.utf8/LC_NUMERIC": No such file or directory (os error 2)
[2026-06-14T22:33:31Z DEBUG libturnstile::sandbox::namespace] Joined namespace ns_fds[0] = 5
[2026-06-14T22:33:31Z DEBUG libturnstile::sandbox::namespace] Joined namespace ns_fds[1] = 8
[2026-06-14T22:33:31Z DEBUG libturnstile::sandbox::namespace] Joined namespace ns_fds[2] = 7
[2026-06-14T22:33:31Z DEBUG libturnstile::utils] Forked child exited with code 0
[2026-06-14T22:33:31Z DEBUG libturnstile::sandbox::upgrade] openat upgrade: installed fresh fd 3 for "/usr/lib/locale/C.utf8/LC_NUMERIC"
[2026-06-14T22:33:31Z DEBUG turnstile_sandbox] got request: AccessRequest { operation: FsOperation(FsStat(StatOperation { target: FsTarget { dfd: ForeignFd { local_fd: 4 }, path: "", no_follow: false }, lstat: false })) }
[2026-06-14T22:33:31Z DEBUG libturnstile::sandbox::namespace] Joined namespace ns_fds[0] = 5
[2026-06-14T22:33:31Z DEBUG libturnstile::sandbox::namespace] Joined namespace ns_fds[1] = 8
[2026-06-14T22:33:31Z DEBUG libturnstile::utils] Forked child exited with code 0
[2026-06-14T22:33:31Z DEBUG libturnstile::sandbox] Current placeholder tree: FsTree { root: FsTreeNode { data: Some(PlaceholderDir(PlaceholderDirData { common: CommonPlaceholderData { atime: timespec { tv_sec: 0, tv_nsec: 1073741822 }, mtime: timespec { tv_sec: 0, tv_nsec: 1073741822 } }, mode: 493 })), children: {"bin": FsTreeNode { data: Some(PlaceholderFile(PlaceholderFileData { common: CommonPlaceholderData { atime: timespec { tv_sec: 0, tv_nsec: 1073741822 }, mtime: timespec { tv_sec: 0, tv_nsec: 1073741822 } }, mode: 420, len: 0 })), children: {} }, "lib64": FsTreeNode { data: Some(PlaceholderFile(PlaceholderFileData { common: CommonPlaceholderData { atime: timespec { tv_sec: 0, tv_nsec: 1073741822 }, mtime: timespec { tv_sec: 0, tv_nsec: 1073741822 } }, mode: 420, len: 0 })), children: {} }, "home": FsTreeNode { data: Some(PlaceholderDir(PlaceholderDirData { common: CommonPlaceholderData { atime: timespec { tv_sec: 0, tv_nsec: 1073741822 }, mtime: timespec { tv_sec: 0, tv_nsec: 1073741822 } }, mode: 493 })), children: {"mao": FsTreeNode { data: Some(PlaceholderDir(PlaceholderDirData { common: CommonPlaceholderData { atime: timespec { tv_sec: 0, tv_nsec: 1073741822 }, mtime: timespec { tv_sec: 0, tv_nsec: 1073741822 } }, mode: 493 })), children: {"turnstile": FsTreeNode { data: Some(PlaceholderDir(PlaceholderDirData { common: CommonPlaceholderData { atime: timespec { tv_sec: 0, tv_nsec: 1073741822 }, mtime: timespec { tv_sec: 0, tv_nsec: 1073741822 } }, mode: 493 })), children: {} }} }} }, "lib": FsTreeNode { data: Some(PlaceholderFile(PlaceholderFileData { common: CommonPlaceholderData { atime: timespec { tv_sec: 0, tv_nsec: 1073741822 }, mtime: timespec { tv_sec: 0, tv_nsec: 1073741822 } }, mode: 420, len: 0 })), children: {} }, "usr": FsTreeNode { data: Some(PlaceholderDir(PlaceholderDirData { common: CommonPlaceholderData { atime: timespec { tv_sec: 0, tv_nsec: 1073741822 }, mtime: timespec { tv_sec: 0, tv_nsec: 1073741822 } }, mode: 493 })), children: {"share": FsTreeNode { data: Some(PlaceholderDir(PlaceholderDirData { common: CommonPlaceholderData { atime: timespec { tv_sec: 0, tv_nsec: 1073741822 }, mtime: timespec { tv_sec: 0, tv_nsec: 1073741822 } }, mode: 493 })), children: {"locale": FsTreeNode { data: Some(PlaceholderDir(PlaceholderDirData { common: CommonPlaceholderData { atime: timespec { tv_sec: 0, tv_nsec: 1073741822 }, mtime: timespec { tv_sec: 0, tv_nsec: 1073741822 } }, mode: 493 })), children: {"locale.alias": FsTreeNode { data: Some(PlaceholderFile(PlaceholderFileData { common: CommonPlaceholderData { atime: timespec { tv_sec: 1781470290, tv_nsec: 4819058 }, mtime: timespec { tv_sec: 1777624420, tv_nsec: 0 } }, mode: 33188, len: 2998 })), children: {} }} }} }, "lib": FsTreeNode { data: Some(PlaceholderDir(PlaceholderDirData { common: CommonPlaceholderData { atime: timespec { tv_sec: 0, tv_nsec: 1073741822 }, mtime: timespec { tv_sec: 0, tv_nsec: 1073741822 } }, mode: 493 })), children: {"libcap.so.2.78": FsTreeNode { data: Some(PlaceholderFile(PlaceholderFileData { common: CommonPlaceholderData { atime: timespec { tv_sec: 1781470290, tv_nsec: 304819506 }, mtime: timespec { tv_sec: 1775495227, tv_nsec: 0 } }, mode: 33261, len: 43064 })), children: {} }, "locale": FsTreeNode { data: Some(PlaceholderDir(PlaceholderDirData { common: CommonPlaceholderData { atime: timespec { tv_sec: 0, tv_nsec: 1073741822 }, mtime: timespec { tv_sec: 0, tv_nsec: 1073741822 } }, mode: 493 })), children: {"C.utf8": FsTreeNode { data: Some(PlaceholderDir(PlaceholderDirData { common: CommonPlaceholderData { atime: timespec { tv_sec: 0, tv_nsec: 1073741822 }, mtime: timespec { tv_sec: 0, tv_nsec: 1073741822 } }, mode: 493 })), children: {"LC_ADDRESS": FsTreeNode { data: Some(PlaceholderFile(PlaceholderFileData { common: CommonPlaceholderData { atime: timespec { tv_sec: 1781470342, tv_nsec: 4897206 }, mtime: timespec { tv_sec: 1777624420, tv_nsec: 0 } }, mode: 33188, len: 127 })), children: {} }, "LC_MESSAGES": FsTreeNode { data: Some(PlaceholderDir(PlaceholderDirData { common: CommonPlaceholderData { atime: timespec { tv_sec: 1779234626, tv_nsec: 893611770 }, mtime: timespec { tv_sec: 1779234626, tv_nsec: 926645019 } }, mode: 16877 })), children: {"SYS_LC_MESSAGES": FsTreeNode { data: Some(PlaceholderFile(PlaceholderFileData { common: CommonPlaceholderData { atime: timespec { tv_sec: 1781470339, tv_nsec: 8892705 }, mtime: timespec { tv_sec: 1777624420, tv_nsec: 0 } }, mode: 33188, len: 48 })), children: {} }} }, "LC_MONETARY": FsTreeNode { data: Some(PlaceholderFile(PlaceholderFileData { common: CommonPlaceholderData { atime: timespec { tv_sec: 1781470342, tv_nsec: 4897206 }, mtime: timespec { tv_sec: 1777624420, tv_nsec: 0 } }, mode: 33188, len: 270 })), children: {} }, "LC_COLLATE": FsTreeNode { data: Some(PlaceholderFile(PlaceholderFileData { common: CommonPlaceholderData { atime: timespec { tv_sec: 1781470342, tv_nsec: 4897206 }, mtime: timespec { tv_sec: 1777624420, tv_nsec: 0 } }, mode: 33188, len: 1406 })), children: {} }, "LC_MEASUREMENT": FsTreeNode { data: Some(PlaceholderFile(PlaceholderFileData { common: CommonPlaceholderData { atime: timespec { tv_sec: 1781470342, tv_nsec: 4897206 }, mtime: timespec { tv_sec: 1777624420, tv_nsec: 0 } }, mode: 33188, len: 23 })), children: {} }, "LC_NAME": FsTreeNode { data: Some(PlaceholderFile(PlaceholderFileData { common: CommonPlaceholderData { atime: timespec { tv_sec: 1781470342, tv_nsec: 4897206 }, mtime: timespec { tv_sec: 1777624420, tv_nsec: 0 } }, mode: 33188, len: 62 })), children: {} }, "LC_PAPER": FsTreeNode { data: Some(PlaceholderFile(PlaceholderFileData { common: CommonPlaceholderData { atime: timespec { tv_sec: 1781470342, tv_nsec: 4897206 }, mtime: timespec { tv_sec: 1777624420, tv_nsec: 0 } }, mode: 33188, len: 34 })), children: {} }, "LC_IDENTIFICATION": FsTreeNode { data: Some(PlaceholderFile(PlaceholderFileData { common: CommonPlaceholderData { atime: timespec { tv_sec: 1781470342, tv_nsec: 4897206 }, mtime: timespec { tv_sec: 1777624420, tv_nsec: 0 } }, mode: 33188, len: 258 })), children: {} }, "LC_TELEPHONE": FsTreeNode { data: Some(PlaceholderFile(PlaceholderFileData { common: CommonPlaceholderData { atime: timespec { tv_sec: 1781470342, tv_nsec: 4897206 }, mtime: timespec { tv_sec: 1777624420, tv_nsec: 0 } }, mode: 33188, len: 47 })), children: {} }, "LC_TIME": FsTreeNode { data: Some(PlaceholderFile(PlaceholderFileData { common: CommonPlaceholderData { atime: timespec { tv_sec: 1781470342, tv_nsec: 4897206 }, mtime: timespec { tv_sec: 1777624420, tv_nsec: 0 } }, mode: 33188, len: 3360 })), children: {} }} }, "locale-archive": FsTreeNode { data: Some(PlaceholderFile(PlaceholderFileData { common: CommonPlaceholderData { atime: timespec { tv_sec: 1781470339, tv_nsec: 8892705 }, mtime: timespec { tv_sec: 1779234627, tv_nsec: 401287252 } }, mode: 33188, len: 3064432 })), children: {} }} }, "gconv": FsTreeNode { data: Some(PlaceholderDir(PlaceholderDirData { common: CommonPlaceholderData { atime: timespec { tv_sec: 0, tv_nsec: 1073741822 }, mtime: timespec { tv_sec: 0, tv_nsec: 1073741822 } }, mode: 493 })), children: {"gconv-modules.cache": FsTreeNode { data: Some(PlaceholderFile(PlaceholderFileData { common: CommonPlaceholderData { atime: timespec { tv_sec: 1781392908, tv_nsec: 92401431 }, mtime: timespec { tv_sec: 1779234627, tv_nsec: 475287252 } }, mode: 33188, len: 27010 })), children: {} }} }, "libc.so.6": FsTreeNode { data: Some(PlaceholderFile(PlaceholderFileData { common: CommonPlaceholderData { atime: timespec { tv_sec: 1781398022, tv_nsec: 480120641 }, mtime: timespec { tv_sec: 1777624420, tv_nsec: 0 } }, mode: 33261, len: 2190624 })), children: {} }} }} }, "proc": FsTreeNode { data: Some(PlaceholderDir(PlaceholderDirData { common: CommonPlaceholderData { atime: timespec { tv_sec: 0, tv_nsec: 1073741822 }, mtime: timespec { tv_sec: 0, tv_nsec: 1073741822 } }, mode: 493 })), children: {} }} }, nb_entries: 31 }
[2026-06-14T22:33:31Z DEBUG libturnstile::sandbox] Desired placeholder tree: FsTree { root: FsTreeNode { data: Some(PlaceholderDir(PlaceholderDirData { common: CommonPlaceholderData { atime: timespec { tv_sec: 0, tv_nsec: 1073741822 }, mtime: timespec { tv_sec: 0, tv_nsec: 1073741822 } }, mode: 493 })), children: {"lib64": FsTreeNode { data: Some(PlaceholderFile(PlaceholderFileData { common: CommonPlaceholderData { atime: timespec { tv_sec: 0, tv_nsec: 1073741822 }, mtime: timespec { tv_sec: 0, tv_nsec: 1073741822 } }, mode: 420, len: 0 })), children: {} }, "bin": FsTreeNode { data: Some(PlaceholderFile(PlaceholderFileData { common: CommonPlaceholderData { atime: timespec { tv_sec: 0, tv_nsec: 1073741822 }, mtime: timespec { tv_sec: 0, tv_nsec: 1073741822 } }, mode: 420, len: 0 })), children: {} }, "proc": FsTreeNode { data: Some(PlaceholderDir(PlaceholderDirData { common: CommonPlaceholderData { atime: timespec { tv_sec: 0, tv_nsec: 1073741822 }, mtime: timespec { tv_sec: 0, tv_nsec: 1073741822 } }, mode: 493 })), children: {} }, "lib": FsTreeNode { data: Some(PlaceholderFile(PlaceholderFileData { common: CommonPlaceholderData { atime: timespec { tv_sec: 0, tv_nsec: 1073741822 }, mtime: timespec { tv_sec: 0, tv_nsec: 1073741822 } }, mode: 420, len: 0 })), children: {} }, "usr": FsTreeNode { data: Some(PlaceholderDir(PlaceholderDirData { common: CommonPlaceholderData { atime: timespec { tv_sec: 0, tv_nsec: 1073741822 }, mtime: timespec { tv_sec: 0, tv_nsec: 1073741822 } }, mode: 493 })), children: {"share": FsTreeNode { data: Some(PlaceholderDir(PlaceholderDirData { common: CommonPlaceholderData { atime: timespec { tv_sec: 0, tv_nsec: 1073741822 }, mtime: timespec { tv_sec: 0, tv_nsec: 1073741822 } }, mode: 493 })), children: {"locale": FsTreeNode { data: Some(PlaceholderDir(PlaceholderDirData { common: CommonPlaceholderData { atime: timespec { tv_sec: 0, tv_nsec: 1073741822 }, mtime: timespec { tv_sec: 0, tv_nsec: 1073741822 } }, mode: 493 })), children: {"locale.alias": FsTreeNode { data: Some(PlaceholderFile(PlaceholderFileData { common: CommonPlaceholderData { atime: timespec { tv_sec: 1781470290, tv_nsec: 4819058 }, mtime: timespec { tv_sec: 1777624420, tv_nsec: 0 } }, mode: 33188, len: 2998 })), children: {} }} }} }, "lib": FsTreeNode { data: Some(PlaceholderDir(PlaceholderDirData { common: CommonPlaceholderData { atime: timespec { tv_sec: 0, tv_nsec: 1073741822 }, mtime: timespec { tv_sec: 0, tv_nsec: 1073741822 } }, mode: 493 })), children: {"locale": FsTreeNode { data: Some(PlaceholderDir(PlaceholderDirData { common: CommonPlaceholderData { atime: timespec { tv_sec: 0, tv_nsec: 1073741822 }, mtime: timespec { tv_sec: 0, tv_nsec: 1073741822 } }, mode: 493 })), children: {"locale-archive": FsTreeNode { data: Some(PlaceholderFile(PlaceholderFileData { common: CommonPlaceholderData { atime: timespec { tv_sec: 1781470339, tv_nsec: 8892705 }, mtime: timespec { tv_sec: 1779234627, tv_nsec: 401287252 } }, mode: 33188, len: 3064432 })), children: {} }, "C.utf8": FsTreeNode { data: Some(PlaceholderDir(PlaceholderDirData { common: CommonPlaceholderData { atime: timespec { tv_sec: 0, tv_nsec: 1073741822 }, mtime: timespec { tv_sec: 0, tv_nsec: 1073741822 } }, mode: 493 })), children: {"LC_MESSAGES": FsTreeNode { data: Some(PlaceholderDir(PlaceholderDirData { common: CommonPlaceholderData { atime: timespec { tv_sec: 1779234626, tv_nsec: 893611770 }, mtime: timespec { tv_sec: 1779234626, tv_nsec: 926645019 } }, mode: 16877 })), children: {"SYS_LC_MESSAGES": FsTreeNode { data: Some(PlaceholderFile(PlaceholderFileData { common: CommonPlaceholderData { atime: timespec { tv_sec: 1781470339, tv_nsec: 8892705 }, mtime: timespec { tv_sec: 1777624420, tv_nsec: 0 } }, mode: 33188, len: 48 })), children: {} }} }, "LC_MEASUREMENT": FsTreeNode { data: Some(PlaceholderFile(PlaceholderFileData { common: CommonPlaceholderData { atime: timespec { tv_sec: 1781470342, tv_nsec: 4897206 }, mtime: timespec { tv_sec: 1777624420, tv_nsec: 0 } }, mode: 33188, len: 23 })), children: {} }, "LC_TIME": FsTreeNode { data: Some(PlaceholderFile(PlaceholderFileData { common: CommonPlaceholderData { atime: timespec { tv_sec: 1781470342, tv_nsec: 4897206 }, mtime: timespec { tv_sec: 1777624420, tv_nsec: 0 } }, mode: 33188, len: 3360 })), children: {} }, "LC_NAME": FsTreeNode { data: Some(PlaceholderFile(PlaceholderFileData { common: CommonPlaceholderData { atime: timespec { tv_sec: 1781470342, tv_nsec: 4897206 }, mtime: timespec { tv_sec: 1777624420, tv_nsec: 0 } }, mode: 33188, len: 62 })), children: {} }, "LC_MONETARY": FsTreeNode { data: Some(PlaceholderFile(PlaceholderFileData { common: CommonPlaceholderData { atime: timespec { tv_sec: 1781470342, tv_nsec: 4897206 }, mtime: timespec { tv_sec: 1777624420, tv_nsec: 0 } }, mode: 33188, len: 270 })), children: {} }, "LC_PAPER": FsTreeNode { data: Some(PlaceholderFile(PlaceholderFileData { common: CommonPlaceholderData { atime: timespec { tv_sec: 1781470342, tv_nsec: 4897206 }, mtime: timespec { tv_sec: 1777624420, tv_nsec: 0 } }, mode: 33188, len: 34 })), children: {} }, "LC_COLLATE": FsTreeNode { data: Some(PlaceholderFile(PlaceholderFileData { common: CommonPlaceholderData { atime: timespec { tv_sec: 1781470342, tv_nsec: 4897206 }, mtime: timespec { tv_sec: 1777624420, tv_nsec: 0 } }, mode: 33188, len: 1406 })), children: {} }, "LC_NUMERIC": FsTreeNode { data: Some(PlaceholderFile(PlaceholderFileData { common: CommonPlaceholderData { atime: timespec { tv_sec: 1781470342, tv_nsec: 4897206 }, mtime: timespec { tv_sec: 1777624420, tv_nsec: 0 } }, mode: 33188, len: 50 })), children: {} }, "LC_TELEPHONE": FsTreeNode { data: Some(PlaceholderFile(PlaceholderFileData { common: CommonPlaceholderData { atime: timespec { tv_sec: 1781470342, tv_nsec: 4897206 }, mtime: timespec { tv_sec: 1777624420, tv_nsec: 0 } }, mode: 33188, len: 47 })), children: {} }, "LC_ADDRESS": FsTreeNode { data: Some(PlaceholderFile(PlaceholderFileData { common: CommonPlaceholderData { atime: timespec { tv_sec: 1781470342, tv_nsec: 4897206 }, mtime: timespec { tv_sec: 1777624420, tv_nsec: 0 } }, mode: 33188, len: 127 })), children: {} }, "LC_IDENTIFICATION": FsTreeNode { data: Some(PlaceholderFile(PlaceholderFileData { common: CommonPlaceholderData { atime: timespec { tv_sec: 1781470342, tv_nsec: 4897206 }, mtime: timespec { tv_sec: 1777624420, tv_nsec: 0 } }, mode: 33188, len: 258 })), children: {} }} }} }, "gconv": FsTreeNode { data: Some(PlaceholderDir(PlaceholderDirData { common: CommonPlaceholderData { atime: timespec { tv_sec: 0, tv_nsec: 1073741822 }, mtime: timespec { tv_sec: 0, tv_nsec: 1073741822 } }, mode: 493 })), children: {"gconv-modules.cache": FsTreeNode { data: Some(PlaceholderFile(PlaceholderFileData { common: CommonPlaceholderData { atime: timespec { tv_sec: 1781392908, tv_nsec: 92401431 }, mtime: timespec { tv_sec: 1779234627, tv_nsec: 475287252 } }, mode: 33188, len: 27010 })), children: {} }} }, "libc.so.6": FsTreeNode { data: Some(PlaceholderFile(PlaceholderFileData { common: CommonPlaceholderData { atime: timespec { tv_sec: 1781398022, tv_nsec: 480120641 }, mtime: timespec { tv_sec: 1777624420, tv_nsec: 0 } }, mode: 33261, len: 2190624 })), children: {} }, "libcap.so.2.78": FsTreeNode { data: Some(PlaceholderFile(PlaceholderFileData { common: CommonPlaceholderData { atime: timespec { tv_sec: 1781470290, tv_nsec: 304819506 }, mtime: timespec { tv_sec: 1775495227, tv_nsec: 0 } }, mode: 33261, len: 43064 })), children: {} }} }} }, "home": FsTreeNode { data: Some(PlaceholderDir(PlaceholderDirData { common: CommonPlaceholderData { atime: timespec { tv_sec: 0, tv_nsec: 1073741822 }, mtime: timespec { tv_sec: 0, tv_nsec: 1073741822 } }, mode: 493 })), children: {"mao": FsTreeNode { data: Some(PlaceholderDir(PlaceholderDirData { common: CommonPlaceholderData { atime: timespec { tv_sec: 0, tv_nsec: 1073741822 }, mtime: timespec { tv_sec: 0, tv_nsec: 1073741822 } }, mode: 493 })), children: {"turnstile": FsTreeNode { data: Some(PlaceholderDir(PlaceholderDirData { common: CommonPlaceholderData { atime: timespec { tv_sec: 0, tv_nsec: 1073741822 }, mtime: timespec { tv_sec: 0, tv_nsec: 1073741822 } }, mode: 493 })), children: {} }} }} }} }, nb_entries: 32 }
[2026-06-14T22:33:31Z DEBUG libturnstile::sandbox] Current mount tree: FsTree { root: FsTreeNode { data: None, children: {"proc": FsTreeNode { data: Some(MountInternal { user: ManagedMountPoint { host_path: "/", attrs: MountAttributes { readonly: true, noexec: true } }, mnt_id: 611, expired: false }), children: {} }, "home": FsTreeNode { data: None, children: {"mao": FsTreeNode { data: None, children: {"turnstile": FsTreeNode { data: Some(MountInternal { user: ManagedMountPoint { host_path: "/home/mao/turnstile", attrs: MountAttributes { readonly: true, noexec: true } }, mnt_id: 648, expired: false }), children: {} }} }} }, "lib64": FsTreeNode { data: Some(MountInternal { user: ManagedMountPoint { host_path: "/lib64", attrs: MountAttributes { readonly: true, noexec: false } }, mnt_id: 615, expired: false }), children: {} }, "lib": FsTreeNode { data: Some(MountInternal { user: ManagedMountPoint { host_path: "/lib", attrs: MountAttributes { readonly: true, noexec: false } }, mnt_id: 610, expired: false }), children: {} }, "bin": FsTreeNode { data: Some(MountInternal { user: ManagedMountPoint { host_path: "/bin", attrs: MountAttributes { readonly: true, noexec: false } }, mnt_id: 616, expired: false }), children: {} }, "usr": FsTreeNode { data: Some(MountInternal { user: ManagedMountPoint { host_path: "/usr", attrs: MountAttributes { readonly: true, noexec: false } }, mnt_id: 614, expired: false }), children: {} }} }, nb_entries: 6 }
[2026-06-14T22:33:31Z DEBUG libturnstile::sandbox] Desired mount tree: FsTree { root: FsTreeNode { data: None, children: {"lib": FsTreeNode { data: Some(ManagedMountPoint { host_path: "/lib", attrs: MountAttributes { readonly: true, noexec: false } }), children: {} }, "home": FsTreeNode { data: None, children: {"mao": FsTreeNode { data: None, children: {"turnstile": FsTreeNode { data: Some(ManagedMountPoint { host_path: "/home/mao/turnstile", attrs: MountAttributes { readonly: true, noexec: true } }), children: {} }} }} }, "lib64": FsTreeNode { data: Some(ManagedMountPoint { host_path: "/lib64", attrs: MountAttributes { readonly: true, noexec: false } }), children: {} }, "usr": FsTreeNode { data: Some(ManagedMountPoint { host_path: "/usr", attrs: MountAttributes { readonly: true, noexec: false } }), children: {} }, "bin": FsTreeNode { data: Some(ManagedMountPoint { host_path: "/bin", attrs: MountAttributes { readonly: true, noexec: false } }), children: {} }, "proc": FsTreeNode { data: Some(ManagedMountPoint { host_path: "/proc", attrs: MountAttributes { readonly: true, noexec: true } }), children: {} }} }, nb_entries: 6 }
[2026-06-14T22:33:31Z DEBUG libturnstile::sandbox::namespace] Joined namespace ns_fds[0] = 5
[2026-06-14T22:33:31Z DEBUG libturnstile::sandbox::namespace] Joined namespace ns_fds[1] = 6
[2026-06-14T22:33:31Z DEBUG libturnstile::sandbox::namespace] Joined namespace ns_fds[2] = 8
[2026-06-14T22:33:31Z DEBUG libturnstile::utils] Forked child exited with code 0
[2026-06-14T22:33:31Z INFO  libturnstile::sandbox] Unmounted "/proc"
[2026-06-14T22:33:31Z DEBUG libturnstile::sandbox::namespace] Joined namespace ns_fds[0] = 5
[2026-06-14T22:33:31Z DEBUG libturnstile::sandbox::namespace] Joined namespace ns_fds[1] = 6
[2026-06-14T22:33:31Z DEBUG libturnstile::sandbox::namespace] Joined namespace ns_fds[0] = 8
[2026-06-14T22:33:31Z DEBUG libturnstile::utils] Forked child exited with code 0
[2026-06-14T22:33:31Z INFO  libturnstile::sandbox] Mount bind "/proc" "/proc" ro,noexec
[2026-06-14T22:33:31Z DEBUG libturnstile::sandbox::namespace] Joined namespace ns_fds[0] = 5
[2026-06-14T22:33:31Z DEBUG libturnstile::sandbox::namespace] Joined namespace ns_fds[1] = 8
[2026-06-14T22:33:31Z DEBUG libturnstile::sandbox::namespace] Joined namespace ns_fds[2] = 7
[2026-06-14T22:33:31Z DEBUG libturnstile::utils] Forked child exited with code 0
[2026-06-14T22:33:31Z DEBUG turnstile_sandbox] added resolve placeholder for "/usr/lib/locale/C.utf8/LC_NUMERIC"
[2026-06-14T22:33:31Z DEBUG turnstile_sandbox] got request: AccessRequest { operation: FsOperation(FsOpen(OpenOperation { target: FsTarget { dfd: ForeignFd { local_fd: 4 }, path: "usr/lib/locale/C.UTF-8/LC_CTYPE", no_follow: false }, need_read: true, need_write: false, create_mode: None })) }
[2026-06-14T22:33:31Z DEBUG libturnstile::access::fs] open_target_dfd_in_root: attempt 0 for "/" got different inode (expected id InodeId { dev_major: 0, dev_minor: 58, ino: 1 }, got id InodeId { dev_major: 0, dev_minor: 29, ino: 256 })
[2026-06-14T22:33:31Z DEBUG libturnstile::access::fs] open_target_dfd_in_root: attempt 1 for "/" got different inode (expected id InodeId { dev_major: 0, dev_minor: 58, ino: 1 }, got id InodeId { dev_major: 0, dev_minor: 29, ino: 256 })
[2026-06-14T22:33:31Z ERROR libturnstile::access::fs] open_target_dfd_in_root: too many attempts to open "/" before getting correct inode
[2026-06-14T22:33:31Z DEBUG libturnstile::access::fs] realpath() on FsTarget failed: No such file or directory (os error 2)
[2026-06-14T22:33:31Z ERROR turnstile_sandbox] error reopening target dfd in real root for r "/usr/lib/locale/C.UTF-8/LC_CTYPE" (invalid): No such file or directory (os error 2)
[2026-06-14T22:33:31Z DEBUG libturnstile::access::fs] realpath() on FsTarget failed: No such file or directory (os error 2)
[2026-06-14T22:33:31Z WARN  libturnstile::sandbox::upgrade] openat upgrade: cannot resolve abspath for "/usr/lib/locale/C.UTF-8/LC_CTYPE" (invalid): No such file or directory (os error 2) — continuing natively
[2026-06-14T22:33:31Z DEBUG turnstile_sandbox] got request: AccessRequest { operation: FsOperation(FsOpen(OpenOperation { target: FsTarget { dfd: ForeignFd { local_fd: 4 }, path: "usr/lib/locale/C.utf8/LC_CTYPE", no_follow: false }, need_read: true, need_write: false, create_mode: None })) }
[2026-06-14T22:33:31Z DEBUG libturnstile::access::fs] open_target_dfd_in_root: attempt 0 for "/" got different inode (expected id InodeId { dev_major: 0, dev_minor: 58, ino: 1 }, got id InodeId { dev_major: 0, dev_minor: 29, ino: 256 })
[2026-06-14T22:33:31Z DEBUG libturnstile::access::fs] open_target_dfd_in_root: attempt 1 for "/" got different inode (expected id InodeId { dev_major: 0, dev_minor: 58, ino: 1 }, got id InodeId { dev_major: 0, dev_minor: 29, ino: 256 })
[2026-06-14T22:33:31Z ERROR libturnstile::access::fs] open_target_dfd_in_root: too many attempts to open "/" before getting correct inode
[2026-06-14T22:33:31Z ERROR turnstile_sandbox] error reopening target dfd in real root for r "/usr/lib/locale/C.utf8/LC_CTYPE": No such file or directory (os error 2)
[2026-06-14T22:33:31Z DEBUG libturnstile::sandbox::namespace] Joined namespace ns_fds[0] = 5
[2026-06-14T22:33:31Z DEBUG libturnstile::sandbox::namespace] Joined namespace ns_fds[1] = 8
[2026-06-14T22:33:31Z DEBUG libturnstile::sandbox::namespace] Joined namespace ns_fds[2] = 7
[2026-06-14T22:33:31Z DEBUG libturnstile::utils] Forked child exited with code 0
[2026-06-14T22:33:31Z DEBUG libturnstile::sandbox::upgrade] openat upgrade: installed fresh fd 3 for "/usr/lib/locale/C.utf8/LC_CTYPE"
[2026-06-14T22:33:31Z DEBUG turnstile_sandbox] got request: AccessRequest { operation: FsOperation(FsStat(StatOperation { target: FsTarget { dfd: ForeignFd { local_fd: 4 }, path: "", no_follow: false }, lstat: false })) }
[2026-06-14T22:33:31Z DEBUG libturnstile::sandbox::namespace] Joined namespace ns_fds[0] = 5
[2026-06-14T22:33:31Z DEBUG libturnstile::sandbox::namespace] Joined namespace ns_fds[1] = 8
[2026-06-14T22:33:31Z DEBUG libturnstile::utils] Forked child exited with code 0
[2026-06-14T22:33:31Z DEBUG libturnstile::sandbox] Current placeholder tree: FsTree { root: FsTreeNode { data: Some(PlaceholderDir(PlaceholderDirData { common: CommonPlaceholderData { atime: timespec { tv_sec: 0, tv_nsec: 1073741822 }, mtime: timespec { tv_sec: 0, tv_nsec: 1073741822 } }, mode: 493 })), children: {"bin": FsTreeNode { data: Some(PlaceholderFile(PlaceholderFileData { common: CommonPlaceholderData { atime: timespec { tv_sec: 0, tv_nsec: 1073741822 }, mtime: timespec { tv_sec: 0, tv_nsec: 1073741822 } }, mode: 420, len: 0 })), children: {} }, "lib64": FsTreeNode { data: Some(PlaceholderFile(PlaceholderFileData { common: CommonPlaceholderData { atime: timespec { tv_sec: 0, tv_nsec: 1073741822 }, mtime: timespec { tv_sec: 0, tv_nsec: 1073741822 } }, mode: 420, len: 0 })), children: {} }, "home": FsTreeNode { data: Some(PlaceholderDir(PlaceholderDirData { common: CommonPlaceholderData { atime: timespec { tv_sec: 0, tv_nsec: 1073741822 }, mtime: timespec { tv_sec: 0, tv_nsec: 1073741822 } }, mode: 493 })), children: {"mao": FsTreeNode { data: Some(PlaceholderDir(PlaceholderDirData { common: CommonPlaceholderData { atime: timespec { tv_sec: 0, tv_nsec: 1073741822 }, mtime: timespec { tv_sec: 0, tv_nsec: 1073741822 } }, mode: 493 })), children: {"turnstile": FsTreeNode { data: Some(PlaceholderDir(PlaceholderDirData { common: CommonPlaceholderData { atime: timespec { tv_sec: 0, tv_nsec: 1073741822 }, mtime: timespec { tv_sec: 0, tv_nsec: 1073741822 } }, mode: 493 })), children: {} }} }} }, "lib": FsTreeNode { data: Some(PlaceholderFile(PlaceholderFileData { common: CommonPlaceholderData { atime: timespec { tv_sec: 0, tv_nsec: 1073741822 }, mtime: timespec { tv_sec: 0, tv_nsec: 1073741822 } }, mode: 420, len: 0 })), children: {} }, "usr": FsTreeNode { data: Some(PlaceholderDir(PlaceholderDirData { common: CommonPlaceholderData { atime: timespec { tv_sec: 0, tv_nsec: 1073741822 }, mtime: timespec { tv_sec: 0, tv_nsec: 1073741822 } }, mode: 493 })), children: {"share": FsTreeNode { data: Some(PlaceholderDir(PlaceholderDirData { common: CommonPlaceholderData { atime: timespec { tv_sec: 0, tv_nsec: 1073741822 }, mtime: timespec { tv_sec: 0, tv_nsec: 1073741822 } }, mode: 493 })), children: {"locale": FsTreeNode { data: Some(PlaceholderDir(PlaceholderDirData { common: CommonPlaceholderData { atime: timespec { tv_sec: 0, tv_nsec: 1073741822 }, mtime: timespec { tv_sec: 0, tv_nsec: 1073741822 } }, mode: 493 })), children: {"locale.alias": FsTreeNode { data: Some(PlaceholderFile(PlaceholderFileData { common: CommonPlaceholderData { atime: timespec { tv_sec: 1781470290, tv_nsec: 4819058 }, mtime: timespec { tv_sec: 1777624420, tv_nsec: 0 } }, mode: 33188, len: 2998 })), children: {} }} }} }, "lib": FsTreeNode { data: Some(PlaceholderDir(PlaceholderDirData { common: CommonPlaceholderData { atime: timespec { tv_sec: 0, tv_nsec: 1073741822 }, mtime: timespec { tv_sec: 0, tv_nsec: 1073741822 } }, mode: 493 })), children: {"libcap.so.2.78": FsTreeNode { data: Some(PlaceholderFile(PlaceholderFileData { common: CommonPlaceholderData { atime: timespec { tv_sec: 1781470290, tv_nsec: 304819506 }, mtime: timespec { tv_sec: 1775495227, tv_nsec: 0 } }, mode: 33261, len: 43064 })), children: {} }, "locale": FsTreeNode { data: Some(PlaceholderDir(PlaceholderDirData { common: CommonPlaceholderData { atime: timespec { tv_sec: 0, tv_nsec: 1073741822 }, mtime: timespec { tv_sec: 0, tv_nsec: 1073741822 } }, mode: 493 })), children: {"C.utf8": FsTreeNode { data: Some(PlaceholderDir(PlaceholderDirData { common: CommonPlaceholderData { atime: timespec { tv_sec: 0, tv_nsec: 1073741822 }, mtime: timespec { tv_sec: 0, tv_nsec: 1073741822 } }, mode: 493 })), children: {"LC_ADDRESS": FsTreeNode { data: Some(PlaceholderFile(PlaceholderFileData { common: CommonPlaceholderData { atime: timespec { tv_sec: 1781470342, tv_nsec: 4897206 }, mtime: timespec { tv_sec: 1777624420, tv_nsec: 0 } }, mode: 33188, len: 127 })), children: {} }, "LC_MESSAGES": FsTreeNode { data: Some(PlaceholderDir(PlaceholderDirData { common: CommonPlaceholderData { atime: timespec { tv_sec: 1779234626, tv_nsec: 893611770 }, mtime: timespec { tv_sec: 1779234626, tv_nsec: 926645019 } }, mode: 16877 })), children: {"SYS_LC_MESSAGES": FsTreeNode { data: Some(PlaceholderFile(PlaceholderFileData { common: CommonPlaceholderData { atime: timespec { tv_sec: 1781470339, tv_nsec: 8892705 }, mtime: timespec { tv_sec: 1777624420, tv_nsec: 0 } }, mode: 33188, len: 48 })), children: {} }} }, "LC_MONETARY": FsTreeNode { data: Some(PlaceholderFile(PlaceholderFileData { common: CommonPlaceholderData { atime: timespec { tv_sec: 1781470342, tv_nsec: 4897206 }, mtime: timespec { tv_sec: 1777624420, tv_nsec: 0 } }, mode: 33188, len: 270 })), children: {} }, "LC_COLLATE": FsTreeNode { data: Some(PlaceholderFile(PlaceholderFileData { common: CommonPlaceholderData { atime: timespec { tv_sec: 1781470342, tv_nsec: 4897206 }, mtime: timespec { tv_sec: 1777624420, tv_nsec: 0 } }, mode: 33188, len: 1406 })), children: {} }, "LC_MEASUREMENT": FsTreeNode { data: Some(PlaceholderFile(PlaceholderFileData { common: CommonPlaceholderData { atime: timespec { tv_sec: 1781470342, tv_nsec: 4897206 }, mtime: timespec { tv_sec: 1777624420, tv_nsec: 0 } }, mode: 33188, len: 23 })), children: {} }, "LC_NAME": FsTreeNode { data: Some(PlaceholderFile(PlaceholderFileData { common: CommonPlaceholderData { atime: timespec { tv_sec: 1781470342, tv_nsec: 4897206 }, mtime: timespec { tv_sec: 1777624420, tv_nsec: 0 } }, mode: 33188, len: 62 })), children: {} }, "LC_PAPER": FsTreeNode { data: Some(PlaceholderFile(PlaceholderFileData { common: CommonPlaceholderData { atime: timespec { tv_sec: 1781470342, tv_nsec: 4897206 }, mtime: timespec { tv_sec: 1777624420, tv_nsec: 0 } }, mode: 33188, len: 34 })), children: {} }, "LC_IDENTIFICATION": FsTreeNode { data: Some(PlaceholderFile(PlaceholderFileData { common: CommonPlaceholderData { atime: timespec { tv_sec: 1781470342, tv_nsec: 4897206 }, mtime: timespec { tv_sec: 1777624420, tv_nsec: 0 } }, mode: 33188, len: 258 })), children: {} }, "LC_NUMERIC": FsTreeNode { data: Some(PlaceholderFile(PlaceholderFileData { common: CommonPlaceholderData { atime: timespec { tv_sec: 1781470342, tv_nsec: 4897206 }, mtime: timespec { tv_sec: 1777624420, tv_nsec: 0 } }, mode: 33188, len: 50 })), children: {} }, "LC_TELEPHONE": FsTreeNode { data: Some(PlaceholderFile(PlaceholderFileData { common: CommonPlaceholderData { atime: timespec { tv_sec: 1781470342, tv_nsec: 4897206 }, mtime: timespec { tv_sec: 1777624420, tv_nsec: 0 } }, mode: 33188, len: 47 })), children: {} }, "LC_TIME": FsTreeNode { data: Some(PlaceholderFile(PlaceholderFileData { common: CommonPlaceholderData { atime: timespec { tv_sec: 1781470342, tv_nsec: 4897206 }, mtime: timespec { tv_sec: 1777624420, tv_nsec: 0 } }, mode: 33188, len: 3360 })), children: {} }} }, "locale-archive": FsTreeNode { data: Some(PlaceholderFile(PlaceholderFileData { common: CommonPlaceholderData { atime: timespec { tv_sec: 1781470339, tv_nsec: 8892705 }, mtime: timespec { tv_sec: 1779234627, tv_nsec: 401287252 } }, mode: 33188, len: 3064432 })), children: {} }} }, "gconv": FsTreeNode { data: Some(PlaceholderDir(PlaceholderDirData { common: CommonPlaceholderData { atime: timespec { tv_sec: 0, tv_nsec: 1073741822 }, mtime: timespec { tv_sec: 0, tv_nsec: 1073741822 } }, mode: 493 })), children: {"gconv-modules.cache": FsTreeNode { data: Some(PlaceholderFile(PlaceholderFileData { common: CommonPlaceholderData { atime: timespec { tv_sec: 1781392908, tv_nsec: 92401431 }, mtime: timespec { tv_sec: 1779234627, tv_nsec: 475287252 } }, mode: 33188, len: 27010 })), children: {} }} }, "libc.so.6": FsTreeNode { data: Some(PlaceholderFile(PlaceholderFileData { common: CommonPlaceholderData { atime: timespec { tv_sec: 1781398022, tv_nsec: 480120641 }, mtime: timespec { tv_sec: 1777624420, tv_nsec: 0 } }, mode: 33261, len: 2190624 })), children: {} }} }} }, "proc": FsTreeNode { data: Some(PlaceholderDir(PlaceholderDirData { common: CommonPlaceholderData { atime: timespec { tv_sec: 0, tv_nsec: 1073741822 }, mtime: timespec { tv_sec: 0, tv_nsec: 1073741822 } }, mode: 493 })), children: {} }} }, nb_entries: 32 }
[2026-06-14T22:33:31Z DEBUG libturnstile::sandbox] Desired placeholder tree: FsTree { root: FsTreeNode { data: Some(PlaceholderDir(PlaceholderDirData { common: CommonPlaceholderData { atime: timespec { tv_sec: 0, tv_nsec: 1073741822 }, mtime: timespec { tv_sec: 0, tv_nsec: 1073741822 } }, mode: 493 })), children: {"bin": FsTreeNode { data: Some(PlaceholderFile(PlaceholderFileData { common: CommonPlaceholderData { atime: timespec { tv_sec: 0, tv_nsec: 1073741822 }, mtime: timespec { tv_sec: 0, tv_nsec: 1073741822 } }, mode: 420, len: 0 })), children: {} }, "home": FsTreeNode { data: Some(PlaceholderDir(PlaceholderDirData { common: CommonPlaceholderData { atime: timespec { tv_sec: 0, tv_nsec: 1073741822 }, mtime: timespec { tv_sec: 0, tv_nsec: 1073741822 } }, mode: 493 })), children: {"mao": FsTreeNode { data: Some(PlaceholderDir(PlaceholderDirData { common: CommonPlaceholderData { atime: timespec { tv_sec: 0, tv_nsec: 1073741822 }, mtime: timespec { tv_sec: 0, tv_nsec: 1073741822 } }, mode: 493 })), children: {"turnstile": FsTreeNode { data: Some(PlaceholderDir(PlaceholderDirData { common: CommonPlaceholderData { atime: timespec { tv_sec: 0, tv_nsec: 1073741822 }, mtime: timespec { tv_sec: 0, tv_nsec: 1073741822 } }, mode: 493 })), children: {} }} }} }, "lib64": FsTreeNode { data: Some(PlaceholderFile(PlaceholderFileData { common: CommonPlaceholderData { atime: timespec { tv_sec: 0, tv_nsec: 1073741822 }, mtime: timespec { tv_sec: 0, tv_nsec: 1073741822 } }, mode: 420, len: 0 })), children: {} }, "lib": FsTreeNode { data: Some(PlaceholderFile(PlaceholderFileData { common: CommonPlaceholderData { atime: timespec { tv_sec: 0, tv_nsec: 1073741822 }, mtime: timespec { tv_sec: 0, tv_nsec: 1073741822 } }, mode: 420, len: 0 })), children: {} }, "proc": FsTreeNode { data: Some(PlaceholderDir(PlaceholderDirData { common: CommonPlaceholderData { atime: timespec { tv_sec: 0, tv_nsec: 1073741822 }, mtime: timespec { tv_sec: 0, tv_nsec: 1073741822 } }, mode: 493 })), children: {} }, "usr": FsTreeNode { data: Some(PlaceholderDir(PlaceholderDirData { common: CommonPlaceholderData { atime: timespec { tv_sec: 0, tv_nsec: 1073741822 }, mtime: timespec { tv_sec: 0, tv_nsec: 1073741822 } }, mode: 493 })), children: {"share": FsTreeNode { data: Some(PlaceholderDir(PlaceholderDirData { common: CommonPlaceholderData { atime: timespec { tv_sec: 0, tv_nsec: 1073741822 }, mtime: timespec { tv_sec: 0, tv_nsec: 1073741822 } }, mode: 493 })), children: {"locale": FsTreeNode { data: Some(PlaceholderDir(PlaceholderDirData { common: CommonPlaceholderData { atime: timespec { tv_sec: 0, tv_nsec: 1073741822 }, mtime: timespec { tv_sec: 0, tv_nsec: 1073741822 } }, mode: 493 })), children: {"locale.alias": FsTreeNode { data: Some(PlaceholderFile(PlaceholderFileData { common: CommonPlaceholderData { atime: timespec { tv_sec: 1781470290, tv_nsec: 4819058 }, mtime: timespec { tv_sec: 1777624420, tv_nsec: 0 } }, mode: 33188, len: 2998 })), children: {} }} }} }, "lib": FsTreeNode { data: Some(PlaceholderDir(PlaceholderDirData { common: CommonPlaceholderData { atime: timespec { tv_sec: 0, tv_nsec: 1073741822 }, mtime: timespec { tv_sec: 0, tv_nsec: 1073741822 } }, mode: 493 })), children: {"libc.so.6": FsTreeNode { data: Some(PlaceholderFile(PlaceholderFileData { common: CommonPlaceholderData { atime: timespec { tv_sec: 1781398022, tv_nsec: 480120641 }, mtime: timespec { tv_sec: 1777624420, tv_nsec: 0 } }, mode: 33261, len: 2190624 })), children: {} }, "gconv": FsTreeNode { data: Some(PlaceholderDir(PlaceholderDirData { common: CommonPlaceholderData { atime: timespec { tv_sec: 0, tv_nsec: 1073741822 }, mtime: timespec { tv_sec: 0, tv_nsec: 1073741822 } }, mode: 493 })), children: {"gconv-modules.cache": FsTreeNode { data: Some(PlaceholderFile(PlaceholderFileData { common: CommonPlaceholderData { atime: timespec { tv_sec: 1781392908, tv_nsec: 92401431 }, mtime: timespec { tv_sec: 1779234627, tv_nsec: 475287252 } }, mode: 33188, len: 27010 })), children: {} }} }, "libcap.so.2.78": FsTreeNode { data: Some(PlaceholderFile(PlaceholderFileData { common: CommonPlaceholderData { atime: timespec { tv_sec: 1781470290, tv_nsec: 304819506 }, mtime: timespec { tv_sec: 1775495227, tv_nsec: 0 } }, mode: 33261, len: 43064 })), children: {} }, "locale": FsTreeNode { data: Some(PlaceholderDir(PlaceholderDirData { common: CommonPlaceholderData { atime: timespec { tv_sec: 0, tv_nsec: 1073741822 }, mtime: timespec { tv_sec: 0, tv_nsec: 1073741822 } }, mode: 493 })), children: {"C.utf8": FsTreeNode { data: Some(PlaceholderDir(PlaceholderDirData { common: CommonPlaceholderData { atime: timespec { tv_sec: 0, tv_nsec: 1073741822 }, mtime: timespec { tv_sec: 0, tv_nsec: 1073741822 } }, mode: 493 })), children: {"LC_TELEPHONE": FsTreeNode { data: Some(PlaceholderFile(PlaceholderFileData { common: CommonPlaceholderData { atime: timespec { tv_sec: 1781470342, tv_nsec: 4897206 }, mtime: timespec { tv_sec: 1777624420, tv_nsec: 0 } }, mode: 33188, len: 47 })), children: {} }, "LC_IDENTIFICATION": FsTreeNode { data: Some(PlaceholderFile(PlaceholderFileData { common: CommonPlaceholderData { atime: timespec { tv_sec: 1781470342, tv_nsec: 4897206 }, mtime: timespec { tv_sec: 1777624420, tv_nsec: 0 } }, mode: 33188, len: 258 })), children: {} }, "LC_TIME": FsTreeNode { data: Some(PlaceholderFile(PlaceholderFileData { common: CommonPlaceholderData { atime: timespec { tv_sec: 1781470342, tv_nsec: 4897206 }, mtime: timespec { tv_sec: 1777624420, tv_nsec: 0 } }, mode: 33188, len: 3360 })), children: {} }, "LC_MESSAGES": FsTreeNode { data: Some(PlaceholderDir(PlaceholderDirData { common: CommonPlaceholderData { atime: timespec { tv_sec: 1779234626, tv_nsec: 893611770 }, mtime: timespec { tv_sec: 1779234626, tv_nsec: 926645019 } }, mode: 16877 })), children: {"SYS_LC_MESSAGES": FsTreeNode { data: Some(PlaceholderFile(PlaceholderFileData { common: CommonPlaceholderData { atime: timespec { tv_sec: 1781470339, tv_nsec: 8892705 }, mtime: timespec { tv_sec: 1777624420, tv_nsec: 0 } }, mode: 33188, len: 48 })), children: {} }} }, "LC_MEASUREMENT": FsTreeNode { data: Some(PlaceholderFile(PlaceholderFileData { common: CommonPlaceholderData { atime: timespec { tv_sec: 1781470342, tv_nsec: 4897206 }, mtime: timespec { tv_sec: 1777624420, tv_nsec: 0 } }, mode: 33188, len: 23 })), children: {} }, "LC_COLLATE": FsTreeNode { data: Some(PlaceholderFile(PlaceholderFileData { common: CommonPlaceholderData { atime: timespec { tv_sec: 1781470342, tv_nsec: 4897206 }, mtime: timespec { tv_sec: 1777624420, tv_nsec: 0 } }, mode: 33188, len: 1406 })), children: {} }, "LC_NUMERIC": FsTreeNode { data: Some(PlaceholderFile(PlaceholderFileData { common: CommonPlaceholderData { atime: timespec { tv_sec: 1781470342, tv_nsec: 4897206 }, mtime: timespec { tv_sec: 1777624420, tv_nsec: 0 } }, mode: 33188, len: 50 })), children: {} }, "LC_PAPER": FsTreeNode { data: Some(PlaceholderFile(PlaceholderFileData { common: CommonPlaceholderData { atime: timespec { tv_sec: 1781470342, tv_nsec: 4897206 }, mtime: timespec { tv_sec: 1777624420, tv_nsec: 0 } }, mode: 33188, len: 34 })), children: {} }, "LC_MONETARY": FsTreeNode { data: Some(PlaceholderFile(PlaceholderFileData { common: CommonPlaceholderData { atime: timespec { tv_sec: 1781470342, tv_nsec: 4897206 }, mtime: timespec { tv_sec: 1777624420, tv_nsec: 0 } }, mode: 33188, len: 270 })), children: {} }, "LC_ADDRESS": FsTreeNode { data: Some(PlaceholderFile(PlaceholderFileData { common: CommonPlaceholderData { atime: timespec { tv_sec: 1781470342, tv_nsec: 4897206 }, mtime: timespec { tv_sec: 1777624420, tv_nsec: 0 } }, mode: 33188, len: 127 })), children: {} }, "LC_NAME": FsTreeNode { data: Some(PlaceholderFile(PlaceholderFileData { common: CommonPlaceholderData { atime: timespec { tv_sec: 1781470342, tv_nsec: 4897206 }, mtime: timespec { tv_sec: 1777624420, tv_nsec: 0 } }, mode: 33188, len: 62 })), children: {} }, "LC_CTYPE": FsTreeNode { data: Some(PlaceholderFile(PlaceholderFileData { common: CommonPlaceholderData { atime: timespec { tv_sec: 1781470339, tv_nsec: 8892705 }, mtime: timespec { tv_sec: 1777624420, tv_nsec: 0 } }, mode: 33188, len: 369120 })), children: {} }} }, "locale-archive": FsTreeNode { data: Some(PlaceholderFile(PlaceholderFileData { common: CommonPlaceholderData { atime: timespec { tv_sec: 1781470339, tv_nsec: 8892705 }, mtime: timespec { tv_sec: 1779234627, tv_nsec: 401287252 } }, mode: 33188, len: 3064432 })), children: {} }} }} }} }} }, nb_entries: 33 }
[2026-06-14T22:33:31Z DEBUG libturnstile::sandbox] Current mount tree: FsTree { root: FsTreeNode { data: None, children: {"proc": FsTreeNode { data: Some(MountInternal { user: ManagedMountPoint { host_path: "/", attrs: MountAttributes { readonly: true, noexec: true } }, mnt_id: 611, expired: false }), children: {} }, "home": FsTreeNode { data: None, children: {"mao": FsTreeNode { data: None, children: {"turnstile": FsTreeNode { data: Some(MountInternal { user: ManagedMountPoint { host_path: "/home/mao/turnstile", attrs: MountAttributes { readonly: true, noexec: true } }, mnt_id: 648, expired: false }), children: {} }} }} }, "lib64": FsTreeNode { data: Some(MountInternal { user: ManagedMountPoint { host_path: "/lib64", attrs: MountAttributes { readonly: true, noexec: false } }, mnt_id: 615, expired: false }), children: {} }, "lib": FsTreeNode { data: Some(MountInternal { user: ManagedMountPoint { host_path: "/lib", attrs: MountAttributes { readonly: true, noexec: false } }, mnt_id: 610, expired: false }), children: {} }, "bin": FsTreeNode { data: Some(MountInternal { user: ManagedMountPoint { host_path: "/bin", attrs: MountAttributes { readonly: true, noexec: false } }, mnt_id: 616, expired: false }), children: {} }, "usr": FsTreeNode { data: Some(MountInternal { user: ManagedMountPoint { host_path: "/usr", attrs: MountAttributes { readonly: true, noexec: false } }, mnt_id: 614, expired: false }), children: {} }} }, nb_entries: 6 }
[2026-06-14T22:33:31Z DEBUG libturnstile::sandbox] Desired mount tree: FsTree { root: FsTreeNode { data: None, children: {"proc": FsTreeNode { data: Some(ManagedMountPoint { host_path: "/proc", attrs: MountAttributes { readonly: true, noexec: true } }), children: {} }, "bin": FsTreeNode { data: Some(ManagedMountPoint { host_path: "/bin", attrs: MountAttributes { readonly: true, noexec: false } }), children: {} }, "lib": FsTreeNode { data: Some(ManagedMountPoint { host_path: "/lib", attrs: MountAttributes { readonly: true, noexec: false } }), children: {} }, "usr": FsTreeNode { data: Some(ManagedMountPoint { host_path: "/usr", attrs: MountAttributes { readonly: true, noexec: false } }), children: {} }, "home": FsTreeNode { data: None, children: {"mao": FsTreeNode { data: None, children: {"turnstile": FsTreeNode { data: Some(ManagedMountPoint { host_path: "/home/mao/turnstile", attrs: MountAttributes { readonly: true, noexec: true } }), children: {} }} }} }, "lib64": FsTreeNode { data: Some(ManagedMountPoint { host_path: "/lib64", attrs: MountAttributes { readonly: true, noexec: false } }), children: {} }} }, nb_entries: 6 }
[2026-06-14T22:33:31Z DEBUG libturnstile::sandbox::namespace] Joined namespace ns_fds[0] = 5
[2026-06-14T22:33:31Z DEBUG libturnstile::sandbox::namespace] Joined namespace ns_fds[1] = 6
[2026-06-14T22:33:31Z DEBUG libturnstile::sandbox::namespace] Joined namespace ns_fds[2] = 8
[2026-06-14T22:33:31Z DEBUG libturnstile::utils] Forked child exited with code 0
[2026-06-14T22:33:31Z INFO  libturnstile::sandbox] Unmounted "/proc"
[2026-06-14T22:33:31Z DEBUG libturnstile::sandbox::namespace] Joined namespace ns_fds[0] = 5
[2026-06-14T22:33:31Z DEBUG libturnstile::sandbox::namespace] Joined namespace ns_fds[1] = 6
[2026-06-14T22:33:31Z DEBUG libturnstile::sandbox::namespace] Joined namespace ns_fds[0] = 8
[2026-06-14T22:33:31Z DEBUG libturnstile::utils] Forked child exited with code 0
[2026-06-14T22:33:31Z INFO  libturnstile::sandbox] Mount bind "/proc" "/proc" ro,noexec
[2026-06-14T22:33:31Z DEBUG libturnstile::sandbox::namespace] Joined namespace ns_fds[0] = 5
[2026-06-14T22:33:31Z DEBUG libturnstile::sandbox::namespace] Joined namespace ns_fds[1] = 8
[2026-06-14T22:33:31Z DEBUG libturnstile::sandbox::namespace] Joined namespace ns_fds[2] = 7
[2026-06-14T22:33:31Z DEBUG libturnstile::utils] Forked child exited with code 0
[2026-06-14T22:33:31Z DEBUG turnstile_sandbox] added resolve placeholder for "/usr/lib/locale/C.utf8/LC_CTYPE"
[2026-06-14T22:33:31Z DEBUG turnstile_sandbox] got request: AccessRequest { operation: FsOperation(FsStat(StatOperation { target: FsTarget { dfd: ForeignFd { local_fd: 4 }, path: "..", no_follow: true }, lstat: true })) }
[2026-06-14T22:33:31Z DEBUG libturnstile::sandbox::namespace] Joined namespace ns_fds[0] = 5
[2026-06-14T22:33:31Z DEBUG libturnstile::sandbox::namespace] Joined namespace ns_fds[1] = 8
[2026-06-14T22:33:31Z DEBUG libturnstile::utils] Forked child exited with code 0
[2026-06-14T22:33:31Z DEBUG libturnstile::sandbox] Current placeholder tree: FsTree { root: FsTreeNode { data: Some(PlaceholderDir(PlaceholderDirData { common: CommonPlaceholderData { atime: timespec { tv_sec: 0, tv_nsec: 1073741822 }, mtime: timespec { tv_sec: 0, tv_nsec: 1073741822 } }, mode: 493 })), children: {"bin": FsTreeNode { data: Some(PlaceholderFile(PlaceholderFileData { common: CommonPlaceholderData { atime: timespec { tv_sec: 0, tv_nsec: 1073741822 }, mtime: timespec { tv_sec: 0, tv_nsec: 1073741822 } }, mode: 420, len: 0 })), children: {} }, "lib64": FsTreeNode { data: Some(PlaceholderFile(PlaceholderFileData { common: CommonPlaceholderData { atime: timespec { tv_sec: 0, tv_nsec: 1073741822 }, mtime: timespec { tv_sec: 0, tv_nsec: 1073741822 } }, mode: 420, len: 0 })), children: {} }, "home": FsTreeNode { data: Some(PlaceholderDir(PlaceholderDirData { common: CommonPlaceholderData { atime: timespec { tv_sec: 0, tv_nsec: 1073741822 }, mtime: timespec { tv_sec: 0, tv_nsec: 1073741822 } }, mode: 493 })), children: {"mao": FsTreeNode { data: Some(PlaceholderDir(PlaceholderDirData { common: CommonPlaceholderData { atime: timespec { tv_sec: 0, tv_nsec: 1073741822 }, mtime: timespec { tv_sec: 0, tv_nsec: 1073741822 } }, mode: 493 })), children: {"turnstile": FsTreeNode { data: Some(PlaceholderDir(PlaceholderDirData { common: CommonPlaceholderData { atime: timespec { tv_sec: 0, tv_nsec: 1073741822 }, mtime: timespec { tv_sec: 0, tv_nsec: 1073741822 } }, mode: 493 })), children: {} }} }} }, "lib": FsTreeNode { data: Some(PlaceholderFile(PlaceholderFileData { common: CommonPlaceholderData { atime: timespec { tv_sec: 0, tv_nsec: 1073741822 }, mtime: timespec { tv_sec: 0, tv_nsec: 1073741822 } }, mode: 420, len: 0 })), children: {} }, "usr": FsTreeNode { data: Some(PlaceholderDir(PlaceholderDirData { common: CommonPlaceholderData { atime: timespec { tv_sec: 0, tv_nsec: 1073741822 }, mtime: timespec { tv_sec: 0, tv_nsec: 1073741822 } }, mode: 493 })), children: {"share": FsTreeNode { data: Some(PlaceholderDir(PlaceholderDirData { common: CommonPlaceholderData { atime: timespec { tv_sec: 0, tv_nsec: 1073741822 }, mtime: timespec { tv_sec: 0, tv_nsec: 1073741822 } }, mode: 493 })), children: {"locale": FsTreeNode { data: Some(PlaceholderDir(PlaceholderDirData { common: CommonPlaceholderData { atime: timespec { tv_sec: 0, tv_nsec: 1073741822 }, mtime: timespec { tv_sec: 0, tv_nsec: 1073741822 } }, mode: 493 })), children: {"locale.alias": FsTreeNode { data: Some(PlaceholderFile(PlaceholderFileData { common: CommonPlaceholderData { atime: timespec { tv_sec: 1781470290, tv_nsec: 4819058 }, mtime: timespec { tv_sec: 1777624420, tv_nsec: 0 } }, mode: 33188, len: 2998 })), children: {} }} }} }, "lib": FsTreeNode { data: Some(PlaceholderDir(PlaceholderDirData { common: CommonPlaceholderData { atime: timespec { tv_sec: 0, tv_nsec: 1073741822 }, mtime: timespec { tv_sec: 0, tv_nsec: 1073741822 } }, mode: 493 })), children: {"libcap.so.2.78": FsTreeNode { data: Some(PlaceholderFile(PlaceholderFileData { common: CommonPlaceholderData { atime: timespec { tv_sec: 1781470290, tv_nsec: 304819506 }, mtime: timespec { tv_sec: 1775495227, tv_nsec: 0 } }, mode: 33261, len: 43064 })), children: {} }, "locale": FsTreeNode { data: Some(PlaceholderDir(PlaceholderDirData { common: CommonPlaceholderData { atime: timespec { tv_sec: 0, tv_nsec: 1073741822 }, mtime: timespec { tv_sec: 0, tv_nsec: 1073741822 } }, mode: 493 })), children: {"C.utf8": FsTreeNode { data: Some(PlaceholderDir(PlaceholderDirData { common: CommonPlaceholderData { atime: timespec { tv_sec: 0, tv_nsec: 1073741822 }, mtime: timespec { tv_sec: 0, tv_nsec: 1073741822 } }, mode: 493 })), children: {"LC_ADDRESS": FsTreeNode { data: Some(PlaceholderFile(PlaceholderFileData { common: CommonPlaceholderData { atime: timespec { tv_sec: 1781470342, tv_nsec: 4897206 }, mtime: timespec { tv_sec: 1777624420, tv_nsec: 0 } }, mode: 33188, len: 127 })), children: {} }, "LC_MESSAGES": FsTreeNode { data: Some(PlaceholderDir(PlaceholderDirData { common: CommonPlaceholderData { atime: timespec { tv_sec: 1779234626, tv_nsec: 893611770 }, mtime: timespec { tv_sec: 1779234626, tv_nsec: 926645019 } }, mode: 16877 })), children: {"SYS_LC_MESSAGES": FsTreeNode { data: Some(PlaceholderFile(PlaceholderFileData { common: CommonPlaceholderData { atime: timespec { tv_sec: 1781470339, tv_nsec: 8892705 }, mtime: timespec { tv_sec: 1777624420, tv_nsec: 0 } }, mode: 33188, len: 48 })), children: {} }} }, "LC_MONETARY": FsTreeNode { data: Some(PlaceholderFile(PlaceholderFileData { common: CommonPlaceholderData { atime: timespec { tv_sec: 1781470342, tv_nsec: 4897206 }, mtime: timespec { tv_sec: 1777624420, tv_nsec: 0 } }, mode: 33188, len: 270 })), children: {} }, "LC_COLLATE": FsTreeNode { data: Some(PlaceholderFile(PlaceholderFileData { common: CommonPlaceholderData { atime: timespec { tv_sec: 1781470342, tv_nsec: 4897206 }, mtime: timespec { tv_sec: 1777624420, tv_nsec: 0 } }, mode: 33188, len: 1406 })), children: {} }, "LC_MEASUREMENT": FsTreeNode { data: Some(PlaceholderFile(PlaceholderFileData { common: CommonPlaceholderData { atime: timespec { tv_sec: 1781470342, tv_nsec: 4897206 }, mtime: timespec { tv_sec: 1777624420, tv_nsec: 0 } }, mode: 33188, len: 23 })), children: {} }, "LC_NAME": FsTreeNode { data: Some(PlaceholderFile(PlaceholderFileData { common: CommonPlaceholderData { atime: timespec { tv_sec: 1781470342, tv_nsec: 4897206 }, mtime: timespec { tv_sec: 1777624420, tv_nsec: 0 } }, mode: 33188, len: 62 })), children: {} }, "LC_PAPER": FsTreeNode { data: Some(PlaceholderFile(PlaceholderFileData { common: CommonPlaceholderData { atime: timespec { tv_sec: 1781470342, tv_nsec: 4897206 }, mtime: timespec { tv_sec: 1777624420, tv_nsec: 0 } }, mode: 33188, len: 34 })), children: {} }, "LC_CTYPE": FsTreeNode { data: Some(PlaceholderFile(PlaceholderFileData { common: CommonPlaceholderData { atime: timespec { tv_sec: 1781470339, tv_nsec: 8892705 }, mtime: timespec { tv_sec: 1777624420, tv_nsec: 0 } }, mode: 33188, len: 369120 })), children: {} }, "LC_IDENTIFICATION": FsTreeNode { data: Some(PlaceholderFile(PlaceholderFileData { common: CommonPlaceholderData { atime: timespec { tv_sec: 1781470342, tv_nsec: 4897206 }, mtime: timespec { tv_sec: 1777624420, tv_nsec: 0 } }, mode: 33188, len: 258 })), children: {} }, "LC_NUMERIC": FsTreeNode { data: Some(PlaceholderFile(PlaceholderFileData { common: CommonPlaceholderData { atime: timespec { tv_sec: 1781470342, tv_nsec: 4897206 }, mtime: timespec { tv_sec: 1777624420, tv_nsec: 0 } }, mode: 33188, len: 50 })), children: {} }, "LC_TELEPHONE": FsTreeNode { data: Some(PlaceholderFile(PlaceholderFileData { common: CommonPlaceholderData { atime: timespec { tv_sec: 1781470342, tv_nsec: 4897206 }, mtime: timespec { tv_sec: 1777624420, tv_nsec: 0 } }, mode: 33188, len: 47 })), children: {} }, "LC_TIME": FsTreeNode { data: Some(PlaceholderFile(PlaceholderFileData { common: CommonPlaceholderData { atime: timespec { tv_sec: 1781470342, tv_nsec: 4897206 }, mtime: timespec { tv_sec: 1777624420, tv_nsec: 0 } }, mode: 33188, len: 3360 })), children: {} }} }, "locale-archive": FsTreeNode { data: Some(PlaceholderFile(PlaceholderFileData { common: CommonPlaceholderData { atime: timespec { tv_sec: 1781470339, tv_nsec: 8892705 }, mtime: timespec { tv_sec: 1779234627, tv_nsec: 401287252 } }, mode: 33188, len: 3064432 })), children: {} }} }, "gconv": FsTreeNode { data: Some(PlaceholderDir(PlaceholderDirData { common: CommonPlaceholderData { atime: timespec { tv_sec: 0, tv_nsec: 1073741822 }, mtime: timespec { tv_sec: 0, tv_nsec: 1073741822 } }, mode: 493 })), children: {"gconv-modules.cache": FsTreeNode { data: Some(PlaceholderFile(PlaceholderFileData { common: CommonPlaceholderData { atime: timespec { tv_sec: 1781392908, tv_nsec: 92401431 }, mtime: timespec { tv_sec: 1779234627, tv_nsec: 475287252 } }, mode: 33188, len: 27010 })), children: {} }} }, "libc.so.6": FsTreeNode { data: Some(PlaceholderFile(PlaceholderFileData { common: CommonPlaceholderData { atime: timespec { tv_sec: 1781398022, tv_nsec: 480120641 }, mtime: timespec { tv_sec: 1777624420, tv_nsec: 0 } }, mode: 33261, len: 2190624 })), children: {} }} }} }, "proc": FsTreeNode { data: Some(PlaceholderDir(PlaceholderDirData { common: CommonPlaceholderData { atime: timespec { tv_sec: 0, tv_nsec: 1073741822 }, mtime: timespec { tv_sec: 0, tv_nsec: 1073741822 } }, mode: 493 })), children: {} }} }, nb_entries: 33 }
[2026-06-14T22:33:31Z DEBUG libturnstile::sandbox] Desired placeholder tree: FsTree { root: FsTreeNode { data: Some(PlaceholderDir(PlaceholderDirData { common: CommonPlaceholderData { atime: timespec { tv_sec: 0, tv_nsec: 1073741822 }, mtime: timespec { tv_sec: 0, tv_nsec: 1073741822 } }, mode: 493 })), children: {"usr": FsTreeNode { data: Some(PlaceholderDir(PlaceholderDirData { common: CommonPlaceholderData { atime: timespec { tv_sec: 0, tv_nsec: 1073741822 }, mtime: timespec { tv_sec: 0, tv_nsec: 1073741822 } }, mode: 493 })), children: {"share": FsTreeNode { data: Some(PlaceholderDir(PlaceholderDirData { common: CommonPlaceholderData { atime: timespec { tv_sec: 0, tv_nsec: 1073741822 }, mtime: timespec { tv_sec: 0, tv_nsec: 1073741822 } }, mode: 493 })), children: {"locale": FsTreeNode { data: Some(PlaceholderDir(PlaceholderDirData { common: CommonPlaceholderData { atime: timespec { tv_sec: 0, tv_nsec: 1073741822 }, mtime: timespec { tv_sec: 0, tv_nsec: 1073741822 } }, mode: 493 })), children: {"locale.alias": FsTreeNode { data: Some(PlaceholderFile(PlaceholderFileData { common: CommonPlaceholderData { atime: timespec { tv_sec: 1781470290, tv_nsec: 4819058 }, mtime: timespec { tv_sec: 1777624420, tv_nsec: 0 } }, mode: 33188, len: 2998 })), children: {} }} }} }, "lib": FsTreeNode { data: Some(PlaceholderDir(PlaceholderDirData { common: CommonPlaceholderData { atime: timespec { tv_sec: 0, tv_nsec: 1073741822 }, mtime: timespec { tv_sec: 0, tv_nsec: 1073741822 } }, mode: 493 })), children: {"locale": FsTreeNode { data: Some(PlaceholderDir(PlaceholderDirData { common: CommonPlaceholderData { atime: timespec { tv_sec: 0, tv_nsec: 1073741822 }, mtime: timespec { tv_sec: 0, tv_nsec: 1073741822 } }, mode: 493 })), children: {"C.utf8": FsTreeNode { data: Some(PlaceholderDir(PlaceholderDirData { common: CommonPlaceholderData { atime: timespec { tv_sec: 0, tv_nsec: 1073741822 }, mtime: timespec { tv_sec: 0, tv_nsec: 1073741822 } }, mode: 493 })), children: {"LC_IDENTIFICATION": FsTreeNode { data: Some(PlaceholderFile(PlaceholderFileData { common: CommonPlaceholderData { atime: timespec { tv_sec: 1781470342, tv_nsec: 4897206 }, mtime: timespec { tv_sec: 1777624420, tv_nsec: 0 } }, mode: 33188, len: 258 })), children: {} }, "LC_TIME": FsTreeNode { data: Some(PlaceholderFile(PlaceholderFileData { common: CommonPlaceholderData { atime: timespec { tv_sec: 1781470342, tv_nsec: 4897206 }, mtime: timespec { tv_sec: 1777624420, tv_nsec: 0 } }, mode: 33188, len: 3360 })), children: {} }, "LC_NUMERIC": FsTreeNode { data: Some(PlaceholderFile(PlaceholderFileData { common: CommonPlaceholderData { atime: timespec { tv_sec: 1781470342, tv_nsec: 4897206 }, mtime: timespec { tv_sec: 1777624420, tv_nsec: 0 } }, mode: 33188, len: 50 })), children: {} }, "LC_PAPER": FsTreeNode { data: Some(PlaceholderFile(PlaceholderFileData { common: CommonPlaceholderData { atime: timespec { tv_sec: 1781470342, tv_nsec: 4897206 }, mtime: timespec { tv_sec: 1777624420, tv_nsec: 0 } }, mode: 33188, len: 34 })), children: {} }, "LC_TELEPHONE": FsTreeNode { data: Some(PlaceholderFile(PlaceholderFileData { common: CommonPlaceholderData { atime: timespec { tv_sec: 1781470342, tv_nsec: 4897206 }, mtime: timespec { tv_sec: 1777624420, tv_nsec: 0 } }, mode: 33188, len: 47 })), children: {} }, "LC_MESSAGES": FsTreeNode { data: Some(PlaceholderDir(PlaceholderDirData { common: CommonPlaceholderData { atime: timespec { tv_sec: 1779234626, tv_nsec: 893611770 }, mtime: timespec { tv_sec: 1779234626, tv_nsec: 926645019 } }, mode: 16877 })), children: {"SYS_LC_MESSAGES": FsTreeNode { data: Some(PlaceholderFile(PlaceholderFileData { common: CommonPlaceholderData { atime: timespec { tv_sec: 1781470339, tv_nsec: 8892705 }, mtime: timespec { tv_sec: 1777624420, tv_nsec: 0 } }, mode: 33188, len: 48 })), children: {} }} }, "LC_MONETARY": FsTreeNode { data: Some(PlaceholderFile(PlaceholderFileData { common: CommonPlaceholderData { atime: timespec { tv_sec: 1781470342, tv_nsec: 4897206 }, mtime: timespec { tv_sec: 1777624420, tv_nsec: 0 } }, mode: 33188, len: 270 })), children: {} }, "LC_MEASUREMENT": FsTreeNode { data: Some(PlaceholderFile(PlaceholderFileData { common: CommonPlaceholderData { atime: timespec { tv_sec: 1781470342, tv_nsec: 4897206 }, mtime: timespec { tv_sec: 1777624420, tv_nsec: 0 } }, mode: 33188, len: 23 })), children: {} }, "LC_CTYPE": FsTreeNode { data: Some(PlaceholderFile(PlaceholderFileData { common: CommonPlaceholderData { atime: timespec { tv_sec: 1781470339, tv_nsec: 8892705 }, mtime: timespec { tv_sec: 1777624420, tv_nsec: 0 } }, mode: 33188, len: 369120 })), children: {} }, "LC_COLLATE": FsTreeNode { data: Some(PlaceholderFile(PlaceholderFileData { common: CommonPlaceholderData { atime: timespec { tv_sec: 1781470342, tv_nsec: 4897206 }, mtime: timespec { tv_sec: 1777624420, tv_nsec: 0 } }, mode: 33188, len: 1406 })), children: {} }, "LC_NAME": FsTreeNode { data: Some(PlaceholderFile(PlaceholderFileData { common: CommonPlaceholderData { atime: timespec { tv_sec: 1781470342, tv_nsec: 4897206 }, mtime: timespec { tv_sec: 1777624420, tv_nsec: 0 } }, mode: 33188, len: 62 })), children: {} }, "LC_ADDRESS": FsTreeNode { data: Some(PlaceholderFile(PlaceholderFileData { common: CommonPlaceholderData { atime: timespec { tv_sec: 1781470342, tv_nsec: 4897206 }, mtime: timespec { tv_sec: 1777624420, tv_nsec: 0 } }, mode: 33188, len: 127 })), children: {} }} }, "locale-archive": FsTreeNode { data: Some(PlaceholderFile(PlaceholderFileData { common: CommonPlaceholderData { atime: timespec { tv_sec: 1781470339, tv_nsec: 8892705 }, mtime: timespec { tv_sec: 1779234627, tv_nsec: 401287252 } }, mode: 33188, len: 3064432 })), children: {} }} }, "gconv": FsTreeNode { data: Some(PlaceholderDir(PlaceholderDirData { common: CommonPlaceholderData { atime: timespec { tv_sec: 0, tv_nsec: 1073741822 }, mtime: timespec { tv_sec: 0, tv_nsec: 1073741822 } }, mode: 493 })), children: {"gconv-modules.cache": FsTreeNode { data: Some(PlaceholderFile(PlaceholderFileData { common: CommonPlaceholderData { atime: timespec { tv_sec: 1781392908, tv_nsec: 92401431 }, mtime: timespec { tv_sec: 1779234627, tv_nsec: 475287252 } }, mode: 33188, len: 27010 })), children: {} }} }, "libcap.so.2.78": FsTreeNode { data: Some(PlaceholderFile(PlaceholderFileData { common: CommonPlaceholderData { atime: timespec { tv_sec: 1781470290, tv_nsec: 304819506 }, mtime: timespec { tv_sec: 1775495227, tv_nsec: 0 } }, mode: 33261, len: 43064 })), children: {} }, "libc.so.6": FsTreeNode { data: Some(PlaceholderFile(PlaceholderFileData { common: CommonPlaceholderData { atime: timespec { tv_sec: 1781398022, tv_nsec: 480120641 }, mtime: timespec { tv_sec: 1777624420, tv_nsec: 0 } }, mode: 33261, len: 2190624 })), children: {} }} }} }, "lib64": FsTreeNode { data: Some(PlaceholderFile(PlaceholderFileData { common: CommonPlaceholderData { atime: timespec { tv_sec: 0, tv_nsec: 1073741822 }, mtime: timespec { tv_sec: 0, tv_nsec: 1073741822 } }, mode: 420, len: 0 })), children: {} }, "home": FsTreeNode { data: Some(PlaceholderDir(PlaceholderDirData { common: CommonPlaceholderData { atime: timespec { tv_sec: 0, tv_nsec: 1073741822 }, mtime: timespec { tv_sec: 0, tv_nsec: 1073741822 } }, mode: 493 })), children: {"mao": FsTreeNode { data: Some(PlaceholderDir(PlaceholderDirData { common: CommonPlaceholderData { atime: timespec { tv_sec: 1781475008, tv_nsec: 471487305 }, mtime: timespec { tv_sec: 1781476377, tv_nsec: 73890551 } }, mode: 16841 })), children: {"turnstile": FsTreeNode { data: Some(PlaceholderDir(PlaceholderDirData { common: CommonPlaceholderData { atime: timespec { tv_sec: 0, tv_nsec: 1073741822 }, mtime: timespec { tv_sec: 0, tv_nsec: 1073741822 } }, mode: 493 })), children: {} }} }} }, "lib": FsTreeNode { data: Some(PlaceholderFile(PlaceholderFileData { common: CommonPlaceholderData { atime: timespec { tv_sec: 0, tv_nsec: 1073741822 }, mtime: timespec { tv_sec: 0, tv_nsec: 1073741822 } }, mode: 420, len: 0 })), children: {} }, "proc": FsTreeNode { data: Some(PlaceholderDir(PlaceholderDirData { common: CommonPlaceholderData { atime: timespec { tv_sec: 0, tv_nsec: 1073741822 }, mtime: timespec { tv_sec: 0, tv_nsec: 1073741822 } }, mode: 493 })), children: {} }, "bin": FsTreeNode { data: Some(PlaceholderFile(PlaceholderFileData { common: CommonPlaceholderData { atime: timespec { tv_sec: 0, tv_nsec: 1073741822 }, mtime: timespec { tv_sec: 0, tv_nsec: 1073741822 } }, mode: 420, len: 0 })), children: {} }} }, nb_entries: 33 }
[2026-06-14T22:33:31Z DEBUG libturnstile::sandbox] Current mount tree: FsTree { root: FsTreeNode { data: None, children: {"proc": FsTreeNode { data: Some(MountInternal { user: ManagedMountPoint { host_path: "/", attrs: MountAttributes { readonly: true, noexec: true } }, mnt_id: 611, expired: false }), children: {} }, "home": FsTreeNode { data: None, children: {"mao": FsTreeNode { data: None, children: {"turnstile": FsTreeNode { data: Some(MountInternal { user: ManagedMountPoint { host_path: "/home/mao/turnstile", attrs: MountAttributes { readonly: true, noexec: true } }, mnt_id: 648, expired: false }), children: {} }} }} }, "lib64": FsTreeNode { data: Some(MountInternal { user: ManagedMountPoint { host_path: "/lib64", attrs: MountAttributes { readonly: true, noexec: false } }, mnt_id: 615, expired: false }), children: {} }, "lib": FsTreeNode { data: Some(MountInternal { user: ManagedMountPoint { host_path: "/lib", attrs: MountAttributes { readonly: true, noexec: false } }, mnt_id: 610, expired: false }), children: {} }, "bin": FsTreeNode { data: Some(MountInternal { user: ManagedMountPoint { host_path: "/bin", attrs: MountAttributes { readonly: true, noexec: false } }, mnt_id: 616, expired: false }), children: {} }, "usr": FsTreeNode { data: Some(MountInternal { user: ManagedMountPoint { host_path: "/usr", attrs: MountAttributes { readonly: true, noexec: false } }, mnt_id: 614, expired: false }), children: {} }} }, nb_entries: 6 }
[2026-06-14T22:33:31Z DEBUG libturnstile::sandbox] Desired mount tree: FsTree { root: FsTreeNode { data: None, children: {"proc": FsTreeNode { data: Some(ManagedMountPoint { host_path: "/proc", attrs: MountAttributes { readonly: true, noexec: true } }), children: {} }, "usr": FsTreeNode { data: Some(ManagedMountPoint { host_path: "/usr", attrs: MountAttributes { readonly: true, noexec: false } }), children: {} }, "lib": FsTreeNode { data: Some(ManagedMountPoint { host_path: "/lib", attrs: MountAttributes { readonly: true, noexec: false } }), children: {} }, "bin": FsTreeNode { data: Some(ManagedMountPoint { host_path: "/bin", attrs: MountAttributes { readonly: true, noexec: false } }), children: {} }, "home": FsTreeNode { data: None, children: {"mao": FsTreeNode { data: None, children: {"turnstile": FsTreeNode { data: Some(ManagedMountPoint { host_path: "/home/mao/turnstile", attrs: MountAttributes { readonly: true, noexec: true } }), children: {} }} }} }, "lib64": FsTreeNode { data: Some(ManagedMountPoint { host_path: "/lib64", attrs: MountAttributes { readonly: true, noexec: false } }), children: {} }} }, nb_entries: 6 }
[2026-06-14T22:33:31Z DEBUG libturnstile::sandbox::namespace] Joined namespace ns_fds[0] = 5
[2026-06-14T22:33:31Z DEBUG libturnstile::sandbox::namespace] Joined namespace ns_fds[1] = 6
[2026-06-14T22:33:31Z DEBUG libturnstile::sandbox::namespace] Joined namespace ns_fds[2] = 8
[2026-06-14T22:33:31Z DEBUG libturnstile::utils] Forked child exited with code 0
[2026-06-14T22:33:31Z INFO  libturnstile::sandbox] Unmounted "/proc"
[2026-06-14T22:33:31Z DEBUG libturnstile::sandbox::namespace] Joined namespace ns_fds[0] = 5
[2026-06-14T22:33:31Z DEBUG libturnstile::sandbox::namespace] Joined namespace ns_fds[1] = 6
[2026-06-14T22:33:31Z DEBUG libturnstile::sandbox::namespace] Joined namespace ns_fds[0] = 8
[2026-06-14T22:33:31Z DEBUG libturnstile::utils] Forked child exited with code 0
[2026-06-14T22:33:31Z INFO  libturnstile::sandbox] Mount bind "/proc" "/proc" ro,noexec
[2026-06-14T22:33:31Z DEBUG libturnstile::sandbox::namespace] Joined namespace ns_fds[0] = 5
[2026-06-14T22:33:31Z DEBUG libturnstile::sandbox::namespace] Joined namespace ns_fds[1] = 8
[2026-06-14T22:33:31Z DEBUG libturnstile::sandbox::namespace] Joined namespace ns_fds[2] = 7
[2026-06-14T22:33:31Z DEBUG libturnstile::utils] Forked child exited with code 0
[2026-06-14T22:33:31Z DEBUG turnstile_sandbox] added resolve placeholder for "/home/mao"
[2026-06-14T22:33:31Z DEBUG turnstile_sandbox] got request: AccessRequest { operation: FsOperation(FsStat(StatOperation { target: FsTarget { dfd: ForeignFd { local_fd: 4 }, path: "etc/nsswitch.conf", no_follow: false }, lstat: false })) }
[2026-06-14T22:33:31Z DEBUG libturnstile::access::fs] open_target_dfd_in_root: attempt 0 for "/" got different inode (expected id InodeId { dev_major: 0, dev_minor: 58, ino: 1 }, got id InodeId { dev_major: 0, dev_minor: 29, ino: 256 })
[2026-06-14T22:33:31Z DEBUG libturnstile::access::fs] open_target_dfd_in_root: attempt 1 for "/" got different inode (expected id InodeId { dev_major: 0, dev_minor: 58, ino: 1 }, got id InodeId { dev_major: 0, dev_minor: 29, ino: 256 })
[2026-06-14T22:33:31Z ERROR libturnstile::access::fs] open_target_dfd_in_root: too many attempts to open "/" before getting correct inode
[2026-06-14T22:33:31Z DEBUG libturnstile::access::fs] realpath() on FsTarget failed: No such file or directory (os error 2)
[2026-06-14T22:33:31Z ERROR turnstile_sandbox] error reopening target dfd in real root for _ "/etc/nsswitch.conf" (invalid): No such file or directory (os error 2)
[2026-06-14T22:33:31Z DEBUG turnstile_sandbox] got request: AccessRequest { operation: FsOperation(FsStat(StatOperation { target: FsTarget { dfd: ForeignFd { local_fd: 4 }, path: "", no_follow: false }, lstat: false })) }
[2026-06-14T22:33:31Z DEBUG libturnstile::access::fs] open_target_dfd_in_root: attempt 0 for "/" got different inode (expected id InodeId { dev_major: 0, dev_minor: 58, ino: 1 }, got id InodeId { dev_major: 0, dev_minor: 29, ino: 256 })
[2026-06-14T22:33:31Z DEBUG libturnstile::access::fs] open_target_dfd_in_root: attempt 1 for "/" got different inode (expected id InodeId { dev_major: 0, dev_minor: 58, ino: 1 }, got id InodeId { dev_major: 0, dev_minor: 29, ino: 256 })
[2026-06-14T22:33:31Z ERROR libturnstile::access::fs] open_target_dfd_in_root: too many attempts to open "/" before getting correct inode
[2026-06-14T22:33:31Z ERROR turnstile_sandbox] error reopening target dfd in real root for _ "/": No such file or directory (os error 2)
[2026-06-14T22:33:31Z DEBUG turnstile_sandbox] got request: AccessRequest { operation: FsOperation(FsOpen(OpenOperation { target: FsTarget { dfd: ForeignFd { local_fd: 4 }, path: "etc/nsswitch.conf", no_follow: false }, need_read: true, need_write: false, create_mode: None })) }
[2026-06-14T22:33:31Z DEBUG libturnstile::access::fs] open_target_dfd_in_root: attempt 0 for "/" got different inode (expected id InodeId { dev_major: 0, dev_minor: 58, ino: 1 }, got id InodeId { dev_major: 0, dev_minor: 29, ino: 256 })
[2026-06-14T22:33:31Z DEBUG libturnstile::access::fs] open_target_dfd_in_root: attempt 1 for "/" got different inode (expected id InodeId { dev_major: 0, dev_minor: 58, ino: 1 }, got id InodeId { dev_major: 0, dev_minor: 29, ino: 256 })
[2026-06-14T22:33:31Z ERROR libturnstile::access::fs] open_target_dfd_in_root: too many attempts to open "/" before getting correct inode
[2026-06-14T22:33:31Z DEBUG libturnstile::access::fs] realpath() on FsTarget failed: No such file or directory (os error 2)
[2026-06-14T22:33:31Z ERROR turnstile_sandbox] error reopening target dfd in real root for r "/etc/nsswitch.conf" (invalid): No such file or directory (os error 2)
[2026-06-14T22:33:31Z DEBUG libturnstile::access::fs] realpath() on FsTarget failed: No such file or directory (os error 2)
[2026-06-14T22:33:31Z WARN  libturnstile::sandbox::upgrade] openat upgrade: cannot resolve abspath for "/etc/nsswitch.conf" (invalid): No such file or directory (os error 2) — continuing natively
[2026-06-14T22:33:31Z DEBUG turnstile_sandbox] got request: AccessRequest { operation: FsOperation(FsOpen(OpenOperation { target: FsTarget { dfd: ForeignFd { local_fd: 4 }, path: "etc/passwd", no_follow: false }, need_read: true, need_write: false, create_mode: None })) }
[2026-06-14T22:33:31Z DEBUG libturnstile::access::fs] open_target_dfd_in_root: attempt 0 for "/" got different inode (expected id InodeId { dev_major: 0, dev_minor: 58, ino: 1 }, got id InodeId { dev_major: 0, dev_minor: 29, ino: 256 })
[2026-06-14T22:33:31Z DEBUG libturnstile::access::fs] open_target_dfd_in_root: attempt 1 for "/" got different inode (expected id InodeId { dev_major: 0, dev_minor: 58, ino: 1 }, got id InodeId { dev_major: 0, dev_minor: 29, ino: 256 })
[2026-06-14T22:33:31Z ERROR libturnstile::access::fs] open_target_dfd_in_root: too many attempts to open "/" before getting correct inode
[2026-06-14T22:33:31Z DEBUG libturnstile::access::fs] realpath() on FsTarget failed: No such file or directory (os error 2)
[2026-06-14T22:33:31Z ERROR turnstile_sandbox] error reopening target dfd in real root for r "/etc/passwd" (invalid): No such file or directory (os error 2)
[2026-06-14T22:33:31Z DEBUG libturnstile::access::fs] realpath() on FsTarget failed: No such file or directory (os error 2)
[2026-06-14T22:33:31Z WARN  libturnstile::sandbox::upgrade] openat upgrade: cannot resolve abspath for "/etc/passwd" (invalid): No such file or directory (os error 2) — continuing natively
[2026-06-14T22:33:31Z DEBUG turnstile_sandbox] got request: AccessRequest { operation: FsOperation(FsStat(StatOperation { target: FsTarget { dfd: ForeignFd { local_fd: 4 }, path: "etc/nsswitch.conf", no_follow: false }, lstat: false })) }
[2026-06-14T22:33:31Z DEBUG libturnstile::access::fs] open_target_dfd_in_root: attempt 0 for "/" got different inode (expected id InodeId { dev_major: 0, dev_minor: 58, ino: 1 }, got id InodeId { dev_major: 0, dev_minor: 29, ino: 256 })
[2026-06-14T22:33:31Z DEBUG libturnstile::access::fs] open_target_dfd_in_root: attempt 1 for "/" got different inode (expected id InodeId { dev_major: 0, dev_minor: 58, ino: 1 }, got id InodeId { dev_major: 0, dev_minor: 29, ino: 256 })
[2026-06-14T22:33:31Z ERROR libturnstile::access::fs] open_target_dfd_in_root: too many attempts to open "/" before getting correct inode
[2026-06-14T22:33:31Z DEBUG libturnstile::access::fs] realpath() on FsTarget failed: No such file or directory (os error 2)
[2026-06-14T22:33:31Z ERROR turnstile_sandbox] error reopening target dfd in real root for _ "/etc/nsswitch.conf" (invalid): No such file or directory (os error 2)
[2026-06-14T22:33:31Z DEBUG turnstile_sandbox] got request: AccessRequest { operation: FsOperation(FsOpen(OpenOperation { target: FsTarget { dfd: ForeignFd { local_fd: 4 }, path: "etc/group", no_follow: false }, need_read: true, need_write: false, create_mode: None })) }
[2026-06-14T22:33:31Z DEBUG libturnstile::access::fs] open_target_dfd_in_root: attempt 0 for "/" got different inode (expected id InodeId { dev_major: 0, dev_minor: 58, ino: 1 }, got id InodeId { dev_major: 0, dev_minor: 29, ino: 256 })
[2026-06-14T22:33:31Z DEBUG libturnstile::access::fs] open_target_dfd_in_root: attempt 1 for "/" got different inode (expected id InodeId { dev_major: 0, dev_minor: 58, ino: 1 }, got id InodeId { dev_major: 0, dev_minor: 29, ino: 256 })
[2026-06-14T22:33:31Z ERROR libturnstile::access::fs] open_target_dfd_in_root: too many attempts to open "/" before getting correct inode
[2026-06-14T22:33:31Z DEBUG libturnstile::access::fs] realpath() on FsTarget failed: No such file or directory (os error 2)
[2026-06-14T22:33:31Z ERROR turnstile_sandbox] error reopening target dfd in real root for r "/etc/group" (invalid): No such file or directory (os error 2)
[2026-06-14T22:33:31Z DEBUG libturnstile::access::fs] realpath() on FsTarget failed: No such file or directory (os error 2)
[2026-06-14T22:33:31Z WARN  libturnstile::sandbox::upgrade] openat upgrade: cannot resolve abspath for "/etc/group" (invalid): No such file or directory (os error 2) — continuing natively
[2026-06-14T22:33:31Z DEBUG turnstile_sandbox] got request: AccessRequest { operation: FsOperation(FsOpen(OpenOperation { target: FsTarget { dfd: ForeignFd { local_fd: 4 }, path: "..", no_follow: false }, need_read: true, need_write: false, create_mode: None })) }
[2026-06-14T22:33:31Z INFO  turnstile_sandbox] ls[3614092] need fs permission r-- on "/home/mao/turnstile/.."
[2026-06-14T22:33:31Z DEBUG libturnstile::sandbox::namespace] Joined namespace ns_fds[0] = 5
[2026-06-14T22:33:31Z DEBUG libturnstile::sandbox::namespace] Joined namespace ns_fds[1] = 8
[2026-06-14T22:33:31Z DEBUG libturnstile::utils] Forked child exited with code 0
[2026-06-14T22:33:31Z DEBUG libturnstile::sandbox] Current placeholder tree: FsTree { root: FsTreeNode { data: Some(PlaceholderDir(PlaceholderDirData { common: CommonPlaceholderData { atime: timespec { tv_sec: 0, tv_nsec: 1073741822 }, mtime: timespec { tv_sec: 0, tv_nsec: 1073741822 } }, mode: 493 })), children: {"bin": FsTreeNode { data: Some(PlaceholderFile(PlaceholderFileData { common: CommonPlaceholderData { atime: timespec { tv_sec: 0, tv_nsec: 1073741822 }, mtime: timespec { tv_sec: 0, tv_nsec: 1073741822 } }, mode: 420, len: 0 })), children: {} }, "lib64": FsTreeNode { data: Some(PlaceholderFile(PlaceholderFileData { common: CommonPlaceholderData { atime: timespec { tv_sec: 0, tv_nsec: 1073741822 }, mtime: timespec { tv_sec: 0, tv_nsec: 1073741822 } }, mode: 420, len: 0 })), children: {} }, "home": FsTreeNode { data: Some(PlaceholderDir(PlaceholderDirData { common: CommonPlaceholderData { atime: timespec { tv_sec: 0, tv_nsec: 1073741822 }, mtime: timespec { tv_sec: 0, tv_nsec: 1073741822 } }, mode: 493 })), children: {"mao": FsTreeNode { data: Some(PlaceholderDir(PlaceholderDirData { common: CommonPlaceholderData { atime: timespec { tv_sec: 1781475008, tv_nsec: 471487305 }, mtime: timespec { tv_sec: 1781476377, tv_nsec: 73890551 } }, mode: 16841 })), children: {"turnstile": FsTreeNode { data: Some(PlaceholderDir(PlaceholderDirData { common: CommonPlaceholderData { atime: timespec { tv_sec: 0, tv_nsec: 1073741822 }, mtime: timespec { tv_sec: 0, tv_nsec: 1073741822 } }, mode: 493 })), children: {} }} }} }, "lib": FsTreeNode { data: Some(PlaceholderFile(PlaceholderFileData { common: CommonPlaceholderData { atime: timespec { tv_sec: 0, tv_nsec: 1073741822 }, mtime: timespec { tv_sec: 0, tv_nsec: 1073741822 } }, mode: 420, len: 0 })), children: {} }, "usr": FsTreeNode { data: Some(PlaceholderDir(PlaceholderDirData { common: CommonPlaceholderData { atime: timespec { tv_sec: 0, tv_nsec: 1073741822 }, mtime: timespec { tv_sec: 0, tv_nsec: 1073741822 } }, mode: 493 })), children: {"share": FsTreeNode { data: Some(PlaceholderDir(PlaceholderDirData { common: CommonPlaceholderData { atime: timespec { tv_sec: 0, tv_nsec: 1073741822 }, mtime: timespec { tv_sec: 0, tv_nsec: 1073741822 } }, mode: 493 })), children: {"locale": FsTreeNode { data: Some(PlaceholderDir(PlaceholderDirData { common: CommonPlaceholderData { atime: timespec { tv_sec: 0, tv_nsec: 1073741822 }, mtime: timespec { tv_sec: 0, tv_nsec: 1073741822 } }, mode: 493 })), children: {"locale.alias": FsTreeNode { data: Some(PlaceholderFile(PlaceholderFileData { common: CommonPlaceholderData { atime: timespec { tv_sec: 1781470290, tv_nsec: 4819058 }, mtime: timespec { tv_sec: 1777624420, tv_nsec: 0 } }, mode: 33188, len: 2998 })), children: {} }} }} }, "lib": FsTreeNode { data: Some(PlaceholderDir(PlaceholderDirData { common: CommonPlaceholderData { atime: timespec { tv_sec: 0, tv_nsec: 1073741822 }, mtime: timespec { tv_sec: 0, tv_nsec: 1073741822 } }, mode: 493 })), children: {"libcap.so.2.78": FsTreeNode { data: Some(PlaceholderFile(PlaceholderFileData { common: CommonPlaceholderData { atime: timespec { tv_sec: 1781470290, tv_nsec: 304819506 }, mtime: timespec { tv_sec: 1775495227, tv_nsec: 0 } }, mode: 33261, len: 43064 })), children: {} }, "locale": FsTreeNode { data: Some(PlaceholderDir(PlaceholderDirData { common: CommonPlaceholderData { atime: timespec { tv_sec: 0, tv_nsec: 1073741822 }, mtime: timespec { tv_sec: 0, tv_nsec: 1073741822 } }, mode: 493 })), children: {"C.utf8": FsTreeNode { data: Some(PlaceholderDir(PlaceholderDirData { common: CommonPlaceholderData { atime: timespec { tv_sec: 0, tv_nsec: 1073741822 }, mtime: timespec { tv_sec: 0, tv_nsec: 1073741822 } }, mode: 493 })), children: {"LC_ADDRESS": FsTreeNode { data: Some(PlaceholderFile(PlaceholderFileData { common: CommonPlaceholderData { atime: timespec { tv_sec: 1781470342, tv_nsec: 4897206 }, mtime: timespec { tv_sec: 1777624420, tv_nsec: 0 } }, mode: 33188, len: 127 })), children: {} }, "LC_MESSAGES": FsTreeNode { data: Some(PlaceholderDir(PlaceholderDirData { common: CommonPlaceholderData { atime: timespec { tv_sec: 1779234626, tv_nsec: 893611770 }, mtime: timespec { tv_sec: 1779234626, tv_nsec: 926645019 } }, mode: 16877 })), children: {"SYS_LC_MESSAGES": FsTreeNode { data: Some(PlaceholderFile(PlaceholderFileData { common: CommonPlaceholderData { atime: timespec { tv_sec: 1781470339, tv_nsec: 8892705 }, mtime: timespec { tv_sec: 1777624420, tv_nsec: 0 } }, mode: 33188, len: 48 })), children: {} }} }, "LC_MONETARY": FsTreeNode { data: Some(PlaceholderFile(PlaceholderFileData { common: CommonPlaceholderData { atime: timespec { tv_sec: 1781470342, tv_nsec: 4897206 }, mtime: timespec { tv_sec: 1777624420, tv_nsec: 0 } }, mode: 33188, len: 270 })), children: {} }, "LC_COLLATE": FsTreeNode { data: Some(PlaceholderFile(PlaceholderFileData { common: CommonPlaceholderData { atime: timespec { tv_sec: 1781470342, tv_nsec: 4897206 }, mtime: timespec { tv_sec: 1777624420, tv_nsec: 0 } }, mode: 33188, len: 1406 })), children: {} }, "LC_MEASUREMENT": FsTreeNode { data: Some(PlaceholderFile(PlaceholderFileData { common: CommonPlaceholderData { atime: timespec { tv_sec: 1781470342, tv_nsec: 4897206 }, mtime: timespec { tv_sec: 1777624420, tv_nsec: 0 } }, mode: 33188, len: 23 })), children: {} }, "LC_NAME": FsTreeNode { data: Some(PlaceholderFile(PlaceholderFileData { common: CommonPlaceholderData { atime: timespec { tv_sec: 1781470342, tv_nsec: 4897206 }, mtime: timespec { tv_sec: 1777624420, tv_nsec: 0 } }, mode: 33188, len: 62 })), children: {} }, "LC_PAPER": FsTreeNode { data: Some(PlaceholderFile(PlaceholderFileData { common: CommonPlaceholderData { atime: timespec { tv_sec: 1781470342, tv_nsec: 4897206 }, mtime: timespec { tv_sec: 1777624420, tv_nsec: 0 } }, mode: 33188, len: 34 })), children: {} }, "LC_CTYPE": FsTreeNode { data: Some(PlaceholderFile(PlaceholderFileData { common: CommonPlaceholderData { atime: timespec { tv_sec: 1781470339, tv_nsec: 8892705 }, mtime: timespec { tv_sec: 1777624420, tv_nsec: 0 } }, mode: 33188, len: 369120 })), children: {} }, "LC_IDENTIFICATION": FsTreeNode { data: Some(PlaceholderFile(PlaceholderFileData { common: CommonPlaceholderData { atime: timespec { tv_sec: 1781470342, tv_nsec: 4897206 }, mtime: timespec { tv_sec: 1777624420, tv_nsec: 0 } }, mode: 33188, len: 258 })), children: {} }, "LC_NUMERIC": FsTreeNode { data: Some(PlaceholderFile(PlaceholderFileData { common: CommonPlaceholderData { atime: timespec { tv_sec: 1781470342, tv_nsec: 4897206 }, mtime: timespec { tv_sec: 1777624420, tv_nsec: 0 } }, mode: 33188, len: 50 })), children: {} }, "LC_TELEPHONE": FsTreeNode { data: Some(PlaceholderFile(PlaceholderFileData { common: CommonPlaceholderData { atime: timespec { tv_sec: 1781470342, tv_nsec: 4897206 }, mtime: timespec { tv_sec: 1777624420, tv_nsec: 0 } }, mode: 33188, len: 47 })), children: {} }, "LC_TIME": FsTreeNode { data: Some(PlaceholderFile(PlaceholderFileData { common: CommonPlaceholderData { atime: timespec { tv_sec: 1781470342, tv_nsec: 4897206 }, mtime: timespec { tv_sec: 1777624420, tv_nsec: 0 } }, mode: 33188, len: 3360 })), children: {} }} }, "locale-archive": FsTreeNode { data: Some(PlaceholderFile(PlaceholderFileData { common: CommonPlaceholderData { atime: timespec { tv_sec: 1781470339, tv_nsec: 8892705 }, mtime: timespec { tv_sec: 1779234627, tv_nsec: 401287252 } }, mode: 33188, len: 3064432 })), children: {} }} }, "gconv": FsTreeNode { data: Some(PlaceholderDir(PlaceholderDirData { common: CommonPlaceholderData { atime: timespec { tv_sec: 0, tv_nsec: 1073741822 }, mtime: timespec { tv_sec: 0, tv_nsec: 1073741822 } }, mode: 493 })), children: {"gconv-modules.cache": FsTreeNode { data: Some(PlaceholderFile(PlaceholderFileData { common: CommonPlaceholderData { atime: timespec { tv_sec: 1781392908, tv_nsec: 92401431 }, mtime: timespec { tv_sec: 1779234627, tv_nsec: 475287252 } }, mode: 33188, len: 27010 })), children: {} }} }, "libc.so.6": FsTreeNode { data: Some(PlaceholderFile(PlaceholderFileData { common: CommonPlaceholderData { atime: timespec { tv_sec: 1781398022, tv_nsec: 480120641 }, mtime: timespec { tv_sec: 1777624420, tv_nsec: 0 } }, mode: 33261, len: 2190624 })), children: {} }} }} }, "proc": FsTreeNode { data: Some(PlaceholderDir(PlaceholderDirData { common: CommonPlaceholderData { atime: timespec { tv_sec: 0, tv_nsec: 1073741822 }, mtime: timespec { tv_sec: 0, tv_nsec: 1073741822 } }, mode: 493 })), children: {} }} }, nb_entries: 33 }
[2026-06-14T22:33:31Z DEBUG libturnstile::sandbox] Desired placeholder tree: FsTree { root: FsTreeNode { data: Some(PlaceholderDir(PlaceholderDirData { common: CommonPlaceholderData { atime: timespec { tv_sec: 0, tv_nsec: 1073741822 }, mtime: timespec { tv_sec: 0, tv_nsec: 1073741822 } }, mode: 493 })), children: {"bin": FsTreeNode { data: Some(PlaceholderFile(PlaceholderFileData { common: CommonPlaceholderData { atime: timespec { tv_sec: 0, tv_nsec: 1073741822 }, mtime: timespec { tv_sec: 0, tv_nsec: 1073741822 } }, mode: 420, len: 0 })), children: {} }, "usr": FsTreeNode { data: Some(PlaceholderDir(PlaceholderDirData { common: CommonPlaceholderData { atime: timespec { tv_sec: 0, tv_nsec: 1073741822 }, mtime: timespec { tv_sec: 0, tv_nsec: 1073741822 } }, mode: 493 })), children: {"lib": FsTreeNode { data: Some(PlaceholderDir(PlaceholderDirData { common: CommonPlaceholderData { atime: timespec { tv_sec: 0, tv_nsec: 1073741822 }, mtime: timespec { tv_sec: 0, tv_nsec: 1073741822 } }, mode: 493 })), children: {"libcap.so.2.78": FsTreeNode { data: Some(PlaceholderFile(PlaceholderFileData { common: CommonPlaceholderData { atime: timespec { tv_sec: 1781470290, tv_nsec: 304819506 }, mtime: timespec { tv_sec: 1775495227, tv_nsec: 0 } }, mode: 33261, len: 43064 })), children: {} }, "libc.so.6": FsTreeNode { data: Some(PlaceholderFile(PlaceholderFileData { common: CommonPlaceholderData { atime: timespec { tv_sec: 1781398022, tv_nsec: 480120641 }, mtime: timespec { tv_sec: 1777624420, tv_nsec: 0 } }, mode: 33261, len: 2190624 })), children: {} }, "locale": FsTreeNode { data: Some(PlaceholderDir(PlaceholderDirData { common: CommonPlaceholderData { atime: timespec { tv_sec: 0, tv_nsec: 1073741822 }, mtime: timespec { tv_sec: 0, tv_nsec: 1073741822 } }, mode: 493 })), children: {"locale-archive": FsTreeNode { data: Some(PlaceholderFile(PlaceholderFileData { common: CommonPlaceholderData { atime: timespec { tv_sec: 1781470339, tv_nsec: 8892705 }, mtime: timespec { tv_sec: 1779234627, tv_nsec: 401287252 } }, mode: 33188, len: 3064432 })), children: {} }, "C.utf8": FsTreeNode { data: Some(PlaceholderDir(PlaceholderDirData { common: CommonPlaceholderData { atime: timespec { tv_sec: 0, tv_nsec: 1073741822 }, mtime: timespec { tv_sec: 0, tv_nsec: 1073741822 } }, mode: 493 })), children: {"LC_TELEPHONE": FsTreeNode { data: Some(PlaceholderFile(PlaceholderFileData { common: CommonPlaceholderData { atime: timespec { tv_sec: 1781470342, tv_nsec: 4897206 }, mtime: timespec { tv_sec: 1777624420, tv_nsec: 0 } }, mode: 33188, len: 47 })), children: {} }, "LC_MONETARY": FsTreeNode { data: Some(PlaceholderFile(PlaceholderFileData { common: CommonPlaceholderData { atime: timespec { tv_sec: 1781470342, tv_nsec: 4897206 }, mtime: timespec { tv_sec: 1777624420, tv_nsec: 0 } }, mode: 33188, len: 270 })), children: {} }, "LC_COLLATE": FsTreeNode { data: Some(PlaceholderFile(PlaceholderFileData { common: CommonPlaceholderData { atime: timespec { tv_sec: 1781470342, tv_nsec: 4897206 }, mtime: timespec { tv_sec: 1777624420, tv_nsec: 0 } }, mode: 33188, len: 1406 })), children: {} }, "LC_ADDRESS": FsTreeNode { data: Some(PlaceholderFile(PlaceholderFileData { common: CommonPlaceholderData { atime: timespec { tv_sec: 1781470342, tv_nsec: 4897206 }, mtime: timespec { tv_sec: 1777624420, tv_nsec: 0 } }, mode: 33188, len: 127 })), children: {} }, "LC_IDENTIFICATION": FsTreeNode { data: Some(PlaceholderFile(PlaceholderFileData { common: CommonPlaceholderData { atime: timespec { tv_sec: 1781470342, tv_nsec: 4897206 }, mtime: timespec { tv_sec: 1777624420, tv_nsec: 0 } }, mode: 33188, len: 258 })), children: {} }, "LC_MEASUREMENT": FsTreeNode { data: Some(PlaceholderFile(PlaceholderFileData { common: CommonPlaceholderData { atime: timespec { tv_sec: 1781470342, tv_nsec: 4897206 }, mtime: timespec { tv_sec: 1777624420, tv_nsec: 0 } }, mode: 33188, len: 23 })), children: {} }, "LC_MESSAGES": FsTreeNode { data: Some(PlaceholderDir(PlaceholderDirData { common: CommonPlaceholderData { atime: timespec { tv_sec: 1779234626, tv_nsec: 893611770 }, mtime: timespec { tv_sec: 1779234626, tv_nsec: 926645019 } }, mode: 16877 })), children: {"SYS_LC_MESSAGES": FsTreeNode { data: Some(PlaceholderFile(PlaceholderFileData { common: CommonPlaceholderData { atime: timespec { tv_sec: 1781470339, tv_nsec: 8892705 }, mtime: timespec { tv_sec: 1777624420, tv_nsec: 0 } }, mode: 33188, len: 48 })), children: {} }} }, "LC_CTYPE": FsTreeNode { data: Some(PlaceholderFile(PlaceholderFileData { common: CommonPlaceholderData { atime: timespec { tv_sec: 1781470339, tv_nsec: 8892705 }, mtime: timespec { tv_sec: 1777624420, tv_nsec: 0 } }, mode: 33188, len: 369120 })), children: {} }, "LC_NUMERIC": FsTreeNode { data: Some(PlaceholderFile(PlaceholderFileData { common: CommonPlaceholderData { atime: timespec { tv_sec: 1781470342, tv_nsec: 4897206 }, mtime: timespec { tv_sec: 1777624420, tv_nsec: 0 } }, mode: 33188, len: 50 })), children: {} }, "LC_NAME": FsTreeNode { data: Some(PlaceholderFile(PlaceholderFileData { common: CommonPlaceholderData { atime: timespec { tv_sec: 1781470342, tv_nsec: 4897206 }, mtime: timespec { tv_sec: 1777624420, tv_nsec: 0 } }, mode: 33188, len: 62 })), children: {} }, "LC_PAPER": FsTreeNode { data: Some(PlaceholderFile(PlaceholderFileData { common: CommonPlaceholderData { atime: timespec { tv_sec: 1781470342, tv_nsec: 4897206 }, mtime: timespec { tv_sec: 1777624420, tv_nsec: 0 } }, mode: 33188, len: 34 })), children: {} }, "LC_TIME": FsTreeNode { data: Some(PlaceholderFile(PlaceholderFileData { common: CommonPlaceholderData { atime: timespec { tv_sec: 1781470342, tv_nsec: 4897206 }, mtime: timespec { tv_sec: 1777624420, tv_nsec: 0 } }, mode: 33188, len: 3360 })), children: {} }} }} }, "gconv": FsTreeNode { data: Some(PlaceholderDir(PlaceholderDirData { common: CommonPlaceholderData { atime: timespec { tv_sec: 0, tv_nsec: 1073741822 }, mtime: timespec { tv_sec: 0, tv_nsec: 1073741822 } }, mode: 493 })), children: {"gconv-modules.cache": FsTreeNode { data: Some(PlaceholderFile(PlaceholderFileData { common: CommonPlaceholderData { atime: timespec { tv_sec: 1781392908, tv_nsec: 92401431 }, mtime: timespec { tv_sec: 1779234627, tv_nsec: 475287252 } }, mode: 33188, len: 27010 })), children: {} }} }} }, "share": FsTreeNode { data: Some(PlaceholderDir(PlaceholderDirData { common: CommonPlaceholderData { atime: timespec { tv_sec: 0, tv_nsec: 1073741822 }, mtime: timespec { tv_sec: 0, tv_nsec: 1073741822 } }, mode: 493 })), children: {"locale": FsTreeNode { data: Some(PlaceholderDir(PlaceholderDirData { common: CommonPlaceholderData { atime: timespec { tv_sec: 0, tv_nsec: 1073741822 }, mtime: timespec { tv_sec: 0, tv_nsec: 1073741822 } }, mode: 493 })), children: {"locale.alias": FsTreeNode { data: Some(PlaceholderFile(PlaceholderFileData { common: CommonPlaceholderData { atime: timespec { tv_sec: 1781470290, tv_nsec: 4819058 }, mtime: timespec { tv_sec: 1777624420, tv_nsec: 0 } }, mode: 33188, len: 2998 })), children: {} }} }} }} }, "proc": FsTreeNode { data: Some(PlaceholderDir(PlaceholderDirData { common: CommonPlaceholderData { atime: timespec { tv_sec: 0, tv_nsec: 1073741822 }, mtime: timespec { tv_sec: 0, tv_nsec: 1073741822 } }, mode: 493 })), children: {} }, "home": FsTreeNode { data: Some(PlaceholderDir(PlaceholderDirData { common: CommonPlaceholderData { atime: timespec { tv_sec: 0, tv_nsec: 1073741822 }, mtime: timespec { tv_sec: 0, tv_nsec: 1073741822 } }, mode: 493 })), children: {"mao": FsTreeNode { data: Some(PlaceholderDir(PlaceholderDirData { common: CommonPlaceholderData { atime: timespec { tv_sec: 0, tv_nsec: 1073741822 }, mtime: timespec { tv_sec: 0, tv_nsec: 1073741822 } }, mode: 493 })), children: {"turnstile": FsTreeNode { data: Some(PlaceholderDir(PlaceholderDirData { common: CommonPlaceholderData { atime: timespec { tv_sec: 0, tv_nsec: 1073741822 }, mtime: timespec { tv_sec: 0, tv_nsec: 1073741822 } }, mode: 493 })), children: {} }} }} }, "lib": FsTreeNode { data: Some(PlaceholderFile(PlaceholderFileData { common: CommonPlaceholderData { atime: timespec { tv_sec: 0, tv_nsec: 1073741822 }, mtime: timespec { tv_sec: 0, tv_nsec: 1073741822 } }, mode: 420, len: 0 })), children: {} }, "lib64": FsTreeNode { data: Some(PlaceholderFile(PlaceholderFileData { common: CommonPlaceholderData { atime: timespec { tv_sec: 0, tv_nsec: 1073741822 }, mtime: timespec { tv_sec: 0, tv_nsec: 1073741822 } }, mode: 420, len: 0 })), children: {} }} }, nb_entries: 33 }
[2026-06-14T22:33:31Z DEBUG libturnstile::sandbox] Current mount tree: FsTree { root: FsTreeNode { data: None, children: {"proc": FsTreeNode { data: Some(MountInternal { user: ManagedMountPoint { host_path: "/", attrs: MountAttributes { readonly: true, noexec: true } }, mnt_id: 611, expired: false }), children: {} }, "home": FsTreeNode { data: None, children: {"mao": FsTreeNode { data: None, children: {"turnstile": FsTreeNode { data: Some(MountInternal { user: ManagedMountPoint { host_path: "/home/mao/turnstile", attrs: MountAttributes { readonly: true, noexec: true } }, mnt_id: 648, expired: false }), children: {} }} }} }, "lib64": FsTreeNode { data: Some(MountInternal { user: ManagedMountPoint { host_path: "/lib64", attrs: MountAttributes { readonly: true, noexec: false } }, mnt_id: 615, expired: false }), children: {} }, "lib": FsTreeNode { data: Some(MountInternal { user: ManagedMountPoint { host_path: "/lib", attrs: MountAttributes { readonly: true, noexec: false } }, mnt_id: 610, expired: false }), children: {} }, "bin": FsTreeNode { data: Some(MountInternal { user: ManagedMountPoint { host_path: "/bin", attrs: MountAttributes { readonly: true, noexec: false } }, mnt_id: 616, expired: false }), children: {} }, "usr": FsTreeNode { data: Some(MountInternal { user: ManagedMountPoint { host_path: "/usr", attrs: MountAttributes { readonly: true, noexec: false } }, mnt_id: 614, expired: false }), children: {} }} }, nb_entries: 6 }
[2026-06-14T22:33:31Z DEBUG libturnstile::sandbox] Desired mount tree: FsTree { root: FsTreeNode { data: None, children: {"lib": FsTreeNode { data: Some(ManagedMountPoint { host_path: "/lib", attrs: MountAttributes { readonly: true, noexec: false } }), children: {} }, "home": FsTreeNode { data: None, children: {"mao": FsTreeNode { data: Some(ManagedMountPoint { host_path: "/home/mao", attrs: MountAttributes { readonly: true, noexec: true } }), children: {"turnstile": FsTreeNode { data: Some(ManagedMountPoint { host_path: "/home/mao/turnstile", attrs: MountAttributes { readonly: true, noexec: true } }), children: {} }} }} }, "proc": FsTreeNode { data: Some(ManagedMountPoint { host_path: "/proc", attrs: MountAttributes { readonly: true, noexec: true } }), children: {} }, "bin": FsTreeNode { data: Some(ManagedMountPoint { host_path: "/bin", attrs: MountAttributes { readonly: true, noexec: false } }), children: {} }, "usr": FsTreeNode { data: Some(ManagedMountPoint { host_path: "/usr", attrs: MountAttributes { readonly: true, noexec: false } }), children: {} }, "lib64": FsTreeNode { data: Some(ManagedMountPoint { host_path: "/lib64", attrs: MountAttributes { readonly: true, noexec: false } }), children: {} }} }, nb_entries: 7 }
[2026-06-14T22:33:31Z DEBUG libturnstile::sandbox::namespace] Joined namespace ns_fds[0] = 5
[2026-06-14T22:33:31Z DEBUG libturnstile::sandbox::namespace] Joined namespace ns_fds[1] = 6
[2026-06-14T22:33:31Z DEBUG libturnstile::sandbox::namespace] Joined namespace ns_fds[2] = 8
[2026-06-14T22:33:31Z DEBUG libturnstile::utils] Forked child exited with code 0
[2026-06-14T22:33:31Z INFO  libturnstile::sandbox] Unmounted "/home/mao/turnstile"
[2026-06-14T22:33:31Z DEBUG libturnstile::sandbox::namespace] Joined namespace ns_fds[0] = 5
[2026-06-14T22:33:31Z DEBUG libturnstile::sandbox::namespace] Joined namespace ns_fds[1] = 6
[2026-06-14T22:33:31Z DEBUG libturnstile::sandbox::namespace] Joined namespace ns_fds[0] = 8
[2026-06-14T22:33:31Z DEBUG libturnstile::utils] Forked child exited with code 0
[2026-06-14T22:33:31Z INFO  libturnstile::sandbox] Mount bind "/home/mao" "/home/mao" ro,noexec
[2026-06-14T22:33:31Z DEBUG libturnstile::sandbox::namespace] Joined namespace ns_fds[0] = 5
[2026-06-14T22:33:31Z DEBUG libturnstile::sandbox::namespace] Joined namespace ns_fds[1] = 8
[2026-06-14T22:33:31Z DEBUG libturnstile::sandbox::namespace] Joined namespace ns_fds[2] = 7
[2026-06-14T22:33:31Z DEBUG libturnstile::utils] Forked child exited with code 0
[2026-06-14T22:33:31Z DEBUG libturnstile::sandbox::namespace] Joined namespace ns_fds[0] = 5
[2026-06-14T22:33:31Z DEBUG libturnstile::sandbox::namespace] Joined namespace ns_fds[1] = 6
[2026-06-14T22:33:31Z DEBUG libturnstile::sandbox::namespace] Joined namespace ns_fds[0] = 8
[2026-06-14T22:33:31Z DEBUG libturnstile::utils] Forked child exited with code 0
[2026-06-14T22:33:31Z INFO  libturnstile::sandbox] Mount bind "/home/mao/turnstile" "/home/mao/turnstile" ro,noexec
[2026-06-14T22:33:31Z DEBUG libturnstile::sandbox::namespace] Joined namespace ns_fds[0] = 5
[2026-06-14T22:33:31Z DEBUG libturnstile::sandbox::namespace] Joined namespace ns_fds[1] = 8
[2026-06-14T22:33:31Z DEBUG libturnstile::sandbox::namespace] Joined namespace ns_fds[2] = 7
[2026-06-14T22:33:31Z DEBUG libturnstile::utils] Forked child exited with code 0
[2026-06-14T22:33:31Z DEBUG libturnstile::sandbox::namespace] Joined namespace ns_fds[0] = 5
[2026-06-14T22:33:31Z DEBUG libturnstile::sandbox::namespace] Joined namespace ns_fds[1] = 6
[2026-06-14T22:33:31Z DEBUG libturnstile::sandbox::namespace] Joined namespace ns_fds[2] = 8
[2026-06-14T22:33:31Z DEBUG libturnstile::utils] Forked child exited with code 0
[2026-06-14T22:33:31Z INFO  libturnstile::sandbox] Unmounted "/proc"
[2026-06-14T22:33:31Z DEBUG libturnstile::sandbox::namespace] Joined namespace ns_fds[0] = 5
[2026-06-14T22:33:31Z DEBUG libturnstile::sandbox::namespace] Joined namespace ns_fds[1] = 6
[2026-06-14T22:33:31Z DEBUG libturnstile::sandbox::namespace] Joined namespace ns_fds[0] = 8
[2026-06-14T22:33:31Z DEBUG libturnstile::utils] Forked child exited with code 0
[2026-06-14T22:33:31Z INFO  libturnstile::sandbox] Mount bind "/proc" "/proc" ro,noexec
[2026-06-14T22:33:31Z DEBUG libturnstile::sandbox::namespace] Joined namespace ns_fds[0] = 5
[2026-06-14T22:33:31Z DEBUG libturnstile::sandbox::namespace] Joined namespace ns_fds[1] = 8
[2026-06-14T22:33:31Z DEBUG libturnstile::sandbox::namespace] Joined namespace ns_fds[2] = 7
[2026-06-14T22:33:31Z DEBUG libturnstile::utils] Forked child exited with code 0
[2026-06-14T22:33:31Z DEBUG libturnstile::sandbox::namespace] Joined namespace ns_fds[0] = 5
[2026-06-14T22:33:31Z DEBUG libturnstile::sandbox::namespace] Joined namespace ns_fds[1] = 8
[2026-06-14T22:33:31Z DEBUG libturnstile::sandbox::namespace] Joined namespace ns_fds[2] = 7
[2026-06-14T22:33:31Z DEBUG libturnstile::utils] Forked child exited with code 0
[2026-06-14T22:33:31Z DEBUG libturnstile::sandbox::upgrade] m1 reopen of "/..": identity mismatch (expected InodeId { dev_major: 0, dev_minor: 29, ino: 17647322 }, got InodeId { dev_major: 0, dev_minor: 58, ino: 1 }), attempt 1
[2026-06-14T22:33:31Z DEBUG libturnstile::sandbox::namespace] Joined namespace ns_fds[0] = 5
[2026-06-14T22:33:31Z DEBUG libturnstile::sandbox::namespace] Joined namespace ns_fds[1] = 8
[2026-06-14T22:33:31Z DEBUG libturnstile::sandbox::namespace] Joined namespace ns_fds[2] = 7
[2026-06-14T22:33:31Z DEBUG libturnstile::utils] Forked child exited with code 0
[2026-06-14T22:33:31Z DEBUG libturnstile::sandbox::upgrade] m1 reopen of "/..": identity mismatch (expected InodeId { dev_major: 0, dev_minor: 29, ino: 17647322 }, got InodeId { dev_major: 0, dev_minor: 58, ino: 1 }), attempt 2
[2026-06-14T22:33:31Z ERROR libturnstile::sandbox::upgrade] m1 reopen of "/..": identity check failed after retries; failing closed
ls: cannot open directory '..': Input/output error
[2026-06-14T22:33:31Z ERROR turnstile_sandbox] Child process exited with error: ExitStatus(unix_wait_status(512))
Denials:
rules:
  /home/mao: r
